Command: D:\ESP32_IDF\Espressif\python_env\idf5.5_py3.11_env\Scripts\python.exe D:\ESP32_IDF\Espressif\frameworks\esp-idf-v5.5\tools/idf_monitor.py -p COM3 -b 115200 --toolchain-prefix xtensa-esp32-elf- --target esp32 --revision 0 D:\ESP32_IDF\Espressif\frameworks\esp-idf-v5.5\examples\get-started\agribank demo\build\hello_world.elf D:\ESP32_IDF\Espressif\frameworks\esp-idf-v5.5\examples\get-started\agribank demo\build\bootloader\bootloader.elf --force-color -m 'D:\ESP32_IDF\Espressif\python_env\idf5.5_py3.11_env\Scripts\python.exe' 'D:\ESP32_IDF\Espressif\frameworks\esp-idf-v5.5\tools\idf.py' '-p' 'COM3'

[0;32mI (34) boot.esp32: SPI Speed ï¿½ets Jul 29 2019 12:21:46[0m

rst:0x1 (POWERON_RESET),boot:0x13 (SPI_FAST_FLASH_BOOT)
configsip: 0, SPIWP:0xee
clk_drv:0x00,q_drv:0x00,d_drv:0x00,cs0_drv:0x00,hd_drv:0x00,wp_drv:0x00
mode:DIO, clock div:2
load:0x3fff0030,len:6380
ho 0 tail 12 room 4
load:0x40078000,len:15916
load:0x40080400,len:3860
entry 0x40080638
[0;32mI (29) boot: ESP-IDF v5.5-dirty 2nd stage bootloader[0m
[0;32mI (29) boot: compile time Oct 19 2025 19:26:38[0m
[0;32mI (29) boot: Multicore bootloader[0m
[0;32mI (31) boot: chip revision: v3.0[0m
[0;32mI (34) boot.esp32: SPI Speed      : 40MHz[0m
[0;32mI (37) boot.esp32: SPI Mode       : DIO[0m
[0;32mI (41) boot.esp32: SPI Flash Size : 2MB[0m
[0;32mI (45) boot: Enabling RNG early entropy source...[0m
[0;32mI (49) boot: Partition Table:[0m
[0;32mI (52) boot: ## Label            Usage          Type ST Offset   Length[0m
[0;32mI (58) boot:  0 nvs              WiFi data        01 02 00009000 00006000[0m
[0;32mI (65) boot:  1 phy_init         RF data          01 01 0000f000 00001000[0m
[0;32mI (71) boot:  2 factory          factory app      00 00 00010000 00100000[0m
[0;32mI (78) boot: End of partition table[0m
[0;32mI (81) esp_image: segment 0: paddr=00010020 vaddr=3f400020 size=20004h (131076) map[0m
[0;32mI (133) esp_image: segment 1: paddr=0003002c vaddr=3ff80000 size=00020h (    32) load[0m
[0;32mI (133) esp_image: segment 2: paddr=00030054 vaddr=3ffb0000 size=03fb8h ( 16312) load[0m
[0;32mI (143) esp_image: segment 3: paddr=00034014 vaddr=40080000 size=0c004h ( 49156) load[0m
[0;32mI (164) esp_image: segment 4: paddr=00040020 vaddr=400d0020 size=a4fa8h (675752) map[0m
[0;32mI (395) esp_image: segment 5: paddr=000e4fd0 vaddr=4008c004 size=0d41ch ( 54300) load[0m
[0;32mI (428) boot: Loaded app from partition at offset 0x10000[0m
[0;32mI (428) boot: Disabling RNG early entropy source...[0m
[0;32mI (439) cpu_start: Multicore app[0m
[0;32mI (447) cpu_start: Pro cpu start user code[0m
[0;32mI (447) cpu_start: cpu freq: 160000000 Hz[0m
[0;32mI (447) app_init: Application information:[0m
[0;32mI (448) app_init: Project name:     hello_world[0m
[0;32mI (452) app_init: App version:      v5.5-dirty[0m
[0;32mI (456) app_init: Compile time:     Oct 20 2025 20:55:32[0m
[0;32mI (461) app_init: ELF file SHA256:  dea53945c...[0m
[0;32mI (465) app_init: ESP-IDF:          v5.5-dirty[0m
[0;32mI (469) efuse_init: Min chip rev:     v0.0[0m
[0;32mI (473) efuse_init: Max chip rev:     v3.99 [0m
[0;32mI (477) efuse_init: Chip rev:         v3.0[0m
[0;32mI (481) heap_init: Initializing. RAM available for dynamic allocation:[0m
[0;32mI (488) heap_init: At 3FFAE6E0 len 00001920 (6 KiB): DRAM[0m
[0;32mI (492) heap_init: At 3FFB8988 len 00027678 (157 KiB): DRAM[0m
[0;32mI (498) heap_init: At 3FFE0440 len 00003AE0 (14 KiB): D/IRAM[0m
[0;32mI (503) heap_init: At 3FFE4350 len 0001BCB0 (111 KiB): D/IRAM[0m
[0;32mI (509) heap_init: At 40099420 len 00006BE0 (26 KiB): IRAM[0m
[0;32mI (515) spi_flash: detected chip: generic[0m
[0;32mI (518) spi_flash: flash io: dio[0m
[0;33mW (520) spi_flash: Detected size(4096k) larger than the size in the binary image header(2048k). Using the size in the binary image header.[0m
[0;33mW (533) i2c: This driver is an old driver, please migrate your application code to adapt `driver/i2c_master.h`[0m
[0;32mI (543) main_task: Started on CPU0[0m
[0;32mI (553) main_task: Calling app_main()[0m
[1;31mE (553) i2c: i2c_master_cmd_begin(1552): i2c driver not installed[0m
[0;32mI (553) DEMO: Error in sending command[0m
[0;32mI (563) KEYPAD: LED initialized on GPIO 2[0m
[0;32mI (563) KEYPAD: LED OFF[0m
[0;32mI (563) KEYPAD: I2C initialized successfully[0m
[0;32mI (2153) KEYPAD: Starting keypad MQTT application[0m
[0;32mI (2203) wifi:wifi driver task: 3ffc0c24, prio:23, stack:6656, core=0[0m
[0;32mI (2223) wifi:wifi firmware version: f3dbad7[0m
[0;32mI (2223) wifi:wifi certification version: v7.0[0m
[0;32mI (2223) wifi:config NVS flash: enabled[0m
[0;32mI (2223) wifi:config nano formatting: disabled[0m
[0;32mI (2223) wifi:Init data frame dynamic rx buffer num: 32[0m
[0;32mI (2233) wifi:Init static rx mgmt buffer num: 5[0m
[0;32mI (2233) wifi:Init management short buffer num: 32[0m
[0;32mI (2243) wifi:Init dynamic tx buffer num: 32[0m
[0;32mI (2243) wifi:Init static rx buffer size: 1600[0m
[0;32mI (2243) wifi:Init static rx buffer num: 10[0m
[0;32mI (2253) wifi:Init dynamic rx buffer num: 32[0m
[0;32mI (2253) wifi_init: rx ba win: 6[0m
[0;32mI (2253) wifi_init: accept mbox: 6[0m
[0;32mI (2263) wifi_init: tcpip mbox: 32[0m
[0;32mI (2263) wifi_init: udp mbox: 6[0m
[0;32mI (2263) wifi_init: tcp mbox: 6[0m
[0;32mI (2273) wifi_init: tcp tx win: 5760[0m
[0;32mI (2273) wifi_init: tcp rx win: 5760[0m
[0;32mI (2273) wifi_init: tcp mss: 1440[0m
[0;32mI (2283) wifi_init: WiFi IRAM OP enabled[0m
[0;32mI (2283) wifi_init: WiFi RX IRAM OP enabled[0m
[0;32mI (2363) phy_init: phy_version 4860,6b7a6e5,Feb  6 2025,14:47:07[0m
[0;32mI (2453) wifi:mode : sta (a8:42:e3:4c:7c:bc)[0m
[0;32mI (2453) wifi:enable tsf[0m
[0;32mI (2453) KEYPAD: WiFi initialized[0m
[0;32mI (2453) KEYPAD: WiFi STA started[0m
[1;31mE (2453) task_wdt: esp_task_wdt_reset(707): task not found[0m
[0;32mI (2453) KEYPAD: Have a saved wifi network in NVS: NamTrung[0m
[0;32mI (2513) wifi:flush txq[0m
[0;32mI (2513) wifi:stop sw txq[0m
[0;32mI (2513) wifi:lmac stop hw txq[0m
[0;32mI (2523) wifi:mode : sta (a8:42:e3:4c:7c:bc)[0m
[0;32mI (2523) wifi:enable tsf[0m
[0;32mI (2523) KEYPAD: WiFi STA started[0m
[1;31mE (2523) wifi:sta is connecting, return error[0m
[0;32mI (3213) wifi:new:<6,0>, old:<1,0>, ap:<255,255>, sta:<6,0>, prof:9, snd_ch_cfg:0x0[0m
[0;32mI (3223) wifi:state: init -> auth (0xb0)[0m
[0;32mI (3263) wifi:state: auth -> assoc (0x0)[0m
[0;32mI (3363) wifi:state: assoc -> run (0x10)[0m
[0;32mI (6383) wifi:state: run -> init (0xf00)[0m
[0;32mI (6393) wifi:new:<6,0>, old:<6,0>, ap:<255,255>, sta:<6,0>, prof:9, snd_ch_cfg:0x0[0m
[0;32mI (6393) KEYPAD: STA disconnected, reason=15[0m
[0;32mI (6413) wifi:new:<6,0>, old:<6,0>, ap:<255,255>, sta:<6,0>, prof:9, snd_ch_cfg:0x0[0m
[0;32mI (6413) wifi:state: init -> auth (0xb0)[0m
[0;32mI (6533) wifi:state: auth -> assoc (0x0)[0m
[0;32mI (6543) wifi:state: assoc -> run (0x10)[0m
[0;32mI (6573) wifi:connected with NamTrung, aid = 20, channel 6, BW20, bssid = 10:5f:02:75:1e:9a[0m
[0;32mI (6573) wifi:security: WPA2-PSK, phy: bgn, rssi: -54[0m
[0;32mI (6583) wifi:pm start, type: 1[0m

[0;32mI (6583) wifi:dp: 1, bi: 102400, li: 3, scale listen interval from 307200 us to 307200 us[0m
[0;32mI (6593) KEYPAD: Connected to SSID:NamTrung, channel:6[0m
[0;32mI (6613) wifi:AP's beacon interval = 102400 us, DTIM period = 1[0m
[0;32mI (7633) esp_netif_handlers: sta ip: 10.10.1.18, mask: 255.255.252.0, gw: 10.10.1.1[0m
[0;32mI (7633) KEYPAD: WiFi connected, got IP[0m
[0;32mI (8703) KEYPAD: MQTT initialized[0m
[0;32mI (8723) wifi:<ba-add>idx:0 (ifx:0, 10:5f:02:75:1e:9a), tid:7, ssn:8, winSize:64[0m
[0;32mI (8743) wifi:<ba-add>idx:1 (ifx:0, 10:5f:02:75:1e:9a), tid:0, ssn:1, winSize:64[0m
[0;32mI (8753) KEYPAD: Read status successfully: SO DANG GOI[0m
[0;32mI (8793) KEYPAD: LED ON[0m
[0;32mI (8793) KEYPAD: MQTT connected[0m
[0;32mI (8993) KEYPAD: MQTT_EVENT_DATA[0m
[0;32mI (9003) KEYPAD: MQTT_EVENT_DATA[0m
Key pressed: A
Key pressed: D
Key pressed: *
Key pressed: 6
Key pressed: 6
Key pressed: *
Key pressed: 2
Key pressed: 6
Key pressed: *
Key pressed: 8
Key pressed: *
Key pressed: 7
Key pressed: 7
Key pressed: 7
Key pressed: 8
Key pressed: 8
Key pressed: 6
Key pressed: 6
Key pressed: 4
Key pressed: D
Key pressed: 6
Key pressed: 6
Key pressed: 8
Key pressed: C
Key pressed: 1
Key pressed: 1
Key pressed: 1
Key pressed: 1
Key pressed: 1
Key pressed: 1
Key pressed: 1
Key pressed: 1
Key pressed: 1
Key pressed: 1
Key pressed: 1
Key pressed: 1
Key pressed: 1
Key pressed: 1
Key pressed: 1
Key pressed: 1
Key pressed: 1
Key pressed: 4
Key pressed: 4
Key pressed: 4
Key pressed: 4
Key pressed: 0
Key pressed: 0
Key pressed: 9
Key pressed: 9
Key pressed: 9
Key pressed: 9
Key pressed: 9
Key pressed: 2
Key pressed: 2
Key pressed: 2
Key pressed: 2
Key pressed: 0
Key pressed: 0
Key pressed: 1
Key pressed: 1
Key pressed: 1
Key pressed: 1
Key pressed: 1
Key pressed: 1
Key pressed: 1
Key pressed: 1
Key pressed: 1
Key pressed: 1
Key pressed: 1
Key pressed: 1
Key pressed: 1
Key pressed: 1
Key pressed: D
[0;32mI (39583) wifi:state: run -> init (0x0)[0m
[0;32mI (39593) wifi:pm stop, total sleep time: 22863351 us / 33008155 us[0m

[0;32mI (39593) wifi:<ba-del>idx:1, tid:0[0m
[0;32mI (39593) wifi:<ba-del>idx:0, tid:7[0m
[0;32mI (39593) wifi:new:<6,0>, old:<6,0>, ap:<255,255>, sta:<6,0>, prof:9, snd_ch_cfg:0x0[0m
[0;32mI (39603) KEYPAD: STA disconnected, reason=8[0m
[0;32mI (39603) mqtt_client: Client asked to disconnect[0m
[1;31mE (39613) transport_base: poll_write select error 113, errno = Software caused connection abort, fd = 54[0m
[0;33mW (39613) transport_base: Poll timeout or error, errno=Success, fd=54, timeout_ms=10000[0m
[1;31mE (39623) mqtt_client: Writing failed: errno=0[0m
[0;32mI (39633) KEYPAD: MQTT_EVENT_ERROR[0m
[0;32mI (39633) KEYPAD: LED OFF[0m
[1;31mE (39633) mqtt_client: Error sending disconnect message[0m
[0;32mI (39623) wifi:new:<6,0>, old:<6,0>, ap:<255,255>, sta:<6,0>, prof:9, snd_ch_cfg:0x0[0m
[0;32mI (39643) wifi:state: init -> auth (0xb0)[0m
[0;33mW (39653) KEYPAD: WiFi connection failed, retry count: 1/5[0m
[1;31mE (39663) wifi:sta is connecting, return error[0m
[0;32mI (39673) wifi:state: auth -> assoc (0x0)[0m
[0;32mI (39693) wifi:state: assoc -> run (0x10)[0m
[0;32mI (39723) wifi:connected with NamTrung, aid = 20, channel 6, BW20, bssid = 10:5f:02:75:1e:9a[0m
[0;32mI (39723) wifi:security: WPA2-PSK, phy: bgn, rssi: -63[0m
[0;32mI (39723) wifi:pm start, type: 1[0m

Guru Meditation Error: Core  0 panic'ed (LoadProhibited). Exception was unhandled.

Core  0 register dump:
PC      : 0x4008cd78  PS      : 0x00060c33  A0      : 0x8008a8cc  A1      : 0x3ffbe260  
A2      : 0x00060623  A3      : 0x3ffbe290  A4      : 0x00060c20  A5      : 0x00060c23  
A6      : 0x00000004  A7      : 0x00000000  A8      : 0x8008cd6f  A9      : 0x3ffbe230  
A10     : 0x00000001  A11     : 0xffffffff  A12     : 0x00000000  A13     : 0x00060c23  
A14     : 0xffffffff  A15     : 0x0000cdcd  SAR     : 0x0000001c  EXCCAUSE: 0x0000001c  
EXCVADDR: 0x0006064f  LBEG    : 0x4000c2e0  LEND    : 0x4000c2f6  LCOUNT  : 0x00000000  


Backtrace: 0x4008cd75:0x3ffbe260 0x4008a8c9:0x3ffbe280 0x4008a932:0x3ffbe2c0 0x40171419:0x3ffbe2e0 0x4017157d:0x3ffbe320 0x4008aa21:0x3ffbe340




ELF file SHA256: dea53945c

Rebooting...
ets Jul 29 2019 12:21:46

rst:0xc (SW_CPU_RESET),boot:0x13 (SPI_FAST_FLASH_BOOT)
configsip: 0, SPIWP:0xee
clk_drv:0x00,q_drv:0x00,d_drv:0x00,cs0_drv:0x00,hd_drv:0x00,wp_drv:0x00
mode:DIO, clock div:2
load:0x3fff0030,len:6380
ho 0 tail 12 room 4
load:0x40078000,len:15916
load:0x40080400,len:3860
entry 0x40080638
[0;32mI (29) boot: ESP-IDF v5.5-dirty 2nd stage bootloader[0m
[0;32mI (29) boot: compile time Oct 19 2025 19:26:38[0m
[0;32mI (29) boot: Multicore bootloader[0m
[0;32mI (31) boot: chip revision: v3.0[0m
[0;32mI (34) boot.esp32: SPI Speed      : 40MHz[0m
[0;32mI (37) boot.esp32: SPI Mode       : DIO[0m
[0;32mI (41) boot.esp32: SPI Flash Size : 2MB[0m
[0;32mI (45) boot: Enabling RNG early entropy source...[0m
[0;32mI (49) boot: Partition Table:[0m
[0;32mI (52) boot: ## Label            Usage          Type ST Offset   Length[0m
[0;32mI (58) boot:  0 nvs              WiFi data        01 02 00009000 00006000[0m
[0;32mI (64) boot:  1 phy_init         RF data          01 01 0000f000 00001000[0m
[0;32mI (71) boot:  2 factory          factory app      00 00 00010000 00100000[0m
[0;32mI (78) boot: End of partition table[0m
[0;32mI (81) esp_image: segment 0: paddr=00010020 vaddr=3f400020 size=20004h (131076) map[0m
[0;32mI (133) esp_image: segment 1: paddr=0003002c vaddr=3ff80000 size=00020h (    32) load[0m
[0;32mI (133) esp_image: segment 2: paddr=00030054 vaddr=3ffb0000 size=03fb8h ( 16312) load[0m
[0;32mI (143) esp_image: segment 3: paddr=00034014 vaddr=40080000 size=0c004h ( 49156) load[0m
[0;32mI (164) esp_image: segment 4: paddr=00040020 vaddr=400d0020 size=a4fa8h (675752) map[0m
[0;32mI (395) esp_image: segment 5: paddr=000e4fd0 vaddr=4008c004 size=0d41ch ( 54300) load[0m
[0;32mI (428) boot: Loaded app from partition at offset 0x10000[0m
[0;32mI (428) boot: Disabling RNG early entropy source...[0m
[0;32mI (439) cpu_start: Multicore app[0m
[0;32mI (447) cpu_start: Pro cpu start user code[0m
[0;32mI (447) cpu_start: cpu freq: 160000000 Hz[0m
[0;32mI (447) app_init: Application information:[0m
[0;32mI (447) app_init: Project name:     hello_world[0m
[0;32mI (452) app_init: App version:      v5.5-dirty[0m
[0;32mI (456) app_init: Compile time:     Oct 20 2025 20:55:32[0m
[0;32mI (461) app_init: ELF file SHA256:  dea53945c...[0m
[0;32mI (465) app_init: ESP-IDF:          v5.5-dirty[0m
[0;32mI (469) efuse_init: Min chip rev:     v0.0[0m
[0;32mI (473) efuse_init: Max chip rev:     v3.99 [0m
[0;32mI (477) efuse_init: Chip rev:         v3.0[0m
[0;32mI (481) heap_init: Initializing. RAM available for dynamic allocation:[0m
[0;32mI (487) heap_init: At 3FFAE6E0 len 00001920 (6 KiB): DRAM[0m
[0;32mI (492) heap_init: At 3FFB8988 len 00027678 (157 KiB): DRAM[0m
[0;32mI (498) heap_init: At 3FFE0440 len 00003AE0 (14 KiB): D/IRAM[0m
[0;32mI (503) heap_init: At 3FFE4350 len 0001BCB0 (111 KiB): D/IRAM[0m
[0;32mI (509) heap_init: At 40099420 len 00006BE0 (26 KiB): IRAM[0m
[0;32mI (515) spi_flash: detected chip: generic[0m
[0;32mI (517) spi_flash: flash io: dio[0m
[0;33mW (520) spi_flash: Detected size(4096k) larger than the size in the binary image header(2048k). Using the size in the binary image header.[0m
[0;33mW (533) i2c: This driver is an old driver, please migrate your application code to adapt `driver/i2c_master.h`[0m
[0;32mI (543) main_task: Started on CPU0[0m
[0;32mI (553) main_task: Calling app_main()[0m
[1;31mE (553) i2c: i2c_master_cmd_begin(1552): i2c driver not installed[0m
[0;32mI (553) DEMO: Error in sending command[0m
[0;32mI (563) KEYPAD: LED initialized on GPIO 2[0m
[0;32mI (563) KEYPAD: LED OFF[0m
[0;32mI (563) KEYPAD: I2C initialized successfully[0m
[0;32mI (2153) KEYPAD: Starting keypad MQTT application[0m
[0;32mI (2203) wifi:wifi driver task: 3ffc0c24, prio:23, stack:6656, core=0[0m
[0;32mI (2223) wifi:wifi firmware version: f3dbad7[0m
[0;32mI (2223) wifi:wifi certification version: v7.0[0m
[0;32mI (2223) wifi:config NVS flash: enabled[0m
[0;32mI (2223) wifi:config nano formatting: disabled[0m
[0;32mI (2223) wifi:Init data frame dynamic rx buffer num: 32[0m
[0;32mI (2233) wifi:Init static rx mgmt buffer num: 5[0m
[0;32mI (2233) wifi:Init management short buffer num: 32[0m
[0;32mI (2243) wifi:Init dynamic tx buffer num: 32[0m
[0;32mI (2243) wifi:Init static rx buffer size: 1600[0m
[0;32mI (2243) wifi:Init static rx buffer num: 10[0m
[0;32mI (2253) wifi:Init dynamic rx buffer num: 32[0m
[0;32mI (2253) wifi_init: rx ba win: 6[0m
[0;32mI (2253) wifi_init: accept mbox: 6[0m
[0;32mI (2263) wifi_init: tcpip mbox: 32[0m
[0;32mI (2263) wifi_init: udp mbox: 6[0m
[0;32mI (2263) wifi_init: tcp mbox: 6[0m
[0;32mI (2273) wifi_init: tcp tx win: 5760[0m
[0;32mI (2273) wifi_init: tcp rx win: 5760[0m
[0;32mI (2273) wifi_init: tcp mss: 1440[0m
[0;32mI (2283) wifi_init: WiFi IRAM OP enabled[0m
[0;32mI (2283) wifi_init: WiFi RX IRAM OP enabled[0m
[0;32mI (2343) phy_init: phy_version 4860,6b7a6e5,Feb  6 2025,14:47:07[0m
[0;32mI (2433) wifi:mode : sta (a8:42:e3:4c:7c:bc)[0m
[0;32mI (2433) wifi:enable tsf[0m
[0;32mI (2433) KEYPAD: WiFi initialized[0m
[0;32mI (2433) KEYPAD: WiFi STA started[0m
[1;31mE (2433) task_wdt: esp_task_wdt_reset(707): task not found[0m
[0;32mI (2443) KEYPAD: Have a saved wifi network in NVS: NamTrung[0m
[0;32mI (2493) wifi:flush txq[0m
[0;32mI (2493) wifi:stop sw txq[0m
[0;32mI (2493) wifi:lmac stop hw txq[0m
[0;32mI (2503) wifi:mode : sta (a8:42:e3:4c:7c:bc)[0m
[0;32mI (2503) wifi:enable tsf[0m
[0;32mI (2503) KEYPAD: WiFi STA started[0m
[1;31mE (2503) wifi:sta is connecting, return error[0m
[0;32mI (3123) wifi:new:<6,0>, old:<1,0>, ap:<255,255>, sta:<6,0>, prof:9, snd_ch_cfg:0x0[0m
[0;32mI (3123) wifi:state: init -> auth (0xb0)[0m
[0;32mI (3133) wifi:state: auth -> assoc (0x0)[0m
[0;32mI (3153) wifi:state: assoc -> run (0x10)[0m
[0;32mI (3183) wifi:connected with NamTrung, aid = 20, channel 6, BW20, bssid = 10:5f:02:75:1e:9a[0m
[0;32mI (3183) wifi:security: WPA2-PSK, phy: bgn, rssi: -58[0m
[0;32mI (3193) wifi:pm start, type: 1[0m

[0;32mI (3193) wifi:dp: 1, bi: 102400, li: 3, scale listen interval from 307200 us to 307200 us[0m
[0;32mI (3193) KEYPAD: Connected to SSID:NamTrung, channel:6[0m
[0;32mI (3253) wifi:AP's beacon interval = 102400 us, DTIM period = 1[0m
[0;32mI (4203) wifi:<ba-add>idx:0 (ifx:0, 10:5f:02:75:1e:9a), tid:7, ssn:7, winSize:64[0m
[0;32mI (4223) esp_netif_handlers: sta ip: 10.10.1.18, mask: 255.255.252.0, gw: 10.10.1.1[0m
[0;32mI (4223) KEYPAD: WiFi connected, got IP[0m
[0;32mI (5263) KEYPAD: MQTT initialized[0m
[0;32mI (5313) wifi:<ba-add>idx:1 (ifx:0, 10:5f:02:75:1e:9a), tid:0, ssn:1, winSize:64[0m
[0;32mI (5313) KEYPAD: Read status successfully: SO DANG GOI[0m
[0;32mI (5373) KEYPAD: LED ON[0m
[0;32mI (5373) KEYPAD: MQTT connected[0m
[0;32mI (5553) KEYPAD: MQTT_EVENT_DATA[0m
[0;32mI (5553) KEYPAD: MQTT_EVENT_DATA[0m
[0;32mI (13193) wifi:bcn_timeout,ap_probe_send_start[0m
[0;32mI (22723) wifi:bcn_timeout,ap_probe_send_start[0m
[0;32mI (31753) wifi:bcn_timeout,ap_probe_send_start[0m
[0;32mI (45033) wifi:bcn_timeout,ap_probe_send_start[0m
[0;32mI (54163) wifi:bcn_timeout,ap_probe_send_start[0m
[0;32mI (56663) wifi:ap_probe_send over, reset wifi status to disassoc[0m
[0;32mI (56663) wifi:state: run -> init (0xc800)[0m
[0;32mI (56673) wifi:pm stop, total sleep time: 37795001 us / 53478677 us[0m

[0;32mI (56673) wifi:<ba-del>idx:1, tid:0[0m
[0;32mI (56673) wifi:<ba-del>idx:0, tid:7[0m
[0;32mI (56673) wifi:new:<6,0>, old:<6,0>, ap:<255,255>, sta:<6,0>, prof:9, snd_ch_cfg:0x0[0m
[0;32mI (56693) KEYPAD: STA disconnected, reason=200[0m
[0;32mI (56693) mqtt_client: Client asked to disconnect[0m
[1;31mE (56693) transport_base: tcp_read error, errno=Software caused connection abort[0m
[1;31mE (56703) mqtt_client: esp_mqtt_handle_transport_read_error: transport_read() error: errno=113[0m
[0;32mI (56713) KEYPAD: MQTT_EVENT_ERROR[0m
[0;32mI (56713) KEYPAD: LED OFF[0m
[1;31mE (56713) mqtt_client: mqtt_process_receive: mqtt_message_receive() returned -2[0m
[0;32mI (56723) KEYPAD: MQTT disconnected[0m
[0;32mI (56723) KEYPAD: LED OFF[0m
[0;32mI (56743) wifi:new:<6,0>, old:<6,0>, ap:<255,255>, sta:<6,0>, prof:9, snd_ch_cfg:0x0[0m
[0;32mI (56743) wifi:state: init -> auth (0xb0)[0m
[0;32mI (56753) wifi:state: auth -> assoc (0x0)[0m
[0;32mI (56763) wifi:state: assoc -> run (0x10)[0m
[0;32mI (56803) wifi:connected with NamTrung, aid = 20, channel 6, BW20, bssid = 10:5f:02:75:1e:9a[0m
[0;32mI (56803) wifi:security: WPA2-PSK, phy: bgn, rssi: -57[0m
[0;32mI (56803) wifi:pm start, type: 1[0m

[0;32mI (56803) wifi:AP's beacon interval = 102400 us, DTIM period = 1[0m
[0;32mI (56813) KEYPAD: Connected to SSID:NamTrung, channel:6[0m
[0;32mI (57863) esp_netif_handlers: sta ip: 10.10.1.18, mask: 255.255.252.0, gw: 10.10.1.1[0m
[0;32mI (57863) KEYPAD: WiFi connected, got IP[0m
[0;32mI (58913) mqtt_client: Client asked to disconnect[0m
[0;33mW (58913) mqtt_client: Client asked to stop, but was not started[0m
[0;32mI (58913) KEYPAD: MQTT initialized[0m
[0;32mI (58933) wifi:<ba-add>idx:0 (ifx:0, 10:5f:02:75:1e:9a), tid:7, ssn:8, winSize:64[0m
[0;32mI (58973) wifi:<ba-add>idx:1 (ifx:0, 10:5f:02:75:1e:9a), tid:0, ssn:1, winSize:64[0m
[0;32mI (58993) KEYPAD: LED ON[0m
[0;32mI (58993) KEYPAD: MQTT connected[0m
[0;32mI (59193) KEYPAD: MQTT_EVENT_DATA[0m
[0;32mI (59203) KEYPAD: MQTT_EVENT_DATA[0m
