Command: D:\ESP32_IDF\Espressif\python_env\idf5.5_py3.11_env\Scripts\python.exe D:\ESP32_IDF\Espressif\frameworks\esp-idf-v5.5\tools/idf_monitor.py -p COM3 -b 115200 --toolchain-prefix xtensa-esp32-elf- --target esp32 --revision 0 D:\ESP32_IDF\Espressif\frameworks\esp-idf-v5.5\examples\get-started\agribank demo\build\hello_world.elf D:\ESP32_IDF\Espressif\frameworks\esp-idf-v5.5\examples\get-started\agribank demo\build\bootloader\bootloader.elf --force-color -m 'D:\ESP32_IDF\Espressif\python_env\idf5.5_py3.11_env\Scripts\python.exe' 'D:\ESP32_IDF\Espressif\frameworks\esp-idf-v5.5\tools\idf.py' '-p' 'COM3'
34) boot.esp32: SPI Speeï¿½ets Jul 29 2019 12:21:46

rst:0x1 (POWERON_RESET),boot:0x13 (SPI_FAST_FLASH_BOOT)
configsip: 0, SPIWP:0xee
clk_drv:0x00,q_drv:0x00,d_drv:0x00,cs0_drv:0x00,hd_drv:0x00,wp_drv:0x00
mode:DIO, clock div:2
load:0x3fff0030,len:6380
ho 0 tail 12 room 4
load:0x40078000,len:15916
load:0x40080400,len:3860
entry 0x40080638
[0;32mI (29) boot: ESP-IDF v5.5-dirty 2nd stage bootloader[0m
[0;32mI (29) boot: compile time Oct 19 2025 19:26:38[0m
[0;32mI (29) boot: Multicore bootloader[0m
[0;32mI (31) boot: chip revision: v3.0[0m
[0;32mI (34) boot.esp32: SPI Speed      : 40MHz[0m
[0;32mI (37) boot.esp32: SPI Mode       : DIO[0m
[0;32mI (41) boot.esp32: SPI Flash Size : 2MB[0m
[0;32mI (45) boot: Enabling RNG early entropy source...[0m
[0;32mI (49) boot: Partition Table:[0m
[0;32mI (52) boot: ## Label            Usage          Type ST Offset   Length[0m
[0;32mI (58) boot:  0 nvs              WiFi data        01 02 00009000 00006000[0m
[0;32mI (65) boot:  1 phy_init         RF data          01 01 0000f000 00001000[0m
[0;32mI (71) boot:  2 factory          factory app      00 00 00010000 00100000[0m
[0;32mI (78) boot: End of partition table[0m
[0;32mI (81) esp_image: segment 0: paddr=00010020 vaddr=3f400020 size=1f970h (129392) map[0m
[0;32mI (133) esp_image: segment 1: paddr=0002f998 vaddr=3ff80000 size=00020h (    32) load[0m
[0;32mI (133) esp_image: segment 2: paddr=0002f9c0 vaddr=3ffb0000 size=00658h (  1624) load[0m
[0;32mI (137) esp_image: segment 3: paddr=00030020 vaddr=400d0020 size=a4d8ch (675212) map[0m
[0;32mI (375) esp_image: segment 4: paddr=000d4db4 vaddr=3ffb0658 size=03960h ( 14688) load[0m
[0;32mI (380) esp_image: segment 5: paddr=000d871c vaddr=40080000 size=19420h (103456) load[0m
[0;32mI (433) boot: Loaded app from partition at offset 0x10000[0m
[0;32mI (433) boot: Disabling RNG early entropy source...[0m
[0;32mI (443) cpu_start: Multicore app[0m
[0;32mI (452) cpu_start: Pro cpu start user code[0m
[0;32mI (452) cpu_start: cpu freq: 160000000 Hz[0m
[0;32mI (452) app_init: Application information:[0m
[0;32mI (452) app_init: Project name:     hello_world[0m
[0;32mI (456) app_init: App version:      v5.5-dirty[0m
[0;32mI (460) app_init: Compile time:     Oct 20 2025 20:55:32[0m
[0;32mI (465) app_init: ELF file SHA256:  367425459...[0m
[0;32mI (470) app_init: ESP-IDF:          v5.5-dirty[0m
[0;32mI (474) efuse_init: Min chip rev:     v0.0[0m
[0;32mI (478) efuse_init: Max chip rev:     v3.99 [0m
[0;32mI (482) efuse_init: Chip rev:         v3.0[0m
[0;32mI (486) heap_init: Initializing. RAM available for dynamic allocation:[0m
[0;32mI (492) heap_init: At 3FFAE6E0 len 00001920 (6 KiB): DRAM[0m
[0;32mI (497) heap_init: At 3FFB8960 len 000276A0 (157 KiB): DRAM[0m
[0;32mI (502) heap_init: At 3FFE0440 len 00003AE0 (14 KiB): D/IRAM[0m
[0;32mI (508) heap_init: At 3FFE4350 len 0001BCB0 (111 KiB): D/IRAM[0m
[0;32mI (513) heap_init: At 40099420 len 00006BE0 (26 KiB): IRAM[0m
[0;32mI (520) spi_flash: detected chip: generic[0m
[0;32mI (522) spi_flash: flash io: dio[0m
[0;33mW (525) spi_flash: Detected size(4096k) larger than the size in the binary image header(2048k). Using the size in the binary image header.[0m
[0;33mW (537) i2c: This driver is an old driver, please migrate your application code to adapt `driver/i2c_master.h`[0m
[0;32mI (548) main_task: Started on CPU0[0m
[0;32mI (558) main_task: Calling app_main()[0m
[1;31mE (558) i2c: i2c_master_cmd_begin(1552): i2c driver not installed[0m
[0;32mI (558) DEMO: Error in sending command[0m
[0;32mI (568) KEYPAD: LED initialized on GPIO 2[0m
[0;32mI (568) KEYPAD: LED OFF[0m
[0;32mI (568) KEYPAD: I2C initialized successfully[0m
[0;32mI (2158) KEYPAD: Starting keypad MQTT application[0m
[0;32mI (2208) wifi:wifi driver task: 3ffc0c60, prio:23, stack:6656, core=0[0m
[0;32mI (2228) wifi:wifi firmware version: f3dbad7[0m
[0;32mI (2228) wifi:wifi certification version: v7.0[0m
[0;32mI (2228) wifi:config NVS flash: enabled[0m
[0;32mI (2228) wifi:config nano formatting: disabled[0m
[0;32mI (2228) wifi:Init data frame dynamic rx buffer num: 32[0m
[0;32mI (2238) wifi:Init static rx mgmt buffer num: 5[0m
[0;32mI (2238) wifi:Init management short buffer num: 32[0m
[0;32mI (2248) wifi:Init dynamic tx buffer num: 32[0m
[0;32mI (2248) wifi:Init static rx buffer size: 1600[0m
[0;32mI (2248) wifi:Init static rx buffer num: 10[0m
[0;32mI (2258) wifi:Init dynamic rx buffer num: 32[0m
[0;32mI (2258) wifi_init: rx ba win: 6[0m
[0;32mI (2258) wifi_init: accept mbox: 6[0m
[0;32mI (2268) wifi_init: tcpip mbox: 32[0m
[0;32mI (2268) wifi_init: udp mbox: 6[0m
[0;32mI (2268) wifi_init: tcp mbox: 6[0m
[0;32mI (2278) wifi_init: tcp tx win: 5760[0m
[0;32mI (2278) wifi_init: tcp rx win: 5760[0m
[0;32mI (2278) wifi_init: tcp mss: 1440[0m
[0;32mI (2288) wifi_init: WiFi IRAM OP enabled[0m
[0;32mI (2288) wifi_init: WiFi RX IRAM OP enabled[0m
[0;32mI (2348) phy_init: phy_version 4860,6b7a6e5,Feb  6 2025,14:47:07[0m
[0;32mI (2438) wifi:mode : sta (a8:42:e3:4c:7c:bc)[0m
[0;32mI (2438) wifi:enable tsf[0m
[0;32mI (2438) KEYPAD: WiFi initialized[0m
[0;32mI (2438) KEYPAD: WiFi STA started[0m
[1;31mE (2438) task_wdt: esp_task_wdt_reset(707): task not found[0m
[0;32mI (2448) KEYPAD: Have a saved wifi network in NVS: NamTrung[0m
[0;32mI (2518) wifi:flush txq[0m
[0;32mI (2518) wifi:stop sw txq[0m
[0;32mI (2518) wifi:lmac stop hw txq[0m
[0;32mI (2528) wifi:mode : sta (a8:42:e3:4c:7c:bc)[0m
[0;32mI (2528) wifi:enable tsf[0m
[0;32mI (2528) KEYPAD: WiFi STA started[0m
[1;31mE (2528) wifi:sta is connecting, return error[0m
[0;32mI (2758) wifi:new:<1,0>, old:<1,0>, ap:<255,255>, sta:<1,0>, prof:9, snd_ch_cfg:0x0[0m
[0;32mI (2758) wifi:state: init -> auth (0xb0)[0m
[0;32mI (3758) wifi:state: auth -> init (0x200)[0m
[0;32mI (3778) wifi:new:<1,0>, old:<1,0>, ap:<255,255>, sta:<1,0>, prof:9, snd_ch_cfg:0x0[0m
[0;32mI (3778) KEYPAD: STA disconnected, reason=2[0m
[0;32mI (4398) wifi:new:<6,0>, old:<1,0>, ap:<255,255>, sta:<6,0>, prof:9, snd_ch_cfg:0x0[0m
[0;32mI (4398) wifi:state: init -> auth (0xb0)[0m
[0;32mI (4408) wifi:state: auth -> assoc (0x0)[0m
[0;32mI (4428) wifi:state: assoc -> run (0x10)[0m
[0;32mI (4448) wifi:connected with NamTrung, aid = 25, channel 6, BW20, bssid = 10:5f:02:75:1e:9a[0m
[0;32mI (4448) wifi:security: WPA2-PSK, phy: bgn, rssi: -53[0m
[0;32mI (4468) wifi:pm start, type: 1[0m

[0;32mI (4468) wifi:dp: 1, bi: 102400, li: 3, scale listen interval from 307200 us to 307200 us[0m
[0;32mI (4468) KEYPAD: Connected to SSID:NamTrung, channel:6[0m
[0;32mI (4518) wifi:AP's beacon interval = 102400 us, DTIM period = 1[0m
[0;32mI (5498) esp_netif_handlers: sta ip: 10.10.1.18, mask: 255.255.252.0, gw: 10.10.1.1[0m
[0;32mI (5498) KEYPAD: WiFi connected, got IP[0m
[0;32mI (6518) KEYPAD: MQTT initialized[0m
[0;32mI (6538) wifi:<ba-add>idx:0 (ifx:0, 10:5f:02:75:1e:9a), tid:7, ssn:8, winSize:64[0m
[0;32mI (6548) wifi:<ba-add>idx:1 (ifx:0, 10:5f:02:75:1e:9a), tid:0, ssn:1, winSize:64[0m
[0;32mI (6558) KEYPAD: LED ON[0m
[0;32mI (6558) KEYPAD: MQTT connected[0m
[0;32mI (6578) KEYPAD: Read status successfully: SO DANG GOI[0m
[0;32mI (6798) KEYPAD: MQTT_EVENT_DATA[0m
[0;32mI (6808) KEYPAD: MQTT_EVENT_DATA[0m
[0;32mI (14198) wifi:bcn_timeout,ap_probe_send_start[0m
[0;32mI (19888) KEYPAD: MQTT_EVENT_DATA[0m
[0;32mI (19888) KEYPAD: Device list updated: 7 devices[0m
Key pressed: A
Key pressed: 2
Key pressed: D
Key pressed: 8
[0;32mI (29018) wifi:bcn_timeout,ap_probe_send_start[0m
Key pressed: 8
Key pressed: 8
Key pressed: 8
Key pressed: 2
Key pressed: 2
Key pressed: 8
Key pressed: 8
Key pressed: 8
Key pressed: 8
Key pressed: 8
Key pressed: 8
Key pressed: B
Key pressed: B
Key pressed: A
Key pressed: A
[0;32mI (43268) wifi:bcn_timeout,ap_probe_send_start[0m
[0;32mI (52288) wifi:bcn_timeout,ap_probe_send_start[0m
[0;32mI (61298) wifi:bcn_timeout,ap_probe_send_start[0m
[0;32mI (76528) wifi:bcn_timeout,ap_probe_send_start[0m
[0;32mI (85558) wifi:bcn_timeout,ap_probe_send_start[0m
[0;32mI (94578) wifi:bcn_timeout,ap_probe_send_start[0m
[0;32mI (106778) wifi:bcn_timeout,ap_probe_send_start[0m
[0;32mI (121648) wifi:bcn_timeout,ap_probe_send_start[0m
[0;32mI (137038) wifi:bcn_timeout,ap_probe_send_start[0m
Key pressed: B
Key pressed: C
Key pressed: C
Key pressed: #
Key pressed: #
Key pressed: 5
Key pressed: 5
Key pressed: 8
Key pressed: 8
Key pressed: 0
Key pressed: 8
Key pressed: 8
Key pressed: 8
Key pressed: 2
Key pressed: 2
Key pressed: 2
Key pressed: 8
Key pressed: 8
Key pressed: 2
Key pressed: 2
Key pressed: 2
Key pressed: 8
[0;32mI (146558) wifi:bcn_timeout,ap_probe_send_start[0m
Key pressed: 8
Key pressed: 8
[0;32mI (155598) wifi:bcn_timeout,ap_probe_send_start[0m
[0;32mI (172458) wifi:bcn_timeout,ap_probe_send_start[0m
[0;32mI (188528) wifi:bcn_timeout,ap_probe_send_start[0m
[0;32mI (202888) wifi:bcn_timeout,ap_probe_send_start[0m
[0;32mI (211908) wifi:bcn_timeout,ap_probe_send_start[0m
[0;32mI (230088) wifi:bcn_timeout,ap_probe_send_start[0m
[0;32mI (248528) wifi:bcn_timeout,ap_probe_send_start[0m
[0;32mI (263598) wifi:bcn_timeout,ap_probe_send_start[0m
[0;32mI (272618) wifi:bcn_timeout,ap_probe_send_start[0m
[0;32mI (290808) wifi:bcn_timeout,ap_probe_send_start[0m
[0;32mI (308528) wifi:bcn_timeout,ap_probe_send_start[0m
[0;32mI (324228) wifi:bcn_timeout,ap_probe_send_start[0m
[0;32mI (333748) wifi:bcn_timeout,ap_probe_send_start[0m
[0;32mI (351428) wifi:bcn_timeout,ap_probe_send_start[0m
[0;32mI (368538) wifi:bcn_timeout,ap_probe_send_start[0m
[0;32mI (384638) wifi:bcn_timeout,ap_probe_send_start[0m
[0;32mI (393648) wifi:bcn_timeout,ap_probe_send_start[0m
[0;32mI (412138) wifi:bcn_timeout,ap_probe_send_start[0m
