Command: D:\ESP32_IDF\Espressif\python_env\idf5.5_py3.11_env\Scripts\python.exe D:\ESP32_IDF\Espressif\frameworks\esp-idf-v5.5\tools/idf_monitor.py -p COM3 -b 115200 --toolchain-prefix xtensa-esp32-elf- --target esp32 --revision 0 D:\ESP32_IDF\Espressif\frameworks\esp-idf-v5.5\examples\get-started\agribank demo\build\hello_world.elf D:\ESP32_IDF\Espressif\frameworks\esp-idf-v5.5\examples\get-started\agribank demo\build\bootloader\bootloader.elf --force-color -m 'D:\ESP32_IDF\Espressif\python_env\idf5.5_py3.11_env\Scripts\python.exe' 'D:\ESP32_IDF\Espressif\frameworks\esp-idf-v5.5\tools\idf.py' '-p' 'COM3'
 (34) boot.esp32: SPI Sï¿½ets Jul 29 2019 12:21:46

rst:0x1 (POWERON_RESET),boot:0x13 (SPI_FAST_FLASH_BOOT)
configsip: 0, SPIWP:0xee
clk_drv:0x00,q_drv:0x00,d_drv:0x00,cs0_drv:0x00,hd_drv:0x00,wp_drv:0x00
mode:DIO, clock div:2
load:0x3fff0030,len:6380
ho 0 tail 12 room 4
load:0x40078000,len:15916
load:0x40080400,len:3860
entry 0x40080638
[0;32mI (29) boot: ESP-IDF v5.5-dirty 2nd stage bootloader[0m
[0;32mI (29) boot: compile time Oct 19 2025 19:26:38[0m
[0;32mI (29) boot: Multicore bootloader[0m
[0;32mI (31) boot: chip revision: v3.0[0m
[0;32mI (34) boot.esp32: SPI Speed      : 40MHz[0m
[0;32mI (37) boot.esp32: SPI Mode       : DIO[0m
[0;32mI (41) boot.esp32: SPI Flash Size : 2MB[0m
[0;32mI (45) boot: Enabling RNG early entropy source...[0m
[0;32mI (49) boot: Partition Table:[0m
[0;32mI (52) boot: ## Label            Usage          Type ST Offset   Length[0m
[0;32mI (58) boot:  0 nvs              WiFi data        01 02 00009000 00006000[0m
[0;32mI (65) boot:  1 phy_init         RF data          01 01 0000f000 00001000[0m
[0;32mI (71) boot:  2 factory          factory app      00 00 00010000 00100000[0m
[0;32mI (78) boot: End of partition table[0m
[0;32mI (81) esp_image: segment 0: paddr=00010020 vaddr=3f400020 size=1e3e8h (123880) map[0m
[0;32mI (131) esp_image: segment 1: paddr=0002e410 vaddr=3ff80000 size=00020h (    32) load[0m
[0;32mI (131) esp_image: segment 2: paddr=0002e438 vaddr=3ffb0000 size=01be0h (  7136) load[0m
[0;32mI (137) esp_image: segment 3: paddr=00030020 vaddr=400d0020 size=9fba4h (654244) map[0m
[0;32mI (366) esp_image: segment 4: paddr=000cfbcc vaddr=3ffb1be0 size=02388h (  9096) load[0m
[0;32mI (369) esp_image: segment 5: paddr=000d1f5c vaddr=40080000 size=17fa4h ( 98212) load[0m
[0;32mI (419) boot: Loaded app from partition at offset 0x10000[0m
[0;32mI (419) boot: Disabling RNG early entropy source...[0m
[0;32mI (430) cpu_start: Multicore app[0m
[0;32mI (438) cpu_start: Pro cpu start user code[0m
[0;32mI (438) cpu_start: cpu freq: 160000000 Hz[0m
[0;32mI (438) app_init: Application information:[0m
[0;32mI (438) app_init: Project name:     hello_world[0m
[0;32mI (443) app_init: App version:      v5.5-dirty[0m
[0;32mI (447) app_init: Compile time:     Oct 19 2025 19:25:48[0m
[0;32mI (452) app_init: ELF file SHA256:  592f2a441...[0m
[0;32mI (456) app_init: ESP-IDF:          v5.5-dirty[0m
[0;32mI (460) efuse_init: Min chip rev:     v0.0[0m
[0;32mI (464) efuse_init: Max chip rev:     v3.99 [0m
[0;32mI (468) efuse_init: Chip rev:         v3.0[0m
[0;32mI (472) heap_init: Initializing. RAM available for dynamic allocation:[0m
[0;32mI (478) heap_init: At 3FFAE6E0 len 00001920 (6 KiB): DRAM[0m
[0;32mI (483) heap_init: At 3FFB86C0 len 00027940 (158 KiB): DRAM[0m
[0;32mI (489) heap_init: At 3FFE0440 len 00003AE0 (14 KiB): D/IRAM[0m
[0;32mI (494) heap_init: At 3FFE4350 len 0001BCB0 (111 KiB): D/IRAM[0m
[0;32mI (500) heap_init: At 40097FA4 len 0000805C (32 KiB): IRAM[0m
[0;32mI (506) spi_flash: detected chip: generic[0m
[0;32mI (508) spi_flash: flash io: dio[0m
[0;33mW (511) spi_flash: Detected size(4096k) larger than the size in the binary image header(2048k). Using the size in the binary image header.[0m
[0;32mI (525) main_task: Started on CPU0[0m
[0;32mI (535) main_task: Calling app_main()[0m
[0;32mI (535) KEYPAD: Starting keypad MQTT application[0m
[0;32mI (585) wifi:wifi driver task: 3ffc0748, prio:23, stack:6656, core=0[0m
[0;32mI (605) wifi:wifi firmware version: f3dbad7[0m
[0;32mI (605) wifi:wifi certification version: v7.0[0m
[0;32mI (605) wifi:config NVS flash: enabled[0m
[0;32mI (605) wifi:config nano formatting: disabled[0m
[0;32mI (605) wifi:Init data frame dynamic rx buffer num: 32[0m
[0;32mI (615) wifi:Init static rx mgmt buffer num: 5[0m
[0;32mI (615) wifi:Init management short buffer num: 32[0m
[0;32mI (615) wifi:Init dynamic tx buffer num: 32[0m
[0;32mI (625) wifi:Init static rx buffer size: 1600[0m
[0;32mI (625) wifi:Init static rx buffer num: 10[0m
[0;32mI (635) wifi:Init dynamic rx buffer num: 32[0m
[0;32mI (635) wifi_init: rx ba win: 6[0m
[0;32mI (635) wifi_init: accept mbox: 6[0m
[0;32mI (645) wifi_init: tcpip mbox: 32[0m
[0;32mI (645) wifi_init: udp mbox: 6[0m
[0;32mI (645) wifi_init: tcp mbox: 6[0m
[0;32mI (655) wifi_init: tcp tx win: 5760[0m
[0;32mI (655) wifi_init: tcp rx win: 5760[0m
[0;32mI (655) wifi_init: tcp mss: 1440[0m
[0;32mI (655) wifi_init: WiFi IRAM OP enabled[0m
[0;32mI (665) wifi_init: WiFi RX IRAM OP enabled[0m
[0;33mW (665) wifi:Password length matches WPA2 standards, authmode threshold changes from OPEN to WPA2[0m
[0;32mI (675) phy_init: phy_version 4860,6b7a6e5,Feb  6 2025,14:47:07[0m
[0;32mI (765) wifi:mode : sta (a8:42:e3:4c:7c:bc)[0m
[0;32mI (765) wifi:enable tsf[0m
[0;32mI (765) KEYPAD: WiFi initialized[0m
[0;32mI (785) wifi:new:<2,0>, old:<1,0>, ap:<255,255>, sta:<2,0>, prof:9, snd_ch_cfg:0x0[0m
[0;32mI (785) wifi:state: init -> auth (0xb0)[0m
[0;32mI (815) wifi:state: auth -> assoc (0x0)[0m
[0;32mI (875) wifi:state: assoc -> run (0x10)[0m
[0;32mI (985) wifi:connected with Anh Kiet, aid = 4, channel 2, BW20, bssid = cc:71:90:19:d2:f8[0m
[0;32mI (985) wifi:security: WPA2-PSK, phy: bgn, rssi: -73[0m
[0;32mI (985) wifi:pm start, type: 1[0m

[0;32mI (985) wifi:dp: 1, bi: 102400, li: 3, scale listen interval from 307200 us to 307200 us[0m
[0;32mI (995) KEYPAD: Connected to SSID:Anh Kiet, channel:2[0m
[0;32mI (1045) wifi:AP's beacon interval = 102400 us, DTIM period = 1[0m
[0;32mI (2255) esp_netif_handlers: sta ip: 192.168.1.10, mask: 255.255.255.0, gw: 192.168.1.1[0m
[0;32mI (2255) KEYPAD: WiFi connected, got IP[0m
[0;32mI (3765) main_task: Returned from app_main()[0m
Key pressed: A
WiFi Configuration Mode
Enter WiFi SSID:
Key pressed: *
CAPSLOCK ON
Key pressed: 2
SSID: A
Key pressed: *
CAPSLOCK OFF
Key pressed: 6
SSID: Am
Key pressed: 6
SSID: An
Key pressed: 4
SSID: Ang
Key pressed: 4
SSID: Anh
Key pressed: 0
SSID: Anh 
Key pressed: *
CAPSLOCK ON
Key pressed: 5
SSID: Anh J
Key pressed: 5
SSID: Anh K
Key pressed: *
CAPSLOCK OFF
Key pressed: 4
SSID: Anh Kg
Key pressed: 4
SSID: Anh Kh
Key pressed: 4
SSID: Anh Ki
Key pressed: 3
SSID: Anh Kid
Key pressed: 3
SSID: Anh Kie
Key pressed: 8
SSID: Anh Kiet
Key pressed: D
SSID saved: Anh Kiet
Enter WiFi password:
Key pressed: *
CAPSLOCK ON
Key pressed: 2
PASSWORD: A
Key pressed: *
CAPSLOCK OFF
Key pressed: 6
PASSWORD: Am
Key pressed: 6
PASSWORD: An
Key pressed: 4
PASSWORD: Ang
Key pressed: 4
PASSWORD: Anh
Key pressed: 5
PASSWORD: Anhj
Key pressed: 5
PASSWORD: Anhk
Key pressed: 4
PASSWORD: Anhkg
Key pressed: 4
PASSWORD: Anhkh
Key pressed: 4
PASSWORD: Anhki
Key pressed: 3
PASSWORD: Anhkid
Key pressed: 3
PASSWORD: Anhkie
Key pressed: 8
PASSWORD: Anhkiet
Key pressed: 1
PASSWORD: Anhkiet.
Key pressed: 1
PASSWORD: Anhkiet,
Key pressed: 1
PASSWORD: Anhkiet!
Key pressed: 1
PASSWORD: Anhkiet?
Key pressed: 1
PASSWORD: Anhkiet'
Key pressed: 1
PASSWORD: Anhkiet"
Key pressed: 1
PASSWORD: Anhkiet1
Key pressed: 1
PASSWORD: Anhkiet-
Key pressed: 1
PASSWORD: Anhkiet(
Key pressed: 1
PASSWORD: Anhkiet@
Key pressed: 2
PASSWORD: Anhkiet@a
Key pressed: 2
PASSWORD: Anhkiet@b
Key pressed: 2
PASSWORD: Anhkiet@c
Key pressed: 2
PASSWORD: Anhkiet@2
Key pressed: 0
PASSWORD: Anhkiet@2 
Key pressed: 0
PASSWORD: Anhkiet@20
Key pressed: 0
PASSWORD: Anhkiet@20 
Key pressed: 0
PASSWORD: Anhkiet@200
Key pressed: 2
PASSWORD: Anhkiet@200a
Key pressed: 2
PASSWORD: Anhkiet@200b
Key pressed: 2
PASSWORD: Anhkiet@200c
Key pressed: 2
PASSWORD: Anhkiet@2002
Key pressed: D
Password saved: Anhkiet@2002
[0;32mI (70265) wifi:state: run -> init (0x0)[0m
[0;32mI (70275) wifi:pm stop, total sleep time: 63716245 us / 69283624 us[0m

[0;32mI (70275) wifi:new:<2,0>, old:<2,0>, ap:<255,255>, sta:<2,0>, prof:9, snd_ch_cfg:0x0[0m
[0;33mW (70275) wifi:Password length matches WPA2 standards, authmode threshold changes from OPEN to WPA2[0m
WiFi connecting with SSID: Anh Kiet
[0;32mI (70285) KEYPAD: STA disconnected, reason=8[0m
[0;32mI (70295) KEYPAD: WIFI STA_DISCONNECTED.[0m
[0;32mI (70305) wifi:new:<2,0>, old:<2,0>, ap:<255,255>, sta:<2,0>, prof:9, snd_ch_cfg:0x0[0m
[0;32mI (70305) wifi:state: init -> auth (0xb0)[0m
[0;32mI (70325) wifi:state: auth -> assoc (0x0)[0m
[0;32mI (70365) wifi:state: assoc -> run (0x10)[0m
[0;32mI (70475) wifi:connected with Anh Kiet, aid = 4, channel 2, BW20, bssid = cc:71:90:19:d2:f8[0m
[0;32mI (70475) wifi:security: WPA2-PSK, phy: bgn, rssi: -64[0m
[0;32mI (70485) wifi:pm start, type: 1[0m

[0;32mI (70485) KEYPAD: Connected to SSID:Anh Kiet, channel:2[0m
[0;32mI (70575) wifi:AP's beacon interval = 102400 us, DTIM period = 1[0m
[0;32mI (71685) esp_netif_handlers: sta ip: 192.168.1.10, mask: 255.255.255.0, gw: 192.168.1.1[0m
[0;32mI (71685) KEYPAD: WiFi connected, got IP[0m
Key pressed: 2
Input: 2
Key pressed: 2
Input: 22
Key pressed: 2
Input: 222
Key pressed: D
Sending number: 222
[0;33mW (99615) KEYPAD: MQTT not connected[0m
