Command: D:\ESP32_IDF\Espressif\python_env\idf5.5_py3.11_env\Scripts\python.exe D:\ESP32_IDF\Espressif\frameworks\esp-idf-v5.5\tools/idf_monitor.py -p COM3 -b 115200 --toolchain-prefix xtensa-esp32-elf- --target esp32 --revision 0 D:\ESP32_IDF\Espressif\frameworks\esp-idf-v5.5\examples\get-started\agribank demo\build\hello_world.elf D:\ESP32_IDF\Espressif\frameworks\esp-idf-v5.5\examples\get-started\agribank demo\build\bootloader\bootloader.elf --force-color -m 'D:\ESP32_IDF\Espressif\python_env\idf5.5_py3.11_env\Scripts\python.exe' 'D:\ESP32_IDF\Espressif\frameworks\esp-idf-v5.5\tools\idf.py' '-p' 'COM3'
ï¿½(34) boot.esp32: SPI Speeï¿½ets Jul 29 2019 12:21:46

rst:0x1 (POWERON_RESET),boot:0x13 (SPI_FAST_FLASH_BOOT)
configsip: 0, SPIWP:0xee
clk_drv:0x00,q_drv:0x00,d_drv:0x00,cs0_drv:0x00,hd_drv:0x00,wp_drv:0x00
mode:DIO, clock div:2
load:0x3fff0030,len:6380
ho 0 tail 12 room 4
load:0x40078000,len:15916
load:0x40080400,len:3860
entry 0x40080638
[0;32mI (29) boot: ESP-IDF v5.5-dirty 2nd stage bootloader[0m
[0;32mI (29) boot: compile time Oct 19 2025 19:26:38[0m
[0;32mI (29) boot: Multicore bootloader[0m
[0;32mI (31) boot: chip revision: v3.0[0m
[0;32mI (34) boot.esp32: SPI Speed      : 40MHz[0m
[0;32mI (37) boot.esp32: SPI Mode       : DIO[0m
[0;32mI (41) boot.esp32: SPI Flash Size : 2MB[0m
[0;32mI (45) boot: Enabling RNG early entropy source...[0m
[0;32mI (49) boot: Partition Table:[0m
[0;32mI (52) boot: ## Label            Usage          Type ST Offset   Length[0m
[0;32mI (58) boot:  0 nvs              WiFi data        01 02 00009000 00006000[0m
[0;32mI (65) boot:  1 phy_init         RF data          01 01 0000f000 00001000[0m
[0;32mI (71) boot:  2 factory          factory app      00 00 00010000 00100000[0m
[0;32mI (78) boot: End of partition table[0m
[0;32mI (81) esp_image: segment 0: paddr=00010020 vaddr=3f400020 size=1f8e0h (129248) map[0m
[0;32mI (133) esp_image: segment 1: paddr=0002f908 vaddr=3ff80000 size=00020h (    32) load[0m
[0;32mI (133) esp_image: segment 2: paddr=0002f930 vaddr=3ffb0000 size=006e8h (  1768) load[0m
[0;32mI (137) esp_image: segment 3: paddr=00030020 vaddr=400d0020 size=a4854h (673876) map[0m
[0;32mI (374) esp_image: segment 4: paddr=000d487c vaddr=3ffb06e8 size=038d0h ( 14544) load[0m
[0;32mI (380) esp_image: segment 5: paddr=000d8154 vaddr=40080000 size=192e4h (103140) load[0m
[0;32mI (432) boot: Loaded app from partition at offset 0x10000[0m
[0;32mI (432) boot: Disabling RNG early entropy source...[0m
[0;32mI (443) cpu_start: Multicore app[0m
[0;32mI (451) cpu_start: Pro cpu start user code[0m
[0;32mI (451) cpu_start: cpu freq: 160000000 Hz[0m
[0;32mI (451) app_init: Application information:[0m
[0;32mI (451) app_init: Project name:     hello_world[0m
[0;32mI (456) app_init: App version:      v5.5-dirty[0m
[0;32mI (460) app_init: Compile time:     Oct 20 2025 20:55:32[0m
[0;32mI (465) app_init: ELF file SHA256:  b4604b42a...[0m
[0;32mI (469) app_init: ESP-IDF:          v5.5-dirty[0m
[0;32mI (473) efuse_init: Min chip rev:     v0.0[0m
[0;32mI (477) efuse_init: Max chip rev:     v3.99 [0m
[0;32mI (481) efuse_init: Chip rev:         v3.0[0m
[0;32mI (485) heap_init: Initializing. RAM available for dynamic allocation:[0m
[0;32mI (491) heap_init: At 3FFAE6E0 len 00001920 (6 KiB): DRAM[0m
[0;32mI (496) heap_init: At 3FFB87A0 len 00027860 (158 KiB): DRAM[0m
[0;32mI (502) heap_init: At 3FFE0440 len 00003AE0 (14 KiB): D/IRAM[0m
[0;32mI (507) heap_init: At 3FFE4350 len 0001BCB0 (111 KiB): D/IRAM[0m
[0;32mI (512) heap_init: At 400992E4 len 00006D1C (27 KiB): IRAM[0m
[0;32mI (519) spi_flash: detected chip: generic[0m
[0;32mI (521) spi_flash: flash io: dio[0m
[0;33mW (524) spi_flash: Detected size(4096k) larger than the size in the binary image header(2048k). Using the size in the binary image header.[0m
[0;33mW (537) i2c: This driver is an old driver, please migrate your application code to adapt `driver/i2c_master.h`[0m
[0;32mI (547) main_task: Started on CPU0[0m
[0;32mI (557) main_task: Calling app_main()[0m
[0;32mI (557) KEYPAD: LED initialized on GPIO 2[0m
[0;32mI (557) KEYPAD: LED OFF[0m
[0;32mI (557) KEYPAD: I2C initialized successfully[0m
[0;32mI (2157) KEYPAD: Starting keypad MQTT application[0m
[0;32mI (2207) wifi:wifi driver task: 3ffc0a1c, prio:23, stack:6656, core=0[0m
[0;32mI (2227) wifi:wifi firmware version: f3dbad7[0m
[0;32mI (2227) wifi:wifi certification version: v7.0[0m
[0;32mI (2227) wifi:config NVS flash: enabled[0m
[0;32mI (2227) wifi:config nano formatting: disabled[0m
[0;32mI (2227) wifi:Init data frame dynamic rx buffer num: 32[0m
[0;32mI (2237) wifi:Init static rx mgmt buffer num: 5[0m
[0;32mI (2237) wifi:Init management short buffer num: 32[0m
[0;32mI (2247) wifi:Init dynamic tx buffer num: 32[0m
[0;32mI (2247) wifi:Init static rx buffer size: 1600[0m
[0;32mI (2247) wifi:Init static rx buffer num: 10[0m
[0;32mI (2257) wifi:Init dynamic rx buffer num: 32[0m
[0;32mI (2257) wifi_init: rx ba win: 6[0m
[0;32mI (2257) wifi_init: accept mbox: 6[0m
[0;32mI (2267) wifi_init: tcpip mbox: 32[0m
[0;32mI (2267) wifi_init: udp mbox: 6[0m
[0;32mI (2267) wifi_init: tcp mbox: 6[0m
[0;32mI (2277) wifi_init: tcp tx win: 5760[0m
[0;32mI (2277) wifi_init: tcp rx win: 5760[0m
[0;32mI (2277) wifi_init: tcp mss: 1440[0m
[0;32mI (2287) wifi_init: WiFi IRAM OP enabled[0m
[0;32mI (2287) wifi_init: WiFi RX IRAM OP enabled[0m
[0;33mW (2287) wifi:Password length is zero, but authmode threshold is 3, making it impossible to connect to an AP with authmode OPEN[0m
[0;32mI (2357) phy_init: phy_version 4860,6b7a6e5,Feb  6 2025,14:47:07[0m
[0;32mI (2437) wifi:mode : sta (a8:42:e3:4c:7c:bc)[0m
[0;32mI (2437) wifi:enable tsf[0m
[0;32mI (2447) KEYPAD: WiFi initialized[0m
[0;32mI (2447) KEYPAD: WiFi STA started[0m
[0;32mI (2447) KEYPAD: Have a saved wifi network in NVS: NamTrung[0m
[0;33mW (2447) wifi:Password length matches WPA2 standards, authmode threshold changes from OPEN to WPA2[0m
[0;32mI (2537) wifi:flush txq[0m
[0;32mI (2537) wifi:stop sw txq[0m
[0;32mI (2537) wifi:lmac stop hw txq[0m
[0;32mI (2547) wifi:mode : sta (a8:42:e3:4c:7c:bc)[0m
[0;32mI (2547) wifi:enable tsf[0m
[0;32mI (2547) KEYPAD: WiFi STA started[0m
[1;31mE (2547) wifi:sta is connecting, return error[0m
[0;32mI (2687) wifi:new:<1,0>, old:<1,0>, ap:<255,255>, sta:<1,0>, prof:9, snd_ch_cfg:0x0[0m
[0;32mI (2687) wifi:state: init -> auth (0xb0)[0m
[0;32mI (3687) wifi:state: auth -> init (0x200)[0m
[0;32mI (3707) wifi:new:<1,0>, old:<1,0>, ap:<255,255>, sta:<1,0>, prof:9, snd_ch_cfg:0x0[0m
[0;32mI (3707) KEYPAD: STA disconnected, reason=2[0m
[0;32mI (4327) wifi:new:<6,0>, old:<1,0>, ap:<255,255>, sta:<6,0>, prof:9, snd_ch_cfg:0x0[0m
[0;32mI (4327) wifi:state: init -> auth (0xb0)[0m
[0;32mI (4347) wifi:state: auth -> assoc (0x0)[0m
[0;32mI (5347) wifi:state: assoc -> init (0x400)[0m
[0;32mI (5357) wifi:new:<6,0>, old:<6,0>, ap:<255,255>, sta:<6,0>, prof:9, snd_ch_cfg:0x0[0m
[0;32mI (5357) KEYPAD: STA disconnected, reason=4[0m
[0;32mI (5427) wifi:new:<6,0>, old:<6,0>, ap:<255,255>, sta:<6,0>, prof:9, snd_ch_cfg:0x0[0m
[0;32mI (5427) wifi:state: init -> auth (0xb0)[0m
[0;32mI (5457) wifi:state: auth -> assoc (0x0)[0m
[0;32mI (5547) wifi:state: assoc -> run (0x10)[0m
[0;32mI (6717) wifi:connected with NamTrung, aid = 28, channel 6, BW20, bssid = 10:5f:02:75:32:0e[0m
[0;32mI (6717) wifi:security: WPA2-PSK, phy: bgn, rssi: -78[0m
[0;32mI (6737) wifi:pm start, type: 1[0m

[0;32mI (6737) wifi:dp: 1, bi: 102400, li: 3, scale listen interval from 307200 us to 307200 us[0m
[0;32mI (6737) KEYPAD: Connected to SSID:NamTrung, channel:6[0m
[0;32mI (6957) wifi:AP's beacon interval = 102400 us, DTIM period = 1[0m
[0;32mI (8407) wifi:<ba-add>idx:0 (ifx:0, 10:5f:02:75:32:0e), tid:7, ssn:4, winSize:64[0m
ets Jul 29 2019 12:21:46

rst:0x1 (POWERON_RESET),boot:0x13 (SPI_FAST_FLASH_BOOT)
configsip: 0, SPIWP:0xee
clk_drv:0x00,q_drv:0x00,d_drv:0x00,cs0_drv:0x00,hd_drv:0x00,wp_drv:0x00
mode:DIO, clock div:2
load:0x3fff0030,len:6380
ho 0 tail 12 room 4
load:0x40078000,len:15916
load:0x40080400,len:3860
entry 0x40080638
[0;32mI (29) boot: ESP-IDF v5.5-dirty 2nd stage bootloader[0m
[0;32mI (29) boot: compile time Oct 19 2025 19:26:38[0m
[0;32mI (29) boot: Multicore bootloader[0m
[0;32mI (31) boot: chip revision: v3.0[0m
[0;32mI (34) boot.esp32: SPI Speed      : 40MHz[0m
[0;32mI (37) boot.esp32: SPI Mode       : DIO[0m
[0;32mI (41) boot.esp32: SPI Flash Size : 2MB[0m
[0;32mI (45) boot: Enabling RNG early entropy source...[0m
[0;32mI (49) boot: Partition Table:[0m
[0;32mI (52) boot: ## Label            Usage          Type ST Offset   Length[0m
[0;32mI (58) boot:  0 nvs              WiFi data        01 02 00009000 00006000[0m
[0;32mI (65) boot:  1 phy_init         RF data          01 01 0000f000 00001000[0m
[0;32mI (71) boot:  2 factory          factory app      00 00 00010000 00100000[0m
[0;32mI (78) boot: End of partition table[0m
[0;32mI (81) esp_image: segment 0: paddr=00010020 vaddr=3f400020 size=1f8e0h (129248) map[0m
[0;32mI (133) esp_image: segment 1: paddr=0002f908 vaddr=3ff80000 size=00020h (    32) load[0m
[0;32mI (133) esp_image: segment 2: paddr=0002f930 vaddr=3ffb0000 size=006e8h (  1768) load[0m
[0;32mI (137) esp_image: segment 3: paddr=00030020 vaddr=400d0020 size=a4854h (673876) map[0m
[0;32mI (374) esp_image: segment 4: paddr=000d487c vaddr=3ffb06e8 size=038d0h ( 14544) load[0m
[0;32mI (380) esp_image: segment 5: paddr=000d8154 vaddr=40080000 size=192e4h (103140) load[0m
[0;32mI (432) boot: Loaded app from partition at offset 0x10000[0m
[0;32mI (432) boot: Disabling RNG early entropy source...[0m
[0;32mI (443) cpu_start: Multicore app[0m
[0;32mI (451) cpu_start: Pro cpu start user code[0m
[0;32mI (451) cpu_start: cpu freq: 160000000 Hz[0m
[0;32mI (451) app_init: Application information:[0m
[0;32mI (451) app_init: Project name:     hello_world[0m
[0;32mI (456) app_init: App version:      v5.5-dirty[0m
[0;32mI (460) app_init: Compile time:     Oct 20 2025 20:55:32[0m
[0;32mI (465) app_init: ELF file SHA256:  b4604b42a...[0m
[0;32mI (469) app_init: ESP-IDF:          v5.5-dirty[0m
[0;32mI (473) efuse_init: Min chip rev:     v0.0[0m
[0;32mI (477) efuse_init: Max chip rev:     v3.99 [0m
[0;32mI (481) efuse_init: Chip rev:         v3.0[0m
[0;32mI (485) heap_init: Initializing. RAM available for dynamic allocation:[0m
[0;32mI (491) heap_init: At 3FFAE6E0 len 00001920 (6 KiB): DRAM[0m
[0;32mI (496) heap_init: At 3FFB87A0 len 00027860 (158 KiB): DRAM[0m
[0;32mI (502) heap_init: At 3FFE0440 len 00003AE0 (14 KiB): D/IRAM[0m
[0;32mI (507) heap_init: At 3FFE4350 len 0001BCB0 (111 KiB): D/IRAM[0m
[0;32mI (512) heap_init: At 400992E4 len 00006D1C (27 KiB): IRAM[0m
[0;32mI (519) spi_flash: detected chip: generic[0m
[0;32mI (521) spi_flash: flash io: dio[0m
[0;33mW (524) spi_flash: Detected size(4096k) larger than the size in the binary image header(2048k). Using the size in the binary image header.[0m
[0;33mW (537) i2c: This driver is an old driver, please migrate your application code to adapt `driver/i2c_master.h`[0m
[0;32mI (547) main_task: Started on CPU0[0m
[0;32mI (557) main_task: Calling app_main()[0m
[0;32mI (557) KEYPAD: LED initialized on GPIO 2[0m
[0;32mI (557) KEYPAD: LED OFF[0m
[0;32mI (557) KEYPAD: I2C initialized successfully[0m
[0;32mI (2157) KEYPAD: Starting keypad MQTT application[0m
[0;32mI (2207) wifi:wifi driver task: 3ffc0a1c, prio:23, stack:6656, core=0[0m
[0;32mI (2227) wifi:wifi firmware version: f3dbad7[0m
[0;32mI (2227) wifi:wifi certification version: v7.0[0m
[0;32mI (2227) wifi:config NVS flash: enabled[0m
[0;32mI (2227) wifi:config nano formatting: disabled[0m
[0;32mI (2227) wifi:Init data frame dynamic rx buffer num: 32[0m
[0;32mI (2237) wifi:Init static rx mgmt buffer num: 5[0m
[0;32mI (2237) wifi:Init management short buffer num: 32[0m
[0;32mI (2247) wifi:Init dynamic tx buffer num: 32[0m
[0;32mI (2247) wifi:Init static rx buffer size: 1600[0m
[0;32mI (2247) wifi:Init static rx buffer num: 10[0m
[0;32mI (2257) wifi:Init dynamic rx buffer num: 32[0m
[0;32mI (2257) wifi_init: rx ba win: 6[0m
[0;32mI (2257) wifi_init: accept mbox: 6[0m
[0;32mI (2267) wifi_init: tcpip mbox: 32[0m
[0;32mI (2267) wifi_init: udp mbox: 6[0m
[0;32mI (2267) wifi_init: tcp mbox: 6[0m
[0;32mI (2277) wifi_init: tcp tx win: 5760[0m
[0;32mI (2277) wifi_init: tcp rx win: 5760[0m
[0;32mI (2277) wifi_init: tcp mss: 1440[0m
[0;32mI (2287) wifi_init: WiFi IRAM OP enabled[0m
[0;32mI (2287) wifi_init: WiFi RX IRAM OP enabled[0m
[0;33mW (2287) wifi:Password length is zero, but authmode threshold is 3, making it impossible to connect to an AP with authmode OPEN[0m
[0;32mI (2357) phy_init: phy_version 4860,6b7a6e5,Feb  6 2025,14:47:07[0m
[0;32mI (2437) wifi:mode : sta (a8:42:e3:4c:7c:bc)[0m
[0;32mI (2437) wifi:enable tsf[0m
[0;32mI (2437) KEYPAD: WiFi initialized[0m
[0;32mI (2447) KEYPAD: WiFi STA started[0m
[0;32mI (2447) KEYPAD: Have a saved wifi network in NVS: NamTrung[0m
[0;33mW (2447) wifi:Password length matches WPA2 standards, authmode threshold changes from OPEN to WPA2[0m
[0;32mI (2507) wifi:flush txq[0m
[0;32mI (2507) wifi:stop sw txq[0m
[0;32mI (2507) wifi:lmac stop hw txq[0m
[0;32mI (2517) wifi:mode : sta (a8:42:e3:4c:7c:bc)[0m
[0;32mI (2517) wifi:enable tsf[0m
[0;32mI (2517) KEYPAD: WiFi STA started[0m
[1;31mE (2517) wifi:sta is connecting, return error[0m
[0;32mI (2717) wifi:new:<1,0>, old:<1,0>, ap:<255,255>, sta:<1,0>, prof:9, snd_ch_cfg:0x0[0m
[0;32mI (2717) wifi:state: init -> auth (0xb0)[0m
[0;32mI (3717) wifi:state: auth -> init (0x200)[0m
[0;32mI (3727) wifi:new:<1,0>, old:<1,0>, ap:<255,255>, sta:<1,0>, prof:9, snd_ch_cfg:0x0[0m
[0;32mI (3727) KEYPAD: STA disconnected, reason=2[0m
[0;32mI (4347) wifi:new:<6,0>, old:<1,0>, ap:<255,255>, sta:<6,0>, prof:9, snd_ch_cfg:0x0[0m
[0;32mI (4347) wifi:state: init -> auth (0xb0)[0m
[0;32mI (4367) wifi:state: auth -> assoc (0x0)[0m
[0;32mI (4387) wifi:state: assoc -> run (0x10)[0m
[0;32mI (4407) wifi:connected with NamTrung, aid = 22, channel 6, BW20, bssid = 10:5f:02:75:1e:9a[0m
[0;32mI (4407) wifi:security: WPA2-PSK, phy: bgn, rssi: -55[0m
[0;32mI (4417) wifi:pm start, type: 1[0m

[0;32mI (4417) wifi:dp: 1, bi: 102400, li: 3, scale listen interval from 307200 us to 307200 us[0m
[0;32mI (4417) KEYPAD: Connected to SSID:NamTrung, channel:6[0m
[0;32mI (4457) wifi:AP's beacon interval = 102400 us, DTIM period = 1[0m
[0;32mI (5447) esp_netif_handlers: sta ip: 10.10.1.18, mask: 255.255.252.0, gw: 10.10.1.1[0m
[0;32mI (5447) KEYPAD: WiFi connected, got IP[0m
[0;32mI (5557) KEYPAD: MQTT initialized[0m
[0;32mI (5567) wifi:<ba-add>idx:0 (ifx:0, 10:5f:02:75:1e:9a), tid:7, ssn:14, winSize:64[0m
[0;32mI (5607) wifi:<ba-add>idx:1 (ifx:0, 10:5f:02:75:1e:9a), tid:0, ssn:1, winSize:64[0m
[0;32mI (5617) KEYPAD: LED ON[0m
[0;32mI (5617) KEYPAD: MQTT connected[0m
Key pressed: B
[0;32mI (9387) KEYPAD: MQTT_EVENT_DATA[0m
Key pressed: 6
Key pressed: 6
Key pressed: 6
Key pressed: B
[0;32mI (13477) KEYPAD: MQTT_EVENT_DATA[0m
[0;32mI (19567) wifi:bcn_timeout,ap_probe_send_start[0m
[0;32mI (28587) wifi:bcn_timeout,ap_probe_send_start[0m
Key pressed: B
[0;32mI (41257) KEYPAD: MQTT_EVENT_DATA[0m
[0;32mI (41267) KEYPAD: Status saved successfully: SO DANG GOI[0m
[0;32mI (41267) KEYPAD: current number saved successfully![0m
[0;32mI (47287) wifi:bcn_timeout,ap_probe_send_start[0m
[0;32mI (56307) wifi:bcn_timeout,ap_probe_send_start[0m
[0;32mI (75567) wifi:bcn_timeout,ap_probe_send_start[0m
[0;32mI (84607) wifi:bcn_timeout,ap_probe_send_start[0m
[0;32mI (94137) wifi:bcn_timeout,ap_probe_send_start[0m
Key pressed: B
[0;32mI (97067) KEYPAD: MQTT_EVENT_DATA[0m
[0;32mI (97067) KEYPAD: Status saved successfully: SO DANG GOI[0m
[0;32mI (97077) KEYPAD: current number saved successfully![0m
Key pressed: B
[0;32mI (97967) KEYPAD: MQTT_EVENT_DATA[0m
[0;32mI (97967) KEYPAD: Status saved successfully: SO DANG GOI[0m
[0;32mI (97977) KEYPAD: current number saved successfully![0m
Key pressed: B
[0;32mI (98677) KEYPAD: MQTT_EVENT_DATA[0m
[0;32mI (98687) KEYPAD: Status saved successfully: SO DANG GOI[0m
[0;32mI (98697) KEYPAD: current number saved successfully![0m
Key pressed: B
[0;32mI (99707) KEYPAD: MQTT_EVENT_DATA[0m
[0;32mI (99707) KEYPAD: Status saved successfully: SO DANG GOI[0m
[0;32mI (99717) KEYPAD: current number saved successfully![0m
Key pressed: 4
Key pressed: 4
Key pressed: 4
Key pressed: 4
Key pressed: #
[0;32mI (104817) KEYPAD: MQTT_EVENT_DATA[0m
[0;32mI (104817) KEYPAD: Status saved successfully: SO DANG GOI[0m
[0;32mI (104827) KEYPAD: current number saved successfully![0m
Key pressed: 4
Key pressed: 4
Key pressed: 4
Key pressed: 0
Key pressed: D
[0;32mI (110117) KEYPAD: Published number 4440[0m
[0;32mI (110357) KEYPAD: MQTT_EVENT_DATA[0m
[0;32mI (110367) KEYPAD: Status saved successfully: SO UU TIEN[0m
[0;32mI (110367) KEYPAD: current number saved successfully![0m
Key pressed: B
[0;32mI (115987) KEYPAD: MQTT_EVENT_DATA[0m
[0;32mI (115997) KEYPAD: Status saved successfully: SO DANG GOI[0m
[0;32mI (115997) KEYPAD: current number saved successfully![0m
Key pressed: B
[0;32mI (117417) KEYPAD: MQTT_EVENT_DATA[0m
[0;32mI (117417) KEYPAD: Status saved successfully: SO DANG GOI[0m
[0;32mI (117437) KEYPAD: current number saved successfully![0m
Key pressed: B
[0;32mI (118237) KEYPAD: MQTT_EVENT_DATA[0m
[0;32mI (118237) KEYPAD: Status saved successfully: SO DANG GOI[0m
[0;32mI (118247) KEYPAD: current number saved successfully![0m
Key pressed: B
[0;32mI (119157) KEYPAD: MQTT_EVENT_DATA[0m
[0;32mI (119157) KEYPAD: Status saved successfully: SO DANG GOI[0m
[0;32mI (119167) KEYPAD: current number saved successfully![0m
Key pressed: B
[0;32mI (119567) KEYPAD: MQTT_EVENT_DATA[0m
[0;32mI (119567) KEYPAD: Status saved successfully: SO DANG GOI[0m
[0;32mI (119577) KEYPAD: current number saved successfully![0m
Key pressed: B
[0;32mI (119877) KEYPAD: MQTT_EVENT_DATA[0m
[0;32mI (119877) KEYPAD: Status saved successfully: SO DANG GOI[0m
[0;32mI (119897) KEYPAD: current number saved successfully![0m
Key pressed: 6
Key pressed: 6
Key pressed: 6
Key pressed: 6
[0;32mI (136057) wifi:bcn_timeout,ap_probe_send_start[0m
[0;32mI (145087) wifi:bcn_timeout,ap_probe_send_start[0m
[0;32mI (154097) wifi:bcn_timeout,ap_probe_send_start[0m
[0;32mI (171587) wifi:bcn_timeout,ap_probe_send_start[0m
[0;32mI (193817) wifi:bcn_timeout,ap_probe_send_start[0m
[0;32mI (202847) wifi:bcn_timeout,ap_probe_send_start[0m
[0;32mI (211867) wifi:bcn_timeout,ap_probe_send_start[0m
[0;32mI (228997) wifi:bcn_timeout,ap_probe_send_start[0m
[0;32mI (238087) wifi:bcn_timeout,ap_probe_send_start[0m
[0;32mI (257307) wifi:bcn_timeout,ap_probe_send_start[0m
[0;32mI (266407) wifi:bcn_timeout,ap_probe_send_start[0m
[0;32mI (275427) wifi:bcn_timeout,ap_probe_send_start[0m
