Command: D:\ESP32_IDF\Espressif\python_env\idf5.5_py3.11_env\Scripts\python.exe D:\ESP32_IDF\Espressif\frameworks\esp-idf-v5.5\tools/idf_monitor.py -p COM3 -b 115200 --toolchain-prefix xtensa-esp32-elf- --target esp32 --revision 0 D:\ESP32_IDF\Espressif\frameworks\esp-idf-v5.5\examples\get-started\agribank demo\build\hello_world.elf D:\ESP32_IDF\Espressif\frameworks\esp-idf-v5.5\examples\get-started\agribank demo\build\bootloader\bootloader.elf --force-color -m 'D:\ESP32_IDF\Espressif\python_env\idf5.5_py3.11_env\Scripts\python.exe' 'D:\ESP32_IDF\Espressif\frameworks\esp-idf-v5.5\tools\idf.py' '-p' 'COM3'
ï¿½&S	ï¿½ï¿½Ñ¹esp32: Sï¿½ets Jul 29 2019 12:21:46

rst:0x1 (POWERON_RESET),boot:0x13 (SPI_FAST_FLASH_BOOT)
configsip: 0, SPIWP:0xee
clk_drv:0x00,q_drv:0x00,d_drv:0x00,cs0_drv:0x00,hd_drv:0x00,wp_drv:0x00
mode:DIO, clock div:2
load:0x3fff0030,len:6380
ho 0 tail 12 room 4
load:0x40078000,len:15916
load:0x40080400,len:3860
entry 0x40080638
[0;32mI (29) boot: ESP-IDF v5.5-dirty 2nd stage bootloader[0m
[0;32mI (29) boot: compile time Oct 30 2025 15:44:26[0m
[0;32mI (29) boot: Multicore bootloader[0m
[0;32mI (31) boot: chip revision: v3.0[0m
[0;32mI (34) boot.esp32: SPI Speed      : 40MHz[0m
[0;32mI (37) boot.esp32: SPI Mode       : DIO[0m
[0;32mI (41) boot.esp32: SPI Flash Size : 2MB[0m
[0;32mI (45) boot: Enabling RNG early entropy source...[0m
[0;32mI (49) boot: Partition Table:[0m
[0;32mI (52) boot: ## Label            Usage          Type ST Offset   Length[0m
[0;32mI (58) boot:  0 nvs              WiFi data        01 02 00009000 00006000[0m
[0;32mI (65) boot:  1 phy_init         RF data          01 01 0000f000 00001000[0m
[0;32mI (71) boot:  2 factory          factory app      00 00 00010000 00100000[0m
[0;32mI (78) boot: End of partition table[0m
[0;32mI (81) esp_image: segment 0: paddr=00010020 vaddr=3f400020 size=20180h (131456) map[0m
[0;32mI (133) esp_image: segment 1: paddr=000301a8 vaddr=3ff80000 size=00020h (    32) load[0m
[0;32mI (134) esp_image: segment 2: paddr=000301d0 vaddr=3ffb0000 size=03fb8h ( 16312) load[0m
[0;32mI (143) esp_image: segment 3: paddr=00034190 vaddr=40080000 size=0be88h ( 48776) load[0m
[0;32mI (164) esp_image: segment 4: paddr=00040020 vaddr=400d0020 size=a5238h (676408) map[0m
[0;32mI (395) esp_image: segment 5: paddr=000e5260 vaddr=4008be88 size=0d598h ( 54680) load[0m
[0;32mI (429) boot: Loaded app from partition at offset 0x10000[0m
[0;32mI (429) boot: Disabling RNG early entropy source...[0m
[0;32mI (439) cpu_start: Multicore app[0m
[0;32mI (448) cpu_start: Pro cpu start user code[0m
[0;32mI (448) cpu_start: cpu freq: 160000000 Hz[0m
[0;32mI (448) app_init: Application information:[0m
[0;32mI (448) app_init: Project name:     hello_world[0m
[0;32mI (452) app_init: App version:      e7264df-dirty[0m
[0;32mI (456) app_init: Compile time:     Oct 30 2025 15:45:01[0m
[0;32mI (462) app_init: ELF file SHA256:  13fe61fbc...[0m
[0;32mI (466) app_init: ESP-IDF:          v5.5-dirty[0m
[0;32mI (470) efuse_init: Min chip rev:     v0.0[0m
[0;32mI (474) efuse_init: Max chip rev:     v3.99 [0m
[0;32mI (478) efuse_init: Chip rev:         v3.0[0m
[0;32mI (482) heap_init: Initializing. RAM available for dynamic allocation:[0m
[0;32mI (488) heap_init: At 3FFAE6E0 len 00001920 (6 KiB): DRAM[0m
[0;32mI (493) heap_init: At 3FFB8990 len 00027670 (157 KiB): DRAM[0m
[0;32mI (498) heap_init: At 3FFE0440 len 00003AE0 (14 KiB): D/IRAM[0m
[0;32mI (504) heap_init: At 3FFE4350 len 0001BCB0 (111 KiB): D/IRAM[0m
[0;32mI (509) heap_init: At 40099420 len 00006BE0 (26 KiB): IRAM[0m
[0;32mI (516) spi_flash: detected chip: generic[0m
[0;32mI (518) spi_flash: flash io: dio[0m
[0;33mW (521) spi_flash: Detected size(4096k) larger than the size in the binary image header(2048k). Using the size in the binary image header.[0m
[0;33mW (533) i2c: This driver is an old driver, please migrate your application code to adapt `driver/i2c_master.h`[0m
[0;32mI (544) main_task: Started on CPU0[0m
[0;32mI (554) main_task: Calling app_main()[0m
[1;31mE (554) i2c: i2c_master_cmd_begin(1552): i2c driver not installed[0m
[0;32mI (554) DEMO: Error in sending command[0m
[0;32mI (564) KEYPAD: LED initialized on GPIO 2[0m
[0;32mI (564) KEYPAD: LED OFF[0m
[0;32mI (564) KEYPAD: I2C initialized successfully[0m
[0;32mI (2154) KEYPAD: Starting keypad MQTT application[0m
[0;32mI (2184) wifi:wifi driver task: 3ffc14ac, prio:23, stack:6656, core=0[0m
[0;32mI (2194) wifi:wifi firmware version: f3dbad7[0m
[0;32mI (2194) wifi:wifi certification version: v7.0[0m
[0;32mI (2194) wifi:config NVS flash: enabled[0m
[0;32mI (2194) wifi:config nano formatting: disabled[0m
[0;32mI (2204) wifi:Init data frame dynamic rx buffer num: 32[0m
[0;32mI (2204) wifi:Init static rx mgmt buffer num: 5[0m
[0;32mI (2204) wifi:Init management short buffer num: 32[0m
[0;32mI (2214) wifi:Init dynamic tx buffer num: 32[0m
[0;32mI (2214) wifi:Init static rx buffer size: 1600[0m
[0;32mI (2224) wifi:Init static rx buffer num: 10[0m
[0;32mI (2224) wifi:Init dynamic rx buffer num: 32[0m
[0;32mI (2234) wifi_init: rx ba win: 6[0m
[0;32mI (2234) wifi_init: accept mbox: 6[0m
[0;32mI (2234) wifi_init: tcpip mbox: 32[0m
[0;32mI (2234) wifi_init: udp mbox: 6[0m
[0;32mI (2244) wifi_init: tcp mbox: 6[0m
[0;32mI (2244) wifi_init: tcp tx win: 5760[0m
[0;32mI (2244) wifi_init: tcp rx win: 5760[0m
[0;32mI (2254) wifi_init: tcp mss: 1440[0m
[0;32mI (2254) wifi_init: WiFi IRAM OP enabled[0m
[0;32mI (2254) wifi_init: WiFi RX IRAM OP enabled[0m
[0;32mI (2264) phy_init: phy_version 4860,6b7a6e5,Feb  6 2025,14:47:07[0m
[0;32mI (2354) wifi:mode : sta (a8:42:e3:4c:7c:bc)[0m
[0;32mI (2354) wifi:enable tsf[0m
[0;32mI (2354) KEYPAD: WiFi initialized[0m
[1;31mE (2354) task_wdt: esp_task_wdt_reset(707): task not found[0m
[0;32mI (2354) KEYPAD: WiFi STA started[0m
[1;31mE (2364) task_wdt: esp_task_wdt_reset(707): task not found[0m
[0;32mI (2364) KEYPAD: Have a saved wifi network in NVS: NamTrung[0m
[0;32mI (2414) wifi:flush txq[0m
[0;32mI (2414) wifi:stop sw txq[0m
[0;32mI (2414) wifi:lmac stop hw txq[0m
[0;32mI (2424) wifi:mode : sta (a8:42:e3:4c:7c:bc)[0m
[0;32mI (2424) wifi:enable tsf[0m
[0;32mI (2424) KEYPAD: WiFi STA started[0m
[1;31mE (2424) wifi:sta is connecting, return error[0m
[0;32mI (2444) wifi:new:<6,0>, old:<1,0>, ap:<255,255>, sta:<6,0>, prof:1, snd_ch_cfg:0x0[0m
[0;32mI (2444) wifi:state: init -> auth (0xb0)[0m
[0;32mI (2454) wifi:state: auth -> assoc (0x0)[0m
[0;32mI (2494) wifi:state: assoc -> run (0x10)[0m
[0;32mI (2524) wifi:connected with NamTrung, aid = 25, channel 6, BW20, bssid = 10:5f:02:75:32:0e[0m
[0;32mI (2524) wifi:security: WPA2-PSK, phy: bgn, rssi: -75[0m
[0;32mI (2534) wifi:pm start, type: 1[0m

[0;32mI (2534) wifi:dp: 1, bi: 102400, li: 3, scale listen interval from 307200 us to 307200 us[0m
[0;32mI (2534) KEYPAD: Connected to SSID:NamTrung, channel:6[0m
[0;32mI (2684) wifi:AP's beacon interval = 102400 us, DTIM period = 1[0m
[0;32mI (3654) esp_netif_handlers: sta ip: 10.10.1.18, mask: 255.255.252.0, gw: 10.10.1.1[0m
[0;32mI (3654) KEYPAD: WiFi connected, got IP[0m
[0;32mI (4244) wifi:<ba-add>idx:0 (ifx:0, 10:5f:02:75:32:0e), tid:7, ssn:11, winSize:64[0m
[0;32mI (4654) KEYPAD: MQTT initialized[0m
[0;32mI (4674) KEYPAD: Read status successfully: SO DANG GOI[0m
[0;32mI (4694) wifi:<ba-add>idx:1 (ifx:0, 10:5f:02:75:32:0e), tid:0, ssn:1, winSize:64[0m
[0;32mI (4724) KEYPAD: LED ON[0m
[0;32mI (4724) KEYPAD: MQTT connected[0m
[0;32mI (4934) KEYPAD: MQTT_EVENT_DATA[0m
[0;32mI (4934) KEYPAD: Processing topic: device/list[0m
[1;31mE (4934) KEYPAD: Failed to parse device/list JSON[0m
[0;32mI (4934) KEYPAD: MQTT_EVENT_DATA[0m
[0;32mI (4944) KEYPAD: Processing topic: device/list[0m
[1;31mE (4944) KEYPAD: Failed to parse device/list JSON[0m
Key pressed: B
Key pressed: B
Key pressed: B
34) boot.esp32: SPI Speed      : 40MHz
[0;32mI (37) boot.esp32: SPI Mode       : DIO[0m
[0;32mI (41) boot.esp32: SPI Flash Size : 2MB[0m
[0;32mI (45) boot: Enabling RNG early entropy source...[0m
[0;32mI (49) boot: Partition Table:[0m
[0;32mI (52) boot: ## Label            Usage          Type ST Offset   Length[0m
[0;32mI (58) boot:  0 nvs              WiFi data        01 02 00009000 00006000[0m
[0;32mI (65) boot:  1 phy_init         RF data          01 01 0000f000 00001000[0m
[0;32mI (71) boot:  2 factory          factory app      00 00 00010000 00100000[0m
[0;32mI (78) boot: End of partition table[0m
[0;32mI (81) esp_image: segment 0: paddr=00010020 vaddr=3f400020 size=20180h (131456) map[0m
[0;32mI (133) esp_image: segment 1: paddr=000301a8 vaddr=3ff80000 size=00020h (    32) load[0m
[0;32mI (134) esp_image: segment 2: paddr=000301d0 vaddr=3ffb0000 size=03fb8h ( 16312) load[0m
[0;32mI (143) esp_image: segment 3: paddr=00034190 vaddr=40080000 size=0be88h ( 48776) load[0m
[0;32mI (164) esp_image: segment 4: paddr=00040020 vaddr=400d0020 size=a5238h (676408) map[0m
[0;32mI (395) esp_image: segment 5: paddr=000e5260 vaddr=4008be88 size=0d598h ( 54680) load[0m
[0;32mI (429) boot: Loaded app from partition at offset 0x10000[0m
[0;32mI (429) boot: Disabling RNG early entropy source...[0m
[0;32mI (439) cpu_start: Multicore app[0m
[0;32mI (448) cpu_start: Pro cpu start user code[0m
[0;32mI (448) cpu_start: cpu freq: 160000000 Hz[0m
[0;32mI (448) app_init: Application information:[0m
[0;32mI (448) app_init: Project name:     hello_world[0m
[0;32mI (452) app_init: App version:      e7264df-dirty[0m
[0;32mI (456) app_init: Compile time:     Oct 30 2025 15:45:01[0m
[0;32mI (462) app_init: ELF file SHA256:  13fe61fbc...[0m
[0;32mI (466) app_init: ESP-IDF:          v5.5-dirty[0m
[0;32mI (470) efuse_init: Min chip rev:     v0.0[0m
[0;32mI (474) efuse_init: Max chip rev:     v3.99 [0m
[0;32mI (478) efuse_init: Chip rev:         v3.0[0m
[0;32mI (482) heap_init: Initializing. RAM available for dynamic allocation:[0m
[0;32mI (488) heap_init: At 3FFAE6E0 len 00001920 (6 KiB): DRAM[0m
[0;32mI (493) heap_init: At 3FFB8990 len 00027670 (157 KiB): DRAM[0m
[0;32mI (498) heap_init: At 3FFE0440 len 00003AE0 (14 KiB): D/IRAM[0m
[0;32mI (504) heap_init: At 3FFE4350 len 0001BCB0 (111 KiB): D/IRAM[0m
[0;32mI (509) heap_init: At 40099420 len 00006BE0 (26 KiB): IRAM[0m
[0;32mI (516) spi_flash: detected chip: generic[0m
[0;32mI (518) spi_flash: flash io: dio[0m
[0;33mW (521) spi_flash: Detected size(4096k) larger than the size in the binary image header(2048k). Using the size in the binary image header.[0m
[0;33mW (533) i2c: This driver is an old driver, please migrate your application code to adapt `driver/i2c_master.h`[0m
[0;32mI (544) main_task: Started on CPU0[0m
[0;32mI (554) main_task: Calling app_main()[0m
[1;31mE (554) i2c: i2c_master_cmd_begin(1552): i2c driver not installed[0m
[0;32mI (554) DEMO: Error in sending command[0m
[0;32mI (564) KEYPAD: LED initialized on GPIO 2[0m
[0;32mI (564) KEYPAD: LED OFF[0m
[0;32mI (564) KEYPAD: I2C initialized successfully[0m
[0;32mI (2154) KEYPAD: Starting keypad MQTT application[0m
[0;32mI (2184) wifi:wifi driver task: 3ffc14ac, prio:23, stack:6656, core=0[0m
[0;32mI (2194) wifi:wifi firmware version: f3dbad7[0m
[0;32mI (2194) wifi:wifi certification version: v7.0[0m
[0;32mI (2194) wifi:config NVS flash: enabled[0m
[0;32mI (2194) wifi:config nano formatting: disabled[0m
[0;32mI (2204) wifi:Init data frame dynamic rx buffer num: 32[0m
[0;32mI (2204) wifi:Init static rx mgmt buffer num: 5[0m
[0;32mI (2204) wifi:Init management short buffer num: 32[0m
[0;32mI (2214) wifi:Init dynamic tx buffer num: 32[0m
[0;32mI (2214) wifi:Init static rx buffer size: 1600[0m
[0;32mI (2224) wifi:Init static rx buffer num: 10[0m
[0;32mI (2224) wifi:Init dynamic rx buffer num: 32[0m
[0;32mI (2234) wifi_init: rx ba win: 6[0m
[0;32mI (2234) wifi_init: accept mbox: 6[0m
[0;32mI (2234) wifi_init: tcpip mbox: 32[0m
[0;32mI (2234) wifi_init: udp mbox: 6[0m
[0;32mI (2244) wifi_init: tcp mbox: 6[0m
[0;32mI (2244) wifi_init: tcp tx win: 5760[0m
[0;32mI (2244) wifi_init: tcp rx win: 5760[0m
[0;32mI (2254) wifi_init: tcp mss: 1440[0m
[0;32mI (2254) wifi_init: WiFi IRAM OP enabled[0m
[0;32mI (2254) wifi_init: WiFi RX IRAM OP enabled[0m
[0;32mI (2304) phy_init: phy_version 4860,6b7a6e5,Feb  6 2025,14:47:07[0m
[0;32mI (2384) wifi:mode : sta (a8:42:e3:4c:7c:bc)[0m
[0;32mI (2394) wifi:enable tsf[0m
[0;32mI (2394) KEYPAD: WiFi initialized[0m
[1;31mE (2394) task_wdt: esp_task_wdt_reset(707): task not found[0m
[0;32mI (2394) KEYPAD: WiFi STA started[0m
[1;31mE (2394) task_wdt: esp_task_wdt_reset(707): task not found[0m
[0;32mI (2404) KEYPAD: Have a saved wifi network in NVS: NamTrung[0m
[0;32mI (2454) wifi:flush txq[0m
[0;32mI (2454) wifi:stop sw txq[0m
[0;32mI (2454) wifi:lmac stop hw txq[0m
[0;32mI (2464) wifi:mode : sta (a8:42:e3:4c:7c:bc)[0m
[0;32mI (2464) wifi:enable tsf[0m
[0;32mI (2464) KEYPAD: WiFi STA started[0m
[1;31mE (2464) wifi:sta is connecting, return error[0m
[0;32mI (2474) wifi:new:<6,0>, old:<1,0>, ap:<255,255>, sta:<6,0>, prof:1, snd_ch_cfg:0x0[0m
[0;32mI (2484) wifi:state: init -> auth (0xb0)[0m
[0;32mI (2494) wifi:state: auth -> assoc (0x0)[0m
[0;32mI (2504) wifi:state: assoc -> run (0x10)[0m
[0;32mI (2554) wifi:connected with NamTrung, aid = 29, channel 6, BW20, bssid = 10:5f:02:75:1e:9a[0m
[0;32mI (2554) wifi:security: WPA2-PSK, phy: bgn, rssi: -56[0m
[0;32mI (2564) wifi:pm start, type: 1[0m

[0;32mI (2564) wifi:dp: 1, bi: 102400, li: 3, scale listen interval from 307200 us to 307200 us[0m
[0;32mI (2564) KEYPAD: Connected to SSID:NamTrung, channel:6[0m
[0;32mI (2614) wifi:AP's beacon interval = 102400 us, DTIM period = 1[0m
[0;32mI (3584) esp_netif_handlers: sta ip: 10.10.1.18, mask: 255.255.252.0, gw: 10.10.1.1[0m
[0;32mI (3584) KEYPAD: WiFi connected, got IP[0m
[0;32mI (4404) wifi:<ba-add>idx:0 (ifx:0, 10:5f:02:75:1e:9a), tid:7, ssn:11, winSize:64[0m
[0;32mI (4594) KEYPAD: MQTT initialized[0m
[0;32mI (4614) KEYPAD: Read status successfully: SO DANG GOI[0m
[0;32mI (4624) wifi:<ba-add>idx:1 (ifx:0, 10:5f:02:75:1e:9a), tid:0, ssn:1, winSize:64[0m
[0;32mI (4644) KEYPAD: LED ON[0m
[0;32mI (4644) KEYPAD: MQTT connected[0m
[0;32mI (4924) KEYPAD: MQTT_EVENT_DATA[0m
[0;32mI (4924) KEYPAD: Processing topic: device/list[0m
[1;31mE (4924) KEYPAD: Failed to parse device/list JSON[0m
[0;32mI (4924) KEYPAD: MQTT_EVENT_DATA[0m
[0;32mI (4924) KEYPAD: Processing topic: device/list[0m
[1;31mE (4934) KEYPAD: Failed to parse device/list JSON[0m
Key pressed: B
Key pressed: B
[0;32mI (10414) KEYPAD: MQTT_EVENT_DATA[0m
[0;32mI (10414) KEYPAD: Processing topic: responsenumber[0m
[0;32mI (10424) KEYPAD: Status saved successfully: SO DANG GOI[0m
[0;32mI (10434) KEYPAD: current number saved successfully![0m
[0;32mI (10614) KEYPAD: MQTT_EVENT_DATA[0m
[0;32mI (10614) KEYPAD: Processing topic: responsenumber[0m
[0;32mI (10614) KEYPAD: Status saved successfully: SO DANG GOI[0m
[0;32mI (10624) KEYPAD: current number saved successfully![0m
Key pressed: B
Key pressed: B
[0;32mI (11384) KEYPAD: MQTT_EVENT_DATA[0m
[0;32mI (11384) KEYPAD: Processing topic: responsenumber[0m
[0;32mI (11384) KEYPAD: Status saved successfully: SO DANG GOI[0m
[0;32mI (11394) KEYPAD: current number saved successfully![0m
[0;32mI (11564) KEYPAD: MQTT_EVENT_DATA[0m
[0;32mI (11564) KEYPAD: Processing topic: responsenumber[0m
[0;32mI (11574) KEYPAD: Status saved successfully: SO DANG GOI[0m
[0;32mI (11584) KEYPAD: current number saved successfully![0m
Key pressed: B
[0;32mI (12154) KEYPAD: MQTT_EVENT_DATA[0m
[0;32mI (12154) KEYPAD: Processing topic: responsenumber[0m
[0;32mI (12154) KEYPAD: Status saved successfully: SO DANG GOI[0m
[0;32mI (12164) KEYPAD: current number saved successfully![0m
Key pressed: B
[0;32mI (12864) KEYPAD: MQTT_EVENT_DATA[0m
[0;32mI (12864) KEYPAD: Processing topic: responsenumber[0m
[0;32mI (12864) KEYPAD: Status saved successfully: SO DANG GOI[0m
[0;32mI (12884) KEYPAD: current number saved successfully![0m
Key pressed: B
[0;32mI (13274) KEYPAD: MQTT_EVENT_DATA[0m
[0;32mI (13274) KEYPAD: Processing topic: responsenumber[0m
Key pressed: B
[0;32mI (13284) KEYPAD: Status saved successfully: SO DANG GOI[0m
[0;32mI (13294) KEYPAD: current number saved successfully![0m
[0;32mI (13484) KEYPAD: MQTT_EVENT_DATA[0m
[0;32mI (13484) KEYPAD: Processing topic: responsenumber[0m
[0;32mI (13484) KEYPAD: Status saved successfully: SO DANG GOI[0m
[0;32mI (13494) KEYPAD: current number saved successfully![0m
Key pressed: B
[0;32mI (13784) KEYPAD: MQTT_EVENT_DATA[0m
[0;32mI (13784) KEYPAD: Processing topic: responsenumber[0m
[0;32mI (13794) KEYPAD: Status saved successfully: SO DANG GOI[0m
[0;32mI (13804) KEYPAD: current number saved successfully![0m
Key pressed: B
[0;32mI (13994) KEYPAD: MQTT_EVENT_DATA[0m
[0;32mI (13994) KEYPAD: Processing topic: responsenumber[0m
[0;32mI (13994) KEYPAD: Status saved successfully: SO DANG GOI[0m
[0;32mI (14014) KEYPAD: current number saved successfully![0m
Key pressed: B
[0;32mI (14714) KEYPAD: MQTT_EVENT_DATA[0m
[0;32mI (14714) KEYPAD: Processing topic: responsenumber[0m
[0;32mI (14714) KEYPAD: Status saved successfully: SO DANG GOI[0m
[0;32mI (14724) KEYPAD: current number saved successfully![0m
Key pressed: B
[0;32mI (15834) KEYPAD: MQTT_EVENT_DATA[0m
[0;32mI (15834) KEYPAD: Processing topic: responsenumber[0m
[0;32mI (15834) KEYPAD: Status saved successfully: SO DANG GOI[0m
[0;32mI (15844) KEYPAD: current number saved successfully![0m
Key pressed: B
[0;32mI (16554) KEYPAD: MQTT_EVENT_DATA[0m
[0;32mI (16554) KEYPAD: Processing topic: responsenumber[0m
[0;32mI (16554) KEYPAD: Status saved successfully: SO DANG GOI[0m
[0;32mI (16564) KEYPAD: current number saved successfully![0m
Key pressed: B
[0;32mI (17064) KEYPAD: MQTT_EVENT_DATA[0m
[0;32mI (17064) KEYPAD: Processing topic: responsenumber[0m
[0;32mI (17064) KEYPAD: Status saved successfully: SO DANG GOI[0m
[0;32mI (17074) KEYPAD: current number saved successfully![0m
Key pressed: B
[0;32mI (17784) KEYPAD: MQTT_EVENT_DATA[0m
[0;32mI (17784) KEYPAD: Processing topic: responsenumber[0m
[0;32mI (17784) KEYPAD: Status saved successfully: SO DANG GOI[0m
[0;32mI (17794) KEYPAD: current number saved successfully![0m
Key pressed: B
[0;32mI (18164) KEYPAD: MQTT_EVENT_DATA[0m
[0;32mI (18164) KEYPAD: Processing topic: responsenumber[0m
[0;32mI (18174) KEYPAD: Status saved successfully: SO DANG GOI[0m
[0;32mI (18184) KEYPAD: current number saved successfully![0m
Key pressed: B
[0;32mI (18814) KEYPAD: MQTT_EVENT_DATA[0m
[0;32mI (18814) KEYPAD: Processing topic: responsenumber[0m
[0;32mI (18814) KEYPAD: Status saved successfully: SO DANG GOI[0m
[0;32mI (18824) KEYPAD: current number saved successfully![0m
Key pressed: B
Key pressed: B
[0;32mI (20104) KEYPAD: MQTT_EVENT_DATA[0m
[0;32mI (20104) KEYPAD: Processing topic: responsenumber[0m
[0;32mI (20104) KEYPAD: Status saved successfully: SO DANG GOI[0m
[0;32mI (20114) KEYPAD: current number saved successfully![0m
[0;32mI (20344) KEYPAD: MQTT_EVENT_DATA[0m
[0;32mI (20344) KEYPAD: Processing topic: responsenumber[0m
[0;32mI (20344) KEYPAD: Status saved successfully: SO DANG GOI[0m
[0;32mI (20354) KEYPAD: current number saved successfully![0m
Key pressed: B
[0;32mI (20544) KEYPAD: MQTT_EVENT_DATA[0m
[0;32mI (20544) KEYPAD: Processing topic: responsenumber[0m
[0;32mI (20544) KEYPAD: Status saved successfully: SO DANG GOI[0m
[0;32mI (20564) KEYPAD: current number saved successfully![0m
Key pressed: B
[0;32mI (20914) KEYPAD: MQTT_EVENT_DATA[0m
[0;32mI (20924) KEYPAD: Processing topic: responsenumber[0m
Key pressed: B
[0;32mI (21364) KEYPAD: MQTT_EVENT_DATA[0m
[0;32mI (21364) KEYPAD: Processing topic: responsenumber[0m
Key pressed: B
[0;32mI (21914) KEYPAD: MQTT_EVENT_DATA[0m
[0;32mI (21914) KEYPAD: Processing topic: responsenumber[0m
Key pressed: B
[0;32mI (22194) KEYPAD: MQTT_EVENT_DATA[0m
[0;32mI (22194) KEYPAD: Processing topic: responsenumber[0m
Key pressed: B
[0;32mI (22804) KEYPAD: MQTT_EVENT_DATA[0m
[0;32mI (22804) KEYPAD: Processing topic: responsenumber[0m
Key pressed: B
[0;32mI (23314) KEYPAD: MQTT_EVENT_DATA[0m
[0;32mI (23314) KEYPAD: Processing topic: responsenumber[0m
Key pressed: B
[0;32mI (23714) KEYPAD: MQTT_EVENT_DATA[0m
[0;32mI (23724) KEYPAD: Processing topic: responsenumber[0m
ets Jul 29 2019 12:21:46

rst:0x1 (POWERON_RESET),boot:0x13 (SPI_FAST_FLASH_BOOT)
configsip: 0, SPIWP:0xee
clk_drv:0x00,q_drv:0x00,d_drv:0x00,cs0_drv:0x00,hd_drv:0x00,wp_drv:0x00
mode:DIO, clock div:2
load:0x3fff0030,len:6380
ho 0 tail 12 room 4
load:0x40078000,len:15916
load:0x40080400,len:3860
entry 0x40080638
[0;32mI (29) boot: ESP-IDF v5.5-dirty 2nd stage bootloader[0m
[0;32mI (29) boot: compile time Oct 30 2025 15:44:26[0m
[0;32mI (29) boot: Multicore bootloader[0m
[0;32mI (31) boot: chip revision: v3.0[0m
[0;32mI (34) boot.esp32: SPI Speed      : 40MHz[0m
[0;32mI (37) boot.esp32: SPI Mode       : DIO[0m
[0;32mI (41) boot.esp32: SPI Flash Size : 2MB[0m
[0;32mI (45) boot: Enabling RNG early entropy source...[0m
[0;32mI (49) boot: Partition Table:[0m
[0;32mI (52) boot: ## Label            Usage          Type ST Offset   Length[0m
[0;32mI (58) boot:  0 nvs              WiFi data        01 02 00009000 00006000[0m
[0;32mI (65) boot:  1 phy_init         RF data          01 01 0000f000 00001000[0m
[0;32mI (71) boot:  2 factory          factory app      00 00 00010000 00100000[0m
[0;32mI (78) boot: End of partition table[0m
[0;32mI (81) esp_image: segment 0: paddr=00010020 vaddr=3f400020 size=20180h (131456) map[0m
[0;32mI (133) esp_image: segment 1: paddr=000301a8 vaddr=3ff80000 size=00020h (    32) load[0m
[0;32mI (134) esp_image: segment 2: paddr=000301d0 vaddr=3ffb0000 size=03fb8h ( 16312) load[0m
[0;32mI (143) esp_image: segment 3: paddr=00034190 vaddr=40080000 size=0be88h ( 48776) load[0m
[0;32mI (164) esp_image: segment 4: paddr=00040020 vaddr=400d0020 size=a5238h (676408) map[0m
[0;32mI (395) esp_image: segment 5: paddr=000e5260 vaddr=4008be88 size=0d598h ( 54680) load[0m
[0;32mI (429) boot: Loaded app from partition at offset 0x10000[0m
[0;32mI (429) boot: Disabling RNG early entropy source...[0m
[0;32mI (439) cpu_start: Multicore app[0m
[0;32mI (448) cpu_start: Pro cpu start user code[0m
[0;32mI (448) cpu_start: cpu freq: 160000000 Hz[0m
[0;32mI (448) app_init: Application information:[0m
[0;32mI (448) app_init: Project name:     hello_world[0m
[0;32mI (452) app_init: App version:      e7264df-dirty[0m
[0;32mI (456) app_init: Compile time:     Oct 30 2025 15:45:01[0m
[0;32mI (462) app_init: ELF file SHA256:  13fe61fbc...[0m
[0;32mI (466) app_init: ESP-IDF:          v5.5-dirty[0m
[0;32mI (470) efuse_init: Min chip rev:     v0.0[0m
[0;32mI (474) efuse_init: Max chip rev:     v3.99 [0m
[0;32mI (478) efuse_init: Chip rev:         v3.0[0m
[0;32mI (482) heap_init: Initializing. RAM available for dynamic allocation:[0m
[0;32mI (488) heap_init: At 3FFAE6E0 len 00001920 (6 KiB): DRAM[0m
[0;32mI (493) heap_init: At 3FFB8990 len 00027670 (157 KiB): DRAM[0m
[0;32mI (498) heap_init: At 3FFE0440 len 00003AE0 (14 KiB): D/IRAM[0m
[0;32mI (504) heap_init: At 3FFE4350 len 0001BCB0 (111 KiB): D/IRAM[0m
[0;32mI (509) heap_init: At 40099420 len 00006BE0 (26 KiB): IRAM[0m
[0;32mI (516) spi_flash: detected chip: generic[0m
[0;32mI (518) spi_flash: flash io: dio[0m
[0;33mW (521) spi_flash: Detected size(4096k) larger than the size in the binary image header(2048k). Using the size in the binary image header.[0m
[0;33mW (533) i2c: This driver is an old driver, please migrate your application code to adapt `driver/i2c_master.h`[0m
[0;32mI (544) main_task: Started on CPU0[0m
[0;32mI (554) main_task: Calling app_main()[0m
[1;31mE (554) i2c: i2c_master_cmd_begin(1552): i2c driver not installed[0m
[0;32mI (554) DEMO: Error in sending command[0m
[0;32mI (564) KEYPAD: LED initialized on GPIO 2[0m
[0;32mI (564) KEYPAD: LED OFF[0m
[0;32mI (564) KEYPAD: I2C initialized successfully[0m
[0;32mI (2154) KEYPAD: Starting keypad MQTT application[0m
[0;32mI (2184) wifi:wifi driver task: 3ffc14ac, prio:23, stack:6656, core=0[0m
[0;32mI (2194) wifi:wifi firmware version: f3dbad7[0m
[0;32mI (2194) wifi:wifi certification version: v7.0[0m
[0;32mI (2194) wifi:config NVS flash: enabled[0m
[0;32mI (2194) wifi:config nano formatting: disabled[0m
[0;32mI (2204) wifi:Init data frame dynamic rx buffer num: 32[0m
[0;32mI (2204) wifi:Init static rx mgmt buffer num: 5[0m
[0;32mI (2204) wifi:Init management short buffer num: 32[0m
[0;32mI (2214) wifi:Init dynamic tx buffer num: 32[0m
[0;32mI (2214) wifi:Init static rx buffer size: 1600[0m
[0;32mI (2224) wifi:Init static rx buffer num: 10[0m
[0;32mI (2224) wifi:Init dynamic rx buffer num: 32[0m
[0;32mI (2234) wifi_init: rx ba win: 6[0m
[0;32mI (2234) wifi_init: accept mbox: 6[0m
[0;32mI (2234) wifi_init: tcpip mbox: 32[0m
[0;32mI (2234) wifi_init: udp mbox: 6[0m
[0;32mI (2244) wifi_init: tcp mbox: 6[0m
[0;32mI (2244) wifi_init: tcp tx win: 5760[0m
[0;32mI (2244) wifi_init: tcp rx win: 5760[0m
[0;32mI (2254) wifi_init: tcp mss: 1440[0m
[0;32mI (2254) wifi_init: WiFi IRAM OP enabled[0m
[0;32mI (2254) wifi_init: WiFi RX IRAM OP enabled[0m
[0;32mI (2304) phy_init: phy_version 4860,6b7a6e5,Feb  6 2025,14:47:07[0m
[0;32mI (2384) wifi:mode : sta (a8:42:e3:4c:7c:bc)[0m
[0;32mI (2384) wifi:enable tsf[0m
[0;32mI (2394) KEYPAD: WiFi initialized[0m
[1;31mE (2394) task_wdt: esp_task_wdt_reset(707): task not found[0m
[0;32mI (2394) KEYPAD: WiFi STA started[0m
[1;31mE (2394) task_wdt: esp_task_wdt_reset(707): task not found[0m
[0;32mI (2404) KEYPAD: Have a saved wifi network in NVS: NamTrung[0m
[0;32mI (2444) wifi:flush txq[0m
[0;32mI (2444) wifi:stop sw txq[0m
[0;32mI (2444) wifi:lmac stop hw txq[0m
[0;32mI (2454) wifi:mode : sta (a8:42:e3:4c:7c:bc)[0m
[0;32mI (2454) wifi:enable tsf[0m
[0;32mI (2454) KEYPAD: WiFi STA started[0m
[1;31mE (2454) wifi:sta is connecting, return error[0m
[0;32mI (2474) wifi:new:<6,0>, old:<1,0>, ap:<255,255>, sta:<6,0>, prof:1, snd_ch_cfg:0x0[0m
[0;32mI (2474) wifi:state: init -> auth (0xb0)[0m
[0;32mI (2484) wifi:state: auth -> assoc (0x0)[0m
[0;32mI (2524) wifi:state: assoc -> run (0x10)[0m
[0;32mI (4544) wifi:connected with NamTrung, aid = 25, channel 6, BW20, bssid = 10:5f:02:75:32:0e[0m
[0;32mI (4544) wifi:security: WPA2-PSK, phy: bgn, rssi: -74[0m
[0;32mI (4554) wifi:pm start, type: 1[0m

[0;32mI (4554) wifi:dp: 1, bi: 102400, li: 3, scale listen interval from 307200 us to 307200 us[0m
[0;32mI (4564) KEYPAD: Connected to SSID:NamTrung, channel:6[0m
[0;32mI (4704) wifi:AP's beacon interval = 102400 us, DTIM period = 1[0m
[0;32mI (5684) wifi:<ba-add>idx:0 (ifx:0, 10:5f:02:75:32:0e), tid:7, ssn:12, winSize:64[0m
[0;32mI (6094) esp_netif_handlers: sta ip: 10.10.1.18, mask: 255.255.252.0, gw: 10.10.1.1[0m
[0;32mI (6094) KEYPAD: WiFi connected, got IP[0m
[0;32mI (7104) KEYPAD: MQTT initialized[0m
[0;32mI (7114) KEYPAD: Read status successfully: SO DANG GOI[0m
[0;32mI (7284) wifi:<ba-add>idx:1 (ifx:0, 10:5f:02:75:32:0e), tid:0, ssn:1, winSize:64[0m
[0;32mI (7504) KEYPAD: LED ON[0m
[0;32mI (7504) KEYPAD: MQTT connected[0m
[0;32mI (7894) KEYPAD: MQTT_EVENT_DATA[0m
[0;32mI (7894) KEYPAD: Processing topic: device/list[0m
[1;31mE (7894) KEYPAD: Failed to parse device/list JSON[0m
[0;32mI (7894) KEYPAD: MQTT_EVENT_DATA[0m
[0;32mI (7894) KEYPAD: Processing topic: device/list[0m
[1;31mE (7894) KEYPAD: Failed to parse device/list JSON[0m
Key pressed: 6
Key pressed: 6
Key pressed: C
Key pressed: C
[0;32mI (14984) KEYPAD: Read status successfully: SO DANG GOI[0m
[0;32mI (15194) wifi:bcn_timeout,ap_probe_send_start[0m
Key pressed: C
Key pressed: C
Key pressed: A
Key pressed: D
Key pressed: 9
Key pressed: 9
Key pressed: C
Key pressed: C
Key pressed: D
Key pressed: 9
Key pressed: 9
[0;32mI (24744) wifi:bcn_timeout,ap_probe_send_start[0m
Key pressed: 8
Key pressed: C
Key pressed: 9
Key pressed: #
Key pressed: A
[0;32mI (34314) wifi:bcn_timeout,ap_probe_send_start[0m
