Command: D:\ESP32_IDF\Espressif\python_env\idf5.5_py3.11_env\Scripts\python.exe D:\ESP32_IDF\Espressif\frameworks\esp-idf-v5.5\tools/idf_monitor.py -p COM3 -b 115200 --toolchain-prefix xtensa-esp32-elf- --target esp32 --revision 0 D:\ESP32_IDF\Espressif\frameworks\esp-idf-v5.5\examples\get-started\agribank demo\build\hello_world.elf D:\ESP32_IDF\Espressif\frameworks\esp-idf-v5.5\examples\get-started\agribank demo\build\bootloader\bootloader.elf --force-color -m 'D:\ESP32_IDF\Espressif\python_env\idf5.5_py3.11_env\Scripts\python.exe' 'D:\ESP32_IDF\Espressif\frameworks\esp-idf-v5.5\tools\idf.py' '-p' 'COM3'
34) boot.esp32: SPI Sï¿½ets Jul 29 2019 12:21:46

rst:0x1 (POWERON_RESET),boot:0x13 (SPI_FAST_FLASH_BOOT)
configsip: 0, SPIWP:0xee
clk_drv:0x00,q_drv:0x00,d_drv:0x00,cs0_drv:0x00,hd_drv:0x00,wp_drv:0x00
mode:DIO, clock div:2
load:0x3fff0030,len:6380
ho 0 tail 12 room 4
load:0x40078000,len:15916
load:0x40080400,len:3860
entry 0x40080638
[0;32mI (29) boot: ESP-IDF v5.5-dirty 2nd stage bootloader[0m
[0;32mI (29) boot: compile time Oct 19 2025 19:26:38[0m
[0;32mI (29) boot: Multicore bootloader[0m
[0;32mI (31) boot: chip revision: v3.0[0m
[0;32mI (34) boot.esp32: SPI Speed      : 40MHz[0m
[0;32mI (37) boot.esp32: SPI Mode       : DIO[0m
[0;32mI (41) boot.esp32: SPI Flash Size : 2MB[0m
[0;32mI (45) boot: Enabling RNG early entropy source...[0m
[0;32mI (49) boot: Partition Table:[0m
[0;32mI (52) boot: ## Label            Usage          Type ST Offset   Length[0m
[0;32mI (58) boot:  0 nvs              WiFi data        01 02 00009000 00006000[0m
[0;32mI (65) boot:  1 phy_init         RF data          01 01 0000f000 00001000[0m
[0;32mI (71) boot:  2 factory          factory app      00 00 00010000 00100000[0m
[0;32mI (78) boot: End of partition table[0m
[0;32mI (81) esp_image: segment 0: paddr=00010020 vaddr=3f400020 size=1fa90h (129680) map[0m
[0;32mI (133) esp_image: segment 1: paddr=0002fab8 vaddr=3ff80000 size=00020h (    32) load[0m
[0;32mI (133) esp_image: segment 2: paddr=0002fae0 vaddr=3ffb0000 size=00538h (  1336) load[0m
[0;32mI (137) esp_image: segment 3: paddr=00030020 vaddr=400d0020 size=a44a0h (672928) map[0m
[0;32mI (374) esp_image: segment 4: paddr=000d44c8 vaddr=3ffb0538 size=03a80h ( 14976) load[0m
[0;32mI (380) esp_image: segment 5: paddr=000d7f50 vaddr=40080000 size=192e4h (103140) load[0m
[0;32mI (432) boot: Loaded app from partition at offset 0x10000[0m
[0;32mI (432) boot: Disabling RNG early entropy source...[0m
[0;32mI (443) cpu_start: Multicore app[0m
[0;32mI (451) cpu_start: Pro cpu start user code[0m
[0;32mI (451) cpu_start: cpu freq: 160000000 Hz[0m
[0;32mI (451) app_init: Application information:[0m
[0;32mI (451) app_init: Project name:     hello_world[0m
[0;32mI (456) app_init: App version:      v5.5-dirty[0m
[0;32mI (460) app_init: Compile time:     Oct 20 2025 20:55:32[0m
[0;32mI (465) app_init: ELF file SHA256:  ca5b99e8e...[0m
[0;32mI (469) app_init: ESP-IDF:          v5.5-dirty[0m
[0;32mI (473) efuse_init: Min chip rev:     v0.0[0m
[0;32mI (477) efuse_init: Max chip rev:     v3.99 [0m
[0;32mI (481) efuse_init: Chip rev:         v3.0[0m
[0;32mI (485) heap_init: Initializing. RAM available for dynamic allocation:[0m
[0;32mI (491) heap_init: At 3FFAE6E0 len 00001920 (6 KiB): DRAM[0m
[0;32mI (496) heap_init: At 3FFB87F0 len 00027810 (158 KiB): DRAM[0m
[0;32mI (502) heap_init: At 3FFE0440 len 00003AE0 (14 KiB): D/IRAM[0m
[0;32mI (507) heap_init: At 3FFE4350 len 0001BCB0 (111 KiB): D/IRAM[0m
[0;32mI (512) heap_init: At 400992E4 len 00006D1C (27 KiB): IRAM[0m
[0;32mI (519) spi_flash: detected chip: generic[0m
[0;32mI (521) spi_flash: flash io: dio[0m
[0;33mW (524) spi_flash: Detected size(4096k) larger than the size in the binary image header(2048k). Using the size in the binary image header.[0m
[0;33mW (537) i2c: This driver is an old driver, please migrate your application code to adapt `driver/i2c_master.h`[0m
[0;32mI (547) main_task: Started on CPU0[0m
[0;32mI (557) main_task: Calling app_main()[0m
[0;32mI (557) KEYPAD: I2C initialized successfully[0m
[0;32mI (2147) KEYPAD: Starting keypad MQTT application[0m
[0;32mI (2197) wifi:wifi driver task: 3ffc09f4, prio:23, stack:6656, core=0[0m
[0;32mI (2217) wifi:wifi firmware version: f3dbad7[0m
[0;32mI (2217) wifi:wifi certification version: v7.0[0m
[0;32mI (2217) wifi:config NVS flash: enabled[0m
[0;32mI (2217) wifi:config nano formatting: disabled[0m
[0;32mI (2217) wifi:Init data frame dynamic rx buffer num: 32[0m
[0;32mI (2227) wifi:Init static rx mgmt buffer num: 5[0m
[0;32mI (2227) wifi:Init management short buffer num: 32[0m
[0;32mI (2237) wifi:Init dynamic tx buffer num: 32[0m
[0;32mI (2237) wifi:Init static rx buffer size: 1600[0m
[0;32mI (2237) wifi:Init static rx buffer num: 10[0m
[0;32mI (2247) wifi:Init dynamic rx buffer num: 32[0m
[0;32mI (2247) wifi_init: rx ba win: 6[0m
[0;32mI (2247) wifi_init: accept mbox: 6[0m
[0;32mI (2257) wifi_init: tcpip mbox: 32[0m
[0;32mI (2257) wifi_init: udp mbox: 6[0m
[0;32mI (2257) wifi_init: tcp mbox: 6[0m
[0;32mI (2267) wifi_init: tcp tx win: 5760[0m
[0;32mI (2267) wifi_init: tcp rx win: 5760[0m
[0;32mI (2267) wifi_init: tcp mss: 1440[0m
[0;32mI (2277) wifi_init: WiFi IRAM OP enabled[0m
[0;32mI (2277) wifi_init: WiFi RX IRAM OP enabled[0m
[0;32mI (2367) phy_init: phy_version 4860,6b7a6e5,Feb  6 2025,14:47:07[0m
[0;32mI (2447) wifi:mode : sta (a8:42:e3:4c:7c:bc)[0m
[0;32mI (2447) wifi:enable tsf[0m
[0;32mI (2447) KEYPAD: WiFi initialized[0m
[0;32mI (2447) KEYPAD: WiFi STA started[0m
[0;32mI (2467) KEYPAD: Have a saved wifi network in NVS[0m
[0;33mW (3287) wifi:Password length matches WPA2 standards, authmode threshold changes from OPEN to WPA2[0m
[0;32mI (3337) wifi:flush txq[0m
[0;32mI (3337) wifi:stop sw txq[0m
[0;32mI (3337) wifi:lmac stop hw txq[0m
[0;32mI (3347) wifi:mode : sta (a8:42:e3:4c:7c:bc)[0m
[0;32mI (3347) wifi:enable tsf[0m
[0;32mI (3347) KEYPAD: WiFi STA started[0m
[0;32mI (3627) wifi:new:<11,0>, old:<1,0>, ap:<255,255>, sta:<11,0>, prof:9, snd_ch_cfg:0x0[0m
[0;32mI (3627) wifi:state: init -> auth (0xb0)[0m
[1;31mE (3627) wifi:sta is connecting, return error[0m
[0;32mI (3637) wifi:state: auth -> assoc (0x0)[0m
[0;32mI (3647) wifi:state: assoc -> run (0x10)[0m
[0;32mI (3687) wifi:connected with NamTrung, aid = 16, channel 11, BW20, bssid = 10:5f:02:75:27:1e[0m
[0;32mI (3687) wifi:security: WPA2-PSK, phy: bgn, rssi: -71[0m
[0;32mI (3697) wifi:pm start, type: 1[0m

[0;32mI (3697) wifi:dp: 1, bi: 102400, li: 3, scale listen interval from 307200 us to 307200 us[0m
[0;32mI (3697) KEYPAD: Connected to SSID:NamTrung, channel:11[0m
[0;32mI (3697) KEYPAD: SAVED WIFI CREDENTIALS SUCCESSFULLY[0m
[0;32mI (3717) wifi:AP's beacon interval = 102400 us, DTIM period = 1[0m
[0;32mI (4727) esp_netif_handlers: sta ip: 10.10.1.66, mask: 255.255.252.0, gw: 10.10.1.1[0m
[0;32mI (4727) KEYPAD: WiFi connected, got IP[0m
[0;32mI (4727) KEYPAD: MQTT initialized[0m
[0;32mI (4747) wifi:<ba-add>idx:0 (ifx:0, 10:5f:02:75:27:1e), tid:7, ssn:8, winSize:64[0m
[0;32mI (4777) wifi:<ba-add>idx:1 (ifx:0, 10:5f:02:75:27:1e), tid:0, ssn:1, winSize:64[0m
[0;32mI (4787) KEYPAD: MQTT connected[0m
[0;32mI (4817) KEYPAD: MQTT published, msg_id=18281[0m
[1;31mE (19117) mqtt_client: No PING_RESP, disconnected[0m
[0;32mI (19117) KEYPAD: MQTT disconnected[0m
[0;32mI (26197) wifi:bcn_timeout,ap_probe_send_start[0m
Key pressed: 6
Input: 6
Key pressed: 6
Input: 66
Key pressed: D
Sending number: 66
[0;33mW (28507) KEYPAD: MQTT not connected[0m
GOI UU TIEN
ets Jul 29 2019 12:21:46

rst:0x1 (POWERON_RESET),boot:0x13 (SPI_FAST_FLASH_BOOT)
configsip: 0, SPIWP:0xee
clk_drv:0x00,q_drv:0x00,d_drv:0x00,cs0_drv:0x00,hd_drv:0x00,wp_drv:0x00
mode:DIO, clock div:2
load:0x3fff0030,len:6380
ho 0 tail 12 room 4
load:0x40078000,len:15916
load:0x40080400,len:3860
entry 0x40080638
[0;32mI (29) boot: ESP-IDF v5.5-dirty 2nd stage bootloader[0m
[0;32mI (29) boot: compile time Oct 19 2025 19:26:38[0m
[0;32mI (29) boot: Multicore bootloader[0m
[0;32mI (31) boot: chip revision: v3.0[0m
[0;32mI (34) boot.esp32: SPI Speed      : 40MHz[0m
[0;32mI (37) boot.esp32: SPI Mode       : DIO[0m
[0;32mI (41) boot.esp32: SPI Flash Size : 2MB[0m
[0;32mI (45) boot: Enabling RNG early entropy source...[0m
[0;32mI (49) boot: Partition Table:[0m
[0;32mI (52) boot: ## Label            Usage          Type ST Offset   Length[0m
[0;32mI (58) boot:  0 nvs              WiFi data        01 02 00009000 00006000[0m
[0;32mI (65) boot:  1 phy_init         RF data          01 01 0000f000 00001000[0m
[0;32mI (71) boot:  2 factory          factory app      00 00 00010000 00100000[0m
[0;32mI (78) boot: End of partition table[0m
[0;32mI (81) esp_image: segment 0: paddr=00010020 vaddr=3f400020 size=1fa90h (129680) map[0m
[0;32mI (133) esp_image: segment 1: paddr=0002fab8 vaddr=3ff80000 size=00020h (    32) load[0m
[0;32mI (133) esp_image: segment 2: paddr=0002fae0 vaddr=3ffb0000 size=00538h (  1336) load[0m
[0;32mI (137) esp_image: segment 3: paddr=00030020 vaddr=400d0020 size=a44a0h (672928) map[0m
[0;32mI (374) esp_image: segment 4: paddr=000d44c8 vaddr=3ffb0538 size=03a80h ( 14976) load[0m
[0;32mI (380) esp_image: segment 5: paddr=000d7f50 vaddr=40080000 size=192e4h (103140) load[0m
[0;32mI (432) boot: Loaded app from partition at offset 0x10000[0m
[0;32mI (432) boot: Disabling RNG early entropy source...[0m
[0;32mI (443) cpu_start: Multicore app[0m
[0;32mI (451) cpu_start: Pro cpu start user code[0m
[0;32mI (451) cpu_start: cpu freq: 160000000 Hz[0m
[0;32mI (451) app_init: Application information:[0m
[0;32mI (451) app_init: Project name:     hello_world[0m
[0;32mI (456) app_init: App version:      v5.5-dirty[0m
[0;32mI (460) app_init: Compile time:     Oct 20 2025 20:55:32[0m
[0;32mI (465) app_init: ELF file SHA256:  ca5b99e8e...[0m
[0;32mI (469) app_init: ESP-IDF:          v5.5-dirty[0m
[0;32mI (473) efuse_init: Min chip rev:     v0.0[0m
[0;32mI (477) efuse_init: Max chip rev:     v3.99 [0m
[0;32mI (481) efuse_init: Chip rev:         v3.0[0m
[0;32mI (485) heap_init: Initializing. RAM available for dynamic allocation:[0m
[0;32mI (491) heap_init: At 3FFAE6E0 len 00001920 (6 KiB): DRAM[0m
[0;32mI (496) heap_init: At 3FFB87F0 len 00027810 (158 KiB): DRAM[0m
[0;32mI (502) heap_init: At 3FFE0440 len 00003AE0 (14 KiB): D/IRAM[0m
[0;32mI (507) heap_init: At 3FFE4350 len 0001BCB0 (111 KiB): D/IRAM[0m
[0;32mI (512) heap_init: At 400992E4 len 00006D1C (27 KiB): IRAM[0m
[0;32mI (519) spi_flash: detected chip: generic[0m
[0;32mI (521) spi_flash: flash io: dio[0m
[0;33mW (524) spi_flash: Detected size(4096k) larger than the size in the binary image header(2048k). Using the size in the binary image header.[0m
[0;33mW (537) i2c: This driver is an old driver, please migrate your application code to adapt `driver/i2c_master.h`[0m
[0;32mI (547) main_task: Started on CPU0[0m
[0;32mI (557) main_task: Calling app_main()[0m
[0;32mI (557) KEYPAD: I2C initialized successfully[0m
[0;32mI (2147) KEYPAD: Starting keypad MQTT application[0m
[0;32mI (2197) wifi:wifi driver task: 3ffc09f4, prio:23, stack:6656, core=0[0m
[0;32mI (2217) wifi:wifi firmware version: f3dbad7[0m
[0;32mI (2217) wifi:wifi certification version: v7.0[0m
[0;32mI (2217) wifi:config NVS flash: enabled[0m
[0;32mI (2217) wifi:config nano formatting: disabled[0m
[0;32mI (2217) wifi:Init data frame dynamic rx buffer num: 32[0m
[0;32mI (2227) wifi:Init static rx mgmt buffer num: 5[0m
[0;32mI (2227) wifi:Init management short buffer num: 32[0m
[0;32mI (2237) wifi:Init dynamic tx buffer num: 32[0m
[0;32mI (2237) wifi:Init static rx buffer size: 1600[0m
[0;32mI (2237) wifi:Init static rx buffer num: 10[0m
[0;32mI (2247) wifi:Init dynamic rx buffer num: 32[0m
[0;32mI (2247) wifi_init: rx ba win: 6[0m
[0;32mI (2247) wifi_init: accept mbox: 6[0m
[0;32mI (2257) wifi_init: tcpip mbox: 32[0m
[0;32mI (2257) wifi_init: udp mbox: 6[0m
[0;32mI (2257) wifi_init: tcp mbox: 6[0m
[0;32mI (2267) wifi_init: tcp tx win: 5760[0m
[0;32mI (2267) wifi_init: tcp rx win: 5760[0m
[0;32mI (2267) wifi_init: tcp mss: 1440[0m
[0;32mI (2277) wifi_init: WiFi IRAM OP enabled[0m
[0;32mI (2277) wifi_init: WiFi RX IRAM OP enabled[0m
[0;32mI (2357) phy_init: phy_version 4860,6b7a6e5,Feb  6 2025,14:47:07[0m
[0;32mI (2447) wifi:mode : sta (a8:42:e3:4c:7c:bc)[0m
[0;32mI (2447) wifi:enable tsf[0m
[0;32mI (2447) KEYPAD: WiFi initialized[0m
[0;32mI (2447) KEYPAD: WiFi STA started[0m
[0;32mI (2467) KEYPAD: Have a saved wifi network in NVS[0m
[0;33mW (3287) wifi:Password length matches WPA2 standards, authmode threshold changes from OPEN to WPA2[0m
[0;32mI (3337) wifi:flush txq[0m
[0;32mI (3337) wifi:stop sw txq[0m
[0;32mI (3337) wifi:lmac stop hw txq[0m
[0;32mI (3347) wifi:mode : sta (a8:42:e3:4c:7c:bc)[0m
[0;32mI (3347) wifi:enable tsf[0m
[0;32mI (3347) KEYPAD: WiFi STA started[0m
[0;32mI (3627) wifi:new:<11,0>, old:<1,0>, ap:<255,255>, sta:<11,0>, prof:9, snd_ch_cfg:0x0[0m
[0;32mI (3627) wifi:state: init -> auth (0xb0)[0m
[1;31mE (3627) wifi:sta is connecting, return error[0m
[0;32mI (3637) wifi:state: auth -> assoc (0x0)[0m
[0;32mI (3647) wifi:state: assoc -> run (0x10)[0m
[0;32mI (3677) wifi:connected with NamTrung, aid = 16, channel 11, BW20, bssid = 10:5f:02:75:27:1e[0m
[0;32mI (3677) wifi:security: WPA2-PSK, phy: bgn, rssi: -63[0m
[0;32mI (3687) wifi:pm start, type: 1[0m

[0;32mI (3687) wifi:dp: 1, bi: 102400, li: 3, scale listen interval from 307200 us to 307200 us[0m
[0;32mI (3697) KEYPAD: Connected to SSID:NamTrung, channel:11[0m
[0;32mI (3697) KEYPAD: SAVED WIFI CREDENTIALS SUCCESSFULLY[0m
[0;32mI (3777) wifi:AP's beacon interval = 102400 us, DTIM period = 1[0m
[0;32mI (4717) esp_netif_handlers: sta ip: 10.10.1.66, mask: 255.255.252.0, gw: 10.10.1.1[0m
[0;32mI (4717) KEYPAD: WiFi connected, got IP[0m
[0;32mI (4717) KEYPAD: MQTT initialized[0m
[0;32mI (4747) wifi:<ba-add>idx:0 (ifx:0, 10:5f:02:75:27:1e), tid:7, ssn:8, winSize:64[0m
[0;32mI (4787) wifi:<ba-add>idx:1 (ifx:0, 10:5f:02:75:27:1e), tid:0, ssn:1, winSize:64[0m
[0;32mI (4797) KEYPAD: MQTT connected[0m
[0;32mI (4817) KEYPAD: MQTT published, msg_id=28855[0m
Key pressed: B
GOI SO TIEP THEO
[0;32mI (29287) KEYPAD: MQTT_EVENT_DATA[0m
[0;32mI (29287) KEYPAD: TOPIC=responsenumber[0m
[0;32mI (29287) KEYPAD: DATA={"device_id":"04:1A:2B:3C:4D:04","number":"No number available"}[0m
[1;31mE (45727) mqtt_client: No PING_RESP, disconnected[0m
[0;32mI (45727) KEYPAD: MQTT disconnected[0m
[0;32mI (52007) wifi:bcn_timeout,ap_probe_send_start[0m
[0;32mI (60747) KEYPAD: MQTT connected[0m
[0;32mI (60757) KEYPAD: MQTT published, msg_id=12266[0m
[1;31mE (109577) mqtt_client: No PING_RESP, disconnected[0m
[0;32mI (109577) KEYPAD: MQTT disconnected[0m
[0;32mI (119457) wifi:bcn_timeout,ap_probe_send_start[0m
[0;32mI (124617) KEYPAD: MQTT connected[0m
[0;32mI (124637) KEYPAD: MQTT published, msg_id=22035[0m
Key pressed: A
WiFi Configuration Mode
Key pressed: A
WiFi mode cancelled
Key pressed: A
WiFi Configuration Mode
Key pressed: 3
NHAP TEN WIFI: d
Key pressed: 2
NHAP TEN WIFI: da
Key pressed: D
SSID selected: da
Key pressed: 6
NHAP PASSWORD: m
Key pressed: 5
NHAP PASSWORD: mj
Key pressed: D
Password saved: mj
[0;32mI (134537) wifi:state: run -> init (0x0)[0m
[0;32mI (134557) wifi:pm stop, total sleep time: 90384927 us / 130868057 us[0m

[0;32mI (134557) wifi:<ba-del>idx:1, tid:0[0m
[0;32mI (134557) wifi:<ba-del>idx:0, tid:7[0m
[0;32mI (134557) wifi:new:<11,0>, old:<11,0>, ap:<255,255>, sta:<11,0>, prof:9, snd_ch_cfg:0x0[0m
[0;32mI (134577) KEYPAD: STA disconnected, reason=8[0m
[1;31mE (134577) transport_base: tcp_read error, errno=Software caused connection abort[0m
[1;31mE (134577) mqtt_client: esp_mqtt_handle_transport_read_error: transport_read() error: errno=113[0m
[0;32mI (134587) KEYPAD: MQTT_EVENT_ERROR[0m
[0;32mI (134587) KEYPAD: Last error code reported from esp-tls: 0x0[0m
[0;32mI (134597) KEYPAD: Last tls stack error number: 0x0[0m
[0;32mI (134597) KEYPAD: Last captured errno : 113 (Software caused connection abort)[0m
[1;31mE (134607) mqtt_client: mqtt_process_receive: mqtt_message_receive() returned -2[0m
[0;32mI (134617) KEYPAD: MQTT disconnected[0m
WiFi connecting with SSID: da
[0;32mI (135077) mqtt_client: Client asked to disconnect[0m
Key pressed: 3
Input: 3
Key pressed: 2
Input: 32
Key pressed: D
Sending number: 32
[0;33mW (137737) KEYPAD: MQTT not connected[0m
GOI UU TIEN
[0;33mW (139627) KEYPAD: WiFi connection failed, retry count: 1[0m
[0;32mI (139627) KEYPAD: STA disconnected, reason=201[0m
[0;32mI (140127) mqtt_client: Client asked to disconnect[0m
[0;33mW (140127) mqtt_client: Client asked to stop, but was not started[0m
[0;33mW (140127) KEYPAD: WiFi connection failed, retry count: 2[0m
[1;31mE (140127) wifi:sta is connecting, return error[0m
[0;32mI (142037) KEYPAD: STA disconnected, reason=201[0m
[0;32mI (142537) mqtt_client: Client asked to disconnect[0m
[0;33mW (142537) mqtt_client: Client asked to stop, but was not started[0m
[0;33mW (142537) KEYPAD: WiFi connection failed, retry count: 3[0m
[0;32mI (144947) KEYPAD: STA disconnected, reason=201[0m
[0;32mI (145457) mqtt_client: Client asked to disconnect[0m
[0;33mW (145457) mqtt_client: Client asked to stop, but was not started[0m
[0;33mW (145457) KEYPAD: WiFi connection failed, retry count: 4[0m
Key pressed: 6
Input: 6
Key pressed: 6
Input: 66
Key pressed: 5
Input: 665
[0;32mI (147877) KEYPAD: STA disconnected, reason=201[0m
Key pressed: A
WiFi Configuration Mode
[0;32mI (148377) mqtt_client: Client asked to disconnect[0m
[0;33mW (148377) mqtt_client: Client asked to stop, but was not started[0m
[0;33mW (148377) KEYPAD: WiFi connection failed, retry count: 5[0m
[1;31mE (148377) KEYPAD: WiFi connection failed after 5 retries[0m
Key pressed: A
WiFi mode cancelled
Key pressed: A
WiFi Configuration Mode
Key pressed: A
WiFi mode cancelled
Key pressed: A
WiFi Configuration Mode
Key pressed: 6
NHAP TEN WIFI: m
Key pressed: 5
NHAP TEN WIFI: mj
Key pressed: 9
NHAP TEN WIFI: mjw
Key pressed: D
SSID selected: mjw
Key pressed: 9
NHAP PASSWORD: w
Key pressed: 9
NHAP PASSWORD: x
Key pressed: 9
NHAP PASSWORD: y
Key pressed: D
Password saved: y
WiFi connecting with SSID: mjw
[0;32mI (160017) KEYPAD: STA disconnected, reason=201[0m
[0;32mI (160517) mqtt_client: Client asked to disconnect[0m
[0;33mW (160517) mqtt_client: Client asked to stop, but was not started[0m
[0;33mW (160517) KEYPAD: WiFi connection failed, retry count: 1[0m
[0;32mI (162927) KEYPAD: STA disconnected, reason=201[0m
[0;32mI (163437) mqtt_client: Client asked to disconnect[0m
[0;33mW (163437) mqtt_client: Client asked to stop, but was not started[0m
[0;33mW (163437) KEYPAD: WiFi connection failed, retry count: 2[0m
[0;32mI (165847) KEYPAD: STA disconnected, reason=201[0m
[0;32mI (166357) mqtt_client: Client asked to disconnect[0m
[0;33mW (166357) mqtt_client: Client asked to stop, but was not started[0m
[0;33mW (166357) KEYPAD: WiFi connection failed, retry count: 3[0m
[0;32mI (168767) KEYPAD: STA disconnected, reason=201[0m
[0;32mI (169277) mqtt_client: Client asked to disconnect[0m
[0;33mW (169277) mqtt_client: Client asked to stop, but was not started[0m
[0;33mW (169277) KEYPAD: WiFi connection failed, retry count: 4[0m
[0;32mI (171687) KEYPAD: STA disconnected, reason=201[0m
[0;32mI (172197) mqtt_client: Client asked to disconnect[0m
[0;33mW (172197) mqtt_client: Client asked to stop, but was not started[0m
[0;33mW (172197) KEYPAD: WiFi connection failed, retry count: 5[0m
[1;31mE (172197) KEYPAD: WiFi connection failed after 5 retries[0m
Key pressed: A
WiFi Configuration Mode
Key pressed: 3
NHAP TEN WIFI: d
Key pressed: 6
NHAP TEN WIFI: dm
Key pressed: D
SSID selected: dm
Key pressed: 6
NHAP PASSWORD: m
Key pressed: 6
NHAP PASSWORD: n
Key pressed: 5
NHAP PASSWORD: nj
Key pressed: D
Password saved: nj
WiFi connecting with SSID: dm
[0;32mI (190697) KEYPAD: STA disconnected, reason=201[0m
[0;32mI (191197) mqtt_client: Client asked to disconnect[0m
[0;33mW (191197) mqtt_client: Client asked to stop, but was not started[0m
[0;33mW (191197) KEYPAD: WiFi connection failed, retry count: 1[0m
[0;32mI (193617) KEYPAD: STA disconnected, reason=201[0m
[0;32mI (194117) mqtt_client: Client asked to disconnect[0m
[0;33mW (194117) mqtt_client: Client asked to stop, but was not started[0m
[0;33mW (194117) KEYPAD: WiFi connection failed, retry count: 2[0m
[0;32mI (196527) KEYPAD: STA disconnected, reason=201[0m
[0;32mI (197037) mqtt_client: Client asked to disconnect[0m
[0;33mW (197037) mqtt_client: Client asked to stop, but was not started[0m
[0;33mW (197037) KEYPAD: WiFi connection failed, retry count: 3[0m
[0;32mI (199447) KEYPAD: STA disconnected, reason=201[0m
[0;32mI (199957) mqtt_client: Client asked to disconnect[0m
[0;33mW (199957) mqtt_client: Client asked to stop, but was not started[0m
[0;33mW (199957) KEYPAD: WiFi connection failed, retry count: 4[0m
[0;32mI (202367) KEYPAD: STA disconnected, reason=201[0m
[0;32mI (202877) mqtt_client: Client asked to disconnect[0m
[0;33mW (202877) mqtt_client: Client asked to stop, but was not started[0m
[0;33mW (202877) KEYPAD: WiFi connection failed, retry count: 5[0m
[1;31mE (202877) KEYPAD: WiFi connection failed after 5 retries[0m
