Command: D:\ESP32_IDF\Espressif\python_env\idf5.5_py3.11_env\Scripts\python.exe D:\ESP32_IDF\Espressif\frameworks\esp-idf-v5.5\tools/idf_monitor.py -p COM3 -b 115200 --toolchain-prefix xtensa-esp32-elf- --target esp32 --revision 0 D:\ESP32_IDF\Espressif\frameworks\esp-idf-v5.5\examples\get-started\agribank demo\build\hello_world.elf D:\ESP32_IDF\Espressif\frameworks\esp-idf-v5.5\examples\get-started\agribank demo\build\bootloader\bootloader.elf --force-color -m 'D:\ESP32_IDF\Espressif\python_env\idf5.5_py3.11_env\Scripts\python.exe' 'D:\ESP32_IDF\Espressif\frameworks\esp-idf-v5.5\tools\idf.py' '-p' 'COM3'
RBï¿½ï¿½Jï¿½ï¿½Ñ¹esp32: SPIets Jul 29 2019 12:21:46

rst:0x1 (POWERON_RESET),boot:0x13 (SPI_FAST_FLASH_BOOT)
configsip: 0, SPIWP:0xee
clk_drv:0x00,q_drv:0x00,d_drv:0x00,cs0_drv:0x00,hd_drv:0x00,wp_drv:0x00
mode:DIO, clock div:2
load:0x3fff0030,len:6380
ho 0 tail 12 room 4
load:0x40078000,len:15916
load:0x40080400,len:3860
entry 0x40080638
[0;32mI (29) boot: ESP-IDF v5.5-dirty 2nd stage bootloader[0m
[0;32mI (29) boot: compile time Nov  3 2025 10:07:42[0m
[0;32mI (29) boot: Multicore bootloader[0m
[0;32mI (31) boot: chip revision: v3.0[0m
[0;32mI (34) boot.esp32: SPI Speed      : 40MHz[0m
[0;32mI (37) boot.esp32: SPI Mode       : DIO[0m
[0;32mI (41) boot.esp32: SPI Flash Size : 2MB[0m
[0;32mI (45) boot: Enabling RNG early entropy source...[0m
[0;32mI (49) boot: Partition Table:[0m
[0;32mI (52) boot: ## Label            Usage          Type ST Offset   Length[0m
[0;32mI (58) boot:  0 nvs              WiFi data        01 02 00009000 00006000[0m
[0;32mI (65) boot:  1 phy_init         RF data          01 01 0000f000 00001000[0m
[0;32mI (71) boot:  2 factory          factory app      00 00 00010000 00100000[0m
[0;32mI (78) boot: End of partition table[0m
[0;32mI (81) esp_image: segment 0: paddr=00010020 vaddr=3f400020 size=18f5ch (102236) map[0m
[0;32mI (123) esp_image: segment 1: paddr=00028f84 vaddr=3ff80000 size=00020h (    32) load[0m
[0;32mI (124) esp_image: segment 2: paddr=00028fac vaddr=3ffb0000 size=03ed8h ( 16088) load[0m
[0;32mI (133) esp_image: segment 3: paddr=0002ce8c vaddr=40080000 size=0318ch ( 12684) load[0m
[0;32mI (140) esp_image: segment 4: paddr=00030020 vaddr=400d0020 size=85628h (546344) map[0m
[0;32mI (329) esp_image: segment 5: paddr=000b5650 vaddr=4008318c size=14c88h ( 85128) load[0m
[0;32mI (374) boot: Loaded app from partition at offset 0x10000[0m
[0;32mI (374) boot: Disabling RNG early entropy source...[0m
[0;32mI (384) cpu_start: Multicore app[0m
[0;32mI (393) cpu_start: Pro cpu start user code[0m
[0;32mI (393) cpu_start: cpu freq: 160000000 Hz[0m
[0;32mI (393) app_init: Application information:[0m
[0;32mI (393) app_init: Project name:     hello_world[0m
[0;32mI (397) app_init: App version:      e7264df-dirty[0m
[0;32mI (402) app_init: Compile time:     Nov  3 2025 10:07:16[0m
[0;32mI (407) app_init: ELF file SHA256:  dfcb85179...[0m
[0;32mI (411) app_init: ESP-IDF:          v5.5-dirty[0m
[0;32mI (415) efuse_init: Min chip rev:     v0.0[0m
[0;32mI (419) efuse_init: Max chip rev:     v3.99 [0m
[0;32mI (423) efuse_init: Chip rev:         v3.0[0m
[0;32mI (427) heap_init: Initializing. RAM available for dynamic allocation:[0m
[0;32mI (433) heap_init: At 3FFAE6E0 len 00001920 (6 KiB): DRAM[0m
[0;32mI (438) heap_init: At 3FFB7FC0 len 00028040 (160 KiB): DRAM[0m
[0;32mI (443) heap_init: At 3FFE0440 len 00003AE0 (14 KiB): D/IRAM[0m
[0;32mI (449) heap_init: At 3FFE4350 len 0001BCB0 (111 KiB): D/IRAM[0m
[0;32mI (454) heap_init: At 40097E14 len 000081EC (32 KiB): IRAM[0m
[0;32mI (461) spi_flash: detected chip: generic[0m
[0;32mI (463) spi_flash: flash io: dio[0m
[0;33mW (466) spi_flash: Detected size(4096k) larger than the size in the binary image header(2048k). Using the size in the binary image header.[0m
[0;32mI (479) main_task: Started on CPU0[0m
[0;32mI (489) main_task: Calling app_main()[0m
[0;32mI (519) wifi:wifi driver task: 3ffc0814, prio:23, stack:6656, core=0[0m
[0;32mI (529) wifi:wifi firmware version: f3dbad7[0m
[0;32mI (529) wifi:wifi certification version: v7.0[0m
[0;32mI (529) wifi:config NVS flash: enabled[0m
[0;32mI (529) wifi:config nano formatting: disabled[0m
[0;32mI (529) wifi:Init data frame dynamic rx buffer num: 32[0m
[0;32mI (539) wifi:Init static rx mgmt buffer num: 5[0m
[0;32mI (539) wifi:Init management short buffer num: 32[0m
[0;32mI (549) wifi:Init dynamic tx buffer num: 32[0m
[0;32mI (549) wifi:Init static rx buffer size: 1600[0m
[0;32mI (559) wifi:Init static rx buffer num: 10[0m
[0;32mI (559) wifi:Init dynamic rx buffer num: 32[0m
[0;32mI (559) wifi_init: rx ba win: 6[0m
[0;32mI (569) wifi_init: accept mbox: 6[0m
[0;32mI (569) wifi_init: tcpip mbox: 32[0m
[0;32mI (569) wifi_init: udp mbox: 6[0m
[0;32mI (569) wifi_init: tcp mbox: 6[0m
[0;32mI (579) wifi_init: tcp tx win: 5760[0m
[0;32mI (579) wifi_init: tcp rx win: 5760[0m
[0;32mI (579) wifi_init: tcp mss: 1440[0m
[0;32mI (589) wifi_init: WiFi IRAM OP enabled[0m
[0;32mI (589) wifi_init: WiFi RX IRAM OP enabled[0m
[0;32mI (639) wifi:Set ps type: 0, coexist: 0[0m

[0;32mI (639) phy_init: phy_version 4860,6b7a6e5,Feb  6 2025,14:47:07[0m
[0;32mI (729) wifi:mode : sta (a8:42:e3:4c:7c:bc)[0m
[0;32mI (729) wifi:enable tsf[0m
[0;32mI (729) WIFI_STA: WiFi initialization finished.[0m
[0;32mI (1069) wifi:new:<1,0>, old:<1,0>, ap:<255,255>, sta:<1,0>, prof:1, snd_ch_cfg:0x0[0m
[0;32mI (1069) wifi:state: init -> auth (0xb0)[0m
[0;32mI (2079) wifi:state: auth -> init (0x200)[0m
[0;32mI (2089) wifi:new:<1,0>, old:<1,0>, ap:<255,255>, sta:<1,0>, prof:1, snd_ch_cfg:0x0[0m
[0;33mW (2089) WIFI_STA: Retrying to connect to the AP...[0m
[0;33mW (2089) WIFI_STA: Connect to the AP fail[0m
[0;32mI (2729) wifi:new:<6,0>, old:<1,0>, ap:<255,255>, sta:<6,0>, prof:1, snd_ch_cfg:0x0[0m
[0;32mI (2729) wifi:state: init -> auth (0xb0)[0m
[0;32mI (2789) wifi:state: auth -> assoc (0x0)[0m
[0;32mI (3789) wifi:state: assoc -> init (0x400)[0m
[0;32mI (3809) wifi:new:<6,0>, old:<6,0>, ap:<255,255>, sta:<6,0>, prof:1, snd_ch_cfg:0x0[0m
[0;33mW (3809) WIFI_STA: Retrying to connect to the AP...[0m
[0;33mW (3809) WIFI_STA: Connect to the AP fail[0m
[0;32mI (3889) wifi:new:<6,0>, old:<6,0>, ap:<255,255>, sta:<6,0>, prof:1, snd_ch_cfg:0x0[0m
[0;32mI (3889) wifi:state: init -> auth (0xb0)[0m
[0;32mI (3899) wifi:state: auth -> init (0x1100)[0m
[0;32mI (3899) wifi:new:<6,0>, old:<6,0>, ap:<255,255>, sta:<6,0>, prof:1, snd_ch_cfg:0x0[0m
[0;33mW (3909) WIFI_STA: Retrying to connect to the AP...[0m
[0;33mW (3909) WIFI_STA: Connect to the AP fail[0m
[0;32mI (5129) wifi:new:<11,0>, old:<6,0>, ap:<255,255>, sta:<11,0>, prof:1, snd_ch_cfg:0x0[0m
[0;32mI (5129) wifi:state: init -> auth (0xb0)[0m
[0;32mI (6139) wifi:state: auth -> init (0x200)[0m
[0;32mI (6149) wifi:new:<11,0>, old:<11,0>, ap:<255,255>, sta:<11,0>, prof:1, snd_ch_cfg:0x0[0m
[0;33mW (6149) WIFI_STA: Retrying to connect to the AP...[0m
[0;33mW (6149) WIFI_STA: Connect to the AP fail[0m
[0;32mI (6229) wifi:new:<11,0>, old:<11,0>, ap:<255,255>, sta:<11,0>, prof:1, snd_ch_cfg:0x0[0m
[0;32mI (6229) wifi:state: init -> auth (0xb0)[0m
[0;32mI (6239) wifi:state: auth -> assoc (0x0)[0m
[0;32mI (7239) wifi:state: assoc -> init (0x400)[0m
[0;32mI (7249) wifi:new:<11,0>, old:<11,0>, ap:<255,255>, sta:<11,0>, prof:1, snd_ch_cfg:0x0[0m
[0;33mW (7249) WIFI_STA: Retrying to connect to the AP...[0m
[0;33mW (7249) WIFI_STA: Connect to the AP fail[0m
[0;33mW (9659) WIFI_STA: Connect to the AP fail[0m
[1;31mE (9659) WIFI_STA: Failed to connect to SSID:NamTrung[0m
[0;32mI (9659) main_task: Returned from app_main()[0m
