Command: D:\ESP32_IDF\Espressif\python_env\idf5.5_py3.11_env\Scripts\python.exe D:\ESP32_IDF\Espressif\frameworks\esp-idf-v5.5\tools/idf_monitor.py -p COM3 -b 115200 --toolchain-prefix xtensa-esp32-elf- --target esp32 --revision 0 D:\ESP32_IDF\Espressif\frameworks\esp-idf-v5.5\examples\get-started\agribank demo\build\hello_world.elf D:\ESP32_IDF\Espressif\frameworks\esp-idf-v5.5\examples\get-started\agribank demo\build\bootloader\bootloader.elf --force-color -m 'D:\ESP32_IDF\Espressif\python_env\idf5.5_py3.11_env\Scripts\python.exe' 'D:\ESP32_IDF\Espressif\frameworks\esp-idf-v5.5\tools\idf.py' '-p' 'COM3'
ï¿½4) boot.esp32: SPI Speed   ï¿½ets Jul 29 2019 12:21:46

rst:0x1 (POWERON_RESET),boot:0x13 (SPI_FAST_FLASH_BOOT)
configsip: 0, SPIWP:0xee
clk_drv:0x00,q_drv:0x00,d_drv:0x00,cs0_drv:0x00,hd_drv:0x00,wp_drv:0x00
mode:DIO, clock div:2
load:0x3fff0030,len:6380
ho 0 tail 12 room 4
load:0x40078000,len:15916
load:0x40080400,len:3860
entry 0x40080638
[0;32mI (29) boot: ESP-IDF v5.5-dirty 2nd stage bootloader[0m
[0;32mI (29) boot: compile time Oct 19 2025 19:26:38[0m
[0;32mI (29) boot: Multicore bootloader[0m
[0;32mI (31) boot: chip revision: v3.0[0m
[0;32mI (34) boot.esp32: SPI Speed      : 40MHz[0m
[0;32mI (37) boot.esp32: SPI Mode       : DIO[0m
[0;32mI (41) boot.esp32: SPI Flash Size : 2MB[0m
[0;32mI (45) boot: Enabling RNG early entropy source...[0m
[0;32mI (49) boot: Partition Table:[0m
[0;32mI (52) boot: ## Label            Usage          Type ST Offset   Length[0m
[0;32mI (58) boot:  0 nvs              WiFi data        01 02 00009000 00006000[0m
[0;32mI (65) boot:  1 phy_init         RF data          01 01 0000f000 00001000[0m
[0;32mI (71) boot:  2 factory          factory app      00 00 00010000 00100000[0m
[0;32mI (78) boot: End of partition table[0m
[0;32mI (81) esp_image: segment 0: paddr=00010020 vaddr=3f400020 size=1f8e0h (129248) map[0m
[0;32mI (133) esp_image: segment 1: paddr=0002f908 vaddr=3ff80000 size=00020h (    32) load[0m
[0;32mI (133) esp_image: segment 2: paddr=0002f930 vaddr=3ffb0000 size=006e8h (  1768) load[0m
[0;32mI (137) esp_image: segment 3: paddr=00030020 vaddr=400d0020 size=a4b10h (674576) map[0m
[0;32mI (374) esp_image: segment 4: paddr=000d4b38 vaddr=3ffb06e8 size=038d0h ( 14544) load[0m
[0;32mI (380) esp_image: segment 5: paddr=000d8410 vaddr=40080000 size=19420h (103456) load[0m
[0;32mI (433) boot: Loaded app from partition at offset 0x10000[0m
[0;32mI (433) boot: Disabling RNG early entropy source...[0m
[0;32mI (443) cpu_start: Multicore app[0m
[0;32mI (452) cpu_start: Pro cpu start user code[0m
[0;32mI (452) cpu_start: cpu freq: 160000000 Hz[0m
[0;32mI (452) app_init: Application information:[0m
[0;32mI (452) app_init: Project name:     hello_world[0m
[0;32mI (456) app_init: App version:      v5.5-dirty[0m
[0;32mI (460) app_init: Compile time:     Oct 20 2025 20:55:32[0m
[0;32mI (465) app_init: ELF file SHA256:  a78fa7126...[0m
[0;32mI (470) app_init: ESP-IDF:          v5.5-dirty[0m
[0;32mI (474) efuse_init: Min chip rev:     v0.0[0m
[0;32mI (477) efuse_init: Max chip rev:     v3.99 [0m
[0;32mI (481) efuse_init: Chip rev:         v3.0[0m
[0;32mI (486) heap_init: Initializing. RAM available for dynamic allocation:[0m
[0;32mI (492) heap_init: At 3FFAE6E0 len 00001920 (6 KiB): DRAM[0m
[0;32mI (497) heap_init: At 3FFB87A8 len 00027858 (158 KiB): DRAM[0m
[0;32mI (502) heap_init: At 3FFE0440 len 00003AE0 (14 KiB): D/IRAM[0m
[0;32mI (507) heap_init: At 3FFE4350 len 0001BCB0 (111 KiB): D/IRAM[0m
[0;32mI (513) heap_init: At 40099420 len 00006BE0 (26 KiB): IRAM[0m
[0;32mI (520) spi_flash: detected chip: generic[0m
[0;32mI (522) spi_flash: flash io: dio[0m
[0;33mW (525) spi_flash: Detected size(4096k) larger than the size in the binary image header(2048k). Using the size in the binary image header.[0m
[0;33mW (537) i2c: This driver is an old driver, please migrate your application code to adapt `driver/i2c_master.h`[0m
[0;32mI (547) main_task: Started on CPU0[0m
[0;32mI (557) main_task: Calling app_main()[0m
[1;31mE (557) i2c: i2c_master_cmd_begin(1552): i2c driver not installed[0m
[0;32mI (557) DEMO: Error in sending command[0m
[0;32mI (567) KEYPAD: LED initialized on GPIO 2[0m
[0;32mI (567) KEYPAD: LED OFF[0m
[0;32mI (567) KEYPAD: I2C initialized successfully[0m
[0;32mI (2157) KEYPAD: Starting keypad MQTT application[0m
[0;32mI (2207) wifi:wifi driver task: 3ffc0a24, prio:23, stack:6656, core=0[0m
[0;32mI (2227) wifi:wifi firmware version: f3dbad7[0m
[0;32mI (2227) wifi:wifi certification version: v7.0[0m
[0;32mI (2227) wifi:config NVS flash: enabled[0m
[0;32mI (2227) wifi:config nano formatting: disabled[0m
[0;32mI (2227) wifi:Init data frame dynamic rx buffer num: 32[0m
[0;32mI (2237) wifi:Init static rx mgmt buffer num: 5[0m
[0;32mI (2237) wifi:Init management short buffer num: 32[0m
[0;32mI (2247) wifi:Init dynamic tx buffer num: 32[0m
[0;32mI (2247) wifi:Init static rx buffer size: 1600[0m
[0;32mI (2247) wifi:Init static rx buffer num: 10[0m
[0;32mI (2257) wifi:Init dynamic rx buffer num: 32[0m
[0;32mI (2257) wifi_init: rx ba win: 6[0m
[0;32mI (2257) wifi_init: accept mbox: 6[0m
[0;32mI (2267) wifi_init: tcpip mbox: 32[0m
[0;32mI (2267) wifi_init: udp mbox: 6[0m
[0;32mI (2267) wifi_init: tcp mbox: 6[0m
[0;32mI (2277) wifi_init: tcp tx win: 5760[0m
[0;32mI (2277) wifi_init: tcp rx win: 5760[0m
[0;32mI (2277) wifi_init: tcp mss: 1440[0m
[0;32mI (2287) wifi_init: WiFi IRAM OP enabled[0m
[0;32mI (2287) wifi_init: WiFi RX IRAM OP enabled[0m
[0;32mI (2377) phy_init: phy_version 4860,6b7a6e5,Feb  6 2025,14:47:07[0m
[0;32mI (2457) wifi:mode : sta (a8:42:e3:4c:7c:bc)[0m
[0;32mI (2467) wifi:enable tsf[0m
[0;32mI (2467) KEYPAD: WiFi initialized[0m
[0;32mI (2467) KEYPAD: WiFi STA started[0m
[1;31mE (2467) task_wdt: esp_task_wdt_reset(707): task not found[0m
[0;32mI (2467) KEYPAD: Have a saved wifi network in NVS: NamTrung[0m
[0;32mI (2527) wifi:flush txq[0m
[0;32mI (2527) wifi:stop sw txq[0m
[0;32mI (2527) wifi:lmac stop hw txq[0m
[0;32mI (2537) wifi:mode : sta (a8:42:e3:4c:7c:bc)[0m
[0;32mI (2537) wifi:enable tsf[0m
[0;32mI (2537) KEYPAD: WiFi STA started[0m
[1;31mE (2537) wifi:sta is connecting, return error[0m
[0;32mI (2667) wifi:new:<1,0>, old:<1,0>, ap:<255,255>, sta:<1,0>, prof:9, snd_ch_cfg:0x0[0m
[0;32mI (2677) wifi:state: init -> auth (0xb0)[0m
[0;32mI (3677) wifi:state: auth -> init (0x200)[0m
[0;32mI (3687) wifi:new:<1,0>, old:<1,0>, ap:<255,255>, sta:<1,0>, prof:9, snd_ch_cfg:0x0[0m
[0;32mI (3687) KEYPAD: STA disconnected, reason=2[0m
[0;32mI (4307) wifi:new:<6,0>, old:<1,0>, ap:<255,255>, sta:<6,0>, prof:9, snd_ch_cfg:0x0[0m
[0;32mI (4307) wifi:state: init -> auth (0xb0)[0m
[0;32mI (4327) wifi:state: auth -> assoc (0x0)[0m
[0;32mI (4337) wifi:state: assoc -> run (0x10)[0m
[0;32mI (4367) wifi:connected with NamTrung, aid = 24, channel 6, BW20, bssid = 10:5f:02:75:1e:9a[0m
[0;32mI (4377) wifi:security: WPA2-PSK, phy: bgn, rssi: -61[0m
[0;32mI (4387) wifi:pm start, type: 1[0m

[0;32mI (4387) wifi:dp: 1, bi: 102400, li: 3, scale listen interval from 307200 us to 307200 us[0m
[0;32mI (4387) KEYPAD: Connected to SSID:NamTrung, channel:6[0m
[0;32mI (4387) wifi:AP's beacon interval = 102400 us, DTIM period = 1[0m
[0;32mI (5427) esp_netif_handlers: sta ip: 10.10.1.18, mask: 255.255.252.0, gw: 10.10.1.1[0m
[0;32mI (5427) KEYPAD: WiFi connected, got IP[0m
[0;32mI (6447) KEYPAD: MQTT initialized[0m
[0;32mI (6457) wifi:<ba-add>idx:0 (ifx:0, 10:5f:02:75:1e:9a), tid:7, ssn:11, winSize:64[0m
[0;32mI (6477) wifi:<ba-add>idx:1 (ifx:0, 10:5f:02:75:1e:9a), tid:0, ssn:1, winSize:64[0m
[0;32mI (6507) KEYPAD: Read status successfully: SO DANG GOI[0m
[0;32mI (6537) KEYPAD: LED ON[0m
[0;32mI (6537) KEYPAD: MQTT connected[0m
Key pressed: A
Key pressed: 2
[0;32mI (14197) wifi:bcn_timeout,ap_probe_send_start[0m
Key pressed: 1
Key pressed: 2
Key pressed: 1
Key pressed: D
[0;32mI (23217) wifi:bcn_timeout,ap_probe_send_start[0m
Key pressed: 6
Key pressed: C
Key pressed: #
Key pressed: *
Key pressed: 6
Key pressed: 6
Key pressed: *
Key pressed: 2
Key pressed: 6
Key pressed: *
Key pressed: 8
Key pressed: *
Key pressed: 7
[0;32mI (32247) wifi:bcn_timeout,ap_probe_send_start[0m
Key pressed: 7
Key pressed: 7
Key pressed: 8
Key pressed: 8
Key pressed: 6
Key pressed: 6
Key pressed: 4
Key pressed: D
[0;32mI (34757) wifi:ap_probe_send over, reset wifi status to disassoc[0m
[0;32mI (34757) wifi:state: run -> init (0xc800)[0m
[0;32mI (34767) wifi:pm stop, total sleep time: 19798171 us / 30378911 us[0m

[0;32mI (34767) wifi:<ba-del>idx:1, tid:0[0m
[0;32mI (34767) wifi:<ba-del>idx:0, tid:7[0m
[0;32mI (34767) wifi:new:<6,0>, old:<6,0>, ap:<255,255>, sta:<6,0>, prof:9, snd_ch_cfg:0x0[0m
[0;32mI (34777) KEYPAD: STA disconnected, reason=200[0m
[0;32mI (34777) mqtt_client: Client asked to disconnect[0m
[1;31mE (34777) transport_base: tcp_read error, errno=Software caused connection abort[0m
[1;31mE (34787) mqtt_client: esp_mqtt_handle_transport_read_error: transport_read() error: errno=113[0m
[0;32mI (34797) KEYPAD: MQTT_EVENT_ERROR[0m
[0;32mI (34807) KEYPAD: LED OFF[0m
[1;31mE (34807) mqtt_client: mqtt_process_receive: mqtt_message_receive() returned -2[0m
[0;32mI (34817) KEYPAD: MQTT disconnected[0m
[0;32mI (34817) KEYPAD: LED OFF[0m
[0;32mI (34897) wifi:new:<6,0>, old:<6,0>, ap:<255,255>, sta:<6,0>, prof:9, snd_ch_cfg:0x0[0m
[0;32mI (34897) wifi:state: init -> auth (0xb0)[0m
Key pressed: 6
Key pressed: 6
[0;32mI (35907) wifi:state: auth -> init (0x200)[0m
[0;32mI (35917) wifi:new:<6,0>, old:<6,0>, ap:<255,255>, sta:<6,0>, prof:9, snd_ch_cfg:0x0[0m
[0;32mI (35917) KEYPAD: STA disconnected, reason=2[0m
[0;32mI (35917) mqtt_client: Client asked to disconnect[0m
[0;33mW (35917) mqtt_client: Client asked to stop, but was not started[0m
[0;32mI (35937) wifi:new:<6,0>, old:<6,0>, ap:<255,255>, sta:<6,0>, prof:9, snd_ch_cfg:0x0[0m
[0;32mI (35937) wifi:state: init -> auth (0xb0)[0m
[0;32mI (36947) wifi:state: auth -> init (0x200)[0m
[0;32mI (36957) wifi:new:<6,0>, old:<6,0>, ap:<255,255>, sta:<6,0>, prof:9, snd_ch_cfg:0x0[0m
[0;32mI (36957) KEYPAD: STA disconnected, reason=2[0m
[0;32mI (36957) mqtt_client: Client asked to disconnect[0m
[0;33mW (36957) mqtt_client: Client asked to stop, but was not started[0m
[0;32mI (37177) wifi:new:<1,0>, old:<6,0>, ap:<255,255>, sta:<1,0>, prof:9, snd_ch_cfg:0x0[0m
[0;32mI (37177) wifi:state: init -> auth (0xb0)[0m
Key pressed: 8
Key pressed: 8
[0;32mI (38187) wifi:state: auth -> init (0x200)[0m
[0;32mI (38197) wifi:new:<1,0>, old:<1,0>, ap:<255,255>, sta:<1,0>, prof:9, snd_ch_cfg:0x0[0m
[0;32mI (38197) KEYPAD: STA disconnected, reason=2[0m
[0;32mI (38197) mqtt_client: Client asked to disconnect[0m
[0;33mW (38197) mqtt_client: Client asked to stop, but was not started[0m
[0;32mI (39477) wifi:new:<11,0>, old:<1,0>, ap:<255,255>, sta:<11,0>, prof:9, snd_ch_cfg:0x0[0m
[0;32mI (39477) wifi:state: init -> auth (0xb0)[0m
[0;32mI (39487) wifi:state: auth -> init (0x1100)[0m
[0;32mI (39487) wifi:new:<11,0>, old:<11,0>, ap:<255,255>, sta:<11,0>, prof:9, snd_ch_cfg:0x0[0m
[0;32mI (39497) KEYPAD: STA disconnected, reason=202[0m
[0;32mI (39497) mqtt_client: Client asked to disconnect[0m
[0;33mW (39497) mqtt_client: Client asked to stop, but was not started[0m
[1;31mE (39507) KEYPAD: Saved WiFi connection failed after 5 retries[0m
ets Jul 29 2019 12:21:46

rst:0x1 (POWERON_RESET),boot:0x13 (SPI_FAST_FLASH_BOOT)
configsip: 0, SPIWP:0xee
clk_drv:0x00,q_drv:0x00,d_drv:0x00,cs0_drv:0x00,hd_drv:0x00,wp_drv:0x00
mode:DIO, clock div:2
load:0x3fff0030,len:6380
ho 0 tail 12 room 4
load:0x40078000,len:15916
load:0x40080400,len:3860
entry 0x40080638
[0;32mI (29) boot: ESP-IDF v5.5-dirty 2nd stage bootloader[0m
[0;32mI (29) boot: compile time Oct 19 2025 19:26:38[0m
[0;32mI (29) boot: Multicore bootloader[0m
[0;32mI (31) boot: chip revision: v3.0[0m
[0;32mI (34) boot.esp32: SPI Speed      : 40MHz[0m
[0;32mI (37) boot.esp32: SPI Mode       : DIO[0m
[0;32mI (41) boot.esp32: SPI Flash Size : 2MB[0m
[0;32mI (45) boot: Enabling RNG early entropy source...[0m
[0;32mI (49) boot: Partition Table:[0m
[0;32mI (52) boot: ## Label            Usage          Type ST Offset   Length[0m
[0;32mI (58) boot:  0 nvs              WiFi data        01 02 00009000 00006000[0m
[0;32mI (65) boot:  1 phy_init         RF data          01 01 0000f000 00001000[0m
[0;32mI (71) boot:  2 factory          factory app      00 00 00010000 00100000[0m
[0;32mI (78) boot: End of partition table[0m
[0;32mI (81) esp_image: segment 0: paddr=00010020 vaddr=3f400020 size=1f8e0h (129248) map[0m
[0;32mI (133) esp_image: segment 1: paddr=0002f908 vaddr=3ff80000 size=00020h (    32) load[0m
[0;32mI (133) esp_image: segment 2: paddr=0002f930 vaddr=3ffb0000 size=006e8h (  1768) load[0m
[0;32mI (137) esp_image: segment 3: paddr=00030020 vaddr=400d0020 size=a4b10h (674576) map[0m
[0;32mI (374) esp_image: segment 4: paddr=000d4b38 vaddr=3ffb06e8 size=038d0h ( 14544) load[0m
[0;32mI (380) esp_image: segment 5: paddr=000d8410 vaddr=40080000 size=19420h (103456) load[0m
[0;32mI (433) boot: Loaded app from partition at offset 0x10000[0m
[0;32mI (433) boot: Disabling RNG early entropy source...[0m
[0;32mI (443) cpu_start: Multicore app[0m
[0;32mI (452) cpu_start: Pro cpu start user code[0m
[0;32mI (452) cpu_start: cpu freq: 160000000 Hz[0m
[0;32mI (452) app_init: Application information:[0m
[0;32mI (452) app_init: Project name:     hello_world[0m
[0;32mI (456) app_init: App version:      v5.5-dirty[0m
[0;32mI (460) app_init: Compile time:     Oct 20 2025 20:55:32[0m
[0;32mI (465) app_init: ELF file SHA256:  a78fa7126...[0m
[0;32mI (470) app_init: ESP-IDF:          v5.5-dirty[0m
[0;32mI (474) efuse_init: Min chip rev:     v0.0[0m
[0;32mI (477) efuse_init: Max chip rev:     v3.99 [0m
[0;32mI (481) efuse_init: Chip rev:         v3.0[0m
[0;32mI (486) heap_init: Initializing. RAM available for dynamic allocation:[0m
[0;32mI (492) heap_init: At 3FFAE6E0 len 00001920 (6 KiB): DRAM[0m
[0;32mI (497) heap_init: At 3FFB87A8 len 00027858 (158 KiB): DRAM[0m
[0;32mI (502) heap_init: At 3FFE0440 len 00003AE0 (14 KiB): D/IRAM[0m
[0;32mI (507) heap_init: At 3FFE4350 len 0001BCB0 (111 KiB): D/IRAM[0m
[0;32mI (513) heap_init: At 40099420 len 00006BE0 (26 KiB): IRAM[0m
[0;32mI (520) spi_flash: detected chip: generic[0m
[0;32mI (522) spi_flash: flash io: dio[0m
[0;33mW (525) spi_flash: Detected size(4096k) larger than the size in the binary image header(2048k). Using the size in the binary image header.[0m
[0;33mW (537) i2c: This driver is an old driver, please migrate your application code to adapt `driver/i2c_master.h`[0m
[0;32mI (547) main_task: Started on CPU0[0m
[0;32mI (557) main_task: Calling app_main()[0m
[1;31mE (557) i2c: i2c_master_cmd_begin(1552): i2c driver not installed[0m
[0;32mI (557) DEMO: Error in sending command[0m
[0;32mI (567) KEYPAD: LED initialized on GPIO 2[0m
[0;32mI (567) KEYPAD: LED OFF[0m
[0;32mI (567) KEYPAD: I2C initialized successfully[0m
[0;32mI (2157) KEYPAD: Starting keypad MQTT application[0m
[0;32mI (2207) wifi:wifi driver task: 3ffc0aa8, prio:23, stack:6656, core=0[0m
[0;32mI (2227) wifi:wifi firmware version: f3dbad7[0m
[0;32mI (2227) wifi:wifi certification version: v7.0[0m
[0;32mI (2227) wifi:config NVS flash: enabled[0m
[0;32mI (2227) wifi:config nano formatting: disabled[0m
[0;32mI (2227) wifi:Init data frame dynamic rx buffer num: 32[0m
[0;32mI (2237) wifi:Init static rx mgmt buffer num: 5[0m
[0;32mI (2237) wifi:Init management short buffer num: 32[0m
[0;32mI (2247) wifi:Init dynamic tx buffer num: 32[0m
[0;32mI (2247) wifi:Init static rx buffer size: 1600[0m
[0;32mI (2247) wifi:Init static rx buffer num: 10[0m
[0;32mI (2257) wifi:Init dynamic rx buffer num: 32[0m
[0;32mI (2257) wifi_init: rx ba win: 6[0m
[0;32mI (2257) wifi_init: accept mbox: 6[0m
[0;32mI (2267) wifi_init: tcpip mbox: 32[0m
[0;32mI (2267) wifi_init: udp mbox: 6[0m
[0;32mI (2267) wifi_init: tcp mbox: 6[0m
[0;32mI (2277) wifi_init: tcp tx win: 5760[0m
[0;32mI (2277) wifi_init: tcp rx win: 5760[0m
[0;32mI (2277) wifi_init: tcp mss: 1440[0m
[0;32mI (2287) wifi_init: WiFi IRAM OP enabled[0m
[0;32mI (2287) wifi_init: WiFi RX IRAM OP enabled[0m
[0;32mI (2347) phy_init: phy_version 4860,6b7a6e5,Feb  6 2025,14:47:07[0m
[0;32mI (2437) wifi:mode : sta (a8:42:e3:4c:7c:bc)[0m
[0;32mI (2437) wifi:enable tsf[0m
[0;32mI (2437) KEYPAD: WiFi initialized[0m
[0;32mI (2437) KEYPAD: WiFi STA started[0m
[1;31mE (2437) task_wdt: esp_task_wdt_reset(707): task not found[0m
[0;32mI (2437) KEYPAD: Have a saved wifi network in NVS: NamTrung[0m
[0;32mI (2497) wifi:flush txq[0m
[0;32mI (2497) wifi:stop sw txq[0m
[0;32mI (2497) wifi:lmac stop hw txq[0m
[0;32mI (2507) wifi:mode : sta (a8:42:e3:4c:7c:bc)[0m
[0;32mI (2507) wifi:enable tsf[0m
[0;32mI (2507) KEYPAD: WiFi STA started[0m
[1;31mE (2507) wifi:sta is connecting, return error[0m
[0;32mI (3127) wifi:new:<6,0>, old:<1,0>, ap:<255,255>, sta:<6,0>, prof:9, snd_ch_cfg:0x0[0m
[0;32mI (3127) wifi:state: init -> auth (0xb0)[0m
[0;32mI (3137) wifi:state: auth -> assoc (0x0)[0m
[0;32mI (3147) wifi:state: assoc -> run (0x10)[0m
[0;32mI (3177) wifi:connected with NamTrung, aid = 24, channel 6, BW20, bssid = 10:5f:02:75:1e:9a[0m
[0;32mI (3187) wifi:security: WPA2-PSK, phy: bgn, rssi: -61[0m
[0;32mI (3197) wifi:pm start, type: 1[0m

[0;32mI (3197) wifi:dp: 1, bi: 102400, li: 3, scale listen interval from 307200 us to 307200 us[0m
[0;32mI (3197) KEYPAD: Connected to SSID:NamTrung, channel:6[0m
[0;32mI (3267) wifi:AP's beacon interval = 102400 us, DTIM period = 1[0m
[0;32mI (4207) wifi:<ba-add>idx:0 (ifx:0, 10:5f:02:75:1e:9a), tid:7, ssn:8, winSize:64[0m
[0;32mI (4247) esp_netif_handlers: sta ip: 10.10.1.18, mask: 255.255.252.0, gw: 10.10.1.1[0m
[0;32mI (4247) KEYPAD: WiFi connected, got IP[0m
[0;32mI (5277) KEYPAD: MQTT initialized[0m
[0;32mI (5327) KEYPAD: Read status successfully: SO DANG GOI[0m
[0;32mI (5347) wifi:<ba-add>idx:1 (ifx:0, 10:5f:02:75:1e:9a), tid:0, ssn:1, winSize:64[0m
[0;32mI (5367) KEYPAD: LED ON[0m
[0;32mI (5367) KEYPAD: MQTT connected[0m
Key pressed: A
[0;32mI (13197) wifi:bcn_timeout,ap_probe_send_start[0m
Key pressed: D
Key pressed: D
Key pressed: A
Key pressed: A
Key pressed: D
[0;32mI (22227) wifi:bcn_timeout,ap_probe_send_start[0m
Key pressed: *
Key pressed: 6
Key pressed: 6
Key pressed: *
Key pressed: 2
Key pressed: 6
Key pressed: *
Key pressed: 8
Key pressed: *
Key pressed: 7
Key pressed: 7
Key pressed: 7
Key pressed: 8
Key pressed: 8
Key pressed: 6
Key pressed: 6
Key pressed: 4
[0;32mI (31237) wifi:bcn_timeout,ap_probe_send_start[0m
Key pressed: D
Key pressed: 6
Key pressed: 6
Key pressed: 8
Key pressed: 1
Key pressed: 1
Key pressed: 1
Key pressed: 1
Key pressed: 1
Key pressed: 1
Key pressed: 1
Key pressed: 1
Key pressed: 1
Key pressed: 1
Key pressed: C
Key pressed: 1
Key pressed: 1
Key pressed: 1
Key pressed: 1
Key pressed: 1
Key pressed: 1
Key pressed: 1
Key pressed: 4
Key pressed: 4
Key pressed: 4
Key pressed: 4
Key pressed: 0
Key pressed: 0
Key pressed: 9
Key pressed: 9
[0;32mI (45067) wifi:bcn_timeout,ap_probe_send_start[0m
Key pressed: 9
Key pressed: 9
Key pressed: 9
Key pressed: 2
Key pressed: 2
Key pressed: 2
Key pressed: 2
Key pressed: 0
Key pressed: 0
Key pressed: 0
Key pressed: #
Key pressed: #
Key pressed: 0
Key pressed: 0
Key pressed: 1
Key pressed: 1
Key pressed: 1
Key pressed: 1
Key pressed: 1
Key pressed: 1
Key pressed: 1
[0;32mI (54087) wifi:bcn_timeout,ap_probe_send_start[0m
Key pressed: 1
Key pressed: 1
Key pressed: 1
Key pressed: 1
Key pressed: 1
Key pressed: 1
Key pressed: 1
Key pressed: D
[0;32mI (57927) wifi:state: run -> init (0x0)[0m
[0;32mI (57937) wifi:pm stop, total sleep time: 36851659 us / 54737973 us[0m

[0;32mI (57937) wifi:<ba-del>idx:1, tid:0[0m
[0;32mI (57937) wifi:<ba-del>idx:0, tid:7[0m
[0;32mI (57937) wifi:new:<6,0>, old:<6,0>, ap:<255,255>, sta:<6,0>, prof:9, snd_ch_cfg:0x0[0m
[0;32mI (57947) KEYPAD: STA disconnected, reason=8[0m
[0;32mI (57947) mqtt_client: Client asked to disconnect[0m
[0;32mI (57957) wifi:new:<6,0>, old:<6,0>, ap:<255,255>, sta:<6,0>, prof:9, snd_ch_cfg:0x0[0m
[1;31mE (57957) transport_base: poll_write select error 113, errno = Software caused connection abort, fd = 54[0m
[0;32mI (57957) wifi:W (57967) transport_base: Poll timeout or error, errno=Connection already in progress, fd=54, timeout_ms=10000[0m
state: init -> auth (0xb0)E (57977) mqtt_client: Writing failed: errno=119

[0;32mI (57987) KEYPAD: MQTT_EVENT_ERROR[0m
[0;32mI (57987) KEYPAD: LED OFF[0m
[1;31mE (57987) mqtt_client: Error sending disconnect message[0m
[0;32mI (57997) KEYPAD: MQTT disconnected[0m
[0;32mI (57997) KEYPAD: LED OFF[0m
[0;32mI (58077) wifi:state: auth -> assoc (0x0)[0m
[0;32mI (58127) wifi:state: assoc -> run (0x10)[0m
[0;32mI (58197) wifi:connected with NamTrung, aid = 24, channel 6, BW20, bssid = 10:5f:02:75:1e:9a[0m
[0;32mI (58197) wifi:security: WPA2-PSK, phy: bgn, rssi: -68[0m
[0;32mI (58207) wifi:pm start, type: 1[0m

[0;32mI (58257) wifi:AP's beacon interval = 102400 us, DTIM period = 1[0m
[0;33mW (63007) KEYPAD: WiFi connection failed, retry count: 1/5[0m
[0;33mW (63007) wifi:sta is connected, disconnect before connecting to new ap[0m
[0;32mI (63007) KEYPAD: Connected to SSID:NamTrung, channel:6[0m
[0;32mI (63027) wifi:<ba-add>idx:0 (ifx:0, 10:5f:02:75:1e:9a), tid:7, ssn:3, winSize:64[0m
[0;32mI (64037) esp_netif_handlers: sta ip: 10.10.1.18, mask: 255.255.252.0, gw: 10.10.1.1[0m
[0;32mI (64037) KEYPAD: WiFi connected, got IP[0m
[0;32mI (64037) KEYPAD: Wi-Fi credentials saved successfully![0m
[0;32mI (65107) mqtt_client: Client asked to disconnect[0m
[0;33mW (65107) mqtt_client: Client asked to stop, but was not started[0m
[0;32mI (65117) KEYPAD: MQTT initialized[0m
[0;32mI (65147) wifi:<ba-add>idx:1 (ifx:0, 10:5f:02:75:1e:9a), tid:0, ssn:1, winSize:64[0m
[0;32mI (65167) KEYPAD: LED ON[0m
[0;32mI (65167) KEYPAD: MQTT connected[0m
Key pressed: A
Key pressed: 2
Key pressed: 1
Key pressed: 2
Key pressed: 1
ets Jul 29 2019 12:21:46

rst:0x1 (POWERON_RESET),boot:0x13 (SPI_FAST_FLASH_BOOT)
configsip: 0, SPIWP:0xee
clk_drv:0x00,q_drv:0x00,d_drv:0x00,cs0_drv:0x00,hd_drv:0x00,wp_drv:0x00
mode:DIO, clock div:2
load:0x3fff0030,len:6380
ho 0 tail 12 room 4
load:0x40078000,len:15916
load:0x40080400,len:3860
entry 0x40080638
[0;32mI (29) boot: ESP-IDF v5.5-dirty 2nd stage bootloader[0m
[0;32mI (29) boot: compile time Oct 19 2025 19:26:38[0m
[0;32mI (29) boot: Multicore bootloader[0m
[0;32mI (31) boot: chip revision: v3.0[0m
[0;32mI (34) boot.esp32: SPI Speed      : 40MHz[0m
[0;32mI (37) boot.esp32: SPI Mode       : DIO[0m
[0;32mI (41) boot.esp32: SPI Flash Size : 2MB[0m
[0;32mI (45) boot: Enabling RNG early entropy source...[0m
[0;32mI (49) boot: Partition Table:[0m
[0;32mI (52) boot: ## Label            Usage          Type ST Offset   Length[0m
[0;32mI (58) boot:  0 nvs              WiFi data        01 02 00009000 00006000[0m
[0;32mI (65) boot:  1 phy_init         RF data          01 01 0000f000 00001000[0m
[0;32mI (71) boot:  2 factory          factory app      00 00 00010000 00100000[0m
[0;32mI (78) boot: End of partition table[0m
[0;32mI (81) esp_image: segment 0: paddr=00010020 vaddr=3f400020 size=1f8e0h (129248) map[0m
[0;32mI (133) esp_image: segment 1: paddr=0002f908 vaddr=3ff80000 size=00020h (    32) load[0m
[0;32mI (133) esp_image: segment 2: paddr=0002f930 vaddr=3ffb0000 size=006e8h (  1768) load[0m
[0;32mI (137) esp_image: segment 3: paddr=00030020 vaddr=400d0020 size=a4b10h (674576) map[0m
[0;32mI (374) esp_image: segment 4: paddr=000d4b38 vaddr=3ffb06e8 size=038d0h ( 14544) load[0m
[0;32mI (380) esp_image: segment 5: paddr=000d8410 vaddr=40080000 size=19420h (103456) load[0m
[0;32mI (433) boot: Loaded app from partition at offset 0x10000[0m
[0;32mI (433) boot: Disabling RNG early entropy source...[0m
[0;32mI (443) cpu_start: Multicore app[0m
[0;32mI (452) cpu_start: Pro cpu start user code[0m
[0;32mI (452) cpu_start: cpu freq: 160000000 Hz[0m
[0;32mI (452) app_init: Application information:[0m
[0;32mI (452) app_init: Project name:     hello_world[0m
[0;32mI (456) app_init: App version:      v5.5-dirty[0m
[0;32mI (460) app_init: Compile time:     Oct 20 2025 20:55:32[0m
[0;32mI (465) app_init: ELF file SHA256:  a78fa7126...[0m
[0;32mI (470) app_init: ESP-IDF:          v5.5-dirty[0m
[0;32mI (474) efuse_init: Min chip rev:     v0.0[0m
[0;32mI (477) efuse_init: Max chip rev:     v3.99 [0m
[0;32mI (481) efuse_init: Chip rev:         v3.0[0m
[0;32mI (486) heap_init: Initializing. RAM available for dynamic allocation:[0m
[0;32mI (492) heap_init: At 3FFAE6E0 len 00001920 (6 KiB): DRAM[0m
[0;32mI (497) heap_init: At 3FFB87A8 len 00027858 (158 KiB): DRAM[0m
[0;32mI (502) heap_init: At 3FFE0440 len 00003AE0 (14 KiB): D/IRAM[0m
[0;32mI (507) heap_init: At 3FFE4350 len 0001BCB0 (111 KiB): D/IRAM[0m
[0;32mI (513) heap_init: At 40099420 len 00006BE0 (26 KiB): IRAM[0m
[0;32mI (520) spi_flash: detected chip: generic[0m
[0;32mI (522) spi_flash: flash io: dio[0m
[0;33mW (525) spi_flash: Detected size(4096k) larger than the size in the binary image header(2048k). Using the size in the binary image header.[0m
[0;33mW (537) i2c: This driver is an old driver, please migrate your application code to adapt `driver/i2c_master.h`[0m
[0;32mI (547) main_task: Started on CPU0[0m
[0;32mI (557) main_task: Calling app_main()[0m
[1;31mE (557) i2c: i2c_master_cmd_begin(1552): i2c driver not installed[0m
[0;32mI (557) DEMO: Error in sending command[0m
[0;32mI (567) KEYPAD: LED initialized on GPIO 2[0m
[0;32mI (567) KEYPAD: LED OFF[0m
[0;32mI (567) KEYPAD: I2C initialized successfully[0m
[0;32mI (2157) KEYPAD: Starting keypad MQTT application[0m
[0;32mI (2207) wifi:wifi driver task: 3ffc0aa8, prio:23, stack:6656, core=0[0m
[0;32mI (2227) wifi:wifi firmware version: f3dbad7[0m
[0;32mI (2227) wifi:wifi certification version: v7.0[0m
[0;32mI (2227) wifi:config NVS flash: enabled[0m
[0;32mI (2227) wifi:config nano formatting: disabled[0m
[0;32mI (2227) wifi:Init data frame dynamic rx buffer num: 32[0m
[0;32mI (2237) wifi:Init static rx mgmt buffer num: 5[0m
[0;32mI (2237) wifi:Init management short buffer num: 32[0m
[0;32mI (2247) wifi:Init dynamic tx buffer num: 32[0m
[0;32mI (2247) wifi:Init static rx buffer size: 1600[0m
[0;32mI (2247) wifi:Init static rx buffer num: 10[0m
[0;32mI (2257) wifi:Init dynamic rx buffer num: 32[0m
[0;32mI (2257) wifi_init: rx ba win: 6[0m
[0;32mI (2257) wifi_init: accept mbox: 6[0m
[0;32mI (2267) wifi_init: tcpip mbox: 32[0m
[0;32mI (2267) wifi_init: udp mbox: 6[0m
[0;32mI (2267) wifi_init: tcp mbox: 6[0m
[0;32mI (2277) wifi_init: tcp tx win: 5760[0m
[0;32mI (2277) wifi_init: tcp rx win: 5760[0m
[0;32mI (2277) wifi_init: tcp mss: 1440[0m
[0;32mI (2287) wifi_init: WiFi IRAM OP enabled[0m
[0;32mI (2287) wifi_init: WiFi RX IRAM OP enabled[0m
[0;32mI (2347) phy_init: phy_version 4860,6b7a6e5,Feb  6 2025,14:47:07[0m
[0;32mI (2437) wifi:mode : sta (a8:42:e3:4c:7c:bc)[0m
[0;32mI (2437) wifi:enable tsf[0m
[0;32mI (2437) KEYPAD: WiFi initialized[0m
[0;32mI (2437) KEYPAD: WiFi STA started[0m
[1;31mE (2437) task_wdt: esp_task_wdt_reset(707): task not found[0m
[0;32mI (2447) KEYPAD: Have a saved wifi network in NVS: NamTrung[0m
[0;32mI (2497) wifi:flush txq[0m
[0;32mI (2497) wifi:stop sw txq[0m
[0;32mI (2497) wifi:lmac stop hw txq[0m
[0;32mI (2507) wifi:mode : sta (a8:42:e3:4c:7c:bc)[0m
[0;32mI (2507) wifi:enable tsf[0m
[0;32mI (2507) KEYPAD: WiFi STA started[0m
[1;31mE (2507) wifi:sta is connecting, return error[0m
[0;32mI (3127) wifi:new:<6,0>, old:<1,0>, ap:<255,255>, sta:<6,0>, prof:9, snd_ch_cfg:0x0[0m
[0;32mI (3127) wifi:state: init -> auth (0xb0)[0m
[0;32mI (3137) wifi:state: auth -> assoc (0x0)[0m
[0;32mI (3157) wifi:state: assoc -> run (0x10)[0m
[0;32mI (3187) wifi:connected with NamTrung, aid = 24, channel 6, BW20, bssid = 10:5f:02:75:1e:9a[0m
[0;32mI (3187) wifi:security: WPA2-PSK, phy: bgn, rssi: -61[0m
[0;32mI (3197) wifi:pm start, type: 1[0m

[0;32mI (3197) wifi:dp: 1, bi: 102400, li: 3, scale listen interval from 307200 us to 307200 us[0m
[0;32mI (3197) wifi:AP's beacon interval = 102400 us, DTIM period = 1[0m
[0;32mI (3207) KEYPAD: Connected to SSID:NamTrung, channel:6[0m
[0;32mI (4207) wifi:<ba-add>idx:0 (ifx:0, 10:5f:02:75:1e:9a), tid:7, ssn:9, winSize:64[0m
[0;32mI (4227) esp_netif_handlers: sta ip: 10.10.1.18, mask: 255.255.252.0, gw: 10.10.1.1[0m
[0;32mI (4227) KEYPAD: WiFi connected, got IP[0m
[0;32mI (5267) KEYPAD: MQTT initialized[0m
[0;32mI (5287) wifi:<ba-add>idx:1 (ifx:0, 10:5f:02:75:1e:9a), tid:0, ssn:1, winSize:64[0m
[0;32mI (5317) KEYPAD: LED ON[0m
[0;32mI (5317) KEYPAD: MQTT connected[0m
[0;32mI (5327) KEYPAD: Read status successfully: SO DANG GOI[0m
[0;32mI (13197) wifi:bcn_timeout,ap_probe_send_start[0m
[0;32mI (22217) wifi:bcn_timeout,ap_probe_send_start[0m
[0;32mI (32907) wifi:bcn_timeout,ap_probe_send_start[0m
