Command: D:\ESP32_IDF\Espressif\python_env\idf5.5_py3.11_env\Scripts\python.exe D:\ESP32_IDF\Espressif\frameworks\esp-idf-v5.5\tools/idf_monitor.py -p COM3 -b 115200 --toolchain-prefix xtensa-esp32-elf- --target esp32 --revision 0 D:\ESP32_IDF\Espressif\frameworks\esp-idf-v5.5\examples\get-started\agribank demo\build\hello_world.elf D:\ESP32_IDF\Espressif\frameworks\esp-idf-v5.5\examples\get-started\agribank demo\build\bootloader\bootloader.elf --force-color -m 'D:\ESP32_IDF\Espressif\python_env\idf5.5_py3.11_env\Scripts\python.exe' 'D:\ESP32_IDF\Espressif\frameworks\esp-idf-v5.5\tools\idf.py' '-p' 'COM3'
S	ï¿½ï¿½Ñ¹esp32: SPI Speed     ï¿½ets Jul 29 2019 12:21:46

rst:0x1 (POWERON_RESET),boot:0x13 (SPI_FAST_FLASH_BOOT)
configsip: 0, SPIWP:0xee
clk_drv:0x00,q_drv:0x00,d_drv:0x00,cs0_drv:0x00,hd_drv:0x00,wp_drv:0x00
mode:DIO, clock div:2
load:0x3fff0030,len:6380
ho 0 tail 12 room 4
load:0x40078000,len:15916
load:0x40080400,len:3860
entry 0x40080638
[0;32mI (29) boot: ESP-IDF v5.5-dirty 2nd stage bootloader[0m
[0;32mI (29) boot: compile time Oct 30 2025 15:44:26[0m
[0;32mI (29) boot: Multicore bootloader[0m
[0;32mI (31) boot: chip revision: v3.0[0m
[0;32mI (34) boot.esp32: SPI Speed      : 40MHz[0m
[0;32mI (37) boot.esp32: SPI Mode       : DIO[0m
[0;32mI (41) boot.esp32: SPI Flash Size : 2MB[0m
[0;32mI (45) boot: Enabling RNG early entropy source...[0m
[0;32mI (49) boot: Partition Table:[0m
[0;32mI (52) boot: ## Label            Usage          Type ST Offset   Length[0m
[0;32mI (58) boot:  0 nvs              WiFi data        01 02 00009000 00006000[0m
[0;32mI (65) boot:  1 phy_init         RF data          01 01 0000f000 00001000[0m
[0;32mI (71) boot:  2 factory          factory app      00 00 00010000 00100000[0m
[0;32mI (78) boot: End of partition table[0m
[0;32mI (81) esp_image: segment 0: paddr=00010020 vaddr=3f400020 size=20190h (131472) map[0m
[0;32mI (133) esp_image: segment 1: paddr=000301b8 vaddr=3ff80000 size=00020h (    32) load[0m
[0;32mI (134) esp_image: segment 2: paddr=000301e0 vaddr=3ffb0000 size=03fb8h ( 16312) load[0m
[0;32mI (143) esp_image: segment 3: paddr=000341a0 vaddr=40080000 size=0be78h ( 48760) load[0m
[0;32mI (164) esp_image: segment 4: paddr=00040020 vaddr=400d0020 size=a5240h (676416) map[0m
[0;32mI (395) esp_image: segment 5: paddr=000e5268 vaddr=4008be78 size=0d5a8h ( 54696) load[0m
[0;32mI (429) boot: Loaded app from partition at offset 0x10000[0m
[0;32mI (429) boot: Disabling RNG early entropy source...[0m
[0;32mI (439) cpu_start: Multicore app[0m
[0;32mI (448) cpu_start: Pro cpu start user code[0m
[0;32mI (448) cpu_start: cpu freq: 160000000 Hz[0m
[0;32mI (448) app_init: Application information:[0m
[0;32mI (448) app_init: Project name:     hello_world[0m
[0;32mI (452) app_init: App version:      e7264df-dirty[0m
[0;32mI (457) app_init: Compile time:     Oct 30 2025 15:45:01[0m
[0;32mI (462) app_init: ELF file SHA256:  b9249fbf9...[0m
[0;32mI (466) app_init: ESP-IDF:          v5.5-dirty[0m
[0;32mI (470) efuse_init: Min chip rev:     v0.0[0m
[0;32mI (474) efuse_init: Max chip rev:     v3.99 [0m
[0;32mI (478) efuse_init: Chip rev:         v3.0[0m
[0;32mI (482) heap_init: Initializing. RAM available for dynamic allocation:[0m
[0;32mI (488) heap_init: At 3FFAE6E0 len 00001920 (6 KiB): DRAM[0m
[0;32mI (493) heap_init: At 3FFB8990 len 00027670 (157 KiB): DRAM[0m
[0;32mI (498) heap_init: At 3FFE0440 len 00003AE0 (14 KiB): D/IRAM[0m
[0;32mI (504) heap_init: At 3FFE4350 len 0001BCB0 (111 KiB): D/IRAM[0m
[0;32mI (509) heap_init: At 40099420 len 00006BE0 (26 KiB): IRAM[0m
[0;32mI (516) spi_flash: detected chip: generic[0m
[0;32mI (518) spi_flash: flash io: dio[0m
[0;33mW (521) spi_flash: Detected size(4096k) larger than the size in the binary image header(2048k). Using the size in the binary image header.[0m
[0;33mW (534) i2c: This driver is an old driver, please migrate your application code to adapt `driver/i2c_master.h`[0m
[0;32mI (544) main_task: Started on CPU0[0m
[0;32mI (554) main_task: Calling app_main()[0m
[1;31mE (554) i2c: i2c_master_cmd_begin(1552): i2c driver not installed[0m
[0;32mI (554) DEMO: Error in sending command[0m
[0;32mI (564) KEYPAD: LED initialized on GPIO 2[0m
[0;32mI (564) KEYPAD: LED OFF[0m
[0;32mI (564) KEYPAD: I2C initialized successfully[0m
[0;32mI (2154) KEYPAD: Starting keypad MQTT application[0m
[0;32mI (2184) wifi:wifi driver task: 3ffc14ac, prio:23, stack:6656, core=0[0m
[0;32mI (2194) wifi:wifi firmware version: f3dbad7[0m
[0;32mI (2194) wifi:wifi certification version: v7.0[0m
[0;32mI (2194) wifi:config NVS flash: enabled[0m
[0;32mI (2194) wifi:config nano formatting: disabled[0m
[0;32mI (2204) wifi:Init data frame dynamic rx buffer num: 32[0m
[0;32mI (2204) wifi:Init static rx mgmt buffer num: 5[0m
[0;32mI (2204) wifi:Init management short buffer num: 32[0m
[0;32mI (2214) wifi:Init dynamic tx buffer num: 32[0m
[0;32mI (2214) wifi:Init static rx buffer size: 1600[0m
[0;32mI (2224) wifi:Init static rx buffer num: 10[0m
[0;32mI (2224) wifi:Init dynamic rx buffer num: 32[0m
[0;32mI (2234) wifi_init: rx ba win: 6[0m
[0;32mI (2234) wifi_init: accept mbox: 6[0m
[0;32mI (2234) wifi_init: tcpip mbox: 32[0m
[0;32mI (2234) wifi_init: udp mbox: 6[0m
[0;32mI (2244) wifi_init: tcp mbox: 6[0m
[0;32mI (2244) wifi_init: tcp tx win: 5760[0m
[0;32mI (2244) wifi_init: tcp rx win: 5760[0m
[0;32mI (2254) wifi_init: tcp mss: 1440[0m
[0;32mI (2254) wifi_init: WiFi IRAM OP enabled[0m
[0;32mI (2254) wifi_init: WiFi RX IRAM OP enabled[0m
[0;32mI (2304) phy_init: phy_version 4860,6b7a6e5,Feb  6 2025,14:47:07[0m
[0;32mI (2384) wifi:mode : sta (a8:42:e3:4c:7c:bc)[0m
[0;32mI (2394) wifi:enable tsf[0m
[0;32mI (2394) KEYPAD: WiFi initialized[0m
[1;31mE (2394) task_wdt: esp_task_wdt_reset(707): task not found[0m
[0;32mI (2394) KEYPAD: WiFi STA started[0m
[1;31mE (2394) task_wdt: esp_task_wdt_reset(707): task not found[0m
[0;32mI (2404) KEYPAD: Have a saved wifi network in NVS: NamTrung[0m
[0;32mI (2454) wifi:flush txq[0m
[0;32mI (2454) wifi:stop sw txq[0m
[0;32mI (2454) wifi:lmac stop hw txq[0m
[0;32mI (2464) wifi:mode : sta (a8:42:e3:4c:7c:bc)[0m
[0;32mI (2464) wifi:enable tsf[0m
[0;32mI (2464) KEYPAD: WiFi STA started[0m
[1;31mE (2464) wifi:sta is connecting, return error[0m
[0;32mI (2474) wifi:new:<11,0>, old:<1,0>, ap:<255,255>, sta:<11,0>, prof:1, snd_ch_cfg:0x0[0m
[0;32mI (2484) wifi:state: init -> auth (0xb0)[0m
[0;32mI (2484) wifi:state: auth -> assoc (0x0)[0m
[0;32mI (2534) wifi:state: assoc -> run (0x10)[0m
[0;32mI (3554) wifi:connected with NamTrung, aid = 19, channel 11, BW20, bssid = 10:5f:02:75:27:1e[0m
[0;32mI (3554) wifi:security: WPA2-PSK, phy: bgn, rssi: -65[0m
[0;32mI (3574) wifi:pm start, type: 1[0m

[0;32mI (3574) wifi:dp: 1, bi: 102400, li: 3, scale listen interval from 307200 us to 307200 us[0m
[0;32mI (3574) KEYPAD: Connected to SSID:NamTrung, channel:11[0m
[0;32mI (3624) wifi:AP's beacon interval = 102400 us, DTIM period = 1[0m
[0;32mI (4594) esp_netif_handlers: sta ip: 10.10.1.18, mask: 255.255.252.0, gw: 10.10.1.1[0m
[0;32mI (4594) KEYPAD: WiFi connected, got IP[0m
[0;32mI (5284) wifi:<ba-add>idx:0 (ifx:0, 10:5f:02:75:27:1e), tid:7, ssn:12, winSize:64[0m
[0;32mI (5594) KEYPAD: MQTT initialized[0m
[0;32mI (5604) KEYPAD: Read status successfully: SO DANG GOI[0m
[0;32mI (5624) wifi:<ba-add>idx:1 (ifx:0, 10:5f:02:75:27:1e), tid:0, ssn:1, winSize:64[0m
[0;32mI (5634) KEYPAD: LED ON[0m
[0;32mI (5634) KEYPAD: MQTT connected[0m
[0;32mI (5864) KEYPAD: MQTT_EVENT_DATA[0m
[0;32mI (5874) KEYPAD: Processing topic: device/list[0m
[1;31mE (5874) KEYPAD: Failed to parse device/list JSON[0m
[0;32mI (5874) KEYPAD: MQTT_EVENT_DATA[0m
[0;32mI (5874) KEYPAD: Processing topic: device/list[0m
[1;31mE (5874) KEYPAD: Failed to parse device/list JSON[0m
[0;32mI (13174) wifi:bcn_timeout,ap_probe_send_start[0m
[0;32mI (22184) wifi:bcn_timeout,ap_probe_send_start[0m
[0;32mI (31194) wifi:bcn_timeout,ap_probe_send_start[0m
