Command: D:\ESP32_IDF\Espressif\python_env\idf5.5_py3.11_env\Scripts\python.exe D:\ESP32_IDF\Espressif\frameworks\esp-idf-v5.5\tools/idf_monitor.py -p COM3 -b 115200 --toolchain-prefix xtensa-esp32-elf- --target esp32 --revision 0 D:\ESP32_IDF\Espressif\frameworks\esp-idf-v5.5\examples\get-started\agribank demo\build\hello_world.elf D:\ESP32_IDF\Espressif\frameworks\esp-idf-v5.5\examples\get-started\agribank demo\build\bootloader\bootloader.elf --force-color -m 'D:\ESP32_IDF\Espressif\python_env\idf5.5_py3.11_env\Scripts\python.exe' 'D:\ESP32_IDF\Espressif\frameworks\esp-idf-v5.5\tools\idf.py' '-p' 'COM3'
4) boot.esp32: SPI Speed  ï¿½ets Jul 29 2019 12:21:46

rst:0x1 (POWERON_RESET),boot:0x13 (SPI_FAST_FLASH_BOOT)
configsip: 0, SPIWP:0xee
clk_drv:0x00,q_drv:0x00,d_drv:0x00,cs0_drv:0x00,hd_drv:0x00,wp_drv:0x00
mode:DIO, clock div:2
load:0x3fff0030,len:6380
ho 0 tail 12 room 4
load:0x40078000,len:15916
load:0x40080400,len:3860
entry 0x40080638
[0;32mI (29) boot: ESP-IDF v5.5-dirty 2nd stage bootloader[0m
[0;32mI (29) boot: compile time Oct 19 2025 19:26:38[0m
[0;32mI (29) boot: Multicore bootloader[0m
[0;32mI (31) boot: chip revision: v3.0[0m
[0;32mI (34) boot.esp32: SPI Speed      : 40MHz[0m
[0;32mI (37) boot.esp32: SPI Mode       : DIO[0m
[0;32mI (41) boot.esp32: SPI Flash Size : 2MB[0m
[0;32mI (45) boot: Enabling RNG early entropy source...[0m
[0;32mI (49) boot: Partition Table:[0m
[0;32mI (52) boot: ## Label            Usage          Type ST Offset   Length[0m
[0;32mI (58) boot:  0 nvs              WiFi data        01 02 00009000 00006000[0m
[0;32mI (65) boot:  1 phy_init         RF data          01 01 0000f000 00001000[0m
[0;32mI (71) boot:  2 factory          factory app      00 00 00010000 00100000[0m
[0;32mI (78) boot: End of partition table[0m
[0;32mI (81) esp_image: segment 0: paddr=00010020 vaddr=3f400020 size=1f52ch (128300) map[0m
[0;32mI (132) esp_image: segment 1: paddr=0002f554 vaddr=3ff80000 size=00020h (    32) load[0m
[0;32mI (132) esp_image: segment 2: paddr=0002f57c vaddr=3ffb0000 size=00a9ch (  2716) load[0m
[0;32mI (137) esp_image: segment 3: paddr=00030020 vaddr=400d0020 size=a1af0h (662256) map[0m
[0;32mI (370) esp_image: segment 4: paddr=000d1b18 vaddr=3ffb0a9c size=0350ch ( 13580) load[0m
[0;32mI (375) esp_image: segment 5: paddr=000d502c vaddr=40080000 size=192e4h (103140) load[0m
[0;32mI (428) boot: Loaded app from partition at offset 0x10000[0m
[0;32mI (428) boot: Disabling RNG early entropy source...[0m
[0;32mI (438) cpu_start: Multicore app[0m
[0;32mI (447) cpu_start: Pro cpu start user code[0m
[0;32mI (447) cpu_start: cpu freq: 160000000 Hz[0m
[0;32mI (447) app_init: Application information:[0m
[0;32mI (447) app_init: Project name:     hello_world[0m
[0;32mI (451) app_init: App version:      v5.5-dirty[0m
[0;32mI (455) app_init: Compile time:     Oct 20 2025 20:55:32[0m
[0;32mI (460) app_init: ELF file SHA256:  14bfd0ec9...[0m
[0;32mI (464) app_init: ESP-IDF:          v5.5-dirty[0m
[0;32mI (469) efuse_init: Min chip rev:     v0.0[0m
[0;32mI (472) efuse_init: Max chip rev:     v3.99 [0m
[0;32mI (476) efuse_init: Chip rev:         v3.0[0m
[0;32mI (481) heap_init: Initializing. RAM available for dynamic allocation:[0m
[0;32mI (487) heap_init: At 3FFAE6E0 len 00001920 (6 KiB): DRAM[0m
[0;32mI (492) heap_init: At 3FFB8750 len 000278B0 (158 KiB): DRAM[0m
[0;32mI (497) heap_init: At 3FFE0440 len 00003AE0 (14 KiB): D/IRAM[0m
[0;32mI (502) heap_init: At 3FFE4350 len 0001BCB0 (111 KiB): D/IRAM[0m
[0;32mI (508) heap_init: At 400992E4 len 00006D1C (27 KiB): IRAM[0m
[0;32mI (515) spi_flash: detected chip: generic[0m
[0;32mI (517) spi_flash: flash io: dio[0m
[0;33mW (520) spi_flash: Detected size(4096k) larger than the size in the binary image header(2048k). Using the size in the binary image header.[0m
[0;33mW (532) i2c: This driver is an old driver, please migrate your application code to adapt `driver/i2c_master.h`[0m
[0;32mI (542) main_task: Started on CPU0[0m
[0;32mI (552) main_task: Calling app_main()[0m
[0;32mI (552) KEYPAD: I2C initialized successfully[0m
[0;32mI (2652) KEYPAD: Starting keypad MQTT application[0m
[0;32mI (2702) wifi:wifi driver task: 3ffc0948, prio:23, stack:6656, core=0[0m
[0;32mI (2722) wifi:wifi firmware version: f3dbad7[0m
[0;32mI (2722) wifi:wifi certification version: v7.0[0m
[0;32mI (2722) wifi:config NVS flash: enabled[0m
[0;32mI (2722) wifi:config nano formatting: disabled[0m
[0;32mI (2722) wifi:Init data frame dynamic rx buffer num: 32[0m
[0;32mI (2732) wifi:Init static rx mgmt buffer num: 5[0m
[0;32mI (2732) wifi:Init management short buffer num: 32[0m
[0;32mI (2742) wifi:Init dynamic tx buffer num: 32[0m
[0;32mI (2742) wifi:Init static rx buffer size: 1600[0m
[0;32mI (2742) wifi:Init static rx buffer num: 10[0m
[0;32mI (2752) wifi:Init dynamic rx buffer num: 32[0m
[0;32mI (2752) wifi_init: rx ba win: 6[0m
[0;32mI (2752) wifi_init: accept mbox: 6[0m
[0;32mI (2762) wifi_init: tcpip mbox: 32[0m
[0;32mI (2762) wifi_init: udp mbox: 6[0m
[0;32mI (2762) wifi_init: tcp mbox: 6[0m
[0;32mI (2772) wifi_init: tcp tx win: 5760[0m
[0;32mI (2772) wifi_init: tcp rx win: 5760[0m
[0;32mI (2772) wifi_init: tcp mss: 1440[0m
[0;32mI (2782) wifi_init: WiFi IRAM OP enabled[0m
[0;32mI (2782) wifi_init: WiFi RX IRAM OP enabled[0m
[0;32mI (2842) phy_init: phy_version 4860,6b7a6e5,Feb  6 2025,14:47:07[0m
[0;32mI (2922) phy_init: Saving new calibration data due to checksum failure or outdated calibration data, mode(0)[0m
[0;32mI (2972) wifi:mode : sta (a8:42:e3:4c:7c:bc)[0m
[0;32mI (2972) wifi:enable tsf[0m
[0;32mI (2972) KEYPAD: WiFi initialized[0m
[0;32mI (2972) KEYPAD: WiFi STA started[0m
[0;32mI (2982) NVS: Have a saved wifi network in NVS[0m
[0;33mW (4512) wifi:Password length matches WPA2 standards, authmode threshold changes from OPEN to WPA2[0m
[0;32mI (4842) wifi:new:<11,0>, old:<1,0>, ap:<255,255>, sta:<11,0>, prof:9, snd_ch_cfg:0x0[0m
[0;32mI (4842) wifi:state: init -> auth (0xb0)[0m
[0;32mI (4842) wifi:state: auth -> assoc (0x0)[0m
[0;32mI (4862) wifi:state: assoc -> run (0x10)[0m
[0;32mI (4922) wifi:connected with NamTrung, aid = 16, channel 11, BW20, bssid = 10:5f:02:75:27:1e[0m
[0;32mI (4922) wifi:security: WPA2-PSK, phy: bgn, rssi: -67[0m
[0;32mI (4932) wifi:pm start, type: 1[0m

[0;32mI (4932) wifi:dp: 1, bi: 102400, li: 3, scale listen interval from 307200 us to 307200 us[0m
[0;32mI (4932) KEYPAD: Connected to SSID:NamTrung, channel:11[0m
[0;32mI (4932) KEYPAD: SAVED WIFI CREDENTIALS SUCCESSFULLY[0m
[0;32mI (4992) wifi:AP's beacon interval = 102400 us, DTIM period = 1[0m
[0;32mI (5572) main_task: Returned from app_main()[0m
[0;32mI (5972) esp_netif_handlers: sta ip: 10.10.1.77, mask: 255.255.252.0, gw: 10.10.1.1[0m
[0;32mI (5972) KEYPAD: WiFi connected, got IP[0m
[0;32mI (5982) KEYPAD: MQTT initialized[0m
[0;32mI (6002) wifi:<ba-add>idx:0 (ifx:0, 10:5f:02:75:27:1e), tid:7, ssn:8, winSize:64[0m
[0;32mI (6042) wifi:<ba-add>idx:1 (ifx:0, 10:5f:02:75:27:1e), tid:0, ssn:1, winSize:64[0m
[0;32mI (6062) KEYPAD: MQTT connected[0m
Key pressed: A
WiFi Configuration Mode
[0;32mI (14682) wifi:bcn_timeout,ap_probe_send_start[0m
Key pressed: A
WiFi mode cancelled
Key pressed: A
WiFi Configuration Mode
[0;32mI (23692) wifi:bcn_timeout,ap_probe_send_start[0m
Key pressed: A
WiFi mode cancelled
[0;32mI (32712) wifi:bcn_timeout,ap_probe_send_start[0m
Key pressed: A
WiFi Configuration Mode
Key pressed: A
WiFi mode cancelled
[0;32mI (50602) wifi:bcn_timeout,ap_probe_send_start[0m
[0;32mI (59612) wifi:bcn_timeout,ap_probe_send_start[0m
Key pressed: A
WiFi Configuration Mode
Key pressed: A
WiFi mode cancelled
[0;32mI (75762) wifi:bcn_timeout,ap_probe_send_start[0m
Key pressed: A
WiFi Configuration Mode
[0;32mI (84792) wifi:bcn_timeout,ap_probe_send_start[0m
Key pressed: 6
SSID: m
Key pressed: 6
SSID: n
Key pressed: 6
SSID: o
Key pressed: 9
SSID: ow
Key pressed: D
SSID saved: ow
[0;32mI (93802) wifi:bcn_timeout,ap_probe_send_start[0m
[0;32mI (111292) wifi:bcn_timeout,ap_probe_send_start[0m
[0;32mI (120312) wifi:bcn_timeout,ap_probe_send_start[0m
[0;32mI (141712) wifi:bcn_timeout,ap_probe_send_start[0m
[0;32mI (150742) wifi:bcn_timeout,ap_probe_send_start[0m
[0;32mI (168912) wifi:bcn_timeout,ap_probe_send_start[0m
[0;32mI (177952) wifi:bcn_timeout,ap_probe_send_start[0m
[0;32mI (202432) wifi:bcn_timeout,ap_probe_send_start[0m
[0;32mI (211452) wifi:bcn_timeout,ap_probe_send_start[0m
[0;32mI (229652) wifi:bcn_timeout,ap_probe_send_start[0m
[0;32mI (238682) wifi:bcn_timeout,ap_probe_send_start[0m
[0;32mI (263052) wifi:bcn_timeout,ap_probe_send_start[0m
[0;32mI (272072) wifi:bcn_timeout,ap_probe_send_start[0m
