Command: D:\ESP32_IDF\Espressif\python_env\idf5.5_py3.11_env\Scripts\python.exe D:\ESP32_IDF\Espressif\frameworks\esp-idf-v5.5\tools/idf_monitor.py -p COM3 -b 115200 --toolchain-prefix xtensa-esp32-elf- --target esp32 --revision 0 D:\ESP32_IDF\Espressif\frameworks\esp-idf-v5.5\examples\get-started\agribank demo\build\hello_world.elf D:\ESP32_IDF\Espressif\frameworks\esp-idf-v5.5\examples\get-started\agribank demo\build\bootloader\bootloader.elf --force-color -m 'D:\ESP32_IDF\Espressif\python_env\idf5.5_py3.11_env\Scripts\python.exe' 'D:\ESP32_IDF\Espressif\frameworks\esp-idf-v5.5\tools\idf.py' '-p' 'COM3'
	iï¿½Jï¿½ï¿½Ñ¹esp32: SPI Speed    ï¿½ets Jul 29 2019 12:21:46

rst:0x1 (POWERON_RESET),boot:0x13 (SPI_FAST_FLASH_BOOT)
configsip: 0, SPIWP:0xee
clk_drv:0x00,q_drv:0x00,d_drv:0x00,cs0_drv:0x00,hd_drv:0x00,wp_drv:0x00
mode:DIO, clock div:2
load:0x3fff0030,len:6380
ho 0 tail 12 room 4
load:0x40078000,len:15916
load:0x40080400,len:3860
entry 0x40080638
[0;32mI (29) boot: ESP-IDF v5.5-dirty 2nd stage bootloader[0m
[0;32mI (29) boot: compile time Nov  3 2025 10:07:42[0m
[0;32mI (29) boot: Multicore bootloader[0m
[0;32mI (31) boot: chip revision: v3.0[0m
[0;32mI (34) boot.esp32: SPI Speed      : 40MHz[0m
[0;32mI (37) boot.esp32: SPI Mode       : DIO[0m
[0;32mI (41) boot.esp32: SPI Flash Size : 2MB[0m
[0;32mI (45) boot: Enabling RNG early entropy source...[0m
[0;32mI (49) boot: Partition Table:[0m
[0;32mI (52) boot: ## Label            Usage          Type ST Offset   Length[0m
[0;32mI (58) boot:  0 nvs              WiFi data        01 02 00009000 00006000[0m
[0;32mI (65) boot:  1 phy_init         RF data          01 01 0000f000 00001000[0m
[0;32mI (71) boot:  2 factory          factory app      00 00 00010000 00100000[0m
[0;32mI (78) boot: End of partition table[0m
[0;32mI (81) esp_image: segment 0: paddr=00010020 vaddr=3f400020 size=20c64h (134244) map[0m
[0;32mI (134) esp_image: segment 1: paddr=00030c8c vaddr=3ff80000 size=00020h (    32) load[0m
[0;32mI (135) esp_image: segment 2: paddr=00030cb4 vaddr=3ffb0000 size=04bc8h ( 19400) load[0m
[0;32mI (145) esp_image: segment 3: paddr=00035884 vaddr=40080000 size=0a794h ( 42900) load[0m
[0;32mI (162) esp_image: segment 4: paddr=00040020 vaddr=400d0020 size=a87c4h (690116) map[0m
[0;32mI (398) esp_image: segment 5: paddr=000e87ec vaddr=4008a794 size=0eb50h ( 60240) load[0m
[0;32mI (434) boot: Loaded app from partition at offset 0x10000[0m
[0;32mI (435) boot: Disabling RNG early entropy source...[0m
[0;32mI (445) cpu_start: Multicore app[0m
[0;32mI (453) cpu_start: Pro cpu start user code[0m
[0;32mI (453) cpu_start: cpu freq: 160000000 Hz[0m
[0;32mI (453) app_init: Application information:[0m
[0;32mI (454) app_init: Project name:     hello_world[0m
[0;32mI (458) app_init: App version:      5171ba8-dirty[0m
[0;32mI (462) app_init: Compile time:     Dec 12 2025 08:08:50[0m
[0;32mI (467) app_init: ELF file SHA256:  2dcb9f646...[0m
[0;32mI (472) app_init: ESP-IDF:          v5.5-dirty[0m
[0;32mI (476) efuse_init: Min chip rev:     v0.0[0m
[0;32mI (480) efuse_init: Max chip rev:     v3.99 [0m
[0;32mI (484) efuse_init: Chip rev:         v3.0[0m
[0;32mI (488) heap_init: Initializing. RAM available for dynamic allocation:[0m
[0;32mI (494) heap_init: At 3FFAE6E0 len 00001920 (6 KiB): DRAM[0m
[0;32mI (499) heap_init: At 3FFB9468 len 00026B98 (154 KiB): DRAM[0m
[0;32mI (504) heap_init: At 3FFE0440 len 00003AE0 (14 KiB): D/IRAM[0m
[0;32mI (509) heap_init: At 3FFE4350 len 0001BCB0 (111 KiB): D/IRAM[0m
[0;32mI (515) heap_init: At 400992E4 len 00006D1C (27 KiB): IRAM[0m
[0;32mI (522) spi_flash: detected chip: generic[0m
[0;32mI (524) spi_flash: flash io: dio[0m
[0;33mW (527) spi_flash: Detected size(4096k) larger than the size in the binary image header(2048k). Using the size in the binary image header.[0m
[0;33mW (539) i2c: This driver is an old driver, please migrate your application code to adapt `driver/i2c_master.h`[0m
[0;32mI (550) main_task: Started on CPU0[0m
[0;32mI (560) main_task: Calling app_main()[0m
[0;32mI (560) LED: LED initialized on GPIO 2[0m
[0;32mI (560) LED: LED OFF[0m
[0;32mI (560) DEMO: I2C initialized successfully[0m
[0;32mI (1450) DEMO: Starting keypad MQTT application[0m
[0;32mI (1470) MAC_UTILS: WiFi STA MAC: A8:42:E3:4C:7C:BC[0m
[0;32mI (1470) NVS_UTILS: Read user ID successfully: 01[0m
[0;32mI (1470) MAC_UTILS: Loaded user_id from NVS: 01[0m
[0;32mI (1490) wifi:wifi driver task: 3ffc24cc, prio:23, stack:6656, core=0[0m
[0;32mI (1500) wifi:wifi firmware version: f3dbad7[0m
[0;32mI (1500) wifi:wifi certification version: v7.0[0m
[0;32mI (1500) wifi:config NVS flash: enabled[0m
[0;32mI (1500) wifi:config nano formatting: disabled[0m
[0;32mI (1510) wifi:Init data frame dynamic rx buffer num: 32[0m
[0;32mI (1510) wifi:Init static rx mgmt buffer num: 5[0m
[0;32mI (1510) wifi:Init management short buffer num: 32[0m
[0;32mI (1520) wifi:Init dynamic tx buffer num: 32[0m
[0;32mI (1520) wifi:Init static rx buffer size: 1600[0m
[0;32mI (1530) wifi:Init static rx buffer num: 10[0m
[0;32mI (1530) wifi:Init dynamic rx buffer num: 32[0m
[0;32mI (1540) wifi_init: rx ba win: 6[0m
[0;32mI (1540) wifi_init: accept mbox: 6[0m
[0;32mI (1540) wifi_init: tcpip mbox: 32[0m
[0;32mI (1540) wifi_init: udp mbox: 6[0m
[0;32mI (1550) wifi_init: tcp mbox: 6[0m
[0;32mI (1550) wifi_init: tcp tx win: 5760[0m
[0;32mI (1550) wifi_init: tcp rx win: 5760[0m
[0;32mI (1560) wifi_init: tcp mss: 1440[0m
[0;32mI (1560) wifi_init: WiFi IRAM OP enabled[0m
[0;32mI (1560) wifi_init: WiFi RX IRAM OP enabled[0m
[0;32mI (1570) phy_init: phy_version 4860,6b7a6e5,Feb  6 2025,14:47:07[0m
[0;32mI (1660) wifi:mode : sta (a8:42:e3:4c:7c:bc)[0m
[0;32mI (1660) wifi:enable tsf[0m
[0;32mI (1660) WIFI: WiFi initialized[0m
[0;32mI (1660) WIFI: WiFi STA started[0m
[0;32mI (4160) WIFI: Found 0 ap[0m
[0;32mI (4160) main_task: Returned from app_main()[0m
[0;32mI (4160) STATE_MACHINE: System state task started[0m
ets Jul 29 2019 12:21:46

rst:0x1 (POWERON_RESET),boot:0x13 (SPI_FAST_FLASH_BOOT)
configsip: 0, SPIWP:0xee
clk_drv:0x00,q_drv:0x00,d_drv:0x00,cs0_drv:0x00,hd_drv:0x00,wp_drv:0x00
mode:DIO, clock div:2
load:0x3fff0030,len:6380
ho 0 tail 12 room 4
load:0x40078000,len:15916
load:0x40080400,len:3860
entry 0x40080638
[0;32mI (29) boot: ESP-IDF v5.5-dirty 2nd stage bootloader[0m
[0;32mI (29) boot: compile time Nov  3 2025 10:07:42[0m
[0;32mI (29) boot: Multicore bootloader[0m
[0;32mI (31) boot: chip revision: v3.0[0m
[0;32mI (34) boot.esp32: SPI Speed      : 40MHz[0m
[0;32mI (37) boot.esp32: SPI Mode       : DIO[0m
[0;32mI (41) boot.esp32: SPI Flash Size : 2MB[0m
[0;32mI (45) boot: Enabling RNG early entropy source...[0m
[0;32mI (49) boot: Partition Table:[0m
[0;32mI (52) boot: ## Label            Usage          Type ST Offset   Length[0m
[0;32mI (58) boot:  0 nvs              WiFi data        01 02 00009000 00006000[0m
[0;32mI (65) boot:  1 phy_init         RF data          01 01 0000f000 00001000[0m
[0;32mI (71) boot:  2 factory          factory app      00 00 00010000 00100000[0m
[0;32mI (78) boot: End of partition table[0m
[0;32mI (81) esp_image: segment 0: paddr=00010020 vaddr=3f400020 size=20c64h (134244) map[0m
[0;32mI (134) esp_image: segment 1: paddr=00030c8c vaddr=3ff80000 size=00020h (    32) load[0m
[0;32mI (135) esp_image: segment 2: paddr=00030cb4 vaddr=3ffb0000 size=04bc8h ( 19400) load[0m
[0;32mI (145) esp_image: segment 3: paddr=00035884 vaddr=40080000 size=0a794h ( 42900) load[0m
[0;32mI (162) esp_image: segment 4: paddr=00040020 vaddr=400d0020 size=a87c4h (690116) map[0m
[0;32mI (398) esp_image: segment 5: paddr=000e87ec vaddr=4008a794 size=0eb50h ( 60240) load[0m
[0;32mI (434) boot: Loaded app from partition at offset 0x10000[0m
[0;32mI (435) boot: Disabling RNG early entropy source...[0m
[0;32mI (445) cpu_start: Multicore app[0m
[0;32mI (453) cpu_start: Pro cpu start user code[0m
[0;32mI (453) cpu_start: cpu freq: 160000000 Hz[0m
[0;32mI (453) app_init: Application information:[0m
[0;32mI (454) app_init: Project name:     hello_world[0m
[0;32mI (458) app_init: App version:      5171ba8-dirty[0m
[0;32mI (462) app_init: Compile time:     Dec 12 2025 08:08:50[0m
[0;32mI (467) app_init: ELF file SHA256:  2dcb9f646...[0m
[0;32mI (472) app_init: ESP-IDF:          v5.5-dirty[0m
[0;32mI (476) efuse_init: Min chip rev:     v0.0[0m
[0;32mI (480) efuse_init: Max chip rev:     v3.99 [0m
[0;32mI (484) efuse_init: Chip rev:         v3.0[0m
[0;32mI (488) heap_init: Initializing. RAM available for dynamic allocation:[0m
[0;32mI (494) heap_init: At 3FFAE6E0 len 00001920 (6 KiB): DRAM[0m
[0;32mI (499) heap_init: At 3FFB9468 len 00026B98 (154 KiB): DRAM[0m
[0;32mI (504) heap_init: At 3FFE0440 len 00003AE0 (14 KiB): D/IRAM[0m
[0;32mI (509) heap_init: At 3FFE4350 len 0001BCB0 (111 KiB): D/IRAM[0m
[0;32mI (515) heap_init: At 400992E4 len 00006D1C (27 KiB): IRAM[0m
[0;32mI (522) spi_flash: detected chip: generic[0m
[0;32mI (524) spi_flash: flash io: dio[0m
[0;33mW (527) spi_flash: Detected size(4096k) larger than the size in the binary image header(2048k). Using the size in the binary image header.[0m
[0;33mW (539) i2c: This driver is an old driver, please migrate your application code to adapt `driver/i2c_master.h`[0m
[0;32mI (550) main_task: Started on CPU0[0m
[0;32mI (560) main_task: Calling app_main()[0m
[0;32mI (560) LED: LED initialized on GPIO 2[0m
[0;32mI (560) LED: LED OFF[0m
[0;32mI (560) DEMO: I2C initialized successfully[0m
[0;32mI (1450) DEMO: Starting keypad MQTT application[0m
[0;32mI (1470) MAC_UTILS: WiFi STA MAC: A8:42:E3:4C:7C:BC[0m
[0;32mI (1470) NVS_UTILS: Read user ID successfully: 01[0m
[0;32mI (1470) MAC_UTILS: Loaded user_id from NVS: 01[0m
[0;32mI (1490) wifi:wifi driver task: 3ffc24cc, prio:23, stack:6656, core=0[0m
[0;32mI (1500) wifi:wifi firmware version: f3dbad7[0m
[0;32mI (1500) wifi:wifi certification version: v7.0[0m
[0;32mI (1500) wifi:config NVS flash: enabled[0m
[0;32mI (1500) wifi:config nano formatting: disabled[0m
[0;32mI (1510) wifi:Init data frame dynamic rx buffer num: 32[0m
[0;32mI (1510) wifi:Init static rx mgmt buffer num: 5[0m
[0;32mI (1510) wifi:Init management short buffer num: 32[0m
[0;32mI (1520) wifi:Init dynamic tx buffer num: 32[0m
[0;32mI (1520) wifi:Init static rx buffer size: 1600[0m
[0;32mI (1530) wifi:Init static rx buffer num: 10[0m
[0;32mI (1530) wifi:Init dynamic rx buffer num: 32[0m
[0;32mI (1540) wifi_init: rx ba win: 6[0m
[0;32mI (1540) wifi_init: accept mbox: 6[0m
[0;32mI (1540) wifi_init: tcpip mbox: 32[0m
[0;32mI (1540) wifi_init: udp mbox: 6[0m
[0;32mI (1550) wifi_init: tcp mbox: 6[0m
[0;32mI (1550) wifi_init: tcp tx win: 5760[0m
[0;32mI (1550) wifi_init: tcp rx win: 5760[0m
[0;32mI (1560) wifi_init: tcp mss: 1440[0m
[0;32mI (1560) wifi_init: WiFi IRAM OP enabled[0m
[0;32mI (1560) wifi_init: WiFi RX IRAM OP enabled[0m
[0;32mI (1570) phy_init: phy_version 4860,6b7a6e5,Feb  6 2025,14:47:07[0m
[0;32mI (1650) wifi:mode : sta (a8:42:e3:4c:7c:bc)[0m
[0;32mI (1660) wifi:enable tsf[0m
[0;32mI (1660) WIFI: WiFi initialized[0m
[0;32mI (1660) WIFI: WiFi STA started[0m
[0;32mI (4160) WIFI: Found 0 ap[0m
[0;32mI (4160) main_task: Returned from app_main()[0m
[0;32mI (4160) STATE_MACHINE: System state task started[0m
[0;33mW (9400) NVS_UTILS: Failed to open NVS handle for user_pass: ESP_ERR_NVS_NOT_FOUND[0m
[1;31mE (9400) mqtt_client: Client was not initialized[0m
[0;32mI (9420) STATE_MACHINE: Have a saved wifi network in NVS: NamTrung[0m
[0;32mI (9460) wifi:flush txq[0m
[0;32mI (9460) wifi:stop sw txq[0m
[0;32mI (9460) wifi:lmac stop hw txq[0m
[0;32mI (9470) wifi:mode : sta (a8:42:e3:4c:7c:bc)[0m
[0;32mI (9470) wifi:enable tsf[0m
[0;32mI (9470) WIFI: WiFi STA started[0m
[0;32mI (9750) wifi:new:<11,0>, old:<1,0>, ap:<255,255>, sta:<11,0>, prof:1, snd_ch_cfg:0x0[0m
[0;32mI (9760) wifi:state: init -> auth (0xb0)[0m
[0;32mI (9760) wifi:state: auth -> assoc (0x0)[0m
[0;32mI (9770) wifi:state: assoc -> run (0x10)[0m
[0;32mI (9820) wifi:connected with NamTrung, aid = 19, channel 11, BW20, bssid = 10:5f:02:75:27:1e[0m
[0;32mI (9820) wifi:security: WPA2-PSK, phy: bgn, rssi: -65[0m
[0;32mI (9840) wifi:pm start, type: 1[0m

[0;32mI (9840) wifi:dp: 1, bi: 102400, li: 3, scale listen interval from 307200 us to 307200 us[0m
[0;32mI (9840) WIFI: Connected to SSID:NamTrung, channel:11[0m
[0;32mI (9910) wifi:AP's beacon interval = 102400 us, DTIM period = 1[0m
[0;32mI (10860) esp_netif_handlers: sta ip: 10.10.1.28, mask: 255.255.252.0, gw: 10.10.1.1[0m
[0;32mI (10860) WIFI: WiFi connected, got IP[0m
[0;32mI (11930) MQTT: Registered device with WiFi STA MAC: {"device_id":"A8:42:E3:4C:7C:BC","status":"offline"}[0m
[0;32mI (11930) MQTT: MQTT initialized[0m
[0;32mI (11950) NVS_UTILS: Read status successfully: SO DANG GOI[0m
[0;32mI (11970) wifi:<ba-add>idx:0 (ifx:0, 10:5f:02:75:27:1e), tid:7, ssn:5, winSize:64[0m
[0;32mI (11970) wifi:<ba-add>idx:1 (ifx:0, 10:5f:02:75:27:1e), tid:0, ssn:1, winSize:64[0m
[0;32mI (11990) LED: LED ON[0m
[0;32mI (11990) MQTT: MQTT connected[0m
[0;32mI (12220) MQTT: MQTT_EVENT_DATA[0m
[0;32mI (12230) MQTT: MQTT_EVENT_DATA[0m
[0;32mI (12230) MQTT: Processing topic: device/list[0m
[0;32mI (12230) MQTT: Processing topic data: [{"id":"94:E6:86:09:A4:78","name":"2"},{"id":"A8:42:E3:4C:7C:BC","name":"1"},{"id":"R1:42:E3:4C:7C:BC","name":"3"},{"id":"R2:42:E3:4C:7C:BC","name":"4"}][0m
[0;32mI (12240) MQTT: [{"id":"94:E6:86:09:A4:78","name":"2"},{"id":"A8:42:E3:4C:7C:BC","name":"1"},{"id":"R1:42:E3:4C:7C:BC","name":"3"},{"id":"R2:42:E3:4C:7C:BC","name":"4"}][0m
[0;32mI (12260) MQTT: Extracted counter ID: 2 from name: 2[0m
[0;32mI (12260) MAC_UTILS: WiFi STA MAC: A8:42:E3:4C:7C:BC[0m
[0;32mI (12270) NVS_UTILS: Read user ID successfully: 01[0m
[0;32mI (12270) MAC_UTILS: Loaded user_id from NVS: 01[0m
[0;32mI (12270) MQTT: Extracted counter ID: 1 from name: 1[0m
[0;32mI (12280) MAC_UTILS: WiFi STA MAC: A8:42:E3:4C:7C:BC[0m
[0;32mI (12280) NVS_UTILS: Read user ID successfully: 01[0m
[0;32mI (12290) MAC_UTILS: Loaded user_id from NVS: 01[0m
[0;32mI (12290) MQTT: Found current device (MAC match): A8:42:E3:4C:7C:BC[0m
[0;32mI (12300) NVS_UTILS: User ID saved successfully: 01[0m
[0;32mI (12300) MQTT: Extracted counter ID: 3 from name: 3[0m
[0;32mI (12310) MAC_UTILS: WiFi STA MAC: A8:42:E3:4C:7C:BC[0m
[0;32mI (12310) NVS_UTILS: Read user ID successfully: 01[0m
[0;32mI (12320) MAC_UTILS: Loaded user_id from NVS: 01[0m
[0;32mI (12320) MQTT: Extracted counter ID: 4 from name: 4[0m
[0;32mI (12330) MAC_UTILS: WiFi STA MAC: A8:42:E3:4C:7C:BC[0m
[0;32mI (12330) NVS_UTILS: Read user ID successfully: 01[0m
[0;32mI (12340) MAC_UTILS: Loaded user_id from NVS: 01[0m
[0;32mI (12340) MQTT: Device list updated: 4 devices[0m
[0;32mI (12340) MQTT: Sorted device list successfully[0m
[0;32mI (12370) MQTT: Processing topic: service/list[0m
[0;32mI (12370) MQTT: Processing topic data: [{"id":7,"name":"Giao dich duoi 1 ty"},{"id":1,"name":"Giao dich tren 1 ty"},{"id":9,"name":"Giao dich khac"},{"id":10,"name":"Lay so cho vui"}][0m
[0;32mI (12370) MQTT: [{"id":7,"name":"Giao dich duoi 1 ty"},{"id":1,"name":"Giao dich tren 1 ty"},{"id":9,"name":"Giao dich khac"},{"id":10,"name":"Lay so cho vui"}][0m
[0;32mI (12400) MQTT: Service list updated: 4 services[0m
[0;32mI (13410) MQTT: MQTT_EVENT_DATA[0m
[0;32mI (13410) MQTT: Processing topic: responsenumber[0m
[0;32mI (13410) MQTT: Processing topic data: {"device_id":"94:E6:86:09:A4:78","number":"1060","service_name":"Giao dich tren 1 ty","device_name":"2"}[0m
[0;32mI (21410) MQTT: MQTT_EVENT_DATA[0m
[0;32mI (21410) MQTT: Processing topic: responsenumber[0m
[0;32mI (21410) MQTT: Processing topic data: {"device_id":"R1:42:E3:4C:7C:BC","number":"3053","service_name":"Giao dich khac","device_name":"3"}[0m
[0;33mW (22470) NVS_UTILS: Failed to open NVS handle for user_pass: ESP_ERR_NVS_NOT_FOUND[0m
[0;32mI (22470) NVS_UTILS: User PASS saved successfully: 2222[0m
[0;32mI (30910) MQTT: MQTT_EVENT_DATA[0m
[0;32mI (30910) MQTT: Processing topic: responsenumber[0m
[0;32mI (30910) MQTT: Processing topic data: {"device_id":"94:E6:86:09:A4:78","number":"1061","service_name":"Giao dich tren 1 ty","device_name":"2"}[0m
[0;32mI (34770) NVS_UTILS: Read user ID successfully: 2222[0m
[0;32mI (37570) MQTT: MQTT_EVENT_DATA[0m
[0;32mI (37570) MQTT: Processing topic: responsenumber[0m
[0;32mI (37570) MQTT: Processing topic data: {"device_id":"94:E6:86:09:A4:78","number":"1062","service_name":"Giao dich tren 1 ty","device_name":"2"}[0m
[0;32mI (38970) NVS_UTILS: Read user ID successfully: 2222[0m
[0;32mI (40250) MQTT: MQTT_EVENT_DATA[0m
[0;32mI (40250) MQTT: Processing topic: responsenumber[0m
[0;32mI (40250) MQTT: Processing topic data: {"device_id":"A8:42:E3:4C:7C:BC","number":"4062","service_name":"Lay so cho vui","device_name":"1"}[0m
[0;32mI (40260) NVS_UTILS: Status saved successfully: SO DANG GOI[0m
[0;32mI (40280) NVS_UTILS: current number saved successfully![0m
[0;32mI (44860) MQTT: MQTT_EVENT_DATA[0m
[0;32mI (44860) MQTT: Processing topic: responsenumber[0m
[0;32mI (44860) MQTT: Processing topic data: {"device_id":"94:E6:86:09:A4:78","number":"3054","service_name":"Giao dich khac","device_name":"2"}[0m
[0;32mI (53750) MQTT: MQTT_EVENT_DATA[0m
[0;32mI (53750) MQTT: Processing topic: responsenumber[0m
[0;32mI (53750) MQTT: Processing topic data: {"device_id":"R1:42:E3:4C:7C:BC","number":"3055","service_name":"Giao dich khac","device_name":"3"}[0m
[0;32mI (63780) MQTT: MQTT_EVENT_DATA[0m
[0;32mI (63780) MQTT: Processing topic: responsenumber[0m
[0;32mI (63780) MQTT: Processing topic data: {"device_id":"R1:42:E3:4C:7C:BC","number":"3056","service_name":"Giao dich khac","device_name":"3"}[0m
[0;32mI (71890) MQTT: MQTT_EVENT_DATA[0m
[0;32mI (71900) MQTT: Processing topic: responsenumber[0m
[0;32mI (71900) MQTT: Processing topic data: {"device_id":"94:E6:86:09:A4:78","number":"1063","service_name":"Giao dich tren 1 ty","device_name":"2"}[0m
[0;32mI (76900) MQTT: MQTT_EVENT_DATA[0m
[0;32mI (76900) MQTT: Processing topic: responsenumber[0m
[0;32mI (76900) MQTT: Processing topic data: {"device_id":"94:E6:86:09:A4:78","number":"1064","service_name":"Giao dich tren 1 ty","device_name":"2"}[0m
[0;32mI (86930) MQTT: MQTT_EVENT_DATA[0m
[0;32mI (86930) MQTT: Processing topic: responsenumber[0m
[0;32mI (86930) MQTT: Processing topic data: {"device_id":"A8:42:E3:4C:7C:BC","number":"4063","service_name":"Lay so cho vui","device_name":"1"}[0m
[0;32mI (86940) NVS_UTILS: Status saved successfully: SO DANG GOI[0m
[0;32mI (86950) NVS_UTILS: current number saved successfully![0m
[0;32mI (95010) MQTT: MQTT_EVENT_DATA[0m
[0;32mI (95020) MQTT: Processing topic: responsenumber[0m
[0;32mI (95020) MQTT: Processing topic data: {"device_id":"A8:42:E3:4C:7C:BC","number":"2076","service_name":"Giao dich duoi 1 ty","device_name":"1"}[0m
[0;32mI (95030) NVS_UTILS: Status saved successfully: SO DANG GOI[0m
[0;32mI (95050) NVS_UTILS: current number saved successfully![0m
[0;32mI (103100) MQTT: MQTT_EVENT_DATA[0m
[0;32mI (103100) MQTT: Processing topic: responsenumber[0m
[0;32mI (103100) MQTT: Processing topic data: {"device_id":"R2:42:E3:4C:7C:BC","number":"4064","service_name":"Lay so cho vui","device_name":"4"}[0m
[0;32mI (111090) MQTT: MQTT_EVENT_DATA[0m
[0;32mI (111090) MQTT: Processing topic: responsenumber[0m
[0;32mI (111090) MQTT: Processing topic data: {"device_id":"94:E6:86:09:A4:78","number":"3057","service_name":"Giao dich khac","device_name":"2"}[0m
[0;32mI (116440) MQTT: MQTT_EVENT_DATA[0m
[0;32mI (116440) MQTT: Processing topic: responsenumber[0m
[0;32mI (116440) MQTT: Processing topic data: {"device_id":"R1:42:E3:4C:7C:BC","number":"3058","service_name":"Giao dich khac","device_name":"3"}[0m
[0;32mI (121230) MQTT: MQTT_EVENT_DATA[0m
[0;32mI (121240) MQTT: Processing topic: responsenumber[0m
[0;32mI (121240) MQTT: Processing topic data: {"device_id":"R1:42:E3:4C:7C:BC","number":"3059","service_name":"Giao dich khac","device_name":"3"}[0m
