Command: D:\ESP32_IDF\Espressif\python_env\idf5.5_py3.11_env\Scripts\python.exe D:\ESP32_IDF\Espressif\frameworks\esp-idf-v5.5\tools/idf_monitor.py -p COM3 -b 115200 --toolchain-prefix xtensa-esp32-elf- --target esp32 --revision 0 D:\ESP32_IDF\Espressif\frameworks\esp-idf-v5.5\examples\get-started\agribank demo\build\hello_world.elf D:\ESP32_IDF\Espressif\frameworks\esp-idf-v5.5\examples\get-started\agribank demo\build\bootloader\bootloader.elf --force-color -m 'D:\ESP32_IDF\Espressif\python_env\idf5.5_py3.11_env\Scripts\python.exe' 'D:\ESP32_IDF\Espressif\frameworks\esp-idf-v5.5\tools\idf.py' '-p' 'COM3'
ï¿½&S	ï¿½ï¿½Ñ¹esp32: SPI Speed    ï¿½ets Jul 29 2019 12:21:46

rst:0x1 (POWERON_RESET),boot:0x13 (SPI_FAST_FLASH_BOOT)
configsip: 0, SPIWP:0xee
clk_drv:0x00,q_drv:0x00,d_drv:0x00,cs0_drv:0x00,hd_drv:0x00,wp_drv:0x00
mode:DIO, clock div:2
load:0x3fff0030,len:6380
ho 0 tail 12 room 4
load:0x40078000,len:15916
load:0x40080400,len:3860
entry 0x40080638
[0;32mI (29) boot: ESP-IDF v5.5-dirty 2nd stage bootloader[0m
[0;32mI (29) boot: compile time Nov  1 2025 10:14:38[0m
[0;32mI (29) boot: Multicore bootloader[0m
[0;32mI (31) boot: chip revision: v3.0[0m
[0;32mI (34) boot.esp32: SPI Speed      : 40MHz[0m
[0;32mI (37) boot.esp32: SPI Mode       : DIO[0m
[0;32mI (41) boot.esp32: SPI Flash Size : 2MB[0m
[0;32mI (45) boot: Enabling RNG early entropy source...[0m
[0;32mI (49) boot: Partition Table:[0m
[0;32mI (52) boot: ## Label            Usage          Type ST Offset   Length[0m
[0;32mI (58) boot:  0 nvs              WiFi data        01 02 00009000 00006000[0m
[0;32mI (65) boot:  1 phy_init         RF data          01 01 0000f000 00001000[0m
[0;32mI (71) boot:  2 factory          factory app      00 00 00010000 00100000[0m
[0;32mI (78) boot: End of partition table[0m
[0;32mI (81) esp_image: segment 0: paddr=00010020 vaddr=3f400020 size=20448h (132168) map[0m
[0;32mI (134) esp_image: segment 1: paddr=00030470 vaddr=3ff80000 size=00020h (    32) load[0m
[0;32mI (134) esp_image: segment 2: paddr=00030498 vaddr=3ffb0000 size=03fb8h ( 16312) load[0m
[0;32mI (143) esp_image: segment 3: paddr=00034458 vaddr=40080000 size=0bbc0h ( 48064) load[0m
[0;32mI (164) esp_image: segment 4: paddr=00040020 vaddr=400d0020 size=a5928h (678184) map[0m
[0;32mI (396) esp_image: segment 5: paddr=000e5950 vaddr=4008bbc0 size=0d860h ( 55392) load[0m
[0;32mI (430) boot: Loaded app from partition at offset 0x10000[0m
[0;32mI (430) boot: Disabling RNG early entropy source...[0m
[0;32mI (440) cpu_start: Multicore app[0m
[0;32mI (449) cpu_start: Pro cpu start user code[0m
[0;32mI (449) cpu_start: cpu freq: 160000000 Hz[0m
[0;32mI (449) app_init: Application information:[0m
[0;32mI (449) app_init: Project name:     hello_world[0m
[0;32mI (453) app_init: App version:      e7264df-dirty[0m
[0;32mI (457) app_init: Compile time:     Nov  1 2025 10:15:09[0m
[0;32mI (462) app_init: ELF file SHA256:  d3dda2abd...[0m
[0;32mI (467) app_init: ESP-IDF:          v5.5-dirty[0m
[0;32mI (471) efuse_init: Min chip rev:     v0.0[0m
[0;32mI (475) efuse_init: Max chip rev:     v3.99 [0m
[0;32mI (479) efuse_init: Chip rev:         v3.0[0m
[0;32mI (483) heap_init: Initializing. RAM available for dynamic allocation:[0m
[0;32mI (489) heap_init: At 3FFAE6E0 len 00001920 (6 KiB): DRAM[0m
[0;32mI (494) heap_init: At 3FFB8AA8 len 00027558 (157 KiB): DRAM[0m
[0;32mI (499) heap_init: At 3FFE0440 len 00003AE0 (14 KiB): D/IRAM[0m
[0;32mI (505) heap_init: At 3FFE4350 len 0001BCB0 (111 KiB): D/IRAM[0m
[0;32mI (510) heap_init: At 40099420 len 00006BE0 (26 KiB): IRAM[0m
[0;32mI (517) spi_flash: detected chip: generic[0m
[0;32mI (519) spi_flash: flash io: dio[0m
[0;33mW (522) spi_flash: Detected size(4096k) larger than the size in the binary image header(2048k). Using the size in the binary image header.[0m
[0;33mW (534) i2c: This driver is an old driver, please migrate your application code to adapt `driver/i2c_master.h`[0m
[0;32mI (545) main_task: Started on CPU0[0m
[0;32mI (555) main_task: Calling app_main()[0m
[0;32mI (555) KEYPAD: LED initialized on GPIO 2[0m
[0;32mI (555) KEYPAD: LED OFF[0m
[0;32mI (555) KEYPAD: I2C initialized successfully[0m
[0;32mI (2165) KEYPAD: Starting keypad MQTT application[0m
[0;32mI (2165) KEYPAD: WiFi STA MAC: A8:42:E3:4C:7C:BC[0m
[0;32mI (2195) wifi:wifi driver task: 3ffc0d1c, prio:23, stack:6656, core=0[0m
[0;32mI (2205) wifi:wifi firmware version: f3dbad7[0m
[0;32mI (2205) wifi:wifi certification version: v7.0[0m
[0;32mI (2205) wifi:config NVS flash: enabled[0m
[0;32mI (2205) wifi:config nano formatting: disabled[0m
[0;32mI (2215) wifi:Init data frame dynamic rx buffer num: 32[0m
[0;32mI (2215) wifi:Init static rx mgmt buffer num: 5[0m
[0;32mI (2225) wifi:Init management short buffer num: 32[0m
[0;32mI (2225) wifi:Init dynamic tx buffer num: 32[0m
[0;32mI (2225) wifi:Init static rx buffer size: 1600[0m
[0;32mI (2235) wifi:Init static rx buffer num: 10[0m
[0;32mI (2235) wifi:Init dynamic rx buffer num: 32[0m
[0;32mI (2245) wifi_init: rx ba win: 6[0m
[0;32mI (2245) wifi_init: accept mbox: 6[0m
[0;32mI (2245) wifi_init: tcpip mbox: 32[0m
[0;32mI (2255) wifi_init: udp mbox: 6[0m
[0;32mI (2255) wifi_init: tcp mbox: 6[0m
[0;32mI (2255) wifi_init: tcp tx win: 5760[0m
[0;32mI (2255) wifi_init: tcp rx win: 5760[0m
[0;32mI (2265) wifi_init: tcp mss: 1440[0m
[0;32mI (2265) wifi_init: WiFi IRAM OP enabled[0m
[0;32mI (2265) wifi_init: WiFi RX IRAM OP enabled[0m
[0;32mI (2315) phy_init: phy_version 4860,6b7a6e5,Feb  6 2025,14:47:07[0m
[0;32mI (2405) wifi:mode : sta (a8:42:e3:4c:7c:bc)[0m
[0;32mI (2405) wifi:enable tsf[0m
[0;32mI (2405) KEYPAD: WiFi initialized[0m
[1;31mE (2405) task_wdt: esp_task_wdt_reset(707): task not found[0m
[0;32mI (2405) KEYPAD: WiFi STA started[0m
[1;31mE (2415) task_wdt: esp_task_wdt_reset(707): task not found[0m
[0;32mI (2415) KEYPAD: Have a saved wifi network in NVS: Anh Kiet[0m
[0;32mI (2475) wifi:flush txq[0m
[0;32mI (2475) wifi:stop sw txq[0m
[0;32mI (2475) wifi:lmac stop hw txq[0m
[0;32mI (2475) wifi:mode : sta (a8:42:e3:4c:7c:bc)[0m
[0;32mI (2475) wifi:enable tsf[0m
[0;32mI (2485) KEYPAD: WiFi STA started[0m
[1;31mE (2485) wifi:sta is connecting, return error[0m
[0;32mI (2735) wifi:new:<2,0>, old:<1,0>, ap:<255,255>, sta:<2,0>, prof:1, snd_ch_cfg:0x0[0m
[0;32mI (2735) wifi:state: init -> auth (0xb0)[0m
[0;32mI (2765) wifi:state: auth -> assoc (0x0)[0m
[0;32mI (2795) wifi:state: assoc -> run (0x10)[0m
[0;32mI (2895) wifi:connected with Anh Kiet, aid = 7, channel 2, BW20, bssid = cc:71:90:19:d2:f8[0m
[0;32mI (2895) wifi:security: WPA2-PSK, phy: bgn, rssi: -69[0m
[0;32mI (2905) wifi:pm start, type: 1[0m

[0;32mI (2905) wifi:dp: 1, bi: 102400, li: 3, scale listen interval from 307200 us to 307200 us[0m
[0;32mI (2905) KEYPAD: Connected to SSID:Anh Kiet, channel:2[0m
[0;32mI (2945) wifi:AP's beacon interval = 102400 us, DTIM period = 1[0m
[0;32mI (4155) esp_netif_handlers: sta ip: 192.168.1.9, mask: 255.255.255.0, gw: 192.168.1.1[0m
[0;32mI (4155) KEYPAD: WiFi connected, got IP[0m
[0;32mI (5165) KEYPAD: MQTT initialized[0m
[0;32mI (5175) wifi:<ba-add>idx:0 (ifx:0, cc:71:90:19:d2:f8), tid:0, ssn:4, winSize:64[0m
[0;32mI (5195) KEYPAD: Read status successfully: SO DANG GOI[0m
[1;31mE (15175) esp-tls: [sock=54] select() timeout[0m
[1;31mE (15175) transport_base: Failed to open a new connection: 32774[0m
[1;31mE (15175) mqtt_client: Error transport connect[0m
[0;32mI (15175) KEYPAD: MQTT_EVENT_ERROR[0m
[0;32mI (15175) KEYPAD: LED OFF[0m
[0;32mI (15175) KEYPAD: MQTT disconnected[0m
[0;32mI (15185) KEYPAD: LED OFF[0m
[1;31mE (35195) esp-tls: [sock=54] select() timeout[0m
[1;31mE (35195) transport_base: Failed to open a new connection: 32774[0m
[1;31mE (35195) mqtt_client: Error transport connect[0m
[0;32mI (35195) KEYPAD: MQTT_EVENT_ERROR[0m
[0;32mI (35195) KEYPAD: LED OFF[0m
[0;32mI (35195) KEYPAD: MQTT disconnected[0m
[0;32mI (35205) KEYPAD: LED OFF[0m
Key pressed: A
Key pressed: D
Key pressed: 3
Key pressed: D
Key pressed: D
Key pressed: D
Key pressed: D
Key pressed: 6
Key pressed: D
[0;32mI (50545) wifi:state: run -> init (0x0)[0m
[0;32mI (50555) wifi:pm stop, total sleep time: 43109618 us / 47648098 us[0m

[0;32mI (50555) wifi:<ba-del>idx:0, tid:0[0m
[0;32mI (50555) wifi:new:<2,0>, old:<2,0>, ap:<255,255>, sta:<2,0>, prof:1, snd_ch_cfg:0x0[0m
[0;32mI (50575) KEYPAD: STA disconnected, reason=8[0m
[1;31mE (50575) esp-tls: [sock=54] delayed connect error: Software caused connection abort[0m
[0;32mI (50575) mqtt_client: Client asked to disconnect[0m
[1;31mE (50575) transport_base: Failed to open a new connection: 32772[0m
[1;31mE (50605) mqtt_client: Error transport connect[0m
[0;32mI (50605) KEYPAD: MQTT_EVENT_ERROR[0m
[0;32mI (50605) KEYPAD: LED OFF[0m
[0;32mI (50605) KEYPAD: MQTT disconnected[0m
[0;32mI (50615) KEYPAD: LED OFF[0m
[0;33mW (50615) KEYPAD: WiFi connection failed, retry count: 1/5[0m
[1;31mE (50615) wifi:sta is connecting, return error[0m
[0;32mI (53015) KEYPAD: STA disconnected, reason=201[0m
[0;32mI (53015) mqtt_client: Client asked to disconnect[0m
[0;33mW (53015) mqtt_client: Client asked to stop, but was not started[0m
[0;33mW (53025) KEYPAD: WiFi connection failed, retry count: 2/5[0m
[0;32mI (55445) KEYPAD: STA disconnected, reason=201[0m
[0;32mI (55445) mqtt_client: Client asked to disconnect[0m
[0;33mW (55445) mqtt_client: Client asked to stop, but was not started[0m
[0;33mW (55445) KEYPAD: WiFi connection failed, retry count: 3/5[0m
[0;32mI (57865) KEYPAD: STA disconnected, reason=201[0m
[0;32mI (57865) mqtt_client: Client asked to disconnect[0m
[0;33mW (57865) mqtt_client: Client asked to stop, but was not started[0m
[0;33mW (57865) KEYPAD: WiFi connection failed, retry count: 4/5[0m
[0;32mI (60285) KEYPAD: STA disconnected, reason=201[0m
[0;32mI (60295) mqtt_client: Client asked to disconnect[0m
[0;33mW (60295) mqtt_client: Client asked to stop, but was not started[0m
[0;33mW (60295) KEYPAD: WiFi connection failed, retry count: 5/5[0m
[1;31mE (60295) KEYPAD: WiFi connection failed after 5 retries[0m
Key pressed: A
Key pressed: D
Key pressed: *
Key pressed: 2
Key pressed: *
Key pressed: 6
Key pressed: 6
Key pressed: 4
Key pressed: 4
Key pressed: 0
Key pressed: *
Key pressed: 5
Key pressed: 5
Key pressed: *
Key pressed: 4
Key pressed: 4
Key pressed: 4
Key pressed: 3
Key pressed: 3
Key pressed: 8
Key pressed: D
Key pressed: *
Key pressed: 2
Key pressed: *
Key pressed: 6
Key pressed: 6
Key pressed: 4
Key pressed: 4
Key pressed: 9
Key pressed: #
Key pressed: C
Key pressed: 5
Key pressed: 5
Key pressed: 4
Key pressed: 4
Key pressed: 4
Key pressed: 3
Key pressed: 3
Key pressed: 8
Key pressed: 1
Key pressed: 1
Key pressed: 1
Key pressed: 1
Key pressed: 1
Key pressed: 1
Key pressed: 1
Key pressed: 1
Key pressed: 1
Key pressed: 1
Key pressed: 2
Key pressed: 2
Key pressed: 2
Key pressed: 2
Key pressed: 0
Key pressed: 0
Key pressed: 0
Key pressed: 0
Key pressed: 2
Key pressed: 2
Key pressed: 2
Key pressed: 2
Key pressed: D
[0;32mI (213705) wifi:new:<2,0>, old:<2,0>, ap:<255,255>, sta:<2,0>, prof:1, snd_ch_cfg:0x0[0m
[0;32mI (213705) wifi:state: init -> auth (0xb0)[0m
[0;32mI (213725) wifi:state: auth -> assoc (0x0)[0m
[0;32mI (213735) wifi:state: assoc -> run (0x10)[0m
[0;32mI (213845) wifi:connected with Anh Kiet, aid = 5, channel 2, BW20, bssid = cc:71:90:19:d2:f8[0m
[0;32mI (213845) wifi:security: WPA2-PSK, phy: bgn, rssi: -64[0m
[0;32mI (213855) wifi:pm start, type: 1[0m

[0;32mI (213855) KEYPAD: Connected to SSID:Anh Kiet, channel:2[0m
[0;32mI (213885) wifi:AP's beacon interval = 102400 us, DTIM period = 1[0m
[0;32mI (215095) esp_netif_handlers: sta ip: 192.168.1.9, mask: 255.255.255.0, gw: 192.168.1.1[0m
[0;32mI (215095) KEYPAD: WiFi connected, got IP[0m
[0;32mI (215095) KEYPAD: Wi-Fi credentials saved successfully![0m
[0;32mI (216125) mqtt_client: Client asked to disconnect[0m
[0;33mW (216125) mqtt_client: Client asked to stop, but was not started[0m
[0;32mI (216135) wifi:<ba-add>idx:0 (ifx:0, cc:71:90:19:d2:f8), tid:0, ssn:4, winSize:64[0m
[0;32mI (216135) KEYPAD: MQTT initialized[0m
[1;31mE (226145) esp-tls: [sock=54] select() timeout[0m
[1;31mE (226145) transport_base: Failed to open a new connection: 32774[0m
[1;31mE (226145) mqtt_client: Error transport connect[0m
[0;32mI (226145) KEYPAD: MQTT_EVENT_ERROR[0m
[0;32mI (226145) KEYPAD: LED OFF[0m
[0;32mI (226145) KEYPAD: MQTT disconnected[0m
[0;32mI (226155) KEYPAD: LED OFF[0m
Key pressed: B
[0;32mI (237515) KEYPAD: Read status successfully: SO DANG GOI[0m
Key pressed: *
[0;32mI (238985) KEYPAD: Read status successfully: SO DANG GOI[0m
Key pressed: #
[0;32mI (240255) KEYPAD: Read status successfully: SO DANG GOI[0m
Key pressed: D
Key pressed: 6
Key pressed: 6
Key pressed: D
Key pressed: 6
Key pressed: 6
Key pressed: D
[0;33mW (245195) KEYPAD: MQTT not connected[0m
[0;32mI (245195) KEYPAD: Read status successfully: SO DANG GOI[0m
[0;32mI (245195) KEYPAD: Read status successfully: SO DANG GOI[0m
[1;31mE (251165) esp-tls: [sock=54] select() timeout[0m
[1;31mE (251165) transport_base: Failed to open a new connection: 32774[0m
[1;31mE (251165) mqtt_client: Error transport connect[0m
[0;32mI (251165) KEYPAD: MQTT_EVENT_ERROR[0m
[0;32mI (251165) KEYPAD: LED OFF[0m
[0;32mI (251165) KEYPAD: MQTT disconnected[0m
[0;32mI (251175) KEYPAD: LED OFF[0m
ets Jul 29 2019 12:21:46

rst:0x1 (POWERON_RESET),boot:0x13 (SPI_FAST_FLASH_BOOT)
configsip: 0, SPIWP:0xee
clk_drv:0x00,q_drv:0x00,d_drv:0x00,cs0_drv:0x00,hd_drv:0x00,wp_drv:0x00
mode:DIO, clock div:2
load:0x3fff0030,len:6380
ho 0 tail 12 room 4
load:0x40078000,len:15916
load:0x40080400,len:3860
entry 0x40080638
[0;32mI (29) boot: ESP-IDF v5.5-dirty 2nd stage bootloader[0m
[0;32mI (29) boot: compile time Nov  1 2025 10:14:38[0m
[0;32mI (29) boot: Multicore bootloader[0m
[0;32mI (31) boot: chip revision: v3.0[0m
[0;32mI (34) boot.esp32: SPI Speed      : 40MHz[0m
[0;32mI (37) boot.esp32: SPI Mode       : DIO[0m
[0;32mI (41) boot.esp32: SPI Flash Size : 2MB[0m
[0;32mI (45) boot: Enabling RNG early entropy source...[0m
[0;32mI (49) boot: Partition Table:[0m
[0;32mI (52) boot: ## Label            Usage          Type ST Offset   Length[0m
[0;32mI (58) boot:  0 nvs              WiFi data        01 02 00009000 00006000[0m
[0;32mI (65) boot:  1 phy_init         RF data          01 01 0000f000 00001000[0m
[0;32mI (71) boot:  2 factory          factory app      00 00 00010000 00100000[0m
[0;32mI (78) boot: End of partition table[0m
[0;32mI (81) esp_image: segment 0: paddr=00010020 vaddr=3f400020 size=20448h (132168) map[0m
[0;32mI (134) esp_image: segment 1: paddr=00030470 vaddr=3ff80000 size=00020h (    32) load[0m
[0;32mI (134) esp_image: segment 2: paddr=00030498 vaddr=3ffb0000 size=03fb8h ( 16312) load[0m
[0;32mI (143) esp_image: segment 3: paddr=00034458 vaddr=40080000 size=0bbc0h ( 48064) load[0m
[0;32mI (164) esp_image: segment 4: paddr=00040020 vaddr=400d0020 size=a5928h (678184) map[0m
[0;32mI (396) esp_image: segment 5: paddr=000e5950 vaddr=4008bbc0 size=0d860h ( 55392) load[0m
[0;32mI (430) boot: Loaded app from partition at offset 0x10000[0m
[0;32mI (430) boot: Disabling RNG early entropy source...[0m
[0;32mI (440) cpu_start: Multicore app[0m
[0;32mI (449) cpu_start: Pro cpu start user code[0m
[0;32mI (449) cpu_start: cpu freq: 160000000 Hz[0m
[0;32mI (449) app_init: Application information:[0m
[0;32mI (449) app_init: Project name:     hello_world[0m
[0;32mI (453) app_init: App version:      e7264df-dirty[0m
[0;32mI (457) app_init: Compile time:     Nov  1 2025 10:15:09[0m
[0;32mI (462) app_init: ELF file SHA256:  d3dda2abd...[0m
[0;32mI (467) app_init: ESP-IDF:          v5.5-dirty[0m
[0;32mI (471) efuse_init: Min chip rev:     v0.0[0m
[0;32mI (475) efuse_init: Max chip rev:     v3.99 [0m
[0;32mI (479) efuse_init: Chip rev:         v3.0[0m
[0;32mI (483) heap_init: Initializing. RAM available for dynamic allocation:[0m
[0;32mI (489) heap_init: At 3FFAE6E0 len 00001920 (6 KiB): DRAM[0m
[0;32mI (494) heap_init: At 3FFB8AA8 len 00027558 (157 KiB): DRAM[0m
[0;32mI (499) heap_init: At 3FFE0440 len 00003AE0 (14 KiB): D/IRAM[0m
[0;32mI (505) heap_init: At 3FFE4350 len 0001BCB0 (111 KiB): D/IRAM[0m
[0;32mI (510) heap_init: At 40099420 len 00006BE0 (26 KiB): IRAM[0m
[0;32mI (517) spi_flash: detected chip: generic[0m
[0;32mI (519) spi_flash: flash io: dio[0m
[0;33mW (522) spi_flash: Detected size(4096k) larger than the size in the binary image header(2048k). Using the size in the binary image header.[0m
[0;33mW (534) i2c: This driver is an old driver, please migrate your application code to adapt `driver/i2c_master.h`[0m
[0;32mI (545) main_task: Started on CPU0[0m
[0;32mI (555) main_task: Calling app_main()[0m
[0;32mI (555) KEYPAD: LED initialized on GPIO 2[0m
[0;32mI (555) KEYPAD: LED OFF[0m
[0;32mI (555) KEYPAD: I2C initialized successfully[0m
[0;32mI (2165) KEYPAD: Starting keypad MQTT application[0m
[0;32mI (2165) KEYPAD: WiFi STA MAC: A8:42:E3:4C:7C:BC[0m
[0;32mI (2195) wifi:wifi driver task: 3ffc0d1c, prio:23, stack:6656, core=0[0m
[0;32mI (2205) wifi:wifi firmware version: f3dbad7[0m
[0;32mI (2205) wifi:wifi certification version: v7.0[0m
[0;32mI (2205) wifi:config NVS flash: enabled[0m
[0;32mI (2205) wifi:config nano formatting: disabled[0m
[0;32mI (2215) wifi:Init data frame dynamic rx buffer num: 32[0m
[0;32mI (2215) wifi:Init static rx mgmt buffer num: 5[0m
[0;32mI (2225) wifi:Init management short buffer num: 32[0m
[0;32mI (2225) wifi:Init dynamic tx buffer num: 32[0m
[0;32mI (2225) wifi:Init static rx buffer size: 1600[0m
[0;32mI (2235) wifi:Init static rx buffer num: 10[0m
[0;32mI (2235) wifi:Init dynamic rx buffer num: 32[0m
[0;32mI (2245) wifi_init: rx ba win: 6[0m
[0;32mI (2245) wifi_init: accept mbox: 6[0m
[0;32mI (2245) wifi_init: tcpip mbox: 32[0m
[0;32mI (2255) wifi_init: udp mbox: 6[0m
[0;32mI (2255) wifi_init: tcp mbox: 6[0m
[0;32mI (2255) wifi_init: tcp tx win: 5760[0m
[0;32mI (2255) wifi_init: tcp rx win: 5760[0m
[0;32mI (2265) wifi_init: tcp mss: 1440[0m
[0;32mI (2265) wifi_init: WiFi IRAM OP enabled[0m
[0;32mI (2265) wifi_init: WiFi RX IRAM OP enabled[0m
[0;32mI (2325) phy_init: phy_version 4860,6b7a6e5,Feb  6 2025,14:47:07[0m
[0;32mI (2405) wifi:mode : sta (a8:42:e3:4c:7c:bc)[0m
[0;32mI (2405) wifi:enable tsf[0m
[0;32mI (2405) KEYPAD: WiFi initialized[0m
[1;31mE (2405) task_wdt: esp_task_wdt_reset(707): task not found[0m
[0;32mI (2405) KEYPAD: WiFi STA started[0m
[1;31mE (2415) task_wdt: esp_task_wdt_reset(707): task not found[0m
[0;32mI (2415) KEYPAD: Have a saved wifi network in NVS: Anh Kiet[0m
[0;32mI (2465) wifi:flush txq[0m
[0;32mI (2465) wifi:stop sw txq[0m
[0;32mI (2465) wifi:lmac stop hw txq[0m
[0;32mI (2475) wifi:mode : sta (a8:42:e3:4c:7c:bc)[0m
[0;32mI (2475) wifi:enable tsf[0m
[0;32mI (2475) KEYPAD: WiFi STA started[0m
[1;31mE (2475) wifi:sta is connecting, return error[0m
[0;32mI (2735) wifi:new:<2,0>, old:<1,0>, ap:<255,255>, sta:<2,0>, prof:1, snd_ch_cfg:0x0[0m
[0;32mI (2735) wifi:state: init -> auth (0xb0)[0m
[0;32mI (2775) wifi:state: auth -> assoc (0x0)[0m
[0;32mI (2845) wifi:state: assoc -> run (0x10)[0m
[0;32mI (2965) wifi:connected with Anh Kiet, aid = 5, channel 2, BW20, bssid = cc:71:90:19:d2:f8[0m
[0;32mI (2965) wifi:security: WPA2-PSK, phy: bgn, rssi: -65[0m
[0;32mI (2985) wifi:pm start, type: 1[0m

[0;32mI (2985) wifi:dp: 1, bi: 102400, li: 3, scale listen interval from 307200 us to 307200 us[0m
[0;32mI (2985) wifi:AP's beacon interval = 102400 us, DTIM period = 1[0m
[0;32mI (2995) KEYPAD: Connected to SSID:Anh Kiet, channel:2[0m
[0;32mI (4315) esp_netif_handlers: sta ip: 192.168.1.9, mask: 255.255.255.0, gw: 192.168.1.1[0m
[0;32mI (4315) KEYPAD: WiFi connected, got IP[0m
[0;32mI (5315) KEYPAD: MQTT initialized[0m
[0;32mI (5335) wifi:<ba-add>idx:0 (ifx:0, cc:71:90:19:d2:f8), tid:0, ssn:5, winSize:64[0m
[0;32mI (5345) KEYPAD: Read status successfully: SO DANG GOI[0m
[1;31mE (15325) esp-tls: [sock=54] select() timeout[0m
[1;31mE (15325) transport_base: Failed to open a new connection: 32774[0m
[1;31mE (15325) mqtt_client: Error transport connect[0m
[0;32mI (15325) KEYPAD: MQTT_EVENT_ERROR[0m
[0;32mI (15325) KEYPAD: LED OFF[0m
[0;32mI (15325) KEYPAD: MQTT disconnected[0m
[0;32mI (15335) KEYPAD: LED OFF[0m
[1;31mE (35345) esp-tls: [sock=54] select() timeout[0m
[1;31mE (35345) transport_base: Failed to open a new connection: 32774[0m
[1;31mE (35345) mqtt_client: Error transport connect[0m
[0;32mI (35345) KEYPAD: MQTT_EVENT_ERROR[0m
[0;32mI (35345) KEYPAD: LED OFF[0m
[0;32mI (35355) KEYPAD: MQTT disconnected[0m
[0;32mI (35355) KEYPAD: LED OFF[0m
[1;31mE (60365) esp-tls: [sock=54] select() timeout[0m
[1;31mE (60365) transport_base: Failed to open a new connection: 32774[0m
[1;31mE (60365) mqtt_client: Error transport connect[0m
[0;32mI (60365) KEYPAD: MQTT_EVENT_ERROR[0m
[0;32mI (60365) KEYPAD: LED OFF[0m
[0;32mI (60365) KEYPAD: MQTT disconnected[0m
[0;32mI (60375) KEYPAD: LED OFF[0m
[1;31mE (80385) esp-tls: [sock=54] select() timeout[0m
[1;31mE (80385) transport_base: Failed to open a new connection: 32774[0m
[1;31mE (80385) mqtt_client: Error transport connect[0m
[0;32mI (80385) KEYPAD: MQTT_EVENT_ERROR[0m
[0;32mI (80385) KEYPAD: LED OFF[0m
[0;32mI (80395) KEYPAD: MQTT disconnected[0m
[0;32mI (80395) KEYPAD: LED OFF[0m
