Command: D:\ESP32_IDF\Espressif\python_env\idf5.5_py3.11_env\Scripts\python.exe D:\ESP32_IDF\Espressif\frameworks\esp-idf-v5.5\tools/idf_monitor.py -p COM3 -b 115200 --toolchain-prefix xtensa-esp32-elf- --target esp32 --revision 0 D:\ESP32_IDF\Espressif\frameworks\esp-idf-v5.5\examples\get-started\agribank demo\build\hello_world.elf D:\ESP32_IDF\Espressif\frameworks\esp-idf-v5.5\examples\get-started\agribank demo\build\bootloader\bootloader.elf --force-color -m 'D:\ESP32_IDF\Espressif\python_env\idf5.5_py3.11_env\Scripts\python.exe' 'D:\ESP32_IDF\Espressif\frameworks\esp-idf-v5.5\tools\idf.py' '-p' 'COM3'
	iï¿½Jï¿½ï¿½Ñ¹esp32: ï¿½ets Jul 29 2019 12:21:46

rst:0x1 (POWERON_RESET),boot:0x13 (SPI_FAST_FLASH_BOOT)
configsip: 0, SPIWP:0xee
clk_drv:0x00,q_drv:0x00,d_drv:0x00,cs0_drv:0x00,hd_drv:0x00,wp_drv:0x00
mode:DIO, clock div:2
load:0x3fff0030,len:6380
ho 0 tail 12 room 4
load:0x40078000,len:15916
load:0x40080400,len:3860
entry 0x40080638
[0;32mI (29) boot: ESP-IDF v5.5-dirty 2nd stage bootloader[0m
[0;32mI (29) boot: compile time Nov  3 2025 10:07:42[0m
[0;32mI (29) boot: Multicore bootloader[0m
[0;32mI (31) boot: chip revision: v3.0[0m
[0;32mI (34) boot.esp32: SPI Speed      : 40MHz[0m
[0;32mI (37) boot.esp32: SPI Mode       : DIO[0m
[0;32mI (41) boot.esp32: SPI Flash Size : 2MB[0m
[0;32mI (45) boot: Enabling RNG early entropy source...[0m
[0;32mI (49) boot: Partition Table:[0m
[0;32mI (52) boot: ## Label            Usage          Type ST Offset   Length[0m
[0;32mI (58) boot:  0 nvs              WiFi data        01 02 00009000 00006000[0m
[0;32mI (65) boot:  1 phy_init         RF data          01 01 0000f000 00001000[0m
[0;32mI (71) boot:  2 factory          factory app      00 00 00010000 00100000[0m
[0;32mI (78) boot: End of partition table[0m
[0;32mI (81) esp_image: segment 0: paddr=00010020 vaddr=3f400020 size=204d8h (132312) map[0m
[0;32mI (134) esp_image: segment 1: paddr=00030500 vaddr=3ff80000 size=00020h (    32) load[0m
[0;32mI (134) esp_image: segment 2: paddr=00030528 vaddr=3ffb0000 size=03fb8h ( 16312) load[0m
[0;32mI (144) esp_image: segment 3: paddr=000344e8 vaddr=40080000 size=0bb30h ( 47920) load[0m
[0;32mI (164) esp_image: segment 4: paddr=00040020 vaddr=400d0020 size=a5b84h (678788) map[0m
[0;32mI (396) esp_image: segment 5: paddr=000e5bac vaddr=4008bb30 size=0d8f0h ( 55536) load[0m
[0;32mI (430) boot: Loaded app from partition at offset 0x10000[0m
[0;32mI (430) boot: Disabling RNG early entropy source...[0m
[0;32mI (440) cpu_start: Multicore app[0m
[0;32mI (449) cpu_start: Pro cpu start user code[0m
[0;32mI (449) cpu_start: cpu freq: 160000000 Hz[0m
[0;32mI (449) app_init: Application information:[0m
[0;32mI (449) app_init: Project name:     hello_world[0m
[0;32mI (453) app_init: App version:      e7264df-dirty[0m
[0;32mI (458) app_init: Compile time:     Nov  3 2025 10:07:16[0m
[0;32mI (463) app_init: ELF file SHA256:  99c42ac97...[0m
[0;32mI (467) app_init: ESP-IDF:          v5.5-dirty[0m
[0;32mI (471) efuse_init: Min chip rev:     v0.0[0m
[0;32mI (475) efuse_init: Max chip rev:     v3.99 [0m
[0;32mI (479) efuse_init: Chip rev:         v3.0[0m
[0;32mI (483) heap_init: Initializing. RAM available for dynamic allocation:[0m
[0;32mI (489) heap_init: At 3FFAE6E0 len 00001920 (6 KiB): DRAM[0m
[0;32mI (494) heap_init: At 3FFB8AB0 len 00027550 (157 KiB): DRAM[0m
[0;32mI (499) heap_init: At 3FFE0440 len 00003AE0 (14 KiB): D/IRAM[0m
[0;32mI (505) heap_init: At 3FFE4350 len 0001BCB0 (111 KiB): D/IRAM[0m
[0;32mI (510) heap_init: At 40099420 len 00006BE0 (26 KiB): IRAM[0m
[0;32mI (517) spi_flash: detected chip: generic[0m
[0;32mI (519) spi_flash: flash io: dio[0m
[0;33mW (522) spi_flash: Detected size(4096k) larger than the size in the binary image header(2048k). Using the size in the binary image header.[0m
[0;33mW (535) i2c: This driver is an old driver, please migrate your application code to adapt `driver/i2c_master.h`[0m
[0;32mI (545) main_task: Started on CPU0[0m
[0;32mI (555) main_task: Calling app_main()[0m
[0;32mI (555) KEYPAD: LED initialized on GPIO 2[0m
[0;32mI (555) KEYPAD: LED OFF[0m
[0;32mI (555) KEYPAD: I2C initialized successfully[0m
[0;32mI (2165) KEYPAD: Starting keypad MQTT application[0m
[0;32mI (2165) KEYPAD: WiFi STA MAC: A8:42:E3:4C:7C:BC[0m
[0;32mI (2205) wifi:wifi driver task: 3ffc1624, prio:23, stack:6656, core=0[0m
[0;32mI (2215) wifi:wifi firmware version: f3dbad7[0m
[0;32mI (2215) wifi:wifi certification version: v7.0[0m
[0;32mI (2215) wifi:config NVS flash: enabled[0m
[0;32mI (2215) wifi:config nano formatting: disabled[0m
[0;32mI (2225) wifi:Init data frame dynamic rx buffer num: 32[0m
[0;32mI (2225) wifi:Init static rx mgmt buffer num: 5[0m
[0;32mI (2235) wifi:Init management short buffer num: 32[0m
[0;32mI (2235) wifi:Init dynamic tx buffer num: 32[0m
[0;32mI (2235) wifi:Init static rx buffer size: 1600[0m
[0;32mI (2245) wifi:Init static rx buffer num: 10[0m
[0;32mI (2245) wifi:Init dynamic rx buffer num: 32[0m
[0;32mI (2255) wifi_init: rx ba win: 6[0m
[0;32mI (2255) wifi_init: accept mbox: 6[0m
[0;32mI (2255) wifi_init: tcpip mbox: 32[0m
[0;32mI (2265) wifi_init: udp mbox: 6[0m
[0;32mI (2265) wifi_init: tcp mbox: 6[0m
[0;32mI (2265) wifi_init: tcp tx win: 5760[0m
[0;32mI (2265) wifi_init: tcp rx win: 5760[0m
[0;32mI (2275) wifi_init: tcp mss: 1440[0m
[0;32mI (2275) wifi_init: WiFi IRAM OP enabled[0m
[0;32mI (2275) wifi_init: WiFi RX IRAM OP enabled[0m
[0;32mI (2325) phy_init: phy_version 4860,6b7a6e5,Feb  6 2025,14:47:07[0m
[0;32mI (2415) phy_init: Saving new calibration data due to checksum failure or outdated calibration data, mode(0)[0m
[0;32mI (2455) wifi:mode : sta (a8:42:e3:4c:7c:bc)[0m
[0;32mI (2455) wifi:enable tsf[0m
[0;32mI (2455) KEYPAD: WiFi initialized[0m
[1;31mE (2465) task_wdt: esp_task_wdt_reset(707): task not found[0m
[0;32mI (2465) KEYPAD: WiFi STA started[0m
[1;31mE (2465) task_wdt: esp_task_wdt_reset(707): task not found[0m
[0;32mI (2475) KEYPAD: Have a saved wifi network in NVS: NamTrung[0m
[0;32mI (2525) wifi:flush txq[0m
[0;32mI (2525) wifi:stop sw txq[0m
[0;32mI (2525) wifi:lmac stop hw txq[0m
[0;32mI (2525) wifi:mode : sta (a8:42:e3:4c:7c:bc)[0m
[0;32mI (2525) wifi:enable tsf[0m
[0;32mI (2525) KEYPAD: WiFi STA started[0m
[1;31mE (2535) wifi:sta is connecting, return error[0m
[0;32mI (2805) wifi:new:<6,0>, old:<1,0>, ap:<255,255>, sta:<6,0>, prof:1, snd_ch_cfg:0x0[0m
[0;32mI (2815) wifi:state: init -> auth (0xb0)[0m
[0;32mI (2825) wifi:state: auth -> assoc (0x0)[0m
[0;32mI (2835) wifi:state: assoc -> run (0x10)[0m
[0;32mI (2885) wifi:connected with NamTrung, aid = 23, channel 6, BW20, bssid = 10:5f:02:75:1e:9a[0m
[0;32mI (2885) wifi:security: WPA2-PSK, phy: bgn, rssi: -57[0m
[0;32mI (2905) wifi:pm start, type: 1[0m

[0;32mI (2905) wifi:dp: 1, bi: 102400, li: 3, scale listen interval from 307200 us to 307200 us[0m
[0;32mI (2905) KEYPAD: Connected to SSID:NamTrung, channel:6[0m
[0;32mI (2945) wifi:AP's beacon interval = 102400 us, DTIM period = 1[0m
[0;32mI (3595) wifi:<ba-add>idx:0 (ifx:0, 10:5f:02:75:1e:9a), tid:0, ssn:1, winSize:64[0m
[0;32mI (3925) esp_netif_handlers: sta ip: 10.10.1.34, mask: 255.255.252.0, gw: 10.10.1.1[0m
[0;32mI (3925) KEYPAD: WiFi connected, got IP[0m
[0;32mI (4425) wifi:<ba-add>idx:1 (ifx:0, 10:5f:02:75:1e:9a), tid:7, ssn:14, winSize:64[0m
[0;32mI (4925) KEYPAD: MQTT initialized[0m
[0;32mI (4945) KEYPAD: Read status successfully: SO DANG GOI[0m
[0;32mI (5025) KEYPAD: LED ON[0m
[0;32mI (5025) KEYPAD: MQTT connected[0m
[0;32mI (5335) KEYPAD: MQTT_EVENT_DATA[0m
[0;32mI (5335) KEYPAD: Processing topic: device/list[0m
[0;32mI (5335) KEYPAD: Device list updated: 7 devices[0m
[0;32mI (5345) KEYPAD: MQTT_EVENT_DATA[0m
[0;32mI (5355) KEYPAD: Processing topic: service/list[0m
[0;32mI (5355) KEYPAD: Service list updated: 6 services[0m
ets Jul 29 2019 12:21:46

rst:0x1 (POWERON_RESET),boot:0x13 (SPI_FAST_FLASH_BOOT)
configsip: 0, SPIWP:0xee
clk_drv:0x00,q_drv:0x00,d_drv:0x00,cs0_drv:0x00,hd_drv:0x00,wp_drv:0x00
mode:DIO, clock div:2
load:0x3fff0030,len:6380
ho 0 tail 12 room 4
load:0x40078000,len:15916
load:0x40080400,len:3860
entry 0x40080638
[0;32mI (29) boot: ESP-IDF v5.5-dirty 2nd stage bootloader[0m
[0;32mI (29) boot: compile time Nov  3 2025 10:07:42[0m
[0;32mI (29) boot: Multicore bootloader[0m
[0;32mI (31) boot: chip revision: v3.0[0m
[0;32mI (34) boot.esp32: SPI Speed      : 40MHz[0m
[0;32mI (37) boot.esp32: SPI Mode       : DIO[0m
[0;32mI (41) boot.esp32: SPI Flash Size : 2MB[0m
[0;32mI (45) boot: Enabling RNG early entropy source...[0m
[0;32mI (49) boot: Partition Table:[0m
[0;32mI (52) boot: ## Label            Usage          Type ST Offset   Length[0m
[0;32mI (58) boot:  0 nvs              WiFi data        01 02 00009000 00006000[0m
[0;32mI (65) boot:  1 phy_init         RF data          01 01 0000f000 00001000[0m
[0;32mI (71) boot:  2 factory          factory app      00 00 00010000 00100000[0m
[0;32mI (78) boot: End of partition table[0m
[0;32mI (81) esp_image: segment 0: paddr=00010020 vaddr=3f400020 size=204d8h (132312) map[0m
[0;32mI (134) esp_image: segment 1: paddr=00030500 vaddr=3ff80000 size=00020h (    32) load[0m
[0;32mI (134) esp_image: segment 2: paddr=00030528 vaddr=3ffb0000 size=03fb8h ( 16312) load[0m
[0;32mI (144) esp_image: segment 3: paddr=000344e8 vaddr=40080000 size=0bb30h ( 47920) load[0m
[0;32mI (164) esp_image: segment 4: paddr=00040020 vaddr=400d0020 size=a5b84h (678788) map[0m
[0;32mI (396) esp_image: segment 5: paddr=000e5bac vaddr=4008bb30 size=0d8f0h ( 55536) load[0m
[0;32mI (430) boot: Loaded app from partition at offset 0x10000[0m
[0;32mI (430) boot: Disabling RNG early entropy source...[0m
[0;32mI (440) cpu_start: Multicore app[0m
[0;32mI (449) cpu_start: Pro cpu start user code[0m
[0;32mI (449) cpu_start: cpu freq: 160000000 Hz[0m
[0;32mI (449) app_init: Application information:[0m
[0;32mI (449) app_init: Project name:     hello_world[0m
[0;32mI (453) app_init: App version:      e7264df-dirty[0m
[0;32mI (458) app_init: Compile time:     Nov  3 2025 10:07:16[0m
[0;32mI (463) app_init: ELF file SHA256:  99c42ac97...[0m
[0;32mI (467) app_init: ESP-IDF:          v5.5-dirty[0m
[0;32mI (471) efuse_init: Min chip rev:     v0.0[0m
[0;32mI (475) efuse_init: Max chip rev:     v3.99 [0m
[0;32mI (479) efuse_init: Chip rev:         v3.0[0m
[0;32mI (483) heap_init: Initializing. RAM available for dynamic allocation:[0m
[0;32mI (489) heap_init: At 3FFAE6E0 len 00001920 (6 KiB): DRAM[0m
[0;32mI (494) heap_init: At 3FFB8AB0 len 00027550 (157 KiB): DRAM[0m
[0;32mI (499) heap_init: At 3FFE0440 len 00003AE0 (14 KiB): D/IRAM[0m
[0;32mI (505) heap_init: At 3FFE4350 len 0001BCB0 (111 KiB): D/IRAM[0m
[0;32mI (510) heap_init: At 40099420 len 00006BE0 (26 KiB): IRAM[0m
[0;32mI (517) spi_flash: detected chip: generic[0m
[0;32mI (519) spi_flash: flash io: dio[0m
[0;33mW (522) spi_flash: Detected size(4096k) larger than the size in the binary image header(2048k). Using the size in the binary image header.[0m
[0;33mW (535) i2c: This driver is an old driver, please migrate your application code to adapt `driver/i2c_master.h`[0m
[0;32mI (545) main_task: Started on CPU0[0m
[0;32mI (555) main_task: Calling app_main()[0m
[0;32mI (555) KEYPAD: LED initialized on GPIO 2[0m
[0;32mI (555) KEYPAD: LED OFF[0m
[0;32mI (555) KEYPAD: I2C initialized successfully[0m
[0;32mI (2165) KEYPAD: Starting keypad MQTT application[0m
[0;32mI (2165) KEYPAD: WiFi STA MAC: A8:42:E3:4C:7C:BC[0m
[0;32mI (2195) wifi:wifi driver task: 3ffc1624, prio:23, stack:6656, core=0[0m
[0;32mI (2205) wifi:wifi firmware version: f3dbad7[0m
[0;32mI (2205) wifi:wifi certification version: v7.0[0m
[0;32mI (2205) wifi:config NVS flash: enabled[0m
[0;32mI (2205) wifi:config nano formatting: disabled[0m
[0;32mI (2215) wifi:Init data frame dynamic rx buffer num: 32[0m
[0;32mI (2215) wifi:Init static rx mgmt buffer num: 5[0m
[0;32mI (2225) wifi:Init management short buffer num: 32[0m
[0;32mI (2225) wifi:Init dynamic tx buffer num: 32[0m
[0;32mI (2225) wifi:Init static rx buffer size: 1600[0m
[0;32mI (2235) wifi:Init static rx buffer num: 10[0m
[0;32mI (2235) wifi:Init dynamic rx buffer num: 32[0m
[0;32mI (2245) wifi_init: rx ba win: 6[0m
[0;32mI (2245) wifi_init: accept mbox: 6[0m
[0;32mI (2245) wifi_init: tcpip mbox: 32[0m
[0;32mI (2255) wifi_init: udp mbox: 6[0m
[0;32mI (2255) wifi_init: tcp mbox: 6[0m
[0;32mI (2255) wifi_init: tcp tx win: 5760[0m
[0;32mI (2255) wifi_init: tcp rx win: 5760[0m
[0;32mI (2265) wifi_init: tcp mss: 1440[0m
[0;32mI (2265) wifi_init: WiFi IRAM OP enabled[0m
[0;32mI (2265) wifi_init: WiFi RX IRAM OP enabled[0m
[0;32mI (2315) phy_init: phy_version 4860,6b7a6e5,Feb  6 2025,14:47:07[0m
[0;32mI (2405) wifi:mode : sta (a8:42:e3:4c:7c:bc)[0m
[0;32mI (2405) wifi:enable tsf[0m
[0;32mI (2405) KEYPAD: WiFi initialized[0m
[1;31mE (2415) task_wdt: esp_task_wdt_reset(707): task not found[0m
[0;32mI (2415) KEYPAD: WiFi STA started[0m
[1;31mE (2415) task_wdt: esp_task_wdt_reset(707): task not found[0m
[0;32mI (2425) KEYPAD: Have a saved wifi network in NVS: NamTrung[0m
[0;32mI (2475) wifi:flush txq[0m
[0;32mI (2475) wifi:stop sw txq[0m
[0;32mI (2475) wifi:lmac stop hw txq[0m
[0;32mI (2475) wifi:mode : sta (a8:42:e3:4c:7c:bc)[0m
[0;32mI (2475) wifi:enable tsf[0m
[0;32mI (2475) KEYPAD: WiFi STA started[0m
[1;31mE (2485) wifi:sta is connecting, return error[0m
[0;32mI (2765) wifi:new:<6,0>, old:<1,0>, ap:<255,255>, sta:<6,0>, prof:1, snd_ch_cfg:0x0[0m
[0;32mI (2775) wifi:state: init -> auth (0xb0)[0m
[0;32mI (2785) wifi:state: auth -> assoc (0x0)[0m
[0;32mI (2795) wifi:state: assoc -> run (0x10)[0m
[0;32mI (2905) wifi:connected with NamTrung, aid = 23, channel 6, BW20, bssid = 10:5f:02:75:1e:9a[0m
[0;32mI (2905) wifi:security: WPA2-PSK, phy: bgn, rssi: -56[0m
[0;32mI (2925) wifi:pm start, type: 1[0m

[0;32mI (2925) wifi:dp: 1, bi: 102400, li: 3, scale listen interval from 307200 us to 307200 us[0m
[0;32mI (2925) wifi:AP's beacon interval = 102400 us, DTIM period = 1[0m
[0;32mI (2935) KEYPAD: Connected to SSID:NamTrung, channel:6[0m
[0;32mI (4075) esp_netif_handlers: sta ip: 10.10.1.34, mask: 255.255.252.0, gw: 10.10.1.1[0m
[0;32mI (4075) KEYPAD: WiFi connected, got IP[0m
[0;32mI (4495) wifi:<ba-add>idx:0 (ifx:0, 10:5f:02:75:1e:9a), tid:7, ssn:13, winSize:64[0m
[0;32mI (5095) KEYPAD: MQTT initialized[0m
[0;32mI (5125) KEYPAD: Read status successfully: SO DANG GOI[0m
[0;32mI (5185) wifi:<ba-add>idx:1 (ifx:0, 10:5f:02:75:1e:9a), tid:0, ssn:1, winSize:64[0m
[0;32mI (5245) KEYPAD: LED ON[0m
[0;32mI (5245) KEYPAD: MQTT connected[0m
ets Jul 29 2019 12:21:46

rst:0x1 (POWERON_RESET),boot:0x13 (SPI_FAST_FLASH_BOOT)
configsip: 0, SPIWP:0xee
clk_drv:0x00,q_drv:0x00,d_drv:0x00,cs0_drv:0x00,hd_drv:0x00,wp_drv:0x00
mode:DIO, clock div:2
load:0x3fff0030,len:6380
ho 0 tail 12 room 4
load:0x40078000,len:15916
load:0x40080400,len:3860
entry 0x40080638
[0;32mI (29) boot: ESP-IDF v5.5-dirty 2nd stage bootloader[0m
[0;32mI (29) boot: compile time Nov  3 2025 10:07:42[0m
[0;32mI (29) boot: Multicore bootloader[0m
[0;32mI (31) boot: chip revision: v3.0[0m
[0;32mI (34) boot.esp32: SPI Speed      : 40MHz[0m
[0;32mI (37) boot.esp32: SPI Mode       : DIO[0m
[0;32mI (41) boot.esp32: SPI Flash Size : 2MB[0m
[0;32mI (45) boot: Enabling RNG early entropy source...[0m
[0;32mI (49) boot: Partition Table:[0m
[0;32mI (52) boot: ## Label            Usage          Type ST Offset   Length[0m
[0;32mI (58) boot:  0 nvs              WiFi data        01 02 00009000 00006000[0m
[0;32mI (65) boot:  1 phy_init         RF data          01 01 0000f000 00001000[0m
[0;32mI (71) boot:  2 factory          factory app      00 00 00010000 00100000[0m
[0;32mI (78) boot: End of partition table[0m
[0;32mI (81) esp_image: segment 0: paddr=00010020 vaddr=3f400020 size=204d8h (132312) map[0m
[0;32mI (134) esp_image: segment 1: paddr=00030500 vaddr=3ff80000 size=00020h (    32) load[0m
[0;32mI (134) esp_image: segment 2: paddr=00030528 vaddr=3ffb0000 size=03fb8h ( 16312) load[0m
[0;32mI (144) esp_image: segment 3: paddr=000344e8 vaddr=40080000 size=0bb30h ( 47920) load[0m
[0;32mI (164) esp_image: segment 4: paddr=00040020 vaddr=400d0020 size=a5b84h (678788) map[0m
[0;32mI (396) esp_image: segment 5: paddr=000e5bac vaddr=4008bb30 size=0d8f0h ( 55536) load[0m
[0;32mI (430) boot: Loaded app from partition at offset 0x10000[0m
[0;32mI (430) boot: Disabling RNG early entropy source...[0m
[0;32mI (440) cpu_start: Multicore app[0m
[0;32mI (449) cpu_start: Pro cpu start user code[0m
[0;32mI (449) cpu_start: cpu freq: 160000000 Hz[0m
[0;32mI (449) app_init: Application information:[0m
[0;32mI (449) app_init: Project name:     hello_world[0m
[0;32mI (453) app_init: App version:      e7264df-dirty[0m
[0;32mI (458) app_init: Compile time:     Nov  3 2025 10:07:16[0m
[0;32mI (463) app_init: ELF file SHA256:  99c42ac97...[0m
[0;32mI (467) app_init: ESP-IDF:          v5.5-dirty[0m
[0;32mI (471) efuse_init: Min chip rev:     v0.0[0m
[0;32mI (475) efuse_init: Max chip rev:     v3.99 [0m
[0;32mI (479) efuse_init: Chip rev:         v3.0[0m
[0;32mI (483) heap_init: Initializing. RAM available for dynamic allocation:[0m
[0;32mI (489) heap_init: At 3FFAE6E0 len 00001920 (6 KiB): DRAM[0m
[0;32mI (494) heap_init: At 3FFB8AB0 len 00027550 (157 KiB): DRAM[0m
[0;32mI (499) heap_init: At 3FFE0440 len 00003AE0 (14 KiB): D/IRAM[0m
[0;32mI (505) heap_init: At 3FFE4350 len 0001BCB0 (111 KiB): D/IRAM[0m
[0;32mI (510) heap_init: At 40099420 len 00006BE0 (26 KiB): IRAM[0m
[0;32mI (517) spi_flash: detected chip: generic[0m
[0;32mI (519) spi_flash: flash io: dio[0m
[0;33mW (522) spi_flash: Detected size(4096k) larger than the size in the binary image header(2048k). Using the size in the binary image header.[0m
[0;33mW (535) i2c: This driver is an old driver, please migrate your application code to adapt `driver/i2c_master.h`[0m
[0;32mI (545) main_task: Started on CPU0[0m
[0;32mI (555) main_task: Calling app_main()[0m
[0;32mI (555) KEYPAD: LED initialized on GPIO 2[0m
[0;32mI (555) KEYPAD: LED OFF[0m
[0;32mI (555) KEYPAD: I2C initialized successfully[0m
ets Jul 29 2019 12:21:46

rst:0x1 (POWERON_RESET),boot:0x13 (SPI_FAST_FLASH_BOOT)
configsip: 0, SPIWP:0xee
clk_drv:0x00,q_drv:0x00,d_drv:0x00,cs0_drv:0x00,hd_drv:0x00,wp_drv:0x00
mode:DIO, clock div:2
load:0x3fff0030,len:6380
ho 0 tail 12 room 4
load:0x40078000,len:15916
load:0x40080400,len:3860
entry 0x40080638
[0;32mI (29) boot: ESP-IDF v5.5-dirty 2nd stage bootloader[0m
[0;32mI (29) boot: compile time Nov  3 2025 10:07:42[0m
[0;32mI (29) boot: Multicore bootloader[0m
[0;32mI (31) boot: chip revision: v3.0[0m
[0;32mI (34) boot.esp32: SPI Speed      : 40MHz[0m
[0;32mI (37) boot.esp32: SPI Mode       : DIO[0m
[0;32mI (41) boot.esp32: SPI Flash Size : 2MB[0m
[0;32mI (45) boot: Enabling RNG early entropy source...[0m
[0;32mI (49) boot: Partition Table:[0m
[0;32mI (52) boot: ## Label            Usage          Type ST Offset   Length[0m
[0;32mI (58) boot:  0 nvs              WiFi data        01 02 00009000 00006000[0m
[0;32mI (65) boot:  1 phy_init         RF data          01 01 0000f000 00001000[0m
[0;32mI (71) boot:  2 factory          factory app      00 00 00010000 00100000[0m
[0;32mI (78) boot: End of partition table[0m
[0;32mI (81) esp_image: segment 0: paddr=00010020 vaddr=3f400020 size=204d8h (132312) map[0m
[0;32mI (134) esp_image: segment 1: paddr=00030500 vaddr=3ff80000 size=00020h (    32) load[0m
[0;32mI (134) esp_image: segment 2: paddr=00030528 vaddr=3ffb0000 size=03fb8h ( 16312) load[0m
[0;32mI (144) esp_image: segment 3: paddr=000344e8 vaddr=40080000 size=0bb30h ( 47920) load[0m
[0;32mI (164) esp_image: segment 4: paddr=00040020 vaddr=400d0020 size=a5b84h (678788) map[0m
[0;32mI (396) esp_image: segment 5: paddr=000e5bac vaddr=4008bb30 size=0d8f0h ( 55536) load[0m
[0;32mI (430) boot: Loaded app from partition at offset 0x10000[0m
[0;32mI (430) boot: Disabling RNG early entropy source...[0m
[0;32mI (440) cpu_start: Multicore app[0m
[0;32mI (449) cpu_start: Pro cpu start user code[0m
[0;32mI (449) cpu_start: cpu freq: 160000000 Hz[0m
[0;32mI (449) app_init: Application information:[0m
[0;32mI (449) app_init: Project name:     hello_world[0m
[0;32mI (453) app_init: App version:      e7264df-dirty[0m
[0;32mI (458) app_init: Compile time:     Nov  3 2025 10:07:16[0m
[0;32mI (463) app_init: ELF file SHA256:  99c42ac97...[0m
[0;32mI (467) app_init: ESP-IDF:          v5.5-dirty[0m
[0;32mI (471) efuse_init: Min chip rev:     v0.0[0m
[0;32mI (475) efuse_init: Max chip rev:     v3.99 [0m
[0;32mI (479) efuse_init: Chip rev:         v3.0[0m
[0;32mI (483) heap_init: Initializing. RAM available for dynamic allocation:[0m
[0;32mI (489) heap_init: At 3FFAE6E0 len 00001920 (6 KiB): DRAM[0m
[0;32mI (494) heap_init: At 3FFB8AB0 len 00027550 (157 KiB): DRAM[0m
[0;32mI (499) heap_init: At 3FFE0440 len 00003AE0 (14 KiB): D/IRAM[0m
[0;32mI (505) heap_init: At 3FFE4350 len 0001BCB0 (111 KiB): D/IRAM[0m
[0;32mI (510) heap_init: At 40099420 len 00006BE0 (26 KiB): IRAM[0m
[0;32mI (517) spi_flash: detected chip: generic[0m
[0;32mI (519) spi_flash: flash io: dio[0m
[0;33mW (522) spi_flash: Detected size(4096k) larger than the size in the binary image header(2048k). Using the size in the binary image header.[0m
[0;33mW (535) i2c: This driver is an old driver, please migrate your application code to adapt `driver/i2c_master.h`[0m
[0;32mI (545) main_task: Started on CPU0[0m
[0;32mI (555) main_task: Calling app_main()[0m
[0;32mI (555) KEYPAD: LED initialized on GPIO 2[0m
[0;32mI (555) KEYPAD: LED OFF[0m
[0;32mI (555) KEYPAD: I2C initialized successfully[0m
[0;32mI (2165) KEYPAD: Starting keypad MQTT application[0m
[0;32mI (2165) KEYPAD: WiFi STA MAC: A8:42:E3:4C:7C:BC[0m
[0;32mI (2205) wifi:wifi driver task: 3ffc1624, prio:23, stack:6656, core=0[0m
[0;32mI (2215) wifi:wifi firmware version: f3dbad7[0m
[0;32mI (2215) wifi:wifi certification version: v7.0[0m
[0;32mI (2215) wifi:config NVS flash: enabled[0m
[0;32mI (2215) wifi:config nano formatting: disabled[0m
[0;32mI (2225) wifi:Init data frame dynamic rx buffer num: 32[0m
[0;32mI (2225) wifi:Init static rx mgmt buffer num: 5[0m
[0;32mI (2235) wifi:Init management short buffer num: 32[0m
[0;32mI (2235) wifi:Init dynamic tx buffer num: 32[0m
[0;32mI (2235) wifi:Init static rx buffer size: 1600[0m
[0;32mI (2245) wifi:Init static rx buffer num: 10[0m
[0;32mI (2245) wifi:Init dynamic rx buffer num: 32[0m
[0;32mI (2255) wifi_init: rx ba win: 6[0m
[0;32mI (2255) wifi_init: accept mbox: 6[0m
[0;32mI (2255) wifi_init: tcpip mbox: 32[0m
[0;32mI (2265) wifi_init: udp mbox: 6[0m
[0;32mI (2265) wifi_init: tcp mbox: 6[0m
[0;32mI (2265) wifi_init: tcp tx win: 5760[0m
[0;32mI (2265) wifi_init: tcp rx win: 5760[0m
[0;32mI (2275) wifi_init: tcp mss: 1440[0m
[0;32mI (2275) wifi_init: WiFi IRAM OP enabled[0m
[0;32mI (2275) wifi_init: WiFi RX IRAM OP enabled[0m
[0;32mI (2335) phy_init: phy_version 4860,6b7a6e5,Feb  6 2025,14:47:07[0m
[0;32mI (2425) wifi:mode : sta (a8:42:e3:4c:7c:bc)[0m
[0;32mI (2425) wifi:enable tsf[0m
[0;32mI (2425) KEYPAD: WiFi initialized[0m
[1;31mE (2425) task_wdt: esp_task_wdt_reset(707): task not found[0m
[0;32mI (2425) KEYPAD: WiFi STA started[0m
[1;31mE (2435) task_wdt: esp_task_wdt_reset(707): task not found[0m
[0;32mI (2435) KEYPAD: Have a saved wifi network in NVS: NamTrung[0m
[0;32mI (2495) wifi:flush txq[0m
[0;32mI (2495) wifi:stop sw txq[0m
[0;32mI (2495) wifi:lmac stop hw txq[0m
[0;32mI (2495) wifi:mode : sta (a8:42:e3:4c:7c:bc)[0m
[0;32mI (2495) wifi:enable tsf[0m
[0;32mI (2495) KEYPAD: WiFi STA started[0m
[1;31mE (2505) wifi:sta is connecting, return error[0m
[0;32mI (2865) wifi:new:<6,0>, old:<1,0>, ap:<255,255>, sta:<6,0>, prof:1, snd_ch_cfg:0x0[0m
[0;32mI (2875) wifi:state: init -> auth (0xb0)[0m
[0;32mI (2885) wifi:state: auth -> assoc (0x0)[0m
[0;32mI (2895) wifi:state: assoc -> run (0x10)[0m
[0;32mI (2965) wifi:connected with NamTrung, aid = 23, channel 6, BW20, bssid = 10:5f:02:75:1e:9a[0m
[0;32mI (2965) wifi:security: WPA2-PSK, phy: bgn, rssi: -55[0m
[0;32mI (2975) wifi:pm start, type: 1[0m

[0;32mI (2975) wifi:dp: 1, bi: 102400, li: 3, scale listen interval from 307200 us to 307200 us[0m
[0;32mI (2985) KEYPAD: Connected to SSID:NamTrung, channel:6[0m
[0;32mI (3015) wifi:AP's beacon interval = 102400 us, DTIM period = 1[0m
[0;32mI (4055) esp_netif_handlers: sta ip: 10.10.1.34, mask: 255.255.252.0, gw: 10.10.1.1[0m
[0;32mI (4055) KEYPAD: WiFi connected, got IP[0m
ets Jul 29 2019 12:21:46

rst:0x1 (POWERON_RESET),boot:0x13 (SPI_FAST_FLASH_BOOT)
configsip: 0, SPIWP:0xee
clk_drv:0x00,q_drv:0x00,d_drv:0x00,cs0_drv:0x00,hd_drv:0x00,wp_drv:0x00
mode:DIO, clock div:2
load:0x3fff0030,len:6380
ho 0 tail 12 room 4
load:0x40078000,len:15916
load:0x40080400,len:3860
entry 0x40080638
[0;32mI (29) boot: ESP-IDF v5.5-dirty 2nd stage bootloader[0m
[0;32mI (29) boot: compile time Nov  3 2025 10:07:42[0m
[0;32mI (29) boot: Multicore bootloader[0m
[0;32mI (31) boot: chip revision: v3.0[0m
[0;32mI (34) boot.esp32: SPI Speed      : 40MHz[0m
[0;32mI (37) boot.esp32: SPI Mode       : DIO[0m
[0;32mI (41) boot.esp32: SPI Flash Size : 2MB[0m
[0;32mI (45) boot: Enabling RNG early entropy source...[0m
[0;32mI (49) boot: Partition Table:[0m
[0;32mI (52) boot: ## Label            Usage          Type ST Offset   Length[0m
[0;32mI (58) boot:  0 nvs              WiFi data        01 02 00009000 00006000[0m
[0;32mI (65) boot:  1 phy_init         RF data          01 01 0000f000 00001000[0m
[0;32mI (71) boot:  2 factory          factory app      00 00 00010000 00100000[0m
[0;32mI (78) boot: End of partition table[0m
[0;32mI (81) esp_image: segment 0: paddr=00010020 vaddr=3f400020 size=204d8h (132312) map[0m
[0;32mI (134) esp_image: segment 1: paddr=00030500 vaddr=3ff80000 size=00020h (    32) load[0m
[0;32mI (134) esp_image: segment 2: paddr=00030528 vaddr=3ffb0000 size=03fb8h ( 16312) load[0m
[0;32mI (144) esp_image: segment 3: paddr=000344e8 vaddr=40080000 size=0bb30h ( 47920) load[0m
[0;32mI (164) esp_image: segment 4: paddr=00040020 vaddr=400d0020 size=a5b84h (678788) map[0m
[0;32mI (396) esp_image: segment 5: paddr=000e5bac vaddr=4008bb30 size=0d8f0h ( 55536) load[0m
[0;32mI (430) boot: Loaded app from partition at offset 0x10000[0m
[0;32mI (430) boot: Disabling RNG early entropy source...[0m
[0;32mI (440) cpu_start: Multicore app[0m
[0;32mI (449) cpu_start: Pro cpu start user code[0m
[0;32mI (449) cpu_start: cpu freq: 160000000 Hz[0m
[0;32mI (449) app_init: Application information:[0m
[0;32mI (449) app_init: Project name:     hello_world[0m
[0;32mI (453) app_init: App version:      e7264df-dirty[0m
[0;32mI (458) app_init: Compile time:     Nov  3 2025 10:07:16[0m
[0;32mI (463) app_init: ELF file SHA256:  99c42ac97...[0m
[0;32mI (467) app_init: ESP-IDF:          v5.5-dirty[0m
[0;32mI (471) efuse_init: Min chip rev:     v0.0[0m
[0;32mI (475) efuse_init: Max chip rev:     v3.99 [0m
[0;32mI (479) efuse_init: Chip rev:         v3.0[0m
[0;32mI (483) heap_init: Initializing. RAM available for dynamic allocation:[0m
[0;32mI (489) heap_init: At 3FFAE6E0 len 00001920 (6 KiB): DRAM[0m
[0;32mI (494) heap_init: At 3FFB8AB0 len 00027550 (157 KiB): DRAM[0m
[0;32mI (499) heap_init: At 3FFE0440 len 00003AE0 (14 KiB): D/IRAM[0m
[0;32mI (505) heap_init: At 3FFE4350 len 0001BCB0 (111 KiB): D/IRAM[0m
[0;32mI (510) heap_init: At 40099420 len 00006BE0 (26 KiB): IRAM[0m
[0;32mI (517) spi_flash: detected chip: generic[0m
[0;32mI (519) spi_flash: flash io: dio[0m
[0;33mW (522) spi_flash: Detected size(4096k) larger than the size in the binary image header(2048k). Using the size in the binary image header.[0m
[0;33mW (535) i2c: This driver is an old driver, please migrate your application code to adapt `driver/i2c_master.h`[0m
[0;32mI (545) main_task: Started on CPU0[0m
[0;32mI (555) main_task: Calling app_main()[0m
[0;32mI (555) KEYPAD: LED initialized on GPIO 2[0m
[0;32mI (555) KEYPAD: LED OFF[0m
[0;32mI (555) KEYPAD: I2C initialized successfully[0m
[0;32mI (2165) KEYPAD: Starting keypad MQTT application[0m
[0;32mI (2165) KEYPAD: WiFi STA MAC: A8:42:E3:4C:7C:BC[0m
[0;32mI (2205) wifi:wifi driver task: 3ffc15a0, prio:23, stack:6656, core=0[0m
[0;32mI (2215) wifi:wifi firmware version: f3dbad7[0m
[0;32mI (2215) wifi:wifi certification version: v7.0[0m
[0;32mI (2215) wifi:config NVS flash: enabled[0m
[0;32mI (2215) wifi:config nano formatting: disabled[0m
[0;32mI (2225) wifi:Init data frame dynamic rx buffer num: 32[0m
[0;32mI (2225) wifi:Init static rx mgmt buffer num: 5[0m
[0;32mI (2235) wifi:Init management short buffer num: 32[0m
[0;32mI (2235) wifi:Init dynamic tx buffer num: 32[0m
[0;32mI (2235) wifi:Init static rx buffer size: 1600[0m
[0;32mI (2245) wifi:Init static rx buffer num: 10[0m
[0;32mI (2245) wifi:Init dynamic rx buffer num: 32[0m
[0;32mI (2255) wifi_init: rx ba win: 6[0m
[0;32mI (2255) wifi_init: accept mbox: 6[0m
[0;32mI (2255) wifi_init: tcpip mbox: 32[0m
[0;32mI (2265) wifi_init: udp mbox: 6[0m
[0;32mI (2265) wifi_init: tcp mbox: 6[0m
[0;32mI (2265) wifi_init: tcp tx win: 5760[0m
[0;32mI (2265) wifi_init: tcp rx win: 5760[0m
[0;32mI (2275) wifi_init: tcp mss: 1440[0m
[0;32mI (2275) wifi_init: WiFi IRAM OP enabled[0m
[0;32mI (2275) wifi_init: WiFi RX IRAM OP enabled[0m
[0;32mI (2325) phy_init: phy_version 4860,6b7a6e5,Feb  6 2025,14:47:07[0m
[0;32mI (2415) wifi:mode : sta (a8:42:e3:4c:7c:bc)[0m
[0;32mI (2415) wifi:enable tsf[0m
[0;32mI (2415) KEYPAD: WiFi initialized[0m
[1;31mE (2415) task_wdt: esp_task_wdt_reset(707): task not found[0m
[0;32mI (2415) KEYPAD: WiFi STA started[0m
[1;31mE (2425) task_wdt: esp_task_wdt_reset(707): task not found[0m
[0;32mI (2425) KEYPAD: Have a saved wifi network in NVS: NamTrung[0m
[0;32mI (2485) wifi:flush txq[0m
[0;32mI (2485) wifi:stop sw txq[0m
[0;32mI (2495) wifi:lmac stop hw txq[0m
[0;32mI (2495) wifi:mode : sta (a8:42:e3:4c:7c:bc)[0m
[0;32mI (2495) wifi:enable tsf[0m
[0;32mI (2495) KEYPAD: WiFi STA started[0m
[1;31mE (2505) wifi:sta is connecting, return error[0m
[0;32mI (2775) wifi:new:<6,0>, old:<1,0>, ap:<255,255>, sta:<6,0>, prof:1, snd_ch_cfg:0x0[0m
[0;32mI (2785) wifi:state: init -> auth (0xb0)[0m
[0;32mI (2815) wifi:state: auth -> assoc (0x0)[0m
[0;32mI (2845) wifi:state: assoc -> run (0x10)[0m
[0;32mI (2865) wifi:connected with NamTrung, aid = 17, channel 6, BW20, bssid = 10:5f:02:75:32:0e[0m
[0;32mI (2865) wifi:security: WPA2-PSK, phy: bgn, rssi: -71[0m
[0;32mI (2875) wifi:pm start, type: 1[0m

[0;32mI (2875) wifi:dp: 1, bi: 102400, li: 3, scale listen interval from 307200 us to 307200 us[0m
[0;32mI (2885) wifi:AP's beacon interval = 102400 us, DTIM period = 1[0m
[0;32mI (2885) KEYPAD: Connected to SSID:NamTrung, channel:6[0m
[0;32mI (3265) wifi:<ba-add>idx:0 (ifx:0, 10:5f:02:75:32:0e), tid:0, ssn:1, winSize:64[0m
[0;32mI (3945) esp_netif_handlers: sta ip: 10.10.1.34, mask: 255.255.252.0, gw: 10.10.1.1[0m
[0;32mI (3945) KEYPAD: WiFi connected, got IP[0m
[0;32mI (4235) wifi:<ba-add>idx:1 (ifx:0, 10:5f:02:75:32:0e), tid:7, ssn:15, winSize:64[0m
[0;32mI (4965) KEYPAD: MQTT initialized[0m
[0;32mI (4995) KEYPAD: Read status successfully: SO DANG GOI[0m
[0;32mI (5175) KEYPAD: LED ON[0m
[0;32mI (5175) KEYPAD: MQTT connected[0m
ets Jul 29 2019 12:21:46

rst:0x1 (POWERON_RESET),boot:0x13 (SPI_FAST_FLASH_BOOT)
configsip: 0, SPIWP:0xee
clk_drv:0x00,q_drv:0x00,d_drv:0x00,cs0_drv:0x00,hd_drv:0x00,wp_drv:0x00
mode:DIO, clock div:2
load:0x3fff0030,len:6380
ho 0 tail 12 room 4
load:0x40078000,len:15916
load:0x40080400,len:3860
entry 0x40080638
[0;32mI (29) boot: ESP-IDF v5.5-dirty 2nd stage bootloader[0m
[0;32mI (29) boot: compile time Nov  3 2025 10:07:42[0m
[0;32mI (29) boot: Multicore bootloader[0m
[0;32mI (31) boot: chip revision: v3.0[0m
[0;32mI (34) boot.esp32: SPI Speed      : 40MHz[0m
[0;32mI (37) boot.esp32: SPI Mode       : DIO[0m
[0;32mI (41) boot.esp32: SPI Flash Size : 2MB[0m
[0;32mI (45) boot: Enabling RNG early entropy source...[0m
[0;32mI (49) boot: Partition Table:[0m
[0;32mI (52) boot: ## Label            Usage          Type ST Offset   Length[0m
[0;32mI (58) boot:  0 nvs              WiFi data        01 02 00009000 00006000[0m
[0;32mI (65) boot:  1 phy_init         RF data          01 01 0000f000 00001000[0m
[0;32mI (71) boot:  2 factory          factory app      00 00 00010000 00100000[0m
[0;32mI (78) boot: End of partition table[0m
[0;32mI (81) esp_image: segment 0: paddr=00010020 vaddr=3f400020 size=204d8h (132312) map[0m
[0;32mI (134) esp_image: segment 1: paddr=00030500 vaddr=3ff80000 size=00020h (    32) load[0m
[0;32mI (134) esp_image: segment 2: paddr=00030528 vaddr=3ffb0000 size=03fb8h ( 16312) load[0m
[0;32mI (144) esp_image: segment 3: paddr=000344e8 vaddr=40080000 size=0bb30h ( 47920) load[0m
[0;32mI (164) esp_image: segment 4: paddr=00040020 vaddr=400d0020 size=a5b84h (678788) map[0m
[0;32mI (396) esp_image: segment 5: paddr=000e5bac vaddr=4008bb30 size=0d8f0h ( 55536) load[0m
[0;32mI (430) boot: Loaded app from partition at offset 0x10000[0m
[0;32mI (430) boot: Disabling RNG early entropy source...[0m
[0;32mI (440) cpu_start: Multicore app[0m
[0;32mI (449) cpu_start: Pro cpu start user code[0m
[0;32mI (449) cpu_start: cpu freq: 160000000 Hz[0m
[0;32mI (449) app_init: Application information:[0m
[0;32mI (449) app_init: Project name:     hello_world[0m
[0;32mI (453) app_init: App version:      e7264df-dirty[0m
[0;32mI (458) app_init: Compile time:     Nov  3 2025 10:07:16[0m
[0;32mI (463) app_init: ELF file SHA256:  99c42ac97...[0m
[0;32mI (467) app_init: ESP-IDF:          v5.5-dirty[0m
[0;32mI (471) efuse_init: Min chip rev:     v0.0[0m
[0;32mI (475) efuse_init: Max chip rev:     v3.99 [0m
[0;32mI (479) efuse_init: Chip rev:         v3.0[0m
[0;32mI (483) heap_init: Initializing. RAM available for dynamic allocation:[0m
[0;32mI (489) heap_init: At 3FFAE6E0 len 00001920 (6 KiB): DRAM[0m
[0;32mI (494) heap_init: At 3FFB8AB0 len 00027550 (157 KiB): DRAM[0m
[0;32mI (499) heap_init: At 3FFE0440 len 00003AE0 (14 KiB): D/IRAM[0m
[0;32mI (505) heap_init: At 3FFE4350 len 0001BCB0 (111 KiB): D/IRAM[0m
[0;32mI (510) heap_init: At 40099420 len 00006BE0 (26 KiB): IRAM[0m
[0;32mI (517) spi_flash: detected chip: generic[0m
[0;32mI (519) spi_flash: flash io: dio[0m
[0;33mW (522) spi_flash: Detected size(4096k) larger than the size in the binary image header(2048k). Using the size in the binary image header.[0m
[0;33mW (535) i2c: This driver is an old driver, please migrate your application code to adapt `driver/i2c_master.h`[0m
[0;32mI (545) main_task: Started on CPU0[0m
[0;32mI (555) main_task: Calling app_main()[0m
[0;32mI (555) KEYPAD: LED initialized on GPIO 2[0m
[0;32mI (555) KEYPAD: LED OFF[0m
[0;32mI (555) KEYPAD: I2C initialized successfully[0m
[0;32mI (2165) KEYPAD: Starting keypad MQTT application[0m
[0;32mI (2165) KEYPAD: WiFi STA MAC: A8:42:E3:4C:7C:BC[0m
[0;32mI (2205) wifi:wifi driver task: 3ffc1624, prio:23, stack:6656, core=0[0m
[0;32mI (2215) wifi:wifi firmware version: f3dbad7[0m
[0;32mI (2215) wifi:wifi certification version: v7.0[0m
[0;32mI (2215) wifi:config NVS flash: enabled[0m
[0;32mI (2215) wifi:config nano formatting: disabled[0m
[0;32mI (2225) wifi:Init data frame dynamic rx buffer num: 32[0m
[0;32mI (2225) wifi:Init static rx mgmt buffer num: 5[0m
[0;32mI (2235) wifi:Init management short buffer num: 32[0m
[0;32mI (2235) wifi:Init dynamic tx buffer num: 32[0m
[0;32mI (2235) wifi:Init static rx buffer size: 1600[0m
[0;32mI (2245) wifi:Init static rx buffer num: 10[0m
[0;32mI (2245) wifi:Init dynamic rx buffer num: 32[0m
[0;32mI (2255) wifi_init: rx ba win: 6[0m
[0;32mI (2255) wifi_init: accept mbox: 6[0m
[0;32mI (2255) wifi_init: tcpip mbox: 32[0m
[0;32mI (2265) wifi_init: udp mbox: 6[0m
[0;32mI (2265) wifi_init: tcp mbox: 6[0m
[0;32mI (2265) wifi_init: tcp tx win: 5760[0m
[0;32mI (2265) wifi_init: tcp rx win: 5760[0m
[0;32mI (2275) wifi_init: tcp mss: 1440[0m
[0;32mI (2275) wifi_init: WiFi IRAM OP enabled[0m
[0;32mI (2275) wifi_init: WiFi RX IRAM OP enabled[0m
[0;32mI (2325) phy_init: phy_version 4860,6b7a6e5,Feb  6 2025,14:47:07[0m
[0;32mI (2415) wifi:mode : sta (a8:42:e3:4c:7c:bc)[0m
[0;32mI (2415) wifi:enable tsf[0m
[0;32mI (2415) KEYPAD: WiFi initialized[0m
[1;31mE (2415) task_wdt: esp_task_wdt_reset(707): task not found[0m
[0;32mI (2415) KEYPAD: WiFi STA started[0m
[1;31mE (2425) task_wdt: esp_task_wdt_reset(707): task not found[0m
[0;32mI (2425) KEYPAD: Have a saved wifi network in NVS: NamTrung[0m
[0;32mI (2485) wifi:flush txq[0m
[0;32mI (2485) wifi:stop sw txq[0m
[0;32mI (2485) wifi:lmac stop hw txq[0m
[0;32mI (2485) wifi:mode : sta (a8:42:e3:4c:7c:bc)[0m
[0;32mI (2485) wifi:enable tsf[0m
[0;32mI (2485) KEYPAD: WiFi STA started[0m
[1;31mE (2495) wifi:sta is connecting, return error[0m
[0;32mI (2785) wifi:new:<6,0>, old:<1,0>, ap:<255,255>, sta:<6,0>, prof:1, snd_ch_cfg:0x0[0m
[0;32mI (2795) wifi:state: init -> auth (0xb0)[0m
[0;32mI (2905) wifi:state: auth -> assoc (0x0)[0m
[0;32mI (2985) wifi:state: assoc -> run (0x10)[0m
[0;32mI (3015) wifi:connected with NamTrung, aid = 23, channel 6, BW20, bssid = 10:5f:02:75:1e:9a[0m
[0;32mI (3015) wifi:security: WPA2-PSK, phy: bgn, rssi: -56[0m
[0;32mI (3025) wifi:pm start, type: 1[0m

[0;32mI (3025) wifi:dp: 1, bi: 102400, li: 3, scale listen interval from 307200 us to 307200 us[0m
[0;32mI (3035) KEYPAD: Connected to SSID:NamTrung, channel:6[0m
[0;32mI (3055) wifi:AP's beacon interval = 102400 us, DTIM period = 1[0m
ets Jul 29 2019 12:21:46

rst:0x1 (POWERON_RESET),boot:0x13 (SPI_FAST_FLASH_BOOT)
configsip: 0, SPIWP:0xee
clk_drv:0x00,q_drv:0x00,d_drv:0x00,cs0_drv:0x00,hd_drv:0x00,wp_drv:0x00
mode:DIO, clock div:2
load:0x3fff0030,len:6380
ho 0 tail 12 room 4
load:0x40078000,len:15916
load:0x40080400,len:3860
entry 0x40080638
[0;32mI (29) boot: ESP-IDF v5.5-dirty 2nd stage bootloader[0m
[0;32mI (29) boot: compile time Nov  3 2025 10:07:42[0m
[0;32mI (29) boot: Multicore bootloader[0m
[0;32mI (31) boot: chip revision: v3.0[0m
[0;32mI (34) boot.esp32: SPI Speed      : 40MHz[0m
[0;32mI (37) boot.esp32: SPI Mode       : DIO[0m
[0;32mI (41) boot.esp32: SPI Flash Size : 2MB[0m
[0;32mI (45) boot: Enabling RNG early entropy source...[0m
[0;32mI (49) boot: Partition Table:[0m
[0;32mI (52) boot: ## Label            Usage          Type ST Offset   Length[0m
[0;32mI (58) boot:  0 nvs              WiFi data        01 02 00009000 00006000[0m
[0;32mI (65) boot:  1 phy_init         RF data          01 01 0000f000 00001000[0m
[0;32mI (71) boot:  2 factory          factory app      00 00 00010000 00100000[0m
[0;32mI (78) boot: End of partition table[0m
[0;32mI (81) esp_image: segment 0: paddr=00010020 vaddr=3f400020 size=204d8h (132312) map[0m
[0;32mI (134) esp_image: segment 1: paddr=00030500 vaddr=3ff80000 size=00020h (    32) load[0m
[0;32mI (134) esp_image: segment 2: paddr=00030528 vaddr=3ffb0000 size=03fb8h ( 16312) load[0m
[0;32mI (144) esp_image: segment 3: paddr=000344e8 vaddr=40080000 size=0bb30h ( 47920) load[0m
[0;32mI (164) esp_image: segment 4: paddr=00040020 vaddr=400d0020 size=a5b84h (678788) map[0m
[0;32mI (396) esp_image: segment 5: paddr=000e5bac vaddr=4008bb30 size=0d8f0h ( 55536) load[0m
[0;32mI (430) boot: Loaded app from partition at offset 0x10000[0m
[0;32mI (430) boot: Disabling RNG early entropy source...[0m
[0;32mI (440) cpu_start: Multicore app[0m
[0;32mI (449) cpu_start: Pro cpu start user code[0m
[0;32mI (449) cpu_start: cpu freq: 160000000 Hz[0m
[0;32mI (449) app_init: Application information:[0m
[0;32mI (449) app_init: Project name:     hello_world[0m
[0;32mI (453) app_init: App version:      e7264df-dirty[0m
[0;32mI (458) app_init: Compile time:     Nov  3 2025 10:07:16[0m
[0;32mI (463) app_init: ELF file SHA256:  99c42ac97...[0m
[0;32mI (467) app_init: ESP-IDF:          v5.5-dirty[0m
[0;32mI (471) efuse_init: Min chip rev:     v0.0[0m
[0;32mI (475) efuse_init: Max chip rev:     v3.99 [0m
[0;32mI (479) efuse_init: Chip rev:         v3.0[0m
[0;32mI (483) heap_init: Initializing. RAM available for dynamic allocation:[0m
[0;32mI (489) heap_init: At 3FFAE6E0 len 00001920 (6 KiB): DRAM[0m
[0;32mI (494) heap_init: At 3FFB8AB0 len 00027550 (157 KiB): DRAM[0m
[0;32mI (499) heap_init: At 3FFE0440 len 00003AE0 (14 KiB): D/IRAM[0m
[0;32mI (505) heap_init: At 3FFE4350 len 0001BCB0 (111 KiB): D/IRAM[0m
[0;32mI (510) heap_init: At 40099420 len 00006BE0 (26 KiB): IRAM[0m
[0;32mI (517) spi_flash: detected chip: generic[0m
[0;32mI (519) spi_flash: flash io: dio[0m
[0;33mW (522) spi_flash: Detected size(4096k) larger than the size in the binary image header(2048k). Using the size in the binary image header.[0m
[0;33mW (535) i2c: This driver is an old driver, please migrate your application code to adapt `driver/i2c_master.h`[0m
[0;32mI (545) main_task: Started on CPU0[0m
[0;32mI (555) main_task: Calling app_main()[0m
[0;32mI (555) KEYPAD: LED initialized on GPIO 2[0m
[0;32mI (555) KEYPAD: LED OFF[0m
[0;32mI (555) KEYPAD: I2C initialized successfully[0m
ets Jul 29 2019 12:21:46

rst:0x1 (POWERON_RESET),boot:0x13 (SPI_FAST_FLASH_BOOT)
configsip: 0, SPIWP:0xee
clk_drv:0x00,q_drv:0x00,d_drv:0x00,cs0_drv:0x00,hd_drv:0x00,wp_drv:0x00
mode:DIO, clock div:2
load:0x3fff0030,len:6380
ho 0 tail 12 room 4
load:0x40078000,len:15916
load:0x40080400,len:3860
entry 0x40080638
[0;32mI (29) boot: ESP-IDF v5.5-dirty 2nd stage bootloader[0m
[0;32mI (29) boot: compile time Nov  3 2025 10:07:42[0m
[0;32mI (29) boot: Multicore bootloader[0m
[0;32mI (31) boot: chip revision: v3.0[0m
[0;32mI (34) boot.esp32: SPI Speed      : 40MHz[0m
[0;32mI (37) boot.esp32: SPI Mode       : DIO[0m
[0;32mI (41) boot.esp32: SPI Flash Size : 2MB[0m
[0;32mI (45) boot: Enabling RNG early entropy source...[0m
[0;32mI (49) boot: Partition Table:[0m
[0;32mI (52) boot: ## Label            Usage          Type ST Offset   Length[0m
[0;32mI (58) boot:  0 nvs              WiFi data        01 02 00009000 00006000[0m
[0;32mI (65) boot:  1 phy_init         RF data          01 01 0000f000 00001000[0m
[0;32mI (71) boot:  2 factory          factory app      00 00 00010000 00100000[0m
[0;32mI (78) boot: End of partition table[0m
[0;32mI (81) esp_image: segment 0: paddr=00010020 vaddr=3f400020 size=204d8h (132312) map[0m
[0;32mI (134) esp_image: segment 1: paddr=00030500 vaddr=3ff80000 size=00020h (    32) load[0m
[0;32mI (134) esp_image: segment 2: paddr=00030528 vaddr=3ffb0000 size=03fb8h ( 16312) load[0m
[0;32mI (144) esp_image: segment 3: paddr=000344e8 vaddr=40080000 size=0bb30h ( 47920) load[0m
[0;32mI (164) esp_image: segment 4: paddr=00040020 vaddr=400d0020 size=a5b84h (678788) map[0m
[0;32mI (396) esp_image: segment 5: paddr=000e5bac vaddr=4008bb30 size=0d8f0h ( 55536) load[0m
[0;32mI (430) boot: Loaded app from partition at offset 0x10000[0m
[0;32mI (430) boot: Disabling RNG early entropy source...[0m
[0;32mI (440) cpu_start: Multicore app[0m
[0;32mI (449) cpu_start: Pro cpu start user code[0m
[0;32mI (449) cpu_start: cpu freq: 160000000 Hz[0m
[0;32mI (449) app_init: Application information:[0m
[0;32mI (449) app_init: Project name:     hello_world[0m
[0;32mI (453) app_init: App version:      e7264df-dirty[0m
[0;32mI (458) app_init: Compile time:     Nov  3 2025 10:07:16[0m
[0;32mI (463) app_init: ELF file SHA256:  99c42ac97...[0m
[0;32mI (467) app_init: ESP-IDF:          v5.5-dirty[0m
[0;32mI (471) efuse_init: Min chip rev:     v0.0[0m
[0;32mI (475) efuse_init: Max chip rev:     v3.99 [0m
[0;32mI (479) efuse_init: Chip rev:         v3.0[0m
[0;32mI (483) heap_init: Initializing. RAM available for dynamic allocation:[0m
[0;32mI (489) heap_init: At 3FFAE6E0 len 00001920 (6 KiB): DRAM[0m
[0;32mI (494) heap_init: At 3FFB8AB0 len 00027550 (157 KiB): DRAM[0m
[0;32mI (499) heap_init: At 3FFE0440 len 00003AE0 (14 KiB): D/IRAM[0m
[0;32mI (505) heap_init: At 3FFE4350 len 0001BCB0 (111 KiB): D/IRAM[0m
[0;32mI (510) heap_init: At 40099420 len 00006BE0 (26 KiB): IRAM[0m
[0;32mI (517) spi_flash: detected chip: generic[0m
[0;32mI (519) spi_flash: flash io: dio[0m
[0;33mW (522) spi_flash: Detected size(4096k) larger than the size in the binary image header(2048k). Using the size in the binary image header.[0m
[0;33mW (535) i2c: This driver is an old driver, please migrate your application code to adapt `driver/i2c_master.h`[0m
[0;32mI (545) main_task: Started on CPU0[0m
[0;32mI (555) main_task: Calling app_main()[0m
[0;32mI (555) KEYPAD: LED initialized on GPIO 2[0m
[0;32mI (555) KEYPAD: LED OFF[0m
[0;32mI (555) KEYPAD: I2C initialized successfully[0m
ets Jul 29 2019 12:21:46

rst:0x1 (POWERON_RESET),boot:0x13 (SPI_FAST_FLASH_BOOT)
configsip: 0, SPIWP:0xee
clk_drv:0x00,q_drv:0x00,d_drv:0x00,cs0_drv:0x00,hd_drv:0x00,wp_drv:0x00
mode:DIO, clock div:2
load:0x3fff0030,len:6380
ho 0 tail 12 room 4
load:0x40078000,len:15916
load:0x40080400,len:3860
entry 0x40080638
[0;32mI (29) boot: ESP-IDF v5.5-dirty 2nd stage bootloader[0m
[0;32mI (29) boot: compile time Nov  3 2025 10:07:42[0m
[0;32mI (29) boot: Multicore bootloader[0m
[0;32mI (31) boot: chip revision: v3.0[0m
[0;32mI (34) boot.esp32: SPI Speed      : 40MHz[0m
[0;32mI (37) boot.esp32: SPI Mode       : DIO[0m
[0;32mI (41) boot.esp32: SPI Flash Size : 2MB[0m
[0;32mI (45) boot: Enabling RNG early entropy source...[0m
[0;32mI (49) boot: Partition Table:[0m
[0;32mI (52) boot: ## Label            Usage          Type ST Offset   Length[0m
[0;32mI (58) boot:  0 nvs              WiFi data        01 02 00009000 00006000[0m
[0;32mI (65) boot:  1 phy_init         RF data          01 01 0000f000 00001000[0m
[0;32mI (71) boot:  2 factory          factory app      00 00 00010000 00100000[0m
[0;32mI (78) boot: End of partition table[0m
[0;32mI (81) esp_image: segment 0: paddr=00010020 vaddr=3f400020 size=204d8h (132312) map[0m
[0;32mI (134) esp_image: segment 1: paddr=00030500 vaddr=3ff80000 size=00020h (    32) load[0m
[0;32mI (134) esp_image: segment 2: paddr=00030528 vaddr=3ffb0000 size=03fb8h ( 16312) load[0m
[0;32mI (144) esp_image: segment 3: paddr=000344e8 vaddr=40080000 size=0bb30h ( 47920) load[0m
[0;32mI (164) esp_image: segment 4: paddr=00040020 vaddr=400d0020 size=a5b84h (678788) map[0m
[0;32mI (396) esp_image: segment 5: paddr=000e5bac vaddr=4008bb30 size=0d8f0h ( 55536) load[0m
[0;32mI (430) boot: Loaded app from partition at offset 0x10000[0m
[0;32mI (430) boot: Disabling RNG early entropy source...[0m
[0;32mI (440) cpu_start: Multicore app[0m
[0;32mI (449) cpu_start: Pro cpu start user code[0m
[0;32mI (449) cpu_start: cpu freq: 160000000 Hz[0m
[0;32mI (449) app_init: Application information:[0m
[0;32mI (449) app_init: Project name:     hello_world[0m
[0;32mI (453) app_init: App version:      e7264df-dirty[0m
[0;32mI (458) app_init: Compile time:     Nov  3 2025 10:07:16[0m
[0;32mI (463) app_init: ELF file SHA256:  99c42ac97...[0m
[0;32mI (467) app_init: ESP-IDF:          v5.5-dirty[0m
[0;32mI (471) efuse_init: Min chip rev:     v0.0[0m
[0;32mI (475) efuse_init: Max chip rev:     v3.99 [0m
[0;32mI (479) efuse_init: Chip rev:         v3.0[0m
[0;32mI (483) heap_init: Initializing. RAM available for dynamic allocation:[0m
[0;32mI (489) heap_init: At 3FFAE6E0 len 00001920 (6 KiB): DRAM[0m
[0;32mI (494) heap_init: At 3FFB8AB0 len 00027550 (157 KiB): DRAM[0m
[0;32mI (499) heap_init: At 3FFE0440 len 00003AE0 (14 KiB): D/IRAM[0m
[0;32mI (505) heap_init: At 3FFE4350 len 0001BCB0 (111 KiB): D/IRAM[0m
[0;32mI (510) heap_init: At 40099420 len 00006BE0 (26 KiB): IRAM[0m
[0;32mI (517) spi_flash: detected chip: generic[0m
[0;32mI (519) spi_flash: flash io: dio[0m
[0;33mW (522) spi_flash: Detected size(4096k) larger than the size in the binary image header(2048k). Using the size in the binary image header.[0m
[0;33mW (535) i2c: This driver is an old driver, please migrate your application code to adapt `driver/i2c_master.h`[0m
[0;32mI (545) main_task: Started on CPU0[0m
[0;32mI (555) main_task: Calling app_main()[0m
[0;32mI (555) KEYPAD: LED initialized on GPIO 2[0m
[0;32mI (555) KEYPAD: LED OFF[0m
[0;32mI (555) KEYPAD: I2C initialized successfully[0m
ets Jul 29 2019 12:21:46

rst:0x1 (POWERON_RESET),boot:0x13 (SPI_FAST_FLASH_BOOT)
configsip: 0, SPIWP:0xee
clk_drv:0x00,q_drv:0x00,d_drv:0x00,cs0_drv:0x00,hd_drv:0x00,wp_drv:0x00
mode:DIO, clock div:2
load:0x3fff0030,len:6380
ho 0 tail 12 room 4
load:0x40078000,len:15916
load:0x40080400,len:3860
entry 0x40080638
[0;32mI (29) boot: ESP-IDF v5.5-dirty 2nd stage bootloader[0m
[0;32mI (29) boot: compile time Nov  3 2025 10:07:42[0m
[0;32mI (29) boot: Multicore bootloader[0m
[0;32mI (31) boot: chip revision: v3.0[0m
[0;32mI (34) boot.esp32: SPI Speed      : 40MHz[0m
[0;32mI (37) boot.esp32: SPI Mode       : DIO[0m
[0;32mI (41) boot.esp32: SPI Flash Size : 2MB[0m
[0;32mI (45) boot: Enabling RNG early entropy source...[0m
[0;32mI (49) boot: Partition Table:[0m
[0;32mI (52) boot: ## Label            Usage          Type ST Offset   Length[0m
[0;32mI (58) boot:  0 nvs              WiFi data        01 02 00009000 00006000[0m
[0;32mI (65) boot:  1 phy_init         RF data          01 01 0000f000 00001000[0m
[0;32mI (71) boot:  2 factory          factory app      00 00 00010000 00100000[0m
[0;32mI (78) boot: End of partition table[0m
[0;32mI (81) esp_image: segment 0: paddr=00010020 vaddr=3f400020 size=204d8h (132312) map[0m
[0;32mI (134) esp_image: segment 1: paddr=00030500 vaddr=3ff80000 size=00020h (    32) load[0m
[0;32mI (134) esp_image: segment 2: paddr=00030528 vaddr=3ffb0000 size=03fb8h ( 16312) load[0m
[0;32mI (144) esp_image: segment 3: paddr=000344e8 vaddr=40080000 size=0bb30h ( 47920) load[0m
[0;32mI (164) esp_image: segment 4: paddr=00040020 vaddr=400d0020 size=a5b84h (678788) map[0m
[0;32mI (396) esp_image: segment 5: paddr=000e5bac vaddr=4008bb30 size=0d8f0h ( 55536) load[0m
[0;32mI (430) boot: Loaded app from partition at offset 0x10000[0m
[0;32mI (430) boot: Disabling RNG early entropy source...[0m
[0;32mI (440) cpu_start: Multicore app[0m
[0;32mI (449) cpu_start: Pro cpu start user code[0m
[0;32mI (449) cpu_start: cpu freq: 160000000 Hz[0m
[0;32mI (449) app_init: Application information:[0m
[0;32mI (449) app_init: Project name:     hello_world[0m
[0;32mI (453) app_init: App version:      e7264df-dirty[0m
[0;32mI (458) app_init: Compile time:     Nov  3 2025 10:07:16[0m
[0;32mI (463) app_init: ELF file SHA256:  99c42ac97...[0m
[0;32mI (467) app_init: ESP-IDF:          v5.5-dirty[0m
[0;32mI (471) efuse_init: Min chip rev:     v0.0[0m
[0;32mI (475) efuse_init: Max chip rev:     v3.99 [0m
[0;32mI (479) efuse_init: Chip rev:         v3.0[0m
[0;32mI (483) heap_init: Initializing. RAM available for dynamic allocation:[0m
[0;32mI (489) heap_init: At 3FFAE6E0 len 00001920 (6 KiB): DRAM[0m
[0;32mI (494) heap_init: At 3FFB8AB0 len 00027550 (157 KiB): DRAM[0m
[0;32mI (499) heap_init: At 3FFE0440 len 00003AE0 (14 KiB): D/IRAM[0m
[0;32mI (505) heap_init: At 3FFE4350 len 0001BCB0 (111 KiB): D/IRAM[0m
[0;32mI (510) heap_init: At 40099420 len 00006BE0 (26 KiB): IRAM[0m
[0;32mI (517) spi_flash: detected chip: generic[0m
[0;32mI (519) spi_flash: flash io: dio[0m
[0;33mW (522) spi_flash: Detected size(4096k) larger than the size in the binary image header(2048k). Using the size in the binary image header.[0m
[0;33mW (535) i2c: This driver is an old driver, please migrate your application code to adapt `driver/i2c_master.h`[0m
[0;32mI (545) main_task: Started on CPU0[0m
[0;32mI (555) main_task: Calling app_main()[0m
[0;32mI (555) KEYPAD: LED initialized on GPIO 2[0m
[0;32mI (555) KEYPAD: LED OFF[0m
[0;32mI (555) KEYPAD: I2C initialized successfully[0m
ets Jul 29 2019 12:21:46

rst:0x1 (POWERON_RESET),boot:0x13 (SPI_FAST_FLASH_BOOT)
configsip: 0, SPIWP:0xee
clk_drv:0x00,q_drv:0x00,d_drv:0x00,cs0_drv:0x00,hd_drv:0x00,wp_drv:0x00
mode:DIO, clock div:2
load:0x3fff0030,len:6380
ho 0 tail 12 room 4
load:0x40078000,len:15916
load:0x40080400,len:3860
entry 0x40080638
[0;32mI (29) boot: ESP-IDF v5.5-dirty 2nd stage bootloader[0m
[0;32mI (29) boot: compile time Nov  3 2025 10:07:42[0m
[0;32mI (29) boot: Multicore bootloader[0m
[0;32mI (31) boot: chip revision: v3.0[0m
[0;32mI (34) boot.esp32: SPI Speed      : 40MHz[0m
[0;32mI (37) boot.esp32: SPI Mode       : DIO[0m
[0;32mI (41) boot.esp32: SPI Flash Size : 2MB[0m
[0;32mI (45) boot: Enabling RNG early entropy source...[0m
[0;32mI (49) boot: Partition Table:[0m
[0;32mI (52) boot: ## Label            Usage          Type ST Offset   Length[0m
[0;32mI (58) boot:  0 nvs              WiFi data        01 02 00009000 00006000[0m
[0;32mI (65) boot:  1 phy_init         RF data          01 01 0000f000 00001000[0m
[0;32mI (71) boot:  2 factory          factory app      00 00 00010000 00100000[0m
[0;32mI (78) boot: End of partition table[0m
[0;32mI (81) esp_image: segment 0: paddr=00010020 vaddr=3f400020 size=204d8h (132312) map[0m
[0;32mI (134) esp_image: segment 1: paddr=00030500 vaddr=3ff80000 size=00020h (    32) load[0m
[0;32mI (134) esp_image: segment 2: paddr=00030528 vaddr=3ffb0000 size=03fb8h ( 16312) load[0m
[0;32mI (144) esp_image: segment 3: paddr=000344e8 vaddr=40080000 size=0bb30h ( 47920) load[0m
[0;32mI (164) esp_image: segment 4: paddr=00040020 vaddr=400d0020 size=a5b84h (678788) map[0m
[0;32mI (396) esp_image: segment 5: paddr=000e5bac vaddr=4008bb30 size=0d8f0h ( 55536) load[0m
[0;32mI (430) boot: Loaded app from partition at offset 0x10000[0m
[0;32mI (430) boot: Disabling RNG early entropy source...[0m
[0;32mI (440) cpu_start: Multicore app[0m
[0;32mI (449) cpu_start: Pro cpu start user code[0m
[0;32mI (449) cpu_start: cpu freq: 160000000 Hz[0m
[0;32mI (449) app_init: Application information:[0m
[0;32mI (449) app_init: Project name:     hello_world[0m
[0;32mI (453) app_init: App version:      e7264df-dirty[0m
[0;32mI (458) app_init: Compile time:     Nov  3 2025 10:07:16[0m
[0;32mI (463) app_init: ELF file SHA256:  99c42ac97...[0m
[0;32mI (467) app_init: ESP-IDF:          v5.5-dirty[0m
[0;32mI (471) efuse_init: Min chip rev:     v0.0[0m
[0;32mI (475) efuse_init: Max chip rev:     v3.99 [0m
[0;32mI (479) efuse_init: Chip rev:         v3.0[0m
[0;32mI (483) heap_init: Initializing. RAM available for dynamic allocation:[0m
[0;32mI (489) heap_init: At 3FFAE6E0 len 00001920 (6 KiB): DRAM[0m
[0;32mI (494) heap_init: At 3FFB8AB0 len 00027550 (157 KiB): DRAM[0m
[0;32mI (499) heap_init: At 3FFE0440 len 00003AE0 (14 KiB): D/IRAM[0m
[0;32mI (505) heap_init: At 3FFE4350 len 0001BCB0 (111 KiB): D/IRAM[0m
[0;32mI (510) heap_init: At 40099420 len 00006BE0 (26 KiB): IRAM[0m
[0;32mI (517) spi_flash: detected chip: generic[0m
[0;32mI (519) spi_flash: flash io: dio[0m
[0;33mW (522) spi_flash: Detected size(4096k) larger than the size in the binary image header(2048k). Using the size in the binary image header.[0m
[0;33mW (535) i2c: This driver is an old driver, please migrate your application code to adapt `driver/i2c_master.h`[0m
[0;32mI (545) main_task: Started on CPU0[0m
[0;32mI (555) main_task: Calling app_main()[0m
[0;32mI (555) KEYPAD: LED initialized on GPIO 2[0m
[0;32mI (555) KEYPAD: LED OFF[0m
[0;32mI (555) KEYPAD: I2C initialized successfully[0m
[0;32mI (2165) KEYPAD: Starting keypad MQTT application[0m
[0;32mI (2165) KEYPAD: WiFi STA MAC: A8:42:E3:4C:7C:BC[0m
[0;32mI (2205) wifi:wifi driver task: 3ffc1624, prio:23, stack:6656, core=0[0m
[0;32mI (2215) wifi:wifi firmware version: f3dbad7[0m
[0;32mI (2215) wifi:wifi certification version: v7.0[0m
[0;32mI (2215) wifi:config NVS flash: enabled[0m
[0;32mI (2215) wifi:config nano formatting: disabled[0m
[0;32mI (2225) wifi:Init data frame dynamic rx buffer num: 32[0m
[0;32mI (2225) wifi:Init static rx mgmt buffer num: 5[0m
[0;32mI (2235) wifi:Init management short buffer num: 32[0m
[0;32mI (2235) wifi:Init dynamic tx buffer num: 32[0m
[0;32mI (2235) wifi:Init static rx buffer size: 1600[0m
[0;32mI (2245) wifi:Init static rx buffer num: 10[0m
[0;32mI (2245) wifi:Init dynamic rx buffer num: 32[0m
[0;32mI (2255) wifi_init: rx ba win: 6[0m
[0;32mI (2255) wifi_init: accept mbox: 6[0m
[0;32mI (2255) wifi_init: tcpip mbox: 32[0m
[0;32mI (2265) wifi_init: udp mbox: 6[0m
[0;32mI (2265) wifi_init: tcp mbox: 6[0m
[0;32mI (2265) wifi_init: tcp tx win: 5760[0m
[0;32mI (2265) wifi_init: tcp rx win: 5760[0m
[0;32mI (2275) wifi_init: tcp mss: 1440[0m
[0;32mI (2275) wifi_init: WiFi IRAM OP enabled[0m
[0;32mI (2275) wifi_init: WiFi RX IRAM OP enabled[0m
[0;32mI (2325) phy_init: phy_version 4860,6b7a6e5,Feb  6 2025,14:47:07[0m
[0;32mI (2415) wifi:mode : sta (a8:42:e3:4c:7c:bc)[0m
[0;32mI (2415) wifi:enable tsf[0m
[0;32mI (2415) KEYPAD: WiFi initialized[0m
[1;31mE (2415) task_wdt: esp_task_wdt_reset(707): task not found[0m
[0;32mI (2415) KEYPAD: WiFi STA started[0m
[1;31mE (2425) task_wdt: esp_task_wdt_reset(707): task not found[0m
[0;32mI (2425) KEYPAD: Have a saved wifi network in NVS: NamTrung[0m
[0;32mI (2485) wifi:flush txq[0m
[0;32mI (2485) wifi:stop sw txq[0m
[0;32mI (2485) wifi:lmac stop hw txq[0m
[0;32mI (2485) wifi:mode : sta (a8:42:e3:4c:7c:bc)[0m
[0;32mI (2485) wifi:enable tsf[0m
[0;32mI (2485) KEYPAD: WiFi STA started[0m
[1;31mE (2495) wifi:sta is connecting, return error[0m
[0;32mI (2765) wifi:new:<6,0>, old:<1,0>, ap:<255,255>, sta:<6,0>, prof:1, snd_ch_cfg:0x0[0m
[0;32mI (2775) wifi:state: init -> auth (0xb0)[0m
[0;32mI (2795) wifi:state: auth -> assoc (0x0)[0m
[0;32mI (2805) wifi:state: assoc -> run (0x10)[0m
[0;32mI (2845) wifi:connected with NamTrung, aid = 23, channel 6, BW20, bssid = 10:5f:02:75:1e:9a[0m
[0;32mI (2845) wifi:security: WPA2-PSK, phy: bgn, rssi: -56[0m
[0;32mI (2855) wifi:pm start, type: 1[0m

[0;32mI (2855) wifi:dp: 1, bi: 102400, li: 3, scale listen interval from 307200 us to 307200 us[0m
[0;32mI (2855) KEYPAD: Connected to SSID:NamTrung, channel:6[0m
[0;32mI (2865) wifi:AP's beacon interval = 102400 us, DTIM period = 1[0m
[0;32mI (3895) esp_netif_handlers: sta ip: 10.10.1.34, mask: 255.255.252.0, gw: 10.10.1.1[0m
[0;32mI (3895) KEYPAD: WiFi connected, got IP[0m
[0;32mI (4915) KEYPAD: MQTT initialized[0m
[0;32mI (4945) KEYPAD: Read status successfully: SO DANG GOI[0m
[0;32mI (4955) wifi:<ba-add>idx:0 (ifx:0, 10:5f:02:75:1e:9a), tid:7, ssn:14, winSize:64[0m
[0;32mI (4985) wifi:<ba-add>idx:1 (ifx:0, 10:5f:02:75:1e:9a), tid:0, ssn:1, winSize:64[0m
[0;32mI (5075) KEYPAD: LED ON[0m
[0;32mI (5075) KEYPAD: MQTT connected[0m
[0;32mI (5185) KEYPAD: MQTT_EVENT_DATA[0m
[0;32mI (5185) KEYPAD: Processing topic: device/list[0m
[0;32mI (5195) KEYPAD: Device list updated: 7 devices[0m
[0;32mI (5195) KEYPAD: MQTT_EVENT_DATA[0m
[0;32mI (5215) KEYPAD: Processing topic: service/list[0m
[0;32mI (5215) KEYPAD: Service list updated: 6 services[0m
Key pressed: B
[0;32mI (8435) KEYPAD: MQTT_EVENT_DATA[0m
[0;32mI (8435) KEYPAD: Processing topic: responsenumber[0m
Key pressed: B
[0;32mI (9045) KEYPAD: MQTT_EVENT_DATA[0m
[0;32mI (9045) KEYPAD: Processing topic: responsenumber[0m
Key pressed: B
[0;32mI (10275) KEYPAD: MQTT_EVENT_DATA[0m
[0;32mI (10275) KEYPAD: Processing topic: responsenumber[0m
Key pressed: B
Key pressed: B
[0;32mI (10685) KEYPAD: MQTT_EVENT_DATA[0m
[0;32mI (10685) KEYPAD: Processing topic: responsenumber[0m
[0;32mI (10925) KEYPAD: MQTT_EVENT_DATA[0m
[0;32mI (10935) KEYPAD: Processing topic: responsenumber[0m
Key pressed: B
[0;32mI (11045) KEYPAD: MQTT_EVENT_DATA[0m
[0;32mI (11045) KEYPAD: Processing topic: responsenumber[0m
Key pressed: B
[0;32mI (11495) KEYPAD: MQTT_EVENT_DATA[0m
[0;32mI (11495) KEYPAD: Processing topic: responsenumber[0m
Key pressed: B
[0;32mI (11895) KEYPAD: MQTT_EVENT_DATA[0m
[0;32mI (11895) KEYPAD: Processing topic: responsenumber[0m
Key pressed: B
[0;32mI (12215) KEYPAD: MQTT_EVENT_DATA[0m
[0;32mI (12215) KEYPAD: Processing topic: responsenumber[0m
Key pressed: B
[0;32mI (12415) KEYPAD: MQTT_EVENT_DATA[0m
[0;32mI (12415) KEYPAD: Processing topic: responsenumber[0m
Key pressed: B
[0;32mI (13945) KEYPAD: MQTT_EVENT_DATA[0m
[0;32mI (13945) KEYPAD: Processing topic: responsenumber[0m
Key pressed: B
[0;32mI (14255) KEYPAD: MQTT_EVENT_DATA[0m
[0;32mI (14255) KEYPAD: Processing topic: responsenumber[0m
Key pressed: A
Key pressed: A
Key pressed: A
Key pressed: 2
Key pressed: 2
Key pressed: 2
Key pressed: 2
Key pressed: 2
Key pressed: 2
Key pressed: 2
Key pressed: 1
Key pressed: 1
Key pressed: 1
Key pressed: 1
Key pressed: 1
Key pressed: 1
Key pressed: 1
Key pressed: A
Key pressed: A
Key pressed: A
Key pressed: B
[0;32mI (702935) KEYPAD: MQTT_EVENT_DATA[0m
[0;32mI (702935) KEYPAD: Processing topic: responsenumber[0m
[0;32mI (702935) KEYPAD: Status saved successfully: SO DANG GOI[0m
[0;32mI (702945) KEYPAD: current number saved successfully![0m
Key pressed: B
[0;32mI (704535) KEYPAD: MQTT_EVENT_DATA[0m
[0;32mI (704535) KEYPAD: Processing topic: responsenumber[0m
[0;32mI (704545) KEYPAD: Status saved successfully: SO DANG GOI[0m
[0;32mI (704555) KEYPAD: current number saved successfully![0m
Key pressed: B
[0;32mI (706475) KEYPAD: MQTT_EVENT_DATA[0m
[0;32mI (706475) KEYPAD: Processing topic: responsenumber[0m
[0;32mI (706475) KEYPAD: Status saved successfully: SO DANG GOI[0m
[0;32mI (706485) KEYPAD: current number saved successfully![0m
Key pressed: B
[0;32mI (830465) KEYPAD: MQTT_EVENT_DATA[0m
[0;32mI (830465) KEYPAD: Processing topic: responsenumber[0m
[0;32mI (830465) KEYPAD: Status saved successfully: SO DANG GOI[0m
[0;32mI (830475) KEYPAD: current number saved successfully![0m
Key pressed: B
[0;32mI (830975) KEYPAD: MQTT_EVENT_DATA[0m
[0;32mI (830975) KEYPAD: Processing topic: responsenumber[0m
[0;32mI (830985) KEYPAD: Status saved successfully: SO DANG GOI[0m
[0;32mI (830995) KEYPAD: current number saved successfully![0m
Key pressed: B
[0;32mI (831175) KEYPAD: MQTT_EVENT_DATA[0m
[0;32mI (831175) KEYPAD: Processing topic: responsenumber[0m
[0;32mI (831185) KEYPAD: Status saved successfully: SO DANG GOI[0m
[0;32mI (831195) KEYPAD: current number saved successfully![0m
Key pressed: B
[0;32mI (842205) KEYPAD: MQTT_EVENT_DATA[0m
[0;32mI (842205) KEYPAD: Processing topic: responsenumber[0m
[0;32mI (842215) KEYPAD: Status saved successfully: SO DANG GOI[0m
[0;32mI (842225) KEYPAD: current number saved successfully![0m
Key pressed: B
[0;32mI (869705) KEYPAD: MQTT_EVENT_DATA[0m
[0;32mI (869705) KEYPAD: Processing topic: responsenumber[0m
[0;32mI (869715) KEYPAD: Status saved successfully: SO DANG GOI[0m
[0;32mI (869725) KEYPAD: current number saved successfully![0m
Key pressed: B
[0;32mI (948945) KEYPAD: MQTT_EVENT_DATA[0m
[0;32mI (948945) KEYPAD: Processing topic: responsenumber[0m
[0;32mI (948945) KEYPAD: Status saved successfully: SO DANG GOI[0m
[0;32mI (948955) KEYPAD: current number saved successfully![0m
Key pressed: B
[0;32mI (956855) KEYPAD: MQTT_EVENT_DATA[0m
[0;32mI (956855) KEYPAD: Processing topic: responsenumber[0m
[0;32mI (956855) KEYPAD: Status saved successfully: SO DANG GOI[0m
[0;32mI (956865) KEYPAD: current number saved successfully![0m
Key pressed: B
[0;32mI (975665) KEYPAD: MQTT_EVENT_DATA[0m
[0;32mI (975675) KEYPAD: Processing topic: responsenumber[0m
[0