Command: D:\ESP32_IDF\Espressif\python_env\idf5.5_py3.11_env\Scripts\python.exe D:\ESP32_IDF\Espressif\frameworks\esp-idf-v5.5\tools/idf_monitor.py -p COM3 -b 115200 --toolchain-prefix xtensa-esp32-elf- --target esp32 --revision 0 D:\ESP32_IDF\Espressif\frameworks\esp-idf-v5.5\examples\get-started\agribank demo\build\hello_world.elf D:\ESP32_IDF\Espressif\frameworks\esp-idf-v5.5\examples\get-started\agribank demo\build\bootloader\bootloader.elf --force-color -m 'D:\ESP32_IDF\Espressif\python_env\idf5.5_py3.11_env\Scripts\python.exe' 'D:\ESP32_IDF\Espressif\frameworks\esp-idf-v5.5\tools\idf.py' '-p' 'COM3'
&S	ï¿½ï¿½Ñ¹esp32: SPI Speed ï¿½ets Jul 29 2019 12:21:46

rst:0x1 (POWERON_RESET),boot:0x13 (SPI_FAST_FLASH_BOOT)
configsip: 0, SPIWP:0xee
clk_drv:0x00,q_drv:0x00,d_drv:0x00,cs0_drv:0x00,hd_drv:0x00,wp_drv:0x00
mode:DIO, clock div:2
load:0x3fff0030,len:6380
ho 0 tail 12 room 4
load:0x40078000,len:15916
load:0x40080400,len:3860
entry 0x40080638
[0;32mI (29) boot: ESP-IDF v5.5-dirty 2nd stage bootloader[0m
[0;32mI (29) boot: compile time Oct 19 2025 19:26:38[0m
[0;32mI (29) boot: Multicore bootloader[0m
[0;32mI (31) boot: chip revision: v3.0[0m
[0;32mI (34) boot.esp32: SPI Speed      : 40MHz[0m
[0;32mI (37) boot.esp32: SPI Mode       : DIO[0m
[0;32mI (41) boot.esp32: SPI Flash Size : 2MB[0m
[0;32mI (45) boot: Enabling RNG early entropy source...[0m
[0;32mI (49) boot: Partition Table:[0m
[0;32mI (52) boot: ## Label            Usage          Type ST Offset   Length[0m
[0;32mI (58) boot:  0 nvs              WiFi data        01 02 00009000 00006000[0m
[0;32mI (65) boot:  1 phy_init         RF data          01 01 0000f000 00001000[0m
[0;32mI (71) boot:  2 factory          factory app      00 00 00010000 00100000[0m
[0;32mI (78) boot: End of partition table[0m
[0;32mI (81) esp_image: segment 0: paddr=00010020 vaddr=3f400020 size=1f6c0h (128704) map[0m
[0;32mI (132) esp_image: segment 1: paddr=0002f6e8 vaddr=3ff80000 size=00020h (    32) load[0m
[0;32mI (133) esp_image: segment 2: paddr=0002f710 vaddr=3ffb0000 size=00908h (  2312) load[0m
[0;32mI (137) esp_image: segment 3: paddr=00030020 vaddr=400d0020 size=a4358h (672600) map[0m
[0;32mI (373) esp_image: segment 4: paddr=000d4380 vaddr=3ffb0908 size=036b0h ( 14000) load[0m
[0;32mI (379) esp_image: segment 5: paddr=000d7a38 vaddr=40080000 size=192e4h (103140) load[0m
[0;32mI (431) boot: Loaded app from partition at offset 0x10000[0m
[0;32mI (431) boot: Disabling RNG early entropy source...[0m
[0;32mI (442) cpu_start: Multicore app[0m
[0;32mI (450) cpu_start: Pro cpu start user code[0m
[0;32mI (450) cpu_start: cpu freq: 160000000 Hz[0m
[0;32mI (450) app_init: Application information:[0m
[0;32mI (450) app_init: Project name:     hello_world[0m
[0;32mI (455) app_init: App version:      v5.5-dirty[0m
[0;32mI (459) app_init: Compile time:     Oct 20 2025 20:55:32[0m
[0;32mI (464) app_init: ELF file SHA256:  755039e79...[0m
[0;32mI (468) app_init: ESP-IDF:          v5.5-dirty[0m
[0;32mI (472) efuse_init: Min chip rev:     v0.0[0m
[0;32mI (476) efuse_init: Max chip rev:     v3.99 [0m
[0;32mI (480) efuse_init: Chip rev:         v3.0[0m
[0;32mI (484) heap_init: Initializing. RAM available for dynamic allocation:[0m
[0;32mI (490) heap_init: At 3FFAE6E0 len 00001920 (6 KiB): DRAM[0m
[0;32mI (495) heap_init: At 3FFB87E8 len 00027818 (158 KiB): DRAM[0m
[0;32mI (501) heap_init: At 3FFE0440 len 00003AE0 (14 KiB): D/IRAM[0m
[0;32mI (506) heap_init: At 3FFE4350 len 0001BCB0 (111 KiB): D/IRAM[0m
[0;32mI (512) heap_init: At 400992E4 len 00006D1C (27 KiB): IRAM[0m
[0;32mI (518) spi_flash: detected chip: generic[0m
[0;32mI (521) spi_flash: flash io: dio[0m
[0;33mW (523) spi_flash: Detected size(4096k) larger than the size in the binary image header(2048k). Using the size in the binary image header.[0m
[0;33mW (536) i2c: This driver is an old driver, please migrate your application code to adapt `driver/i2c_master.h`[0m
[0;32mI (546) main_task: Started on CPU0[0m
[0;32mI (556) main_task: Calling app_main()[0m
[0;32mI (556) KEYPAD: I2C initialized successfully[0m
[0;32mI (2146) KEYPAD: Starting keypad MQTT application[0m
[0;32mI (2196) wifi:wifi driver task: 3ffc09ec, prio:23, stack:6656, core=0[0m
[0;32mI (2216) wifi:wifi firmware version: f3dbad7[0m
[0;32mI (2216) wifi:wifi certification version: v7.0[0m
[0;32mI (2216) wifi:config NVS flash: enabled[0m
[0;32mI (2216) wifi:config nano formatting: disabled[0m
[0;32mI (2216) wifi:Init data frame dynamic rx buffer num: 32[0m
[0;32mI (2226) wifi:Init static rx mgmt buffer num: 5[0m
[0;32mI (2226) wifi:Init management short buffer num: 32[0m
[0;32mI (2236) wifi:Init dynamic tx buffer num: 32[0m
[0;32mI (2236) wifi:Init static rx buffer size: 1600[0m
[0;32mI (2236) wifi:Init static rx buffer num: 10[0m
[0;32mI (2246) wifi:Init dynamic rx buffer num: 32[0m
[0;32mI (2246) wifi_init: rx ba win: 6[0m
[0;32mI (2246) wifi_init: accept mbox: 6[0m
[0;32mI (2256) wifi_init: tcpip mbox: 32[0m
[0;32mI (2256) wifi_init: udp mbox: 6[0m
[0;32mI (2256) wifi_init: tcp mbox: 6[0m
[0;32mI (2266) wifi_init: tcp tx win: 5760[0m
[0;32mI (2266) wifi_init: tcp rx win: 5760[0m
[0;32mI (2266) wifi_init: tcp mss: 1440[0m
[0;32mI (2276) wifi_init: WiFi IRAM OP enabled[0m
[0;32mI (2276) wifi_init: WiFi RX IRAM OP enabled[0m
[0;32mI (2336) phy_init: phy_version 4860,6b7a6e5,Feb  6 2025,14:47:07[0m
[0;32mI (2416) wifi:mode : sta (a8:42:e3:4c:7c:bc)[0m
[0;32mI (2426) wifi:enable tsf[0m
[0;32mI (2426) KEYPAD: WiFi initialized[0m
[0;32mI (2426) KEYPAD: WiFi STA started[0m
[0;32mI (2436) KEYPAD: Have a saved wifi network in NVS: Anh Kiet[0m
[0;33mW (3246) wifi:Password length matches WPA2 standards, authmode threshold changes from OPEN to WPA2[0m
[0;32mI (3296) wifi:flush txq[0m
[0;32mI (3296) wifi:stop sw txq[0m
[0;32mI (3296) wifi:lmac stop hw txq[0m
[0;32mI (3306) wifi:mode : sta (a8:42:e3:4c:7c:bc)[0m
[0;32mI (3306) wifi:enable tsf[0m
[0;32mI (3306) KEYPAD: WiFi STA started[0m
[1;31mE (3306) wifi:sta is connecting, return error[0m
[0;32mI (3566) wifi:new:<2,0>, old:<1,0>, ap:<255,255>, sta:<2,0>, prof:9, snd_ch_cfg:0x0[0m
[0;32mI (3566) wifi:state: init -> auth (0xb0)[0m
[0;32mI (3606) wifi:state: auth -> assoc (0x0)[0m
[0;32mI (3656) wifi:state: assoc -> run (0x10)[0m
[0;32mI (3766) wifi:connected with Anh Kiet, aid = 6, channel 2, BW20, bssid = cc:71:90:19:d2:f8[0m
[0;32mI (3766) wifi:security: WPA2-PSK, phy: bgn, rssi: -69[0m
[0;32mI (3776) wifi:pm start, type: 1[0m

[0;32mI (3776) wifi:dp: 1, bi: 102400, li: 3, scale listen interval from 307200 us to 307200 us[0m
[0;32mI (3786) KEYPAD: Connected to SSID:Anh Kiet, channel:2[0m
[0;32mI (3826) wifi:AP's beacon interval = 102400 us, DTIM period = 1[0m
[0;32mI (5036) esp_netif_handlers: sta ip: 192.168.1.4, mask: 255.255.255.0, gw: 192.168.1.1[0m
[0;32mI (5036) KEYPAD: WiFi connected, got IP[0m
[0;32mI (6326) KEYPAD: MQTT initialized[0m
[0;32mI (6326) wifi:<ba-add>idx:0 (ifx:0, cc:71:90:19:d2:f8), tid:0, ssn:5, winSize:64[0m
Key pressed: B
[1;31mE (16336) esp-tls: [sock=54] select() timeout[0m
[1;31mE (16336) transport_base: Failed to open a new connection: 32774[0m
[1;31mE (16336) mqtt_client: Error transport connect[0m
[0;32mI (16336) KEYPAD: MQTT disconnected[0m
[0;33mW (16336) mqtt_client: Publish: Losing qos0 data when client not connected[0m
[0;33mW (16346) KEYPAD: MQTT not connected[0m
Key pressed: B
[0;33mW (19076) mqtt_client: Publish: Losing qos0 data when client not connected[0m
[0;33mW (19076) KEYPAD: MQTT not connected[0m
Key pressed: B
[0;33mW (23206) mqtt_client: Publish: Losing qos0 data when client not connected[0m
[0;33mW (23206) KEYPAD: MQTT not connected[0m
Key pressed: B
[0;33mW (25386) mqtt_client: Publish: Losing qos0 data when client not connected[0m
[0;33mW (25386) KEYPAD: MQTT not connected[0m
Key pressed: B
[1;31mE (36356) esp-tls: [sock=54] select() timeout[0m
[1;31mE (36356) transport_base: Failed to open a new connection: 32774[0m
[1;31mE (36356) mqtt_client: Error transport connect[0m
[0;32mI (36356) KEYPAD: MQTT disconnected[0m
[0;33mW (36356) mqtt_client: Publish: Losing qos0 data when client not connected[0m
[0;33mW (36366) KEYPAD: MQTT not connected[0m
Key pressed: B
[0;33mW (40046) mqtt_client: Publish: Losing qos0 data when client not connected[0m
[0;33mW (40046) KEYPAD: MQTT not connected[0m
Key pressed: 6
Key pressed: 6
Key pressed: 6
Key pressed: 6
Key pressed: 6
Key pressed: 6
Key pressed: 6
Key pressed: 6
Key pressed: B
[1;31mE (56376) esp-tls: [sock=54] select() timeout[0m
[1;31mE (56376) transport_base: Failed to open a new connection: 32774[0m
[1;31mE (56376) mqtt_client: Error transport connect[0m
[0;32mI (56376) KEYPAD: MQTT disconnected[0m
[0;33mW (56376) mqtt_client: Publish: Losing qos0 data when client not connected[0m
[0;33mW (56386) KEYPAD: MQTT not connected[0m
Key pressed: 6
Key pressed: 6
Key pressed: 6
Key pressed: 6
Key pressed: B
[0;33mW (61916) mqtt_client: Publish: Losing qos0 data when client not connected[0m
[0;33mW (61916) KEYPAD: MQTT not connected[0m
[1;31mE (76396) esp-tls: [sock=54] select() timeout[0m
[1;31mE (76396) transport_base: Failed to open a new connection: 32774[0m
[1;31mE (76396) mqtt_client: Error transport connect[0m
[0;32mI (76396) KEYPAD: MQTT disconnected[0m
[1;31mE (101406) esp-tls: [sock=54] select() timeout[0m
[1;31mE (101406) transport_base: Failed to open a new connection: 32774[0m
[1;31mE (101406) mqtt_client: Error transport connect[0m
[0;32mI (101406) KEYPAD: MQTT disconnected[0m
[1;31mE (126416) esp-tls: [sock=54] select() timeout[0m
[1;31mE (126416) transport_base: Failed to open a new connection: 32774[0m
[1;31mE (126416) mqtt_client: Error transport connect[0m
[0;32mI (126416) KEYPAD: MQTT disconnected[0m
ets Jul 29 2019 12:21:46

rst:0x1 (POWERON_RESET),boot:0x13 (SPI_FAST_FLASH_BOOT)
configsip: 0, SPIWP:0xee
clk_drv:0x00,q_drv:0x00,d_drv:0x00,cs0_drv:0x00,hd_drv:0x00,wp_drv:0x00
mode:DIO, clock div:2
load:0x3fff0030,len:6380
ho 0 tail 12 room 4
load:0x40078000,len:15916
load:0x40080400,len:3860
entry 0x40080638
[0;32mI (29) boot: ESP-IDF v5.5-dirty 2nd stage bootloader[0m
[0;32mI (29) boot: compile time Oct 19 2025 19:26:38[0m
[0;32mI (29) boot: Multicore bootloader[0m
[0;32mI (31) boot: chip revision: v3.0[0m
[0;32mI (34) boot.esp32: SPI Speed      : 40MHz[0m
[0;32mI (37) boot.esp32: SPI Mode       : DIO[0m
[0;32mI (41) boot.esp32: SPI Flash Size : 2MB[0m
[0;32mI (45) boot: Enabling RNG early entropy source...[0m
[0;32mI (49) boot: Partition Table:[0m
[0;32mI (52) boot: ## Label            Usage          Type ST Offset   Length[0m
[0;32mI (58) boot:  0 nvs              WiFi data        01 02 00009000 00006000[0m
[0;32mI (65) boot:  1 phy_init         RF data          01 01 0000f000 00001000[0m
[0;32mI (71) boot:  2 factory          factory app      00 00 00010000 00100000[0m
[0;32mI (78) boot: End of partition table[0m
[0;32mI (81) esp_image: segment 0: paddr=00010020 vaddr=3f400020 size=1f6c0h (128704) map[0m
[0;32mI (132) esp_image: segment 1: paddr=0002f6e8 vaddr=3ff80000 size=00020h (    32) load[0m
[0;32mI (133) esp_image: segment 2: paddr=0002f710 vaddr=3ffb0000 size=00908h (  2312) load[0m
[0;32mI (137) esp_image: segment 3: paddr=00030020 vaddr=400d0020 size=a4358h (672600) map[0m
[0;32mI (373) esp_image: segment 4: paddr=000d4380 vaddr=3ffb0908 size=036b0h ( 14000) load[0m
[0;32mI (379) esp_image: segment 5: paddr=000d7a38 vaddr=40080000 size=192e4h (103140) load[0m
[0;32mI (431) boot: Loaded app from partition at offset 0x10000[0m
[0;32mI (431) boot: Disabling RNG early entropy source...[0m
[0;32mI (442) cpu_start: Multicore app[0m
[0;32mI (450) cpu_start: Pro cpu start user code[0m
[0;32mI (450) cpu_start: cpu freq: 160000000 Hz[0m
[0;32mI (450) app_init: Application information:[0m
[0;32mI (450) app_init: Project name:     hello_world[0m
[0;32mI (455) app_init: App version:      v5.5-dirty[0m
[0;32mI (459) app_init: Compile time:     Oct 20 2025 20:55:32[0m
[0;32mI (464) app_init: ELF file SHA256:  755039e79...[0m
[0;32mI (468) app_init: ESP-IDF:          v5.5-dirty[0m
[0;32mI (472) efuse_init: Min chip rev:     v0.0[0m
[0;32mI (476) efuse_init: Max chip rev:     v3.99 [0m
[0;32mI (480) efuse_init: Chip rev:         v3.0[0m
[0;32mI (484) heap_init: Initializing. RAM available for dynamic allocation:[0m
[0;32mI (490) heap_init: At 3FFAE6E0 len 00001920 (6 KiB): DRAM[0m
[0;32mI (495) heap_init: At 3FFB87E8 len 00027818 (158 KiB): DRAM[0m
[0;32mI (501) heap_init: At 3FFE0440 len 00003AE0 (14 KiB): D/IRAM[0m
[0;32mI (506) heap_init: At 3FFE4350 len 0001BCB0 (111 KiB): D/IRAM[0m
[0;32mI (512) heap_init: At 400992E4 len 00006D1C (27 KiB): IRAM[0m
[0;32mI (518) spi_flash: detected chip: generic[0m
[0;32mI (521) spi_flash: flash io: dio[0m
[0;33mW (523) spi_flash: Detected size(4096k) larger than the size in the binary image header(2048k). Using the size in the binary image header.[0m
[0;33mW (536) i2c: This driver is an old driver, please migrate your application code to adapt `driver/i2c_master.h`[0m
[0;32mI (546) main_task: Started on CPU0[0m
[0;32mI (556) main_task: Calling app_main()[0m
[0;32mI (556) KEYPAD: I2C initialized successfully[0m
[0;32mI (2146) KEYPAD: Starting keypad MQTT application[0m
[0;32mI (2196) wifi:wifi driver task: 3ffc09ec, prio:23, stack:6656, core=0[0m
[0;32mI (2216) wifi:wifi firmware version: f3dbad7[0m
[0;32mI (2216) wifi:wifi certification version: v7.0[0m
[0;32mI (2216) wifi:config NVS flash: enabled[0m
[0;32mI (2216) wifi:config nano formatting: disabled[0m
[0;32mI (2216) wifi:Init data frame dynamic rx buffer num: 32[0m
[0;32mI (2226) wifi:Init static rx mgmt buffer num: 5[0m
[0;32mI (2226) wifi:Init management short buffer num: 32[0m
[0;32mI (2236) wifi:Init dynamic tx buffer num: 32[0m
[0;32mI (2236) wifi:Init static rx buffer size: 1600[0m
[0;32mI (2236) wifi:Init static rx buffer num: 10[0m
[0;32mI (2246) wifi:Init dynamic rx buffer num: 32[0m
[0;32mI (2246) wifi_init: rx ba win: 6[0m
[0;32mI (2246) wifi_init: accept mbox: 6[0m
[0;32mI (2256) wifi_init: tcpip mbox: 32[0m
[0;32mI (2256) wifi_init: udp mbox: 6[0m
[0;32mI (2256) wifi_init: tcp mbox: 6[0m
[0;32mI (2266) wifi_init: tcp tx win: 5760[0m
[0;32mI (2266) wifi_init: tcp rx win: 5760[0m
[0;32mI (2266) wifi_init: tcp mss: 1440[0m
[0;32mI (2276) wifi_init: WiFi IRAM OP enabled[0m
[0;32mI (2276) wifi_init: WiFi RX IRAM OP enabled[0m
[0;32mI (2336) phy_init: phy_version 4860,6b7a6e5,Feb  6 2025,14:47:07[0m
[0;32mI (2416) wifi:mode : sta (a8:42:e3:4c:7c:bc)[0m
[0;32mI (2426) wifi:enable tsf[0m
[0;32mI (2426) KEYPAD: WiFi initialized[0m
[0;32mI (2426) KEYPAD: WiFi STA started[0m
[0;32mI (2436) KEYPAD: Have a saved wifi network in NVS: Anh Kiet[0m
[0;33mW (3246) wifi:Password length matches WPA2 standards, authmode threshold changes from OPEN to WPA2[0m
[0;32mI (3296) wifi:flush txq[0m
[0;32mI (3296) wifi:stop sw txq[0m
[0;32mI (3296) wifi:lmac stop hw txq[0m
[0;32mI (3306) wifi:mode : sta (a8:42:e3:4c:7c:bc)[0m
[0;32mI (3306) wifi:enable tsf[0m
[0;32mI (3306) KEYPAD: WiFi STA started[0m
[1;31mE (3306) wifi:sta is connecting, return error[0m
[0;32mI (3556) wifi:new:<2,0>, old:<1,0>, ap:<255,255>, sta:<2,0>, prof:9, snd_ch_cfg:0x0[0m
[0;32mI (3566) wifi:state: init -> auth (0xb0)[0m
[0;32mI (3596) wifi:state: auth -> assoc (0x0)[0m
[0;32mI (3646) wifi:state: assoc -> run (0x10)[0m
[0;32mI (3756) wifi:connected with Anh Kiet, aid = 2, channel 2, BW20, bssid = cc:71:90:19:d2:f8[0m
[0;32mI (3756) wifi:security: WPA2-PSK, phy: bgn, rssi: -72[0m
[0;32mI (3766) wifi:pm start, type: 1[0m

[0;32mI (3766) wifi:dp: 1, bi: 102400, li: 3, scale listen interval from 307200 us to 307200 us[0m
[0;32mI (3766) KEYPAD: Connected to SSID:Anh Kiet, channel:2[0m
[0;32mI (3846) wifi:AP's beacon interval = 102400 us, DTIM period = 1[0m
[0;32mI (5166) esp_netif_handlers: sta ip: 192.168.1.4, mask: 255.255.255.0, gw: 192.168.1.1[0m
[0;32mI (5166) KEYPAD: WiFi connected, got IP[0m
[0;32mI (6316) KEYPAD: MQTT initialized[0m
[0;32mI (6336) wifi:<ba-add>idx:0 (ifx:0, cc:71:90:19:d2:f8), tid:0, ssn:5, winSize:64[0m
[1;31mE (16326) esp-tls: [sock=54] select() timeout[0m
[1;31mE (16326) transport_base: Failed to open a new connection: 32774[0m
[1;31mE (16326) mqtt_client: Error transport connect[0m
[0;32mI (16326) KEYPAD: MQTT disconnected[0m
[1;31mE (41336) esp-tls: [sock=54] select() timeout[0m
[1;31mE (41336) transport_base: Failed to open a new connection: 32774[0m
[1;31mE (41336) mqtt_client: Error transport connect[0m
[0;32mI (41336) KEYPAD: MQTT disconnected[0m
[1;31mE (66346) esp-tls: [sock=54] select() timeout[0m
[1;31mE (66346) transport_base: Failed to open a new connection: 32774[0m
[1;31mE (66346) mqtt_client: Error transport connect[0m
[0;32mI (66346) KEYPAD: MQTT disconnected[0m
[1;31mE (91356) esp-tls: [sock=54] select() timeout[0m
[1;31mE (91356) transport_base: Failed to open a new connection: 32774[0m
[1;31mE (91356) mqtt_client: Error transport connect[0m
[0;32mI (91356) KEYPAD: MQTT disconnected[0m
[1;31mE (116366) esp-tls: [sock=54] select() timeout[0m
[1;31mE (116366) transport_base: Failed to open a new connection: 32774[0m
[1;31mE (116366) mqtt_client: Error transport connect[0m
[0;32mI (116366) KEYPAD: MQTT disconnected[0m
[1;31mE (141376) esp-tls: [sock=54] select() timeout[0m
[1;31mE (141376) transport_base: Failed to open a new connection: 32774[0m
[1;31mE (141376) mqtt_client: Error transport connect[0m
[0;32mI (141376) KEYPAD: MQTT disconnected[0m
[1;31mE (166386) esp-tls: [sock=54] select() timeout[0m
[1;31mE (166386) transport_base: Failed to open a new connection: 32774[0m
[1;31mE (166386) mqtt_client: Error transport connect[0m
[0;32mI (166386) KEYPAD: MQTT disconnected[0m
[1;31mE (191396) esp-tls: [sock=54] select() timeout[0m
[1;31mE (191396) transport_base: Failed to open a new connection: 32774[0m
[1;31mE (191396) mqtt_client: Error transport connect[0m
[0;32mI (191396) KEYPAD: MQTT disconnected[0m
[1;31mE (216406) esp-tls: [sock=54] select() timeout[0m
[1;31mE (216406) transport_base: Failed to open a new connection: 32774[0m
[1;31mE (216406) mqtt_client: Error transport connect[0m
[0;32mI (216406) KEYPAD: MQTT disconnected[0m
