Command: D:\ESP32_IDF\Espressif\python_env\idf5.5_py3.11_env\Scripts\python.exe D:\ESP32_IDF\Espressif\frameworks\esp-idf-v5.5\tools/idf_monitor.py -p COM3 -b 115200 --toolchain-prefix xtensa-esp32-elf- --target esp32 --revision 0 D:\ESP32_IDF\Espressif\frameworks\esp-idf-v5.5\examples\get-started\agribank demo\build\hello_world.elf D:\ESP32_IDF\Espressif\frameworks\esp-idf-v5.5\examples\get-started\agribank demo\build\bootloader\bootloader.elf --force-color -m 'D:\ESP32_IDF\Espressif\python_env\idf5.5_py3.11_env\Scripts\python.exe' 'D:\ESP32_IDF\Espressif\frameworks\esp-idf-v5.5\tools\idf.py' '-p' 'COM3'
iï¿½Jï¿½ï¿½Ñ¹esp32: SPI Sï¿½ets Jul 29 2019 12:21:46

rst:0x1 (POWERON_RESET),boot:0x13 (SPI_FAST_FLASH_BOOT)
configsip: 0, SPIWP:0xee
clk_drv:0x00,q_drv:0x00,d_drv:0x00,cs0_drv:0x00,hd_drv:0x00,wp_drv:0x00
mode:DIO, clock div:2
load:0x3fff0030,len:6380
ho 0 tail 12 room 4
load:0x40078000,len:15916
load:0x40080400,len:3860
entry 0x40080638
[0;32mI (29) boot: ESP-IDF v5.5-dirty 2nd stage bootloader[0m
[0;32mI (29) boot: compile time Nov  3 2025 10:07:42[0m
[0;32mI (29) boot: Multicore bootloader[0m
[0;32mI (31) boot: chip revision: v3.0[0m
[0;32mI (34) boot.esp32: SPI Speed      : 40MHz[0m
[0;32mI (37) boot.esp32: SPI Mode       : DIO[0m
[0;32mI (41) boot.esp32: SPI Flash Size : 2MB[0m
[0;32mI (45) boot: Enabling RNG early entropy source...[0m
[0;32mI (49) boot: Partition Table:[0m
[0;32mI (52) boot: ## Label            Usage          Type ST Offset   Length[0m
[0;32mI (58) boot:  0 nvs              WiFi data        01 02 00009000 00006000[0m
[0;32mI (65) boot:  1 phy_init         RF data          01 01 0000f000 00001000[0m
[0;32mI (71) boot:  2 factory          factory app      00 00 00010000 00100000[0m
[0;32mI (78) boot: End of partition table[0m
[0;32mI (81) esp_image: segment 0: paddr=00010020 vaddr=3f400020 size=20c54h (134228) map[0m
[0;32mI (134) esp_image: segment 1: paddr=00030c7c vaddr=3ff80000 size=00020h (    32) load[0m
[0;32mI (135) esp_image: segment 2: paddr=00030ca4 vaddr=3ffb0000 size=04bc8h ( 19400) load[0m
[0;32mI (145) esp_image: segment 3: paddr=00035874 vaddr=40080000 size=0a7a4h ( 42916) load[0m
[0;32mI (162) esp_image: segment 4: paddr=00040020 vaddr=400d0020 size=a87b4h (690100) map[0m
[0;32mI (398) esp_image: segment 5: paddr=000e87dc vaddr=4008a7a4 size=0eb40h ( 60224) load[0m
[0;32mI (434) boot: Loaded app from partition at offset 0x10000[0m
[0;32mI (434) boot: Disabling RNG early entropy source...[0m
[0;32mI (445) cpu_start: Multicore app[0m
[0;32mI (453) cpu_start: Pro cpu start user code[0m
[0;32mI (453) cpu_start: cpu freq: 160000000 Hz[0m
[0;32mI (453) app_init: Application information:[0m
[0;32mI (453) app_init: Project name:     hello_world[0m
[0;32mI (458) app_init: App version:      5171ba8-dirty[0m
[0;32mI (462) app_init: Compile time:     Dec 12 2025 08:08:50[0m
[0;32mI (467) app_init: ELF file SHA256:  dc2745cf7...[0m
[0;32mI (472) app_init: ESP-IDF:          v5.5-dirty[0m
[0;32mI (476) efuse_init: Min chip rev:     v0.0[0m
[0;32mI (480) efuse_init: Max chip rev:     v3.99 [0m
[0;32mI (484) efuse_init: Chip rev:         v3.0[0m
[0;32mI (488) heap_init: Initializing. RAM available for dynamic allocation:[0m
[0;32mI (494) heap_init: At 3FFAE6E0 len 00001920 (6 KiB): DRAM[0m
[0;32mI (499) heap_init: At 3FFB9468 len 00026B98 (154 KiB): DRAM[0m
[0;32mI (504) heap_init: At 3FFE0440 len 00003AE0 (14 KiB): D/IRAM[0m
[0;32mI (509) heap_init: At 3FFE4350 len 0001BCB0 (111 KiB): D/IRAM[0m
[0;32mI (515) heap_init: At 400992E4 len 00006D1C (27 KiB): IRAM[0m
[0;32mI (522) spi_flash: detected chip: generic[0m
[0;32mI (524) spi_flash: flash io: dio[0m
[0;33mW (527) spi_flash: Detected size(4096k) larger than the size in the binary image header(2048k). Using the size in the binary image header.[0m
[0;33mW (539) i2c: This driver is an old driver, please migrate your application code to adapt `driver/i2c_master.h`[0m
[0;32mI (550) main_task: Started on CPU0[0m
[0;32mI (560) main_task: Calling app_main()[0m
[0;32mI (560) LED: LED initialized on GPIO 2[0m
[0;32mI (560) LED: LED OFF[0m
[0;32mI (560) DEMO: I2C initialized successfully[0m
[0;32mI (1450) DEMO: Starting keypad MQTT application[0m
[0;32mI (1470) MAC_UTILS: WiFi STA MAC: A8:42:E3:4C:7C:BC[0m
[0;32mI (1470) NVS_UTILS: Read user ID successfully: 01[0m
[0;32mI (1470) MAC_UTILS: Loaded user_id from NVS: 01[0m
[0;32mI (1490) wifi:wifi driver task: 3ffc24cc, prio:23, stack:6656, core=0[0m
[0;32mI (1500) wifi:wifi firmware version: f3dbad7[0m
[0;32mI (1500) wifi:wifi certification version: v7.0[0m
[0;32mI (1500) wifi:config NVS flash: enabled[0m
[0;32mI (1500) wifi:config nano formatting: disabled[0m
[0;32mI (1510) wifi:Init data frame dynamic rx buffer num: 32[0m
[0;32mI (1510) wifi:Init static rx mgmt buffer num: 5[0m
[0;32mI (1510) wifi:Init management short buffer num: 32[0m
[0;32mI (1520) wifi:Init dynamic tx buffer num: 32[0m
[0;32mI (1520) wifi:Init static rx buffer size: 1600[0m
[0;32mI (1530) wifi:Init static rx buffer num: 10[0m
[0;32mI (1530) wifi:Init dynamic rx buffer num: 32[0m
[0;32mI (1540) wifi_init: rx ba win: 6[0m
[0;32mI (1540) wifi_init: accept mbox: 6[0m
[0;32mI (1540) wifi_init: tcpip mbox: 32[0m
[0;32mI (1540) wifi_init: udp mbox: 6[0m
[0;32mI (1550) wifi_init: tcp mbox: 6[0m
[0;32mI (1550) wifi_init: tcp tx win: 5760[0m
[0;32mI (1550) wifi_init: tcp rx win: 5760[0m
[0;32mI (1560) wifi_init: tcp mss: 1440[0m
[0;32mI (1560) wifi_init: WiFi IRAM OP enabled[0m
[0;32mI (1560) wifi_init: WiFi RX IRAM OP enabled[0m
[0;32mI (1570) phy_init: phy_version 4860,6b7a6e5,Feb  6 2025,14:47:07[0m
[0;32mI (1650) phy_init: Saving new calibration data due to checksum failure or outdated calibration data, mode(0)[0m
[0;32mI (1700) wifi:mode : sta (a8:42:e3:4c:7c:bc)[0m
[0;32mI (1700) wifi:enable tsf[0m
[0;32mI (1700) WIFI: WiFi initialized[0m
[0;32mI (1700) WIFI: WiFi STA started[0m
[0;32mI (4210) WIFI: Found 0 ap[0m
[0;32mI (4210) main_task: Returned from app_main()[0m
[0;32mI (4210) STATE_MACHINE: System state task started[0m
[0;33mW (42630) NVS_UTILS: Failed to open NVS handle for user_pass: ESP_ERR_NVS_NOT_FOUND[0m
[0;33mW (50700) NVS_UTILS: Failed to open NVS handle for user_pass: ESP_ERR_NVS_NOT_FOUND[0m
[0;33mW (59920) NVS_UTILS: Failed to open NVS handle for user_pass: ESP_ERR_NVS_NOT_FOUND[0m
[1;31mE (59920) mqtt_client: Client was not initialized[0m
[0;32mI (59950) STATE_MACHINE: Have a saved wifi network in NVS: NamTrung[0m
[0;32mI (59990) wifi:flush txq[0m
[0;32mI (59990) wifi:stop sw txq[0m
[0;32mI (59990) wifi:lmac stop hw txq[0m
[0;32mI (60000) wifi:mode : sta (a8:42:e3:4c:7c:bc)[0m
[0;32mI (60000) wifi:enable tsf[0m
[0;32mI (60000) WIFI: WiFi STA started[0m
[0;32mI (60280) wifi:new:<11,0>, old:<1,0>, ap:<255,255>, sta:<11,0>, prof:1, snd_ch_cfg:0x0[0m
[0;32mI (60290) wifi:state: init -> auth (0xb0)[0m
[0;32mI (60290) wifi:state: auth -> assoc (0x0)[0m
[0;32mI (60300) wifi:state: assoc -> run (0x10)[0m
[0;32mI (60320) wifi:connected with NamTrung, aid = 16, channel 11, BW20, bssid = 10:5f:02:75:27:1e[0m
[0;32mI (60330) wifi:security: WPA2-PSK, phy: bgn, rssi: -64[0m
[0;32mI (60340) wifi:pm start, type: 1[0m

[0;32mI (60340) wifi:dp: 1, bi: 102400, li: 3, scale listen interval from 307200 us to 307200 us[0m
[0;32mI (60340) WIFI: Connected to SSID:NamTrung, channel:11[0m
[0;32mI (60390) wifi:AP's beacon interval = 102400 us, DTIM period = 1[0m
[0;32mI (60810) wifi:<ba-add>idx:0 (ifx:0, 10:5f:02:75:27:1e), tid:0, ssn:1, winSize:64[0m
[0;32mI (61410) esp_netif_handlers: sta ip: 10.10.1.28, mask: 255.255.252.0, gw: 10.10.1.1[0m
[0;32mI (61410) WIFI: WiFi connected, got IP[0m
[0;32mI (62460) MQTT: Registered device with WiFi STA MAC: {"device_id":"A8:42:E3:4C:7C:BC","status":"offline"}[0m
[0;32mI (62460) MQTT: MQTT initialized[0m
[0;32mI (62470) NVS_UTILS: Read status successfully: SO DANG GOI[0m
[0;32mI (62480) wifi:<ba-add>idx:1 (ifx:0, 10:5f:02:75:27:1e), tid:7, ssn:6, winSize:64[0m
[0;32mI (62560) LED: LED ON[0m
[0;32mI (62560) MQTT: MQTT connected[0m
[0;32mI (62720) MQTT: MQTT_EVENT_DATA[0m
[0;32mI (62720) MQTT: Processing topic: device/list[0m
[0;32mI (62720) MQTT: Processing topic data: [{"id":"94:E6:86:09:A4:78","name":"2"},{"id":"A8:42:E3:4C:7C:BC","name":"1"},{"id":"R1:42:E3:4C:7C:BC","name":"3"},{"id":"R2:42:E3:4C:7C:BC","name":"4"}][0m
[0;32mI (62730) MQTT: MQTT_EVENT_DATA[0m
[0;32mI (62740) MQTT: [{"id":"94:E6:86:09:A4:78","name":"2"},{"id":"A8:42:E3:4C:7C:BC","name":"1"},{"id":"R1:42:E3:4C:7C:BC","name":"3"},{"id":"R2:42:E3:4C:7C:BC","name":"4"}][0m
[0;32mI (62750) MQTT: Extracted counter ID: 2 from name: 2[0m
[0;32mI (62760) MAC_UTILS: WiFi STA MAC: A8:42:E3:4C:7C:BC[0m
[0;32mI (62760) NVS_UTILS: Read user ID successfully: 01[0m
[0;32mI (62770) MAC_UTILS: Loaded user_id from NVS: 01[0m
[0;32mI (62770) MQTT: Extracted counter ID: 1 from name: 1[0m
[0;32mI (62770) MAC_UTILS: WiFi STA MAC: A8:42:E3:4C:7C:BC[0m
[0;32mI (62780) NVS_UTILS: Read user ID successfully: 01[0m
[0;32mI (62780) MAC_UTILS: Loaded user_id from NVS: 01[0m
[0;32mI (62790) MQTT: Found current device (MAC match): A8:42:E3:4C:7C:BC[0m
[0;32mI (62790) NVS_UTILS: User ID saved successfully: 01[0m
[0;32mI (62800) MQTT: Extracted counter ID: 3 from name: 3[0m
[0;32mI (62800) MAC_UTILS: WiFi STA MAC: A8:42:E3:4C:7C:BC[0m
[0;32mI (62810) NVS_UTILS: Read user ID successfully: 01[0m
[0;32mI (62810) MAC_UTILS: Loaded user_id from NVS: 01[0m
[0;32mI (62820) MQTT: Extracted counter ID: 4 from name: 4[0m
[0;32mI (62820) MAC_UTILS: WiFi STA MAC: A8:42:E3:4C:7C:BC[0m
[0;32mI (62830) NVS_UTILS: Read user ID successfully: 01[0m
[0;32mI (62830) MAC_UTILS: Loaded user_id from NVS: 01[0m
[0;32mI (62830) MQTT: Device list updated: 4 devices[0m
[0;32mI (62840) MQTT: Sorted device list successfully[0m
[0;32mI (62860) MQTT: Processing topic: service/list[0m
[0;32mI (62860) MQTT: Processing topic data: [{"id":7,"name":"Giao dich duoi 1 ty"},{"id":1,"name":"Giao dich tren 1 ty"},{"id":9,"name":"Giao dich khac"},{"id":10,"name":"Lay so cho vui"}][0m
[0;32mI (62870) MQTT: [{"id":7,"name":"Giao dich duoi 1 ty"},{"id":1,"name":"Giao dich tren 1 ty"},{"id":9,"name":"Giao dich khac"},{"id":10,"name":"Lay so cho vui"}][0m
[0;32mI (62890) MQTT: Service list updated: 4 services[0m
[0;32mI (64080) MQTT: MQTT_EVENT_DATA[0m
[0;32mI (64090) MQTT: Processing topic: responsenumber[0m
[0;32mI (64090) MQTT: Processing topic data: {"device_id":"94:E6:86:09:A4:78","number":"1013","service_name":"Giao dich tren 1 ty","device_name":"2"}[0m
[0;32mI (72180) MQTT: MQTT_EVENT_DATA[0m
[0;32mI (72180) MQTT: Processing topic: responsenumber[0m
[0;32mI (72180) MQTT: Processing topic data: {"device_id":"R2:42:E3:4C:7C:BC","number":"4015","service_name":"Lay so cho vui","device_name":"4"}[0m
[0;32mI (78220) MQTT: MQTT_EVENT_DATA[0m
[0;32mI (78220) MQTT: Processing topic: responsenumber[0m
[0;32mI (78230) MQTT: Processing topic data: {"device_id":"A8:42:E3:4C:7C:BC","number":"2018","service_name":"Giao dich duoi 1 ty","device_name":"1"}[0m
[0;32mI (78230) NVS_UTILS: Status saved successfully: SO DANG GOI[0m
[0;32mI (78250) NVS_UTILS: current number saved successfully![0m
[0;32mI (84360) MQTT: MQTT_EVENT_DATA[0m
[0;32mI (84360) MQTT: Processing topic: responsenumber[0m
[0;32mI (84360) MQTT: Processing topic data: {"device_id":"94:E6:86:09:A4:78","number":"1014","service_name":"Giao dich tren 1 ty","device_name":"2"}[0m
[0;32mI (94290) MQTT: MQTT_EVENT_DATA[0m
[0;32mI (94300) MQTT: Processing topic: responsenumber[0m
[0;32mI (94300) MQTT: Processing topic data: {"device_id":"R2:42:E3:4C:7C:BC","number":"1015","service_name":"Giao dich tren 1 ty","device_name":"4"}[0m
[0;32mI (102470) MQTT: MQTT_EVENT_DATA[0m
[0;32mI (102470) MQTT: Processing topic: responsenumber[0m
[0;32mI (102470) MQTT: Processing topic data: {"device_id":"A8:42:E3:4C:7C:BC","number":"2019","service_name":"Giao dich duoi 1 ty","device_name":"1"}[0m
[0;32mI (102480) NVS_UTILS: Status saved successfully: SO DANG GOI[0m
[0;32mI (102500) NVS_UTILS: current number saved successfully![0m
[0;32mI (110490) MQTT: MQTT_EVENT_DATA[0m
[0;32mI (110500) MQTT: Processing topic: responsenumber[0m
[0;32mI (110500) MQTT: Processing topic data: {"device_id":"R2:42:E3:4C:7C:BC","number":"1016","service_name":"Giao dich tren 1 ty","device_name":"4"}[0m
[0;32mI (116510) MQTT: MQTT_EVENT_DATA[0m
[0;32mI (116520) MQTT: Processing topic: responsenumber[0m
[0;32mI (116520) MQTT: Processing topic data: {"device_id":"R2:42:E3:4C:7C:BC","number":"NoAvailable"}[0m
[0;32mI (122560) MQTT: MQTT_EVENT_DATA[0m
[0;32mI (122560) MQTT: Processing topic: responsenumber[0m
[0;32mI (122560) MQTT: Processing topic data: {"device_id":"R2:42:E3:4C:7C:BC","number":"4016","service_name":"Lay so cho vui","device_name":"4"}[0m
[0;32mI (131670) MQTT: MQTT_EVENT_DATA[0m
[0;32mI (131670) MQTT: Processing topic: responsenumber[0m
[0;32mI (131670) MQTT: Processing topic data: {"device_id":"94:E6:86:09:A4:78","number":"3011","service_name":"Giao dich khac","device_name":"2"}[0m
[0;32mI (143750) MQTT: MQTT_EVENT_DATA[0m
[0;32mI (143760) MQTT: Processing topic: responsenumber[0m
[0;32mI (143760) MQTT: Processing topic data: {"device_id":"R1:42:E3:4C:7C:BC","number":"2020","service_name":"Giao dich duoi 1 ty","device_name":"3"}[0m
[0;32mI (149790) MQTT: MQTT_EVENT_DATA[0m
[0;32mI (149800) MQTT: Processing topic: responsenumber[0m
[0;32mI (149800) MQTT: Processing topic data: {"device_id":"94:E6:86:09:A4:78","number":"1017","service_name":"Giao dich tren 1 ty","device_name":"2"}[0m
[0;32mI (155840) MQTT: MQTT_EVENT_DATA[0m
[0;32mI (155840) MQTT: Processing topic: responsenumber[0m
[0;32mI (155840) MQTT: Processing topic data: {"device_id":"94:E6:86:09:A4:78","number":"1018","service_name":"Giao dich tren 1 ty","device_name":"2"}[0m
[0;32mI (160950) MQTT: MQTT_EVENT_DATA[0m
[0;32mI (160950) MQTT: Processing topic: responsenumber[0m
[0;32mI (160950) MQTT: Processing topic data: {"device_id":"R1:42:E3:4C:7C:BC","number":"2021","service_name":"Giao dich duoi 1 ty","device_name":"3"}[0m
[0;32mI (166890) MQTT: MQTT_EVENT_DATA[0m
[0;32mI (166890) MQTT: Processing topic: responsenumber[0m
[0;32mI (166890) MQTT: Processing topic data: {"device_id":"A8:42:E3:4C:7C:BC","number":"2022","service_name":"Giao dich duoi 1 ty","device_name":"1"}[0m
[0;32mI (166900) NVS_UTILS: Status saved successfully: SO DANG GOI[0m
[0;32mI (166930) NVS_UTILS: current number saved successfully![0m
[0;32mI (173040) MQTT: MQTT_EVENT_DATA[0m
[0;32mI (173040) MQTT: Processing topic: responsenumber[0m
[0;32mI (173040) MQTT: Processing topic data: {"device_id":"94:E6:86:09:A4:78","number":"NoAvailable"}[0m
[0;32mI (179280) MQTT: MQTT_EVENT_DATA[0m
[0;32mI (179280) MQTT: Processing topic: responsenumber[0m
[0;32mI (179280) MQTT: Processing topic data: {"device_id":"R2:42:E3:4C:7C:BC","number":"4017","service_name":"Lay so cho vui","device_name":"4"}[0m
[0;32mI (185220) MQTT: MQTT_EVENT_DATA[0m
[0;32mI (185220) MQTT: Processing topic: responsenumber[0m
[0;32mI (185220) MQTT: Processing topic data: {"device_id":"R1:42:E3:4C:7C:BC","number":"2023","service_name":"Giao dich duoi 1 ty","device_name":"3"}[0m
[0;32mI (194230) MQTT: MQTT_EVENT_DATA[0m
[0;32mI (194230) MQTT: Processing topic: responsenumber[0m
[0;32mI (194230) MQTT: Processing topic data: {"device_id":"R2:42:E3:4C:7C:BC","number":"4018","service_name":"Lay so cho vui","device_name":"4"}[0m
[0;32mI (202690) MQTT: MQTT_EVENT_DATA[0m
[0;32mI (202690) MQTT: Processing topic: responsenumber[0m
[0;32mI (202690) MQTT: Processing topic data: {"device_id":"94:E6:86:09:A4:78","number":"1019","service_name":"Giao dich tren 1 ty","device_name":"2"}[0m
ets Jul 29 2019 12:21:46

rst:0x1 (POWERON_RESET),boot:0x13 (SPI_FAST_FLASH_BOOT)
configsip: 0, SPIWP:0xee
clk_drv:0x00,q_drv:0x00,d_drv:0x00,cs0_drv:0x00,hd_drv:0x00,wp_drv:0x00
mode:DIO, clock div:2
load:0x3fff0030,len:6380
ho 0 tail 12 room 4
load:0x40078000,len:15916
load:0x40080400,len:3860
entry 0x40080638
[0;32mI (29) boot: ESP-IDF v5.5-dirty 2nd stage bootloader[0m
[0;32mI (29) boot: compile time Nov  3 2025 10:07:42[0m
[0;32mI (29) boot: Multicore bootloader[0m
[0;32mI (31) boot: chip revision: v3.0[0m
[0;32mI (34) boot.esp32: SPI Speed      : 40MHz[0m
[0;32mI (37) boot.esp32: SPI Mode       : DIO[0m
[0;32mI (41) boot.esp32: SPI Flash Size : 2MB[0m
[0;32mI (45) boot: Enabling RNG early entropy source...[0m
[0;32mI (49) boot: Partition Table:[0m
[0;32mI (52) boot: ## Label            Usage          Type ST Offset   Length[0m
[0;32mI (58) boot:  0 nvs              WiFi data        01 02 00009000 00006000[0m
[0;32mI (65) boot:  1 phy_init         RF data          01 01 0000f000 00001000[0m
[0;32mI (71) boot:  2 factory          factory app      00 00 00010000 00100000[0m
[0;32mI (78) boot: End of partition table[0m
[0;32mI (81) esp_image: segment 0: paddr=00010020 vaddr=3f400020 size=20c54h (134228) map[0m
[0;32mI (134) esp_image: segment 1: paddr=00030c7c vaddr=3ff80000 size=00020h (    32) load[0m
[0;32mI (135) esp_image: segment 2: paddr=00030ca4 vaddr=3ffb0000 size=04bc8h ( 19400) load[0m
[0;32mI (145) esp_image: segment 3: paddr=00035874 vaddr=40080000 size=0a7a4h ( 42916) load[0m
[0;32mI (162) esp_image: segment 4: paddr=00040020 vaddr=400d0020 size=a87b4h (690100) map[0m
[0;32mI (398) esp_image: segment 5: paddr=000e87dc vaddr=4008a7a4 size=0eb40h ( 60224) load[0m
[0;32mI (434) boot: Loaded app from partition at offset 0x10000[0m
[0;32mI (434) boot: Disabling RNG early entropy source...[0m
[0;32mI (445) cpu_start: Multicore app[0m
[0;32mI (453) cpu_start: Pro cpu start user code[0m
[0;32mI (453) cpu_start: cpu freq: 160000000 Hz[0m
[0;32mI (453) app_init: Application information:[0m
[0;32mI (453) app_init: Project name:     hello_world[0m
[0;32mI (458) app_init: App version:      5171ba8-dirty[0m
[0;32mI (462) app_init: Compile time:     Dec 12 2025 08:08:50[0m
[0;32mI (467) app_init: ELF file SHA256:  dc2745cf7...[0m
[0;32mI (472) app_init: ESP-IDF:          v5.5-dirty[0m
[0;32mI (476) efuse_init: Min chip rev:     v0.0[0m
[0;32mI (480) efuse_init: Max chip rev:     v3.99 [0m
[0;32mI (484) efuse_init: Chip rev:         v3.0[0m
[0;32mI (488) heap_init: Initializing. RAM available for dynamic allocation:[0m
[0;32mI (494) heap_init: At 3FFAE6E0 len 00001920 (6 KiB): DRAM[0m
[0;32mI (499) heap_init: At 3FFB9468 len 00026B98 (154 KiB): DRAM[0m
[0;32mI (504) heap_init: At 3FFE0440 len 00003AE0 (14 KiB): D/IRAM[0m
[0;32mI (509) heap_init: At 3FFE4350 len 0001BCB0 (111 KiB): D/IRAM[0m
[0;32mI (515) heap_init: At 400992E4 len 00006D1C (27 KiB): IRAM[0m
[0;32mI (522) spi_flash: detected chip: generic[0m
[0;32mI (524) spi_flash: flash io: dio[0m
[0;33mW (527) spi_flash: Detected size(4096k) larger than the size in the binary image header(2048k). Using the size in the binary image header.[0m
[0;33mW (539) i2c: This driver is an old driver, please migrate your application code to adapt `driver/i2c_master.h`[0m
[0;32mI (550) main_task: Started on CPU0[0m
[0;32mI (560) main_task: Calling app_main()[0m
[0;32mI (560) LED: LED initialized on GPIO 2[0m
[0;32mI (560) LED: LED OFF[0m
[0;32mI (560) DEMO: I2C initialized successfully[0m
[0;32mI (1450) DEMO: Starting keypad MQTT application[0m
[0;32mI (1470) MAC_UTILS: WiFi STA MAC: A8:42:E3:4C:7C:BC[0m
[0;32mI (1470) NVS_UTILS: Read user ID successfully: 01[0m
[0;32mI (1470) MAC_UTILS: Loaded user_id from NVS: 01[0m
[0;32mI (1490) wifi:wifi driver task: 3ffc24cc, prio:23, stack:6656, core=0[0m
[0;32mI (1500) wifi:wifi firmware version: f3dbad7[0m
[0;32mI (1500) wifi:wifi certification version: v7.0[0m
[0;32mI (1500) wifi:config NVS flash: enabled[0m
[0;32mI (1500) wifi:config nano formatting: disabled[0m
[0;32mI (1510) wifi:Init data frame dynamic rx buffer num: 32[0m
[0;32mI (1510) wifi:Init static rx mgmt buffer num: 5[0m
[0;32mI (1510) wifi:Init management short buffer num: 32[0m
[0;32mI (1520) wifi:Init dynamic tx buffer num: 32[0m
[0;32mI (1520) wifi:Init static rx buffer size: 1600[0m
[0;32mI (1530) wifi:Init static rx buffer num: 10[0m
[0;32mI (1530) wifi:Init dynamic rx buffer num: 32[0m
[0;32mI (1540) wifi_init: rx ba win: 6[0m
[0;32mI (1540) wifi_init: accept mbox: 6[0m
[0;32mI (1540) wifi_init: tcpip mbox: 32[0m
[0;32mI (1540) wifi_init: udp mbox: 6[0m
[0;32mI (1550) wifi_init: tcp mbox: 6[0m
[0;32mI (1550) wifi_init: tcp tx win: 5760[0m
[0;32mI (1550) wifi_init: tcp rx win: 5760[0m
[0;32mI (1560) wifi_init: tcp mss: 1440[0m
[0;32mI (1560) wifi_init: WiFi IRAM OP enabled[0m
[0;32mI (1560) wifi_init: WiFi RX IRAM OP enabled[0m
[0;32mI (1610) phy_init: phy_version 4860,6b7a6e5,Feb  6 2025,14:47:07[0m
[0;32mI (1700) wifi:mode : sta (a8:42:e3:4c:7c:bc)[0m
[0;32mI (1700) wifi:enable tsf[0m
[0;32mI (1700) WIFI: WiFi initialized[0m
[0;32mI (1700) WIFI: WiFi STA started[0m
[0;32mI (4210) WIFI: Found 0 ap[0m
[0;32mI (4210) main_task: Returned from app_main()[0m
[0;32mI (4210) STATE_MACHINE: System state task started[0m
ets Jul 29 2019 12:21:46

rst:0x1 (POWERON_RESET),boot:0x13 (SPI_FAST_FLASH_BOOT)
configsip: 0, SPIWP:0xee
clk_drv:0x00,q_drv:0x00,d_drv:0x00,cs0_drv:0x00,hd_drv:0x00,wp_drv:0x00
mode:DIO, clock div:2
load:0x3fff0030,len:6380
ho 0 tail 12 room 4
load:0x40078000,len:15916
load:0x40080400,len:3860
entry 0x40080638
[0;32mI (29) boot: ESP-IDF v5.5-dirty 2nd stage bootloader[0m
[0;32mI (29) boot: compile time Nov  3 2025 10:07:42[0m
[0;32mI (29) boot: Multicore bootloader[0m
[0;32mI (31) boot: chip revision: v3.0[0m
[0;32mI (34) boot.esp32: SPI Speed      : 40MHz[0m
[0;32mI (37) boot.esp32: SPI Mode       : DIO[0m
[0;32mI (41) boot.esp32: SPI Flash Size : 2MB[0m
[0;32mI (45) boot: Enabling RNG early entropy source...[0m
[0;32mI (49) boot: Partition Table:[0m
[0;32mI (52) boot: ## Label            Usage          Type ST Offset   Length[0m
[0;32mI (58) boot:  0 nvs              WiFi data        01 02 00009000 00006000[0m
[0;32mI (65) boot:  1 phy_init         RF data          01 01 0000f000 00001000[0m
[0;32mI (71) boot:  2 factory          factory app      00 00 00010000 00100000[0m
[0;32mI (78) boot: End of partition table[0m
[0;32mI (81) esp_image: segment 0: paddr=00010020 vaddr=3f400020 size=20c54h (134228) map[0m
[0;32mI (134) esp_image: segment 1: paddr=00030c7c vaddr=3ff80000 size=00020h (    32) load[0m
[0;32mI (135) esp_image: segment 2: paddr=00030ca4 vaddr=3ffb0000 size=04bc8h ( 19400) load[0m
[0;32mI (145) esp_image: segment 3: paddr=00035874 vaddr=40080000 size=0a7a4h ( 42916) load[0m
[0;32mI (162) esp_image: segment 4: paddr=00040020 vaddr=400d0020 size=a87b4h (690100) map[0m
[0;32mI (398) esp_image: segment 5: paddr=000e87dc vaddr=4008a7a4 size=0eb40h ( 60224) load[0m
[0;32mI (434) boot: Loaded app from partition at offset 0x10000[0m
[0;32mI (434) boot: Disabling RNG early entropy source...[0m
[0;32mI (445) cpu_start: Multicore app[0m
[0;32mI (453) cpu_start: Pro cpu start user code[0m
[0;32mI (453) cpu_start: cpu freq: 160000000 Hz[0m
[0;32mI (453) app_init: Application information:[0m
[0;32mI (454) app_init: Project name:     hello_world[0m
[0;32mI (458) app_init: App version:      5171ba8-dirty[0m
[0;32mI (462) app_init: Compile time:     Dec 12 2025 08:08:50[0m
[0;32mI (467) app_init: ELF file SHA256:  dc2745cf7...[0m
[0;32mI (472) app_init: ESP-IDF:          v5.5-dirty[0m
[0;32mI (476) efuse_init: Min chip rev:     v0.0[0m
[0;32mI (480) efuse_init: Max chip rev:     v3.99 [0m
[0;32mI (484) efuse_init: Chip rev:         v3.0[0m
[0;32mI (488) heap_init: Initializing. RAM available for dynamic allocation:[0m
[0;32mI (494) heap_init: At 3FFAE6E0 len 00001920 (6 KiB): DRAM[0m
[0;32mI (499) heap_init: At 3FFB9468 len 00026B98 (154 KiB): DRAM[0m
[0;32mI (504) heap_init: At 3FFE0440 len 00003AE0 (14 KiB): D/IRAM[0m
[0;32mI (509) heap_init: At 3FFE4350 len 0001BCB0 (111 KiB): D/IRAM[0m
[0;32mI (515) heap_init: At 400992E4 len 00006D1C (27 KiB): IRAM[0m
[0;32mI (522) spi_flash: detected chip: generic[0m
[0;32mI (524) spi_flash: flash io: dio[0m
[0;33mW (527) spi_flash: Detected size(4096k) larger than the size in the binary image header(2048k). Using the size in the binary image header.[0m
[0;33mW (539) i2c: This driver is an old driver, please migrate your application code to adapt `driver/i2c_master.h`[0m
[0;32mI (550) main_task: Started on CPU0[0m
[0;32mI (560) main_task: Calling app_main()[0m
[0;32mI (560) LED: LED initialized on GPIO 2[0m
[0;32mI (560) LED: LED OFF[0m
[0;32mI (560) DEMO: I2C initialized successfully[0m
[0;32mI (1450) DEMO: Starting keypad MQTT application[0m
[0;32mI (1470) MAC_UTILS: WiFi STA MAC: A8:42:E3:4C:7C:BC[0m
[0;32mI (1470) NVS_UTILS: Read user ID successfully: 01[0m
[0;32mI (1470) MAC_UTILS: Loaded user_id from NVS: 01[0m
[0;32mI (1490) wifi:wifi driver task: 3ffc24cc, prio:23, stack:6656, core=0[0m
[0;32mI (1500) wifi:wifi firmware version: f3dbad7[0m
[0;32mI (1500) wifi:wifi certification version: v7.0[0m
[0;32mI (1500) wifi:config NVS flash: enabled[0m
[0;32mI (1500) wifi:config nano formatting: disabled[0m
[0;32mI (1510) wifi:Init data frame dynamic rx buffer num: 32[0m
[0;32mI (1510) wifi:Init static rx mgmt buffer num: 5[0m
[0;32mI (1510) wifi:Init management short buffer num: 32[0m
[0;32mI (1520) wifi:Init dynamic tx buffer num: 32[0m
[0;32mI (1520) wifi:Init static rx buffer size: 1600[0m
[0;32mI (1530) wifi:Init static rx buffer num: 10[0m
[0;32mI (1530) wifi:Init dynamic rx buffer num: 32[0m
[0;32mI (1540) wifi_init: rx ba win: 6[0m
[0;32mI (1540) wifi_init: accept mbox: 6[0m
[0;32mI (1540) wifi_init: tcpip mbox: 32[0m
[0;32mI (1540) wifi_init: udp mbox: 6[0m
[0;32mI (1550) wifi_init: tcp mbox: 6[0m
[0;32mI (1550) wifi_init: tcp tx win: 5760[0m
[0;32mI (1550) wifi_init: tcp rx win: 5760[0m
[0;32mI (1560) wifi_init: tcp mss: 1440[0m
[0;32mI (1560) wifi_init: WiFi IRAM OP enabled[0m
[0;32mI (1560) wifi_init: WiFi RX IRAM OP enabled[0m
[0;32mI (1570) phy_init: phy_version 4860,6b7a6e5,Feb  6 2025,14:47:07[0m
[0;32mI (1660) wifi:mode : sta (a8:42:e3:4c:7c:bc)[0m
[0;32mI (1660) wifi:enable tsf[0m
[0;32mI (1660) WIFI: WiFi initialized[0m
[0;32mI (1660) WIFI: WiFi STA started[0m
[0;32mI (4160) WIFI: Found 0 ap[0m
[0;32mI (4160) main_task: Returned from app_main()[0m
[0;32mI (4160) STATE_MACHINE: System state task started[0m
