Command: D:\ESP32_IDF\Espressif\python_env\idf5.5_py3.11_env\Scripts\python.exe D:\ESP32_IDF\Espressif\frameworks\esp-idf-v5.5\tools/idf_monitor.py -p COM3 -b 115200 --toolchain-prefix xtensa-esp32-elf- --target esp32 --revision 0 D:\ESP32_IDF\Espressif\frameworks\esp-idf-v5.5\examples\get-started\agribank demo\build\hello_world.elf D:\ESP32_IDF\Espressif\frameworks\esp-idf-v5.5\examples\get-started\agribank demo\build\bootloader\bootloader.elf --force-color -m 'D:\ESP32_IDF\Espressif\python_env\idf5.5_py3.11_env\Scripts\python.exe' 'D:\ESP32_IDF\Espressif\frameworks\esp-idf-v5.5\tools\idf.py' '-p' 'COM3'
ï¿½Jï¿½ï¿½Ñ¹esp32: SPI Speed    ï¿½ets Jul 29 2019 12:21:46

rst:0x1 (POWERON_RESET),boot:0x13 (SPI_FAST_FLASH_BOOT)
configsip: 0, SPIWP:0xee
clk_drv:0x00,q_drv:0x00,d_drv:0x00,cs0_drv:0x00,hd_drv:0x00,wp_drv:0x00
mode:DIO, clock div:2
load:0x3fff0030,len:6380
ho 0 tail 12 room 4
load:0x40078000,len:15916
load:0x40080400,len:3860
entry 0x40080638
[0;32mI (29) boot: ESP-IDF v5.5-dirty 2nd stage bootloader[0m
[0;32mI (29) boot: compile time Oct 30 2025 15:44:26[0m
[0;32mI (29) boot: Multicore bootloader[0m
[0;32mI (31) boot: chip revision: v3.0[0m
[0;32mI (34) boot.esp32: SPI Speed      : 40MHz[0m
[0;32mI (37) boot.esp32: SPI Mode       : DIO[0m
[0;32mI (41) boot.esp32: SPI Flash Size : 2MB[0m
[0;32mI (45) boot: Enabling RNG early entropy source...[0m
[0;32mI (49) boot: Partition Table:[0m
[0;32mI (52) boot: ## Label            Usage          Type ST Offset   Length[0m
[0;32mI (58) boot:  0 nvs              WiFi data        01 02 00009000 00006000[0m
[0;32mI (65) boot:  1 phy_init         RF data          01 01 0000f000 00001000[0m
[0;32mI (71) boot:  2 factory          factory app      00 00 00010000 00100000[0m
[0;32mI (78) boot: End of partition table[0m
[0;32mI (81) esp_image: segment 0: paddr=00010020 vaddr=3f400020 size=20320h (131872) map[0m
[0;32mI (133) esp_image: segment 1: paddr=00030348 vaddr=3ff80000 size=00020h (    32) load[0m
[0;32mI (134) esp_image: segment 2: paddr=00030370 vaddr=3ffb0000 size=03fb8h ( 16312) load[0m
[0;32mI (143) esp_image: segment 3: paddr=00034330 vaddr=40080000 size=0bce8h ( 48360) load[0m
[0;32mI (164) esp_image: segment 4: paddr=00040020 vaddr=400d0020 size=a59b4h (678324) map[0m
[0;32mI (396) esp_image: segment 5: paddr=000e59dc vaddr=4008bce8 size=0d738h ( 55096) load[0m
[0;32mI (430) boot: Loaded app from partition at offset 0x10000[0m
[0;32mI (430) boot: Disabling RNG early entropy source...[0m
[0;32mI (440) cpu_start: Multicore app[0m
[0;32mI (448) cpu_start: Pro cpu start user code[0m
[0;32mI (449) cpu_start: cpu freq: 160000000 Hz[0m
[0;32mI (449) app_init: Application information:[0m
[0;32mI (449) app_init: Project name:     hello_world[0m
[0;32mI (453) app_init: App version:      e7264df-dirty[0m
[0;32mI (457) app_init: Compile time:     Oct 30 2025 15:45:01[0m
[0;32mI (462) app_init: ELF file SHA256:  0ee9feaaa...[0m
[0;32mI (467) app_init: ESP-IDF:          v5.5-dirty[0m
[0;32mI (471) efuse_init: Min chip rev:     v0.0[0m
[0;32mI (475) efuse_init: Max chip rev:     v3.99 [0m
[0;32mI (479) efuse_init: Chip rev:         v3.0[0m
[0;32mI (483) heap_init: Initializing. RAM available for dynamic allocation:[0m
[0;32mI (489) heap_init: At 3FFAE6E0 len 00001920 (6 KiB): DRAM[0m
[0;32mI (494) heap_init: At 3FFB8B90 len 00027470 (157 KiB): DRAM[0m
[0;32mI (499) heap_init: At 3FFE0440 len 00003AE0 (14 KiB): D/IRAM[0m
[0;32mI (505) heap_init: At 3FFE4350 len 0001BCB0 (111 KiB): D/IRAM[0m
[0;32mI (510) heap_init: At 40099420 len 00006BE0 (26 KiB): IRAM[0m
[0;32mI (517) spi_flash: detected chip: generic[0m
[0;32mI (519) spi_flash: flash io: dio[0m
[0;33mW (522) spi_flash: Detected size(4096k) larger than the size in the binary image header(2048k). Using the size in the binary image header.[0m
[0;33mW (534) i2c: This driver is an old driver, please migrate your application code to adapt `driver/i2c_master.h`[0m
[0;32mI (545) main_task: Started on CPU0[0m
[0;32mI (555) main_task: Calling app_main()[0m
[1;31mE (555) i2c: i2c_master_cmd_begin(1552): i2c driver not installed[0m
[0;32mI (555) DEMO: Error in sending command[0m
[0;32mI (565) KEYPAD: LED initialized on GPIO 2[0m
[0;32mI (565) KEYPAD: LED OFF[0m
[0;32mI (565) KEYPAD: I2C initialized successfully[0m
[0;32mI (2155) KEYPAD: Starting keypad MQTT application[0m
[0;32mI (2155) KEYPAD: WiFi STA MAC: A8:42:E3:4C:7C:BC[0m
[0;32mI (2185) wifi:wifi driver task: 3ffc16ac, prio:23, stack:6656, core=0[0m
[0;32mI (2195) wifi:wifi firmware version: f3dbad7[0m
[0;32mI (2195) wifi:wifi certification version: v7.0[0m
[0;32mI (2195) wifi:config NVS flash: enabled[0m
[0;32mI (2195) wifi:config nano formatting: disabled[0m
[0;32mI (2205) wifi:Init data frame dynamic rx buffer num: 32[0m
[0;32mI (2205) wifi:Init static rx mgmt buffer num: 5[0m
[0;32mI (2205) wifi:Init management short buffer num: 32[0m
[0;32mI (2215) wifi:Init dynamic tx buffer num: 32[0m
[0;32mI (2215) wifi:Init static rx buffer size: 1600[0m
[0;32mI (2225) wifi:Init static rx buffer num: 10[0m
[0;32mI (2225) wifi:Init dynamic rx buffer num: 32[0m
[0;32mI (2235) wifi_init: rx ba win: 6[0m
[0;32mI (2235) wifi_init: accept mbox: 6[0m
[0;32mI (2235) wifi_init: tcpip mbox: 32[0m
[0;32mI (2235) wifi_init: udp mbox: 6[0m
[0;32mI (2245) wifi_init: tcp mbox: 6[0m
[0;32mI (2245) wifi_init: tcp tx win: 5760[0m
[0;32mI (2245) wifi_init: tcp rx win: 5760[0m
[0;32mI (2255) wifi_init: tcp mss: 1440[0m
[0;32mI (2255) wifi_init: WiFi IRAM OP enabled[0m
[0;32mI (2255) wifi_init: WiFi RX IRAM OP enabled[0m
[0;32mI (2305) phy_init: phy_version 4860,6b7a6e5,Feb  6 2025,14:47:07[0m
[0;32mI (2395) wifi:mode : sta (a8:42:e3:4c:7c:bc)[0m
[0;32mI (2395) wifi:enable tsf[0m
[0;32mI (2395) KEYPAD: WiFi initialized[0m
[1;31mE (2395) task_wdt: esp_task_wdt_reset(707): task not found[0m
[0;32mI (2395) KEYPAD: WiFi STA started[0m
[1;31mE (2395) task_wdt: esp_task_wdt_reset(707): task not found[0m
[0;32mI (2405) KEYPAD: Have a saved wifi network in NVS: NamTrung[0m
[0;32mI (2455) wifi:flush txq[0m
[0;32mI (2455) wifi:stop sw txq[0m
[0;32mI (2455) wifi:lmac stop hw txq[0m
[0;32mI (2465) wifi:mode : sta (a8:42:e3:4c:7c:bc)[0m
[0;32mI (2465) wifi:enable tsf[0m
[0;32mI (2465) KEYPAD: WiFi STA started[0m
[1;31mE (2465) wifi:sta is connecting, return error[0m
[0;32mI (2485) wifi:new:<6,0>, old:<1,0>, ap:<255,255>, sta:<6,0>, prof:1, snd_ch_cfg:0x0[0m
[0;32mI (2485) wifi:state: init -> auth (0xb0)[0m
[0;32mI (2515) wifi:state: auth -> assoc (0x0)[0m
[0;32mI (2715) wifi:state: assoc -> run (0x10)[0m
[0;32mI (5725) wifi:state: run -> init (0xf00)[0m
[0;32mI (5735) wifi:new:<6,0>, old:<6,0>, ap:<255,255>, sta:<6,0>, prof:1, snd_ch_cfg:0x0[0m
[0;32mI (5735) KEYPAD: STA disconnected, reason=15[0m
[0;32mI (5755) wifi:new:<6,0>, old:<6,0>, ap:<255,255>, sta:<6,0>, prof:1, snd_ch_cfg:0x0[0m
[0;32mI (5755) wifi:state: init -> auth (0xb0)[0m
[0;32mI (5785) wifi:state: auth -> assoc (0x0)[0m
[0;32mI (5795) wifi:state: assoc -> run (0x10)[0m
[0;32mI (5825) wifi:connected with NamTrung, aid = 23, channel 6, BW20, bssid = 10:5f:02:75:1e:9a[0m
[0;32mI (5825) wifi:security: WPA2-PSK, phy: bgn, rssi: -59[0m
[0;32mI (5835) wifi:pm start, type: 1[0m

[0;32mI (5835) wifi:dp: 1, bi: 102400, li: 3, scale listen interval from 307200 us to 307200 us[0m
[0;32mI (5845) KEYPAD: Connected to SSID:NamTrung, channel:6[0m
[0;32mI (5855) wifi:AP's beacon interval = 102400 us, DTIM period = 1[0m
[0;32mI (6885) esp_netif_handlers: sta ip: 10.10.1.18, mask: 255.255.252.0, gw: 10.10.1.1[0m
[0;32mI (6885) KEYPAD: WiFi connected, got IP[0m
[0;32mI (7885) KEYPAD: MQTT initialized[0m
[0;32mI (7905) KEYPAD: Read status successfully: SO DANG GOI[0m
[0;32mI (7945) wifi:<ba-add>idx:0 (ifx:0, 10:5f:02:75:1e:9a), tid:7, ssn:8, winSize:64[0m
[0;32mI (7965) wifi:<ba-add>idx:1 (ifx:0, 10:5f:02:75:1e:9a), tid:0, ssn:1, winSize:64[0m
[0;32mI (7995) KEYPAD: LED ON[0m
[0;32mI (7995) KEYPAD: MQTT connected[0m
[0;32mI (8165) KEYPAD: MQTT_EVENT_DATA[0m
[0;32mI (8165) KEYPAD: Processing topic: device/list[0m
[0;32mI (8175) KEYPAD: Device list updated: 7 devices[0m
[0;32mI (8175) KEYPAD: MQTT_EVENT_DATA[0m
[0;32mI (8195) KEYPAD: Processing topic: service/list[0m
[0;32mI (8195) KEYPAD: Service list updated: 6 services[0m
Key pressed: A
Key pressed: 2
Key pressed: 2
Key pressed: 2
Key pressed: 2
Key pressed: D
[0;32mI (69075) KEYPAD: current number saved successfully![0m
ets Jul 29 2019 12:21:46

rst:0x1 (POWERON_RESET),boot:0x13 (SPI_FAST_FLASH_BOOT)
configsip: 0, SPIWP:0xee
clk_drv:0x00,q_drv:0x00,d_drv:0x00,cs0_drv:0x00,hd_drv:0x00,wp_drv:0x00
mode:DIO, clock div:2
load:0x3fff0030,len:6380
ho 0 tail 12 room 4
load:0x40078000,len:15916
load:0x40080400,len:3860
entry 0x40080638
[0;32mI (29) boot: ESP-IDF v5.5-dirty 2nd stage bootloader[0m
[0;32mI (29) boot: compile time Oct 30 2025 15:44:26[0m
[0;32mI (29) boot: Multicore bootloader[0m
[0;32mI (31) boot: chip revision: v3.0[0m
[0;32mI (34) boot.esp32: SPI Speed      : 40MHz[0m
[0;32mI (37) boot.esp32: SPI Mode       : DIO[0m
[0;32mI (41) boot.esp32: SPI Flash Size : 2MB[0m
[0;32mI (45) boot: Enabling RNG early entropy source...[0m
[0;32mI (49) boot: Partition Table:[0m
[0;32mI (52) boot: ## Label            Usage          Type ST Offset   Length[0m
[0;32mI (58) boot:  0 nvs              WiFi data        01 02 00009000 00006000[0m
[0;32mI (65) boot:  1 phy_init         RF data          01 01 0000f000 00001000[0m
[0;32mI (71) boot:  2 factory          factory app      00 00 00010000 00100000[0m
[0;32mI (78) boot: End of partition table[0m
[0;32mI (81) esp_image: segment 0: paddr=00010020 vaddr=3f400020 size=20320h (131872) map[0m
[0;32mI (133) esp_image: segment 1: paddr=00030348 vaddr=3ff80000 size=00020h (    32) load[0m
[0;32mI (134) esp_image: segment 2: paddr=00030370 vaddr=3ffb0000 size=03fb8h ( 16312) load[0m
[0;32mI (143) esp_image: segment 3: paddr=00034330 vaddr=40080000 size=0bce8h ( 48360) load[0m
[0;32mI (164) esp_image: segment 4: paddr=00040020 vaddr=400d0020 size=a59b4h (678324) map[0m
[0;32mI (396) esp_image: segment 5: paddr=000e59dc vaddr=4008bce8 size=0d738h ( 55096) load[0m
[0;32mI (430) boot: Loaded app from partition at offset 0x10000[0m
[0;32mI (430) boot: Disabling RNG early entropy source...[0m
[0;32mI (440) cpu_start: Multicore app[0m
[0;32mI (448) cpu_start: Pro cpu start user code[0m
[0;32mI (449) cpu_start: cpu freq: 160000000 Hz[0m
[0;32mI (449) app_init: Application information:[0m
[0;32mI (449) app_init: Project name:     hello_world[0m
[0;32mI (453) app_init: App version:      e7264df-dirty[0m
[0;32mI (457) app_init: Compile time:     Oct 30 2025 15:45:01[0m
[0;32mI (462) app_init: ELF file SHA256:  0ee9feaaa...[0m
[0;32mI (467) app_init: ESP-IDF:          v5.5-dirty[0m
[0;32mI (471) efuse_init: Min chip rev:     v0.0[0m
[0;32mI (475) efuse_init: Max chip rev:     v3.99 [0m
[0;32mI (479) efuse_init: Chip rev:         v3.0[0m
[0;32mI (483) heap_init: Initializing. RAM available for dynamic allocation:[0m
[0;32mI (489) heap_init: At 3FFAE6E0 len 00001920 (6 KiB): DRAM[0m
[0;32mI (494) heap_init: At 3FFB8B90 len 00027470 (157 KiB): DRAM[0m
[0;32mI (499) heap_init: At 3FFE0440 len 00003AE0 (14 KiB): D/IRAM[0m
[0;32mI (505) heap_init: At 3FFE4350 len 0001BCB0 (111 KiB): D/IRAM[0m
[0;32mI (510) heap_init: At 40099420 len 00006BE0 (26 KiB): IRAM[0m
[0;32mI (517) spi_flash: detected chip: generic[0m
[0;32mI (519) spi_flash: flash io: dio[0m
[0;33mW (522) spi_flash: Detected size(4096k) larger than the size in the binary image header(2048k). Using the size in the binary image header.[0m
[0;33mW (534) i2c: This driver is an old driver, please migrate your application code to adapt `driver/i2c_master.h`[0m
[0;32mI (545) main_task: Started on CPU0[0m
[0;32mI (555) main_task: Calling app_main()[0m
[1;31mE (555) i2c: i2c_master_cmd_begin(1552): i2c driver not installed[0m
[0;32mI (555) DEMO: Error in sending command[0m
[0;32mI (565) KEYPAD: LED initialized on GPIO 2[0m
[0;32mI (565) KEYPAD: LED OFF[0m
[0;32mI (565) KEYPAD: I2C initialized successfully[0m
[0;32mI (2155) KEYPAD: Starting keypad MQTT application[0m
[0;32mI (2155) KEYPAD: WiFi STA MAC: A8:42:E3:4C:7C:BC[0m
[0;32mI (2185) wifi:wifi driver task: 3ffc16ac, prio:23, stack:6656, core=0[0m
[0;32mI (2195) wifi:wifi firmware version: f3dbad7[0m
[0;32mI (2195) wifi:wifi certification version: v7.0[0m
[0;32mI (2195) wifi:config NVS flash: enabled[0m
[0;32mI (2195) wifi:config nano formatting: disabled[0m
[0;32mI (2205) wifi:Init data frame dynamic rx buffer num: 32[0m
[0;32mI (2205) wifi:Init static rx mgmt buffer num: 5[0m
[0;32mI (2215) wifi:Init management short buffer num: 32[0m
[0;32mI (2215) wifi:Init dynamic tx buffer num: 32[0m
[0;32mI (2215) wifi:Init static rx buffer size: 1600[0m
[0;32mI (2225) wifi:Init static rx buffer num: 10[0m
[0;32mI (2225) wifi:Init dynamic rx buffer num: 32[0m
[0;32mI (2235) wifi_init: rx ba win: 6[0m
[0;32mI (2235) wifi_init: accept mbox: 6[0m
[0;32mI (2235) wifi_init: tcpip mbox: 32[0m
[0;32mI (2235) wifi_init: udp mbox: 6[0m
[0;32mI (2245) wifi_init: tcp mbox: 6[0m
[0;32mI (2245) wifi_init: tcp tx win: 5760[0m
[0;32mI (2245) wifi_init: tcp rx win: 5760[0m
[0;32mI (2255) wifi_init: tcp mss: 1440[0m
[0;32mI (2255) wifi_init: WiFi IRAM OP enabled[0m
[0;32mI (2255) wifi_init: WiFi RX IRAM OP enabled[0m
[0;32mI (2305) phy_init: phy_version 4860,6b7a6e5,Feb  6 2025,14:47:07[0m
[0;32mI (2385) wifi:mode : sta (a8:42:e3:4c:7c:bc)[0m
[0;32mI (2385) wifi:enable tsf[0m
[0;32mI (2395) KEYPAD: WiFi initialized[0m
[1;31mE (2395) task_wdt: esp_task_wdt_reset(707): task not found[0m
[0;32mI (2395) KEYPAD: WiFi STA started[0m
[1;31mE (2395) task_wdt: esp_task_wdt_reset(707): task not found[0m
[0;32mI (2405) KEYPAD: Have a saved wifi network in NVS: NamTrung[0m
[0;32mI (2445) wifi:flush txq[0m
[0;32mI (2445) wifi:stop sw txq[0m
[0;32mI (2445) wifi:lmac stop hw txq[0m
[0;32mI (2455) wifi:mode : sta (a8:42:e3:4c:7c:bc)[0m
[0;32mI (2455) wifi:enable tsf[0m
[0;32mI (2455) KEYPAD: WiFi STA started[0m
[1;31mE (2455) wifi:sta is connecting, return error[0m
[0;32mI (2555) wifi:new:<6,0>, old:<1,0>, ap:<255,255>, sta:<6,0>, prof:1, snd_ch_cfg:0x0[0m
[0;32mI (2555) wifi:state: init -> auth (0xb0)[0m
[0;32mI (2635) wifi:state: auth -> assoc (0x0)[0m
[0;32mI (2645) wifi:state: assoc -> run (0x10)[0m
[0;32mI (2715) wifi:connected with NamTrung, aid = 22, channel 6, BW20, bssid = 10:5f:02:75:32:0e[0m
[0;32mI (2715) wifi:security: WPA2-PSK, phy: bgn, rssi: -70[0m
[0;32mI (2725) wifi:pm start, type: 1[0m

[0;32mI (2725) wifi:dp: 1, bi: 102400, li: 3, scale listen interval from 307200 us to 307200 us[0m
[0;32mI (2725) KEYPAD: Connected to SSID:NamTrung, channel:6[0m
[0;32mI (2755) wifi:AP's beacon interval = 102400 us, DTIM period = 1[0m
[0;32mI (3835) esp_netif_handlers: sta ip: 10.10.1.18, mask: 255.255.252.0, gw: 10.10.1.1[0m
[0;32mI (3835) KEYPAD: WiFi connected, got IP[0m
[0;32mI (4835) KEYPAD: MQTT initialized[0m
[0;32mI (4855) KEYPAD: Read status successfully: SO DANG GOI[0m
[0;32mI (4875) wifi:<ba-add>idx:0 (ifx:0, 10:5f:02:75:32:0e), tid:7, ssn:8, winSize:64[0m
[0;32mI (4945) wifi:<ba-add>idx:1 (ifx:0, 10:5f:02:75:32:0e), tid:0, ssn:1, winSize:64[0m
[0;32mI (5655) KEYPAD: LED ON[0m
[0;32mI (5655) KEYPAD: MQTT connected[0m
[0;32mI (5905) KEYPAD: MQTT_EVENT_DATA[0m
[0;32mI (5915) KEYPAD: Processing topic: device/list[0m
[0;32mI (5915) KEYPAD: Device list updated: 7 devices[0m
[0;32mI (5915) KEYPAD: MQTT_EVENT_DATA[0m
[0;32mI (5935) KEYPAD: Processing topic: service/list[0m
[0;32mI (5935) KEYPAD: Service list updated: 6 services[0m
[1;31mE (34655) mqtt_client: No PING_RESP, disconnected[0m
[0;32mI (34655) KEYPAD: MQTT disconnected[0m
[0;32mI (34655) KEYPAD: LED OFF[0m
[1;31mE (60785) mqtt_client: esp_mqtt_connect: mqtt_message_receive() returned 0[0m
[1;31mE (60785) mqtt_client: MQTT connect failed[0m
[0;32mI (60785) KEYPAD: MQTT disconnected[0m
[0;32mI (60785) KEYPAD: LED OFF[0m
[0;32mI (77225) KEYPAD: LED ON[0m
[0;32mI (77225) KEYPAD: MQTT connected[0m
[0;32mI (78265) KEYPAD: MQTT_EVENT_DATA[0m
[0;32mI (78265) KEYPAD: Processing topic: device/list[0m
[0;32mI (78265) KEYPAD: Device list updated: 7 devices[0m
[0;32mI (78275) KEYPAD: MQTT_EVENT_DATA[0m
[0;32mI (78295) KEYPAD: Processing topic: service/list[0m
[0;32mI (78295) KEYPAD: Service list updated: 6 services[0m
[1;31mE (113875) mqtt_client: No PING_RESP, disconnected[0m
[0;32mI (113875) KEYPAD: MQTT disconnected[0m
[0;32mI (113875) KEYPAD: LED OFF[0m
[0;32mI (130015) KEYPAD: LED ON[0m
[0;32mI (130015) KEYPAD: MQTT connected[0m
[0;32mI (131235) KEYPAD: MQTT_EVENT_DATA[0m
[0;32mI (131235) KEYPAD: Processing topic: device/list[0m
[0;32mI (131235) KEYPAD: Device list updated: 7 devices[0m
[0;32mI (131245) KEYPAD: MQTT_EVENT_DATA[0m
[0;32mI (131255) KEYPAD: Processing topic: service/list[0m
[0;32mI (131255) KEYPAD: Service list updated: 6 services[0m
[0;32mI (131555) KEYPAD: MQTT_EVENT_DATA[0m
[0;32mI (131555) KEYPAD: Processing topic: device/list[0m
[0;32mI (131565) KEYPAD: Device list updated: 7 devices[0m
[1;31mE (145755) mqtt_client: No PING_RESP, disconnected[0m
[0;32mI (145755) KEYPAD: MQTT disconnected[0m
[0;32mI (145755) KEYPAD: LED OFF[0m
Key pressed: 6
Key pressed: 6
Key pressed: A
Key pressed: 2
Key pressed: 2
Key pressed: 2
Key pressed: 2
Key pressed: D
[0;32mI (156245) KEYPAD: current number saved successfully![0m
Key pressed: D
Key pressed: A
Key pressed: 2
Key pressed: 2
Key pressed: 2
Key pressed: 1
Key pressed: 2
Key pressed: 2
[0;32mI (166575) KEYPAD: LED ON[0m
[0;32mI (166575) KEYPAD: MQTT connected[0m
Key pressed: D
[0;32mI (166895) KEYPAD: current number saved successfully![0m
[0;32mI (173325) KEYPAD: MQTT_EVENT_DATA[0m
[0;32mI (173325) KEYPAD: Processing topic: device/list[0m
[0;32mI (173335) KEYPAD: Device list updated: 7 devices[0m
[0;32mI (173335) KEYPAD: MQTT_EVENT_DATA[0m
[0;32mI (173355) KEYPAD: Processing topic: service/list[0m
[0;32mI (173355) KEYPAD: Service list updated: 6 services[0m
[0;32mI (173545) KEYPAD: MQTT_EVENT_DATA[0m
[0;32mI (173545) KEYPAD: Processing topic: device/list[0m
[0;32mI (173545) KEYPAD: Device list updated: 7 devices[0m
ets Jul 29 2019 12:21:46

rst:0x1 (POWERON_RESET),boot:0x13 (SPI_FAST_FLASH_BOOT)
configsip: 0, SPIWP:0xee
clk_drv:0x00,q_drv:0x00,d_drv:0x00,cs0_drv:0x00,hd_drv:0x00,wp_drv:0x00
mode:DIO, clock div:2
load:0x3fff0030,len:6380
ho 0 tail 12 room 4
load:0x40078000,len:15916
load:0x40080400,len:3860
entry 0x40080638
[0;32mI (29) boot: ESP-IDF v5.5-dirty 2nd stage bootloader[0m
[0;32mI (29) boot: compile time Oct 30 2025 15:44:26[0m
[0;32mI (29) boot: Multicore bootloader[0m
[0;32mI (31) boot: chip revision: v3.0[0m
[0;32mI (34) boot.esp32: SPI Speed      : 40MHz[0m
[0;32mI (37) boot.esp32: SPI Mode       : DIO[0m
[0;32mI (41) boot.esp32: SPI Flash Size : 2MB[0m
[0;32mI (45) boot: Enabling RNG early entropy source...[0m
[0;32mI (49) boot: Partition Table:[0m
[0;32mI (52) boot: ## Label            Usage          Type ST Offset   Length[0m
[0;32mI (58) boot:  0 nvs              WiFi data        01 02 00009000 00006000[0m
[0;32mI (65) boot:  1 phy_init         RF data          01 01 0000f000 00001000[0m
[0;32mI (71) boot:  2 factory          factory app      00 00 00010000 00100000[0m
[0;32mI (78) boot: End of partition table[0m
[0;32mI (81) esp_image: segment 0: paddr=00010020 vaddr=3f400020 size=20320h (131872) map[0m
[0;32mI (133) esp_image: segment 1: paddr=00030348 vaddr=3ff80000 size=00020h (    32) load[0m
[0;32mI (134) esp_image: segment 2: paddr=00030370 vaddr=3ffb0000 size=03fb8h ( 16312) load[0m
[0;32mI (143) esp_image: segment 3: paddr=00034330 vaddr=40080000 size=0bce8h ( 48360) load[0m
[0;32mI (164) esp_image: segment 4: paddr=00040020 vaddr=400d0020 size=a59b4h (678324) map[0m
[0;32mI (396) esp_image: segment 5: paddr=000e59dc vaddr=4008bce8 size=0d738h ( 55096) load[0m
[0;32mI (430) boot: Loaded app from partition at offset 0x10000[0m
[0;32mI (430) boot: Disabling RNG early entropy source...[0m
[0;32mI (440) cpu_start: Multicore app[0m
[0;32mI (448) cpu_start: Pro cpu start user code[0m
[0;32mI (449) cpu_start: cpu freq: 160000000 Hz[0m
[0;32mI (449) app_init: Application information:[0m
[0;32mI (449) app_init: Project name:     hello_world[0m
[0;32mI (453) app_init: App version:      e7264df-dirty[0m
[0;32mI (457) app_init: Compile time:     Oct 30 2025 15:45:01[0m
[0;32mI (462) app_init: ELF file SHA256:  0ee9feaaa...[0m
[0;32mI (467) app_init: ESP-IDF:          v5.5-dirty[0m
[0;32mI (471) efuse_init: Min chip rev:     v0.0[0m
[0;32mI (475) efuse_init: Max chip rev:     v3.99 [0m
[0;32mI (479) efuse_init: Chip rev:         v3.0[0m
[0;32mI (483) heap_init: Initializing. RAM available for dynamic allocation:[0m
[0;32mI (489) heap_init: At 3FFAE6E0 len 00001920 (6 KiB): DRAM[0m
[0;32mI (494) heap_init: At 3FFB8B90 len 00027470 (157 KiB): DRAM[0m
[0;32mI (499) heap_init: At 3FFE0440 len 00003AE0 (14 KiB): D/IRAM[0m
[0;32mI (505) heap_init: At 3FFE4350 len 0001BCB0 (111 KiB): D/IRAM[0m
[0;32mI (510) heap_init: At 40099420 len 00006BE0 (26 KiB): IRAM[0m
[0;32mI (517) spi_flash: detected chip: generic[0m
[0;32mI (519) spi_flash: flash io: dio[0m
[0;33mW (522) spi_flash: Detected size(4096k) larger than the size in the binary image header(2048k). Using the size in the binary image header.[0m
[0;33mW (534) i2c: This driver is an old driver, please migrate your application code to adapt `driver/i2c_master.h`[0m
[0;32mI (545) main_task: Started on CPU0[0m
[0;32mI (555) main_task: Calling app_main()[0m
[1;31mE (555) i2c: i2c_master_cmd_begin(1552): i2c driver not installed[0m
[0;32mI (555) DEMO: Error in sending command[0m
[0;32mI (565) KEYPAD: LED initialized on GPIO 2[0m
[0;32mI (565) KEYPAD: LED OFF[0m
[0;32mI (565) KEYPAD: I2C initialized successfully[0m
[0;32mI (2155) KEYPAD: Starting keypad MQTT application[0m
[0;32mI (2155) KEYPAD: WiFi STA MAC: A8:42:E3:4C:7C:BC[0m
[0;32mI (2185) wifi:wifi driver task: 3ffc16ac, prio:23, stack:6656, core=0[0m
[0;32mI (2195) wifi:wifi firmware version: f3dbad7[0m
[0;32mI (2195) wifi:wifi certification version: v7.0[0m
[0;32mI (2195) wifi:config NVS flash: enabled[0m
[0;32mI (2195) wifi:config nano formatting: disabled[0m
[0;32mI (2205) wifi:Init data frame dynamic rx buffer num: 32[0m
[0;32mI (2205) wifi:Init static rx mgmt buffer num: 5[0m
[0;32mI (2215) wifi:Init management short buffer num: 32[0m
[0;32mI (2215) wifi:Init dynamic tx buffer num: 32[0m
[0;32mI (2215) wifi:Init static rx buffer size: 1600[0m
[0;32mI (2225) wifi:Init static rx buffer num: 10[0m
[0;32mI (2225) wifi:Init dynamic rx buffer num: 32[0m
[0;32mI (2235) wifi_init: rx ba win: 6[0m
[0;32mI (2235) wifi_init: accept mbox: 6[0m
[0;32mI (2235) wifi_init: tcpip mbox: 32[0m
[0;32mI (2235) wifi_init: udp mbox: 6[0m
[0;32mI (2245) wifi_init: tcp mbox: 6[0m
[0;32mI (2245) wifi_init: tcp tx win: 5760[0m
[0;32mI (2245) wifi_init: tcp rx win: 5760[0m
[0;32mI (2255) wifi_init: tcp mss: 1440[0m
[0;32mI (2255) wifi_init: WiFi IRAM OP enabled[0m
[0;32mI (2255) wifi_init: WiFi RX IRAM OP enabled[0m
[0;32mI (2305) phy_init: phy_version 4860,6b7a6e5,Feb  6 2025,14:47:07[0m
[0;32mI (2395) wifi:mode : sta (a8:42:e3:4c:7c:bc)[0m
[0;32mI (2395) wifi:enable tsf[0m
[0;32mI (2395) KEYPAD: WiFi initialized[0m
[1;31mE (2395) task_wdt: esp_task_wdt_reset(707): task not found[0m
[0;32mI (2395) KEYPAD: WiFi STA started[0m
[1;31mE (2395) task_wdt: esp_task_wdt_reset(707): task not found[0m
[0;32mI (2405) KEYPAD: Have a saved wifi network in NVS: NamTrung[0m
[0;32mI (2455) wifi:flush txq[0m
[0;32mI (2455) wifi:stop sw txq[0m
[0;32mI (2455) wifi:lmac stop hw txq[0m
[0;32mI (2465) wifi:mode : sta (a8:42:e3:4c:7c:bc)[0m
[0;32mI (2465) wifi:enable tsf[0m
[0;32mI (2465) KEYPAD: WiFi STA started[0m
[1;31mE (2465) wifi:sta is connecting, return error[0m
[0;32mI (2485) wifi:new:<6,0>, old:<1,0>, ap:<255,255>, sta:<6,0>, prof:1, snd_ch_cfg:0x0[0m
[0;32mI (2485) wifi:state: init -> auth (0xb0)[0m
[0;32mI (2615) wifi:state: auth -> assoc (0x0)[0m
[0;32mI (3615) wifi:state: assoc -> init (0x400)[0m
[0;32mI (3635) wifi:new:<6,0>, old:<6,0>, ap:<255,255>, sta:<6,0>, prof:1, snd_ch_cfg:0x0[0m
[0;32mI (3635) KEYPAD: STA disconnected, reason=4[0m
[0;32mI (3715) wifi:new:<6,0>, old:<6,0>, ap:<255,255>, sta:<6,0>, prof:1, snd_ch_cfg:0x0[0m
[0;32mI (3715) wifi:state: init -> auth (0xb0)[0m
[0;32mI (3725) wifi:state: auth -> init (0x1100)[0m
[0;32mI (3735) wifi:new:<6,0>, old:<6,0>, ap:<255,255>, sta:<6,0>, prof:1, snd_ch_cfg:0x0[0m
[0;32mI (3735) KEYPAD: STA disconnected, reason=202[0m
[0;32mI (4965) wifi:new:<11,0>, old:<6,0>, ap:<255,255>, sta:<11,0>, prof:1, snd_ch_cfg:0x0[0m
[0;32mI (4965) wifi:state: init -> auth (0xb0)[0m
[0;32mI (4975) wifi:state: auth -> init (0x1100)[0m
[0;32mI (4985) wifi:new:<11,0>, old:<11,0>, ap:<255,255>, sta:<11,0>, prof:1, snd_ch_cfg:0x0[0m
[0;32mI (4985) KEYPAD: STA disconnected, reason=202[0m
[0;32mI (7405) KEYPAD: STA disconnected, reason=205[0m
[0;32mI (7415) wifi:new:<11,0>, old:<11,0>, ap:<255,255>, sta:<11,0>, prof:1, snd_ch_cfg:0x0[0m
[0;32mI (7415) wifi:state: init -> auth (0xb0)[0m
[0;32mI (7505) wifi:state: auth -> assoc (0x0)[0m
[0;32mI (7525) wifi:state: assoc -> run (0x10)[0m
[0;32mI (8595) wifi:connected with NamTrung, aid = 18, channel 11, BW20, bssid = 10:5f:02:75:27:1e[0m
[0;32mI (8595) wifi:security: WPA2-PSK, phy: bgn, rssi: -62[0m
[0;32mI (8645) wifi:pm start, type: 1[0m

[0;32mI (8645) wifi:dp: 1, bi: 102400, li: 3, scale listen interval from 307200 us to 307200 us[0m
[0;32mI (8645) wifi:AP's beacon interval = 102400 us, DTIM period = 1[0m
[0;32mI (8655) KEYPAD: Connected to SSID:NamTrung, channel:11[0m
[0;32mI (9695) esp_netif_handlers: sta ip: 10.10.1.18, mask: 255.255.252.0, gw: 10.10.1.1[0m
[0;32mI (9695) KEYPAD: WiFi connected, got IP[0m
[0;32mI (10695) KEYPAD: MQTT initialized[0m
[0;32mI (10715) KEYPAD: Read status successfully: SO DANG GOI[0m
[0;32mI (10755) wifi:<ba-add>idx:0 (ifx:0, 10:5f:02:75:27:1e), tid:7, ssn:8, winSize:64[0m
[0;32mI (10785) wifi:<ba-add>idx:1 (ifx:0, 10:5f:02:75:27:1e), tid:0, ssn:1, winSize:64[0m
[0;32mI (11715) KEYPAD: LED ON[0m
[0;32mI (11715) KEYPAD: MQTT connected[0m
[0;32mI (12225) KEYPAD: MQTT_EVENT_DATA[0m
[0;32mI (12225) KEYPAD: Processing topic: device/list[0m
[0;32mI (12235) KEYPAD: Device list updated: 7 devices[0m
[0;32mI (12235) KEYPAD: MQTT_EVENT_DATA[0m
[0;32mI (12255) KEYPAD: Processing topic: service/list[0m
[0;32mI (12255) KEYPAD: Service list updated: 6 services[0m
Key pressed: A
Key pressed: 2
Key pressed: 2
Key pressed: 2
Key pressed: 2
Key pressed: D
[0;32mI (25395) KEYPAD: current number saved successfully![0m
Key pressed: A
Key pressed: 2
Key pressed: D
Key pressed: 6
Key pressed: 3
Key pressed: A
Key pressed: 3
Key pressed: 3
Key pressed: A
Key pressed: A
Key pressed: A
Key pressed: 2
Key pressed: 2
Key pressed: D
Key pressed: A
Key pressed: 3
Key pressed: A
Key pressed: 2
Key pressed: 2
Key pressed: 2
Key pressed: 2
Key pressed: D
[0;32mI (57315) KEYPAD: current number saved successfully![0m
Key pressed: D
[0;32mI (62535) KEYPAD: Published number 333[0m
[0;32mI (62535) KEYPAD: Read status successfully: SO DANG GOI[0m
[1;31mE (220195) mqtt_client: No PING_RESP, disconnected[0m
[0;32mI (220195) KEYPAD: MQTT disconnected[0m
[0;32mI (220195) KEYPAD: LED OFF[0m
[0;32mI (239705) KEYPAD: LED ON[0m
[0;32mI (239705) KEYPAD: MQTT connected[0m
[0;32mI (239965) KEYPAD: MQTT_EVENT_DATA[0m
[0;32mI (239965) KEYPAD: Processing topic: device/list[0m
[0;32mI (239965) KEYPAD: Device list updated: 7 devices[0m
[0;32mI (239975) KEYPAD: MQTT_EVENT_DATA[0m
[0;32mI (239985) KEYPAD: Processing topic: service/list[0m
[0;32mI (239985) KEYPAD: Service list updated: 6 services[0m
