Command: D:\ESP32_IDF\Espressif\python_env\idf5.5_py3.11_env\Scripts\python.exe D:\ESP32_IDF\Espressif\frameworks\esp-idf-v5.5\tools/idf_monitor.py -p COM3 -b 115200 --toolchain-prefix xtensa-esp32-elf- --target esp32 --revision 0 D:\ESP32_IDF\Espressif\frameworks\esp-idf-v5.5\examples\get-started\agribank demo\build\hello_world.elf D:\ESP32_IDF\Espressif\frameworks\esp-idf-v5.5\examples\get-started\agribank demo\build\bootloader\bootloader.elf --force-color -m 'D:\ESP32_IDF\Espressif\python_env\idf5.5_py3.11_env\Scripts\python.exe' 'D:\ESP32_IDF\Espressif\frameworks\esp-idf-v5.5\tools\idf.py' '-p' 'COM3'
J&S	ï¿½ï¿½Ñ¹esp32: SPI Speed      ï¿½ets Jul 29 2019 12:21:46

rst:0x1 (POWERON_RESET),boot:0x13 (SPI_FAST_FLASH_BOOT)
configsip: 0, SPIWP:0xee
clk_drv:0x00,q_drv:0x00,d_drv:0x00,cs0_drv:0x00,hd_drv:0x00,wp_drv:0x00
mode:DIO, clock div:2
load:0x3fff0030,len:6380
ho 0 tail 12 room 4
load:0x40078000,len:15916
load:0x40080400,len:3860
entry 0x40080638
[0;32mI (29) boot: ESP-IDF v5.5-dirty 2nd stage bootloader[0m
[0;32mI (29) boot: compile time Oct 19 2025 19:26:38[0m
[0;32mI (29) boot: Multicore bootloader[0m
[0;32mI (31) boot: chip revision: v3.0[0m
[0;32mI (34) boot.esp32: SPI Speed      : 40MHz[0m
[0;32mI (37) boot.esp32: SPI Mode       : DIO[0m
[0;32mI (41) boot.esp32: SPI Flash Size : 2MB[0m
[0;32mI (45) boot: Enabling RNG early entropy source...[0m
[0;32mI (49) boot: Partition Table:[0m
[0;32mI (52) boot: ## Label            Usage          Type ST Offset   Length[0m
[0;32mI (58) boot:  0 nvs              WiFi data        01 02 00009000 00006000[0m
[0;32mI (65) boot:  1 phy_init         RF data          01 01 0000f000 00001000[0m
[0;32mI (71) boot:  2 factory          factory app      00 00 00010000 00100000[0m
[0;32mI (78) boot: End of partition table[0m
[0;32mI (81) esp_image: segment 0: paddr=00010020 vaddr=3f400020 size=1f9d0h (129488) map[0m
[0;32mI (133) esp_image: segment 1: paddr=0002f9f8 vaddr=3ff80000 size=00020h (    32) load[0m
[0;32mI (133) esp_image: segment 2: paddr=0002fa20 vaddr=3ffb0000 size=005f8h (  1528) load[0m
[0;32mI (137) esp_image: segment 3: paddr=00030020 vaddr=400d0020 size=a4a14h (674324) map[0m
[0;32mI (374) esp_image: segment 4: paddr=000d4a3c vaddr=3ffb05f8 size=039c0h ( 14784) load[0m
[0;32mI (380) esp_image: segment 5: paddr=000d8404 vaddr=40080000 size=192e4h (103140) load[0m
[0;32mI (433) boot: Loaded app from partition at offset 0x10000[0m
[0;32mI (433) boot: Disabling RNG early entropy source...[0m
[0;32mI (443) cpu_start: Multicore app[0m
[0;32mI (451) cpu_start: Pro cpu start user code[0m
[0;32mI (452) cpu_start: cpu freq: 160000000 Hz[0m
[0;32mI (452) app_init: Application information:[0m
[0;32mI (452) app_init: Project name:     hello_world[0m
[0;32mI (456) app_init: App version:      v5.5-dirty[0m
[0;32mI (460) app_init: Compile time:     Oct 20 2025 20:55:32[0m
[0;32mI (465) app_init: ELF file SHA256:  e6722a04b...[0m
[0;32mI (469) app_init: ESP-IDF:          v5.5-dirty[0m
[0;32mI (474) efuse_init: Min chip rev:     v0.0[0m
[0;32mI (477) efuse_init: Max chip rev:     v3.99 [0m
[0;32mI (481) efuse_init: Chip rev:         v3.0[0m
[0;32mI (486) heap_init: Initializing. RAM available for dynamic allocation:[0m
[0;32mI (492) heap_init: At 3FFAE6E0 len 00001920 (6 KiB): DRAM[0m
[0;32mI (497) heap_init: At 3FFB87B0 len 00027850 (158 KiB): DRAM[0m
[0;32mI (502) heap_init: At 3FFE0440 len 00003AE0 (14 KiB): D/IRAM[0m
[0;32mI (507) heap_init: At 3FFE4350 len 0001BCB0 (111 KiB): D/IRAM[0m
[0;32mI (513) heap_init: At 400992E4 len 00006D1C (27 KiB): IRAM[0m
[0;32mI (520) spi_flash: detected chip: generic[0m
[0;32mI (522) spi_flash: flash io: dio[0m
[0;33mW (525) spi_flash: Detected size(4096k) larger than the size in the binary image header(2048k). Using the size in the binary image header.[0m
[0;33mW (537) i2c: This driver is an old driver, please migrate your application code to adapt `driver/i2c_master.h`[0m
[0;32mI (547) main_task: Started on CPU0[0m
[0;32mI (557) main_task: Calling app_main()[0m
[0;32mI (557) KEYPAD: I2C initialized successfully[0m
[0;32mI (2147) KEYPAD: Starting keypad MQTT application[0m
[0;32mI (2197) wifi:wifi driver task: 3ffc09d4, prio:23, stack:6656, core=0[0m
[0;32mI (2217) wifi:wifi firmware version: f3dbad7[0m
[0;32mI (2217) wifi:wifi certification version: v7.0[0m
[0;32mI (2217) wifi:config NVS flash: enabled[0m
[0;32mI (2217) wifi:config nano formatting: disabled[0m
[0;32mI (2217) wifi:Init data frame dynamic rx buffer num: 32[0m
[0;32mI (2227) wifi:Init static rx mgmt buffer num: 5[0m
[0;32mI (2227) wifi:Init management short buffer num: 32[0m
[0;32mI (2237) wifi:Init dynamic tx buffer num: 32[0m
[0;32mI (2237) wifi:Init static rx buffer size: 1600[0m
[0;32mI (2237) wifi:Init static rx buffer num: 10[0m
[0;32mI (2247) wifi:Init dynamic rx buffer num: 32[0m
[0;32mI (2247) wifi_init: rx ba win: 6[0m
[0;32mI (2247) wifi_init: accept mbox: 6[0m
[0;32mI (2257) wifi_init: tcpip mbox: 32[0m
[0;32mI (2257) wifi_init: udp mbox: 6[0m
[0;32mI (2257) wifi_init: tcp mbox: 6[0m
[0;32mI (2267) wifi_init: tcp tx win: 5760[0m
[0;32mI (2267) wifi_init: tcp rx win: 5760[0m
[0;32mI (2267) wifi_init: tcp mss: 1440[0m
[0;32mI (2277) wifi_init: WiFi IRAM OP enabled[0m
[0;32mI (2277) wifi_init: WiFi RX IRAM OP enabled[0m
[0;32mI (2337) phy_init: phy_version 4860,6b7a6e5,Feb  6 2025,14:47:07[0m
[0;32mI (2417) wifi:mode : sta (a8:42:e3:4c:7c:bc)[0m
[0;32mI (2417) wifi:enable tsf[0m
[0;32mI (2427) KEYPAD: WiFi initialized[0m
[0;32mI (2427) KEYPAD: WiFi STA started[0m
[0;32mI (2427) KEYPAD: Have a saved wifi network in NVS: NamTrung[0m
[0;33mW (3237) wifi:Password length matches WPA2 standards, authmode threshold changes from OPEN to WPA2[0m
[0;32mI (3287) wifi:flush txq[0m
[0;32mI (3287) wifi:stop sw txq[0m
[0;32mI (3287) wifi:lmac stop hw txq[0m
[0;32mI (3297) wifi:mode : sta (a8:42:e3:4c:7c:bc)[0m
[0;32mI (3297) wifi:enable tsf[0m
[0;32mI (3297) KEYPAD: WiFi STA started[0m
[1;31mE (3297) wifi:sta is connecting, return error[0m
[0;32mI (3527) wifi:new:<1,0>, old:<1,0>, ap:<255,255>, sta:<1,0>, prof:9, snd_ch_cfg:0x0[0m
[0;32mI (3527) wifi:state: init -> auth (0xb0)[0m
[0;32mI (4537) wifi:state: auth -> init (0x200)[0m
[0;32mI (4547) wifi:new:<1,0>, old:<1,0>, ap:<255,255>, sta:<1,0>, prof:9, snd_ch_cfg:0x0[0m
[0;32mI (4547) KEYPAD: STA disconnected, reason=2[0m
[0;32mI (5167) wifi:new:<6,0>, old:<1,0>, ap:<255,255>, sta:<6,0>, prof:9, snd_ch_cfg:0x0[0m
[0;32mI (5167) wifi:state: init -> auth (0xb0)[0m
[0;32mI (5177) wifi:state: auth -> assoc (0x0)[0m
[0;32mI (5187) wifi:state: assoc -> run (0x10)[0m
[0;32mI (5207) wifi:connected with NamTrung, aid = 30, channel 6, BW20, bssid = 10:5f:02:75:1e:9a[0m
[0;32mI (5207) wifi:security: WPA2-PSK, phy: bgn, rssi: -62[0m
[0;32mI (5217) wifi:pm start, type: 1[0m

[0;32mI (5217) wifi:dp: 1, bi: 102400, li: 3, scale listen interval from 307200 us to 307200 us[0m
[0;32mI (5227) KEYPAD: Connected to SSID:NamTrung, channel:6[0m
[0;32mI (5247) wifi:AP's beacon interval = 102400 us, DTIM period = 1[0m
[0;32mI (6237) esp_netif_handlers: sta ip: 10.10.1.51, mask: 255.255.252.0, gw: 10.10.1.1[0m
[0;32mI (6237) KEYPAD: WiFi connected, got IP[0m
[0;32mI (6707) KEYPAD: MQTT initialized[0m
[0;32mI (6727) wifi:<ba-add>idx:0 (ifx:0, 10:5f:02:75:1e:9a), tid:7, ssn:8, winSize:64[0m
[0;32mI (6757) wifi:<ba-add>idx:1 (ifx:0, 10:5f:02:75:1e:9a), tid:0, ssn:1, winSize:64[0m
[0;32mI (6777) KEYPAD: MQTT connected[0m
[0;32mI (6777) KEYPAD: Subscribed to responsenumber topic[0m
[0;32mI (6917) KEYPAD: Showing MQTT connecting...[0m
[0;32mI (15187) wifi:bcn_timeout,ap_probe_send_start[0m
Key pressed: A
Key pressed: *
Key pressed: 6
Key pressed: 6
Key pressed: *
Key pressed: 2
Key pressed: 9
Key pressed: *
[0;32mI (24207) wifi:bcn_timeout,ap_probe_send_start[0m
Key pressed: #
Key pressed: *
Key pressed: 6
Key pressed: *
Key pressed: 8
Key pressed: *
Key pressed: 7
Key pressed: 7
Key pressed: 7
Key pressed: 8
Key pressed: 8
Key pressed: 6
Key pressed: 6
Key pressed: 4
Key pressed: D
Key pressed: 6
Key pressed: 6
Key pressed: C
Key pressed: 8
[0;32mI (33277) wifi:bcn_timeout,ap_probe_send_start[0m
Key pressed: 1
Key pressed: 1
Key pressed: 1
Key pressed: 1
Key pressed: 1
Key pressed: 1
Key pressed: 1
Key pressed: 1
Key pressed: 1
Key pressed: 1
Key pressed: 1
Key pressed: 1
Key pressed: 1
Key pressed: 1
Key pressed: 1
Key pressed: 1
Key pressed: 1
Key pressed: 4
Key pressed: 4
Key pressed: 4
Key pressed: 4
Key pressed: 0
Key pressed: 0
Key pressed: 0
[0;32mI (46457) wifi:bcn_timeout,ap_probe_send_start[0m
ets Jul 29 2019 12:21:46

rst:0x1 (POWERON_RESET),boot:0x13 (SPI_FAST_FLASH_BOOT)
configsip: 0, SPIWP:0xee
clk_drv:0x00,q_drv:0x00,d_drv:0x00,cs0_drv:0x00,hd_drv:0x00,wp_drv:0x00
mode:DIO, clock div:2
load:0x3fff0030,len:6380
ho 0 tail 12 room 4
load:0x40078000,len:15916
load:0x40080400,len:3860
entry 0x40080638
[0;32mI (29) boot: ESP-IDF v5.5-dirty 2nd stage bootloader[0m
[0;32mI (29) boot: compile time Oct 19 2025 19:26:38[0m
[0;32mI (29) boot: Multicore bootloader[0m
[0;32mI (31) boot: chip revision: v3.0[0m
[0;32mI (34) boot.esp32: SPI Speed      : 40MHz[0m
[0;32mI (37) boot.esp32: SPI Mode       : DIO[0m
[0;32mI (41) boot.esp32: SPI Flash Size : 2MB[0m
[0;32mI (45) boot: Enabling RNG early entropy source...[0m
[0;32mI (49) boot: Partition Table:[0m
[0;32mI (52) boot: ## Label            Usage          Type ST Offset   Length[0m
[0;32mI (58) boot:  0 nvs              WiFi data        01 02 00009000 00006000[0m
[0;32mI (65) boot:  1 phy_init         RF data          01 01 0000f000 00001000[0m
[0;32mI (71) boot:  2 factory          factory app      00 00 00010000 00100000[0m
[0;32mI (78) boot: End of partition table[0m
[0;32mI (81) esp_image: segment 0: paddr=00010020 vaddr=3f400020 size=1f9d0h (129488) map[0m
[0;32mI (133) esp_image: segment 1: paddr=0002f9f8 vaddr=3ff80000 size=00020h (    32) load[0m
[0;32mI (133) esp_image: segment 2: paddr=0002fa20 vaddr=3ffb0000 size=005f8h (  1528) load[0m
[0;32mI (137) esp_image: segment 3: paddr=00030020 vaddr=400d0020 size=a4a14h (674324) map[0m
[0;32mI (374) esp_image: segment 4: paddr=000d4a3c vaddr=3ffb05f8 size=039c0h ( 14784) load[0m
[0;32mI (380) esp_image: segment 5: paddr=000d8404 vaddr=40080000 size=192e4h (103140) load[0m
[0;32mI (433) boot: Loaded app from partition at offset 0x10000[0m
[0;32mI (433) boot: Disabling RNG early entropy source...[0m
[0;32mI (443) cpu_start: Multicore app[0m
[0;32mI (451) cpu_start: Pro cpu start user code[0m
[0;32mI (452) cpu_start: cpu freq: 160000000 Hz[0m
[0;32mI (452) app_init: Application information:[0m
[0;32mI (452) app_init: Project name:     hello_world[0m
[0;32mI (456) app_init: App version:      v5.5-dirty[0m
[0;32mI (460) app_init: Compile time:     Oct 20 2025 20:55:32[0m
[0;32mI (465) app_init: ELF file SHA256:  e6722a04b...[0m
[0;32mI (469) app_init: ESP-IDF:          v5.5-dirty[0m
[0;32mI (474) efuse_init: Min chip rev:     v0.0[0m
[0;32mI (477) efuse_init: Max chip rev:     v3.99 [0m
[0;32mI (481) efuse_init: Chip rev:         v3.0[0m
[0;32mI (486) heap_init: Initializing. RAM available for dynamic allocation:[0m
[0;32mI (492) heap_init: At 3FFAE6E0 len 00001920 (6 KiB): DRAM[0m
[0;32mI (497) heap_init: At 3FFB87B0 len 00027850 (158 KiB): DRAM[0m
[0;32mI (502) heap_init: At 3FFE0440 len 00003AE0 (14 KiB): D/IRAM[0m
[0;32mI (507) heap_init: At 3FFE4350 len 0001BCB0 (111 KiB): D/IRAM[0m
[0;32mI (513) heap_init: At 400992E4 len 00006D1C (27 KiB): IRAM[0m
[0;32mI (520) spi_flash: detected chip: generic[0m
[0;32mI (522) spi_flash: flash io: dio[0m
[0;33mW (525) spi_flash: Detected size(4096k) larger than the size in the binary image header(2048k). Using the size in the binary image header.[0m
[0;33mW (537) i2c: This driver is an old driver, please migrate your application code to adapt `driver/i2c_master.h`[0m
[0;32mI (547) main_task: Started on CPU0[0m
[0;32mI (557) main_task: Calling app_main()[0m
[0;32mI (557) KEYPAD: I2C initialized successfully[0m
[0;32mI (2147) KEYPAD: Starting keypad MQTT application[0m
[0;32mI (2197) wifi:wifi driver task: 3ffc09d4, prio:23, stack:6656, core=0[0m
[0;32mI (2217) wifi:wifi firmware version: f3dbad7[0m
[0;32mI (2217) wifi:wifi certification version: v7.0[0m
[0;32mI (2217) wifi:config NVS flash: enabled[0m
[0;32mI (2217) wifi:config nano formatting: disabled[0m
[0;32mI (2217) wifi:Init data frame dynamic rx buffer num: 32[0m
[0;32mI (2227) wifi:Init static rx mgmt buffer num: 5[0m
[0;32mI (2227) wifi:Init management short buffer num: 32[0m
[0;32mI (2237) wifi:Init dynamic tx buffer num: 32[0m
[0;32mI (2237) wifi:Init static rx buffer size: 1600[0m
[0;32mI (2237) wifi:Init static rx buffer num: 10[0m
[0;32mI (2247) wifi:Init dynamic rx buffer num: 32[0m
[0;32mI (2247) wifi_init: rx ba win: 6[0m
[0;32mI (2247) wifi_init: accept mbox: 6[0m
[0;32mI (2257) wifi_init: tcpip mbox: 32[0m
[0;32mI (2257) wifi_init: udp mbox: 6[0m
[0;32mI (2257) wifi_init: tcp mbox: 6[0m
[0;32mI (2267) wifi_init: tcp tx win: 5760[0m
[0;32mI (2267) wifi_init: tcp rx win: 5760[0m
[0;32mI (2267) wifi_init: tcp mss: 1440[0m
[0;32mI (2277) wifi_init: WiFi IRAM OP enabled[0m
[0;32mI (2277) wifi_init: WiFi RX IRAM OP enabled[0m
[0;32mI (2337) phy_init: phy_version 4860,6b7a6e5,Feb  6 2025,14:47:07[0m
[0;32mI (2417) wifi:mode : sta (a8:42:e3:4c:7c:bc)[0m
[0;32mI (2417) wifi:enable tsf[0m
[0;32mI (2427) KEYPAD: WiFi initialized[0m
[0;32mI (2427) KEYPAD: WiFi STA started[0m
[0;32mI (2427) KEYPAD: Have a saved wifi network in NVS: NamTrung[0m
[0;33mW (3237) wifi:Password length matches WPA2 standards, authmode threshold changes from OPEN to WPA2[0m
[0;32mI (3287) wifi:flush txq[0m
[0;32mI (3287) wifi:stop sw txq[0m
[0;32mI (3287) wifi:lmac stop hw txq[0m
[0;32mI (3297) wifi:mode : sta (a8:42:e3:4c:7c:bc)[0m
[0;32mI (3297) wifi:enable tsf[0m
[0;32mI (3297) KEYPAD: WiFi STA started[0m
[1;31mE (3297) wifi:sta is connecting, return error[0m
[0;32mI (3517) wifi:new:<1,0>, old:<1,0>, ap:<255,255>, sta:<1,0>, prof:9, snd_ch_cfg:0x0[0m
[0;32mI (3527) wifi:state: init -> auth (0xb0)[0m
[0;32mI (4527) wifi:state: auth -> init (0x200)[0m
[0;32mI (4537) wifi:new:<1,0>, old:<1,0>, ap:<255,255>, sta:<1,0>, prof:9, snd_ch_cfg:0x0[0m
[0;32mI (4537) KEYPAD: STA disconnected, reason=2[0m
[0;32mI (5237) wifi:new:<6,0>, old:<1,0>, ap:<255,255>, sta:<6,0>, prof:9, snd_ch_cfg:0x0[0m
[0;32mI (5237) wifi:state: init -> auth (0xb0)[0m
[0;32mI (5257) wifi:state: auth -> assoc (0x0)[0m
[0;32mI (6257) wifi:state: assoc -> init (0x400)[0m
[0;32mI (6267) wifi:new:<6,0>, old:<6,0>, ap:<255,255>, sta:<6,0>, prof:9, snd_ch_cfg:0x0[0m
[0;32mI (6267) KEYPAD: STA disconnected, reason=4[0m
[0;32mI (7487) wifi:new:<11,0>, old:<6,0>, ap:<255,255>, sta:<11,0>, prof:9, snd_ch_cfg:0x0[0m
[0;32mI (7497) wifi:state: init -> auth (0xb0)[0m
[0;32mI (8507) wifi:state: auth -> init (0x200)[0m
[0;32mI (8517) wifi:new:<11,0>, old:<11,0>, ap:<255,255>, sta:<11,0>, prof:9, snd_ch_cfg:0x0[0m
[0;32mI (8517) KEYPAD: STA disconnected, reason=2[0m
[0;32mI (8547) wifi:new:<11,0>, old:<11,0>, ap:<255,255>, sta:<11,0>, prof:9, snd_ch_cfg:0x0[0m
[0;32mI (8547) wifi:state: init -> auth (0xb0)[0m
[0;32mI (8557) wifi:state: auth -> init (0x1100)[0m
[0;32mI (8557) wifi:new:<11,0>, old:<11,0>, ap:<255,255>, sta:<11,0>, prof:9, snd_ch_cfg:0x0[0m
[0;32mI (8557) KEYPAD: STA disconnected, reason=202[0m
[0;32mI (10977) KEYPAD: STA disconnected, reason=205[0m
[1;31mE (10977) KEYPAD: Saved WiFi connection failed after 5 retries[0m
Key pressed: A
Key pressed: *
Key pressed: 6
Key pressed: 6
Key pressed: *
Key pressed: 2
Key pressed: 9
Key pressed: #
Key pressed: 6
Key pressed: *
Key pressed: 8
Key pressed: *
Key pressed: 7
Key pressed: 7
Key pressed: 7
Key pressed: 8
[0;33mW (22917) KEYPAD: Attempting MQTT reconnection...[0m
[0;32mI (23127) KEYPAD: Showing MQTT connecting...[0m
[0;33mW (23127) KEYPAD: MQTT connection timeout after -10 ms[0m
Key pressed: 8
Key pressed: 6
[0;33mW (25937) KEYPAD: Attempting MQTT reconnection...[0m
[0;32mI (26147) KEYPAD: Showing MQTT connecting...[0m
[0;33mW (26147) KEYPAD: MQTT connection timeout after -10 ms[0m
[0;33mW (28957) KEYPAD: Attempting MQTT reconnection...[0m
[0;32mI (29167) KEYPAD: Showing MQTT connecting...[0m
[0;33mW (29167) KEYPAD: MQTT connection timeout after -10 ms[0m
Key pressed: 6
Key pressed: 6
[0;33mW (31977) KEYPAD: Attempting MQTT reconnection...[0m
[0;32mI (32187) KEYPAD: Showing MQTT connecting...[0m
[0;33mW (32187) KEYPAD: MQTT connection timeout after -10 ms[0m
[0;33mW (34997) KEYPAD: Attempting MQTT reconnection...[0m
Key pressed: #
[0;32mI (35207) KEYPAD: Showing MQTT connecting...[0m
[0;33mW (35207) KEYPAD: MQTT connection timeout after -10 ms[0m
Key pressed: #
[0;33mW (38017) KEYPAD: Attempting MQTT reconnection...[0m
[0;32mI (38227) KEYPAD: Showing MQTT connecting...[0m
[0;33mW (38227) KEYPAD: MQTT connection timeout after -10 ms[0m
Key pressed: A
Key pressed: A
[0;33mW (41037) KEYPAD: Attempting MQTT reconnection...[0m
[0;32mI (41247) KEYPAD: Showing MQTT connecting...[0m
[0;33mW (41247) KEYPAD: MQTT connection timeout after -10 ms[0m
ets Jul 29 2019 12:21:46

rst:0x1 (POWERON_RESET),boot:0x13 (SPI_FAST_FLASH_BOOT)
configsip: 0, SPIWP:0xee
clk_drv:0x00,q_drv:0x00,d_drv:0x00,cs0_drv:0x00,hd_drv:0x00,wp_drv:0x00
mode:DIO, clock div:2
load:0x3fff0030,len:6380
ho 0 tail 12 room 4
load:0x40078000,len:15916
load:0x40080400,len:3860
entry 0x40080638
[0;32mI (29) boot: ESP-IDF v5.5-dirty 2nd stage bootloader[0m
[0;32mI (29) boot: compile time Oct 19 2025 19:26:38[0m
[0;32mI (29) boot: Multicore bootloader[0m
[0;32mI (31) boot: chip revision: v3.0[0m
[0;32mI (34) boot.esp32: SPI Speed      : 40MHz[0m
[0;32mI (37) boot.esp32: SPI Mode       : DIO[0m
[0;32mI (41) boot.esp32: SPI Flash Size : 2MB[0m
[0;32mI (45) boot: Enabling RNG early entropy source...[0m
[0;32mI (49) boot: Partition Table:[0m
[0;32mI (52) boot: ## Label            Usage          Type ST Offset   Length[0m
[0;32mI (58) boot:  0 nvs              WiFi data        01 02 00009000 00006000[0m
[0;32mI (65) boot:  1 phy_init         RF data          01 01 0000f000 00001000[0m
[0;32mI (71) boot:  2 factory          factory app      00 00 00010000 00100000[0m
[0;32mI (78) boot: End of partition table[0m
[0;32mI (81) esp_image: segment 0: paddr=00010020 vaddr=3f400020 size=1f9d0h (129488) map[0m
[0;32mI (133) esp_image: segment 1: paddr=0002f9f8 vaddr=3ff80000 size=00020h (    32) load[0m
[0;32mI (133) esp_image: segment 2: paddr=0002fa20 vaddr=3ffb0000 size=005f8h (  1528) load[0m
[0;32mI (137) esp_image: segment 3: paddr=00030020 vaddr=400d0020 size=a4a14h (674324) map[0m
[0;32mI (374) esp_image: segment 4: paddr=000d4a3c vaddr=3ffb05f8 size=039c0h ( 14784) load[0m
[0;32mI (380) esp_image: segment 5: paddr=000d8404 vaddr=40080000 size=192e4h (103140) load[0m
[0;32mI (433) boot: Loaded app from partition at offset 0x10000[0m
[0;32mI (433) boot: Disabling RNG early entropy source...[0m
[0;32mI (443) cpu_start: Multicore app[0m
[0;32mI (451) cpu_start: Pro cpu start user code[0m
[0;32mI (452) cpu_start: cpu freq: 160000000 Hz[0m
[0;32mI (452) app_init: Application information:[0m
[0;32mI (452) app_init: Project name:     hello_world[0m
[0;32mI (456) app_init: App version:      v5.5-dirty[0m
[0;32mI (460) app_init: Compile time:     Oct 20 2025 20:55:32[0m
[0;32mI (465) app_init: ELF file SHA256:  e6722a04b...[0m
[0;32mI (469) app_init: ESP-IDF:          v5.5-dirty[0m
[0;32mI (474) efuse_init: Min chip rev:     v0.0[0m
[0;32mI (477) efuse_init: Max chip rev:     v3.99 [0m
[0;32mI (481) efuse_init: Chip rev:         v3.0[0m
[0;32mI (486) heap_init: Initializing. RAM available for dynamic allocation:[0m
[0;32mI (492) heap_init: At 3FFAE6E0 len 00001920 (6 KiB): DRAM[0m
[0;32mI (497) heap_init: At 3FFB87B0 len 00027850 (158 KiB): DRAM[0m
[0;32mI (502) heap_init: At 3FFE0440 len 00003AE0 (14 KiB): D/IRAM[0m
[0;32mI (507) heap_init: At 3FFE4350 len 0001BCB0 (111 KiB): D/IRAM[0m
[0;32mI (513) heap_init: At 400992E4 len 00006D1C (27 KiB): IRAM[0m
[0;32mI (520) spi_flash: detected chip: generic[0m
[0;32mI (522) spi_flash: flash io: dio[0m
[0;33mW (525) spi_flash: Detected size(4096k) larger than the size in the binary image header(2048k). Using the size in the binary image header.[0m
[0;33mW (537) i2c: This driver is an old driver, please migrate your application code to adapt `driver/i2c_master.h`[0m
[0;32mI (547) main_task: Started on CPU0[0m
[0;32mI (557) main_task: Calling app_main()[0m
[0;32mI (557) KEYPAD: I2C initialized successfully[0m
[0;32mI (2147) KEYPAD: Starting keypad MQTT application[0m
[0;32mI (2197) wifi:wifi driver task: 3ffc09d4, prio:23, stack:6656, core=0[0m
[0;32mI (2217) wifi:wifi firmware version: f3dbad7[0m
[0;32mI (2217) wifi:wifi certification version: v7.0[0m
[0;32mI (2217) wifi:config NVS flash: enabled[0m
[0;32mI (2217) wifi:config nano formatting: disabled[0m
[0;32mI (2217) wifi:Init data frame dynamic rx buffer num: 32[0m
[0;32mI (2227) wifi:Init static rx mgmt buffer num: 5[0m
[0;32mI (2227) wifi:Init management short buffer num: 32[0m
[0;32mI (2237) wifi:Init dynamic tx buffer num: 32[0m
[0;32mI (2237) wifi:Init static rx buffer size: 1600[0m
[0;32mI (2237) wifi:Init static rx buffer num: 10[0m
[0;32mI (2247) wifi:Init dynamic rx buffer num: 32[0m
[0;32mI (2247) wifi_init: rx ba win: 6[0m
[0;32mI (2247) wifi_init: accept mbox: 6[0m
[0;32mI (2257) wifi_init: tcpip mbox: 32[0m
[0;32mI (2257) wifi_init: udp mbox: 6[0m
[0;32mI (2257) wifi_init: tcp mbox: 6[0m
[0;32mI (2267) wifi_init: tcp tx win: 5760[0m
[0;32mI (2267) wifi_init: tcp rx win: 5760[0m
[0;32mI (2267) wifi_init: tcp mss: 1440[0m
[0;32mI (2277) wifi_init: WiFi IRAM OP enabled[0m
[0;32mI (2277) wifi_init: WiFi RX IRAM OP enabled[0m
[0;32mI (2347) phy_init: phy_version 4860,6b7a6e5,Feb  6 2025,14:47:07[0m
[0;32mI (2427) phy_init: Saving new calibration data due to checksum failure or outdated calibration data, mode(0)[0m
[0;32mI (2457) wifi:mode : sta (a8:42:e3:4c:7c:bc)[0m
[0;32mI (2457) wifi:enable tsf[0m
[0;32mI (2467) KEYPAD: WiFi initialized[0m
[0;32mI (2467) KEYPAD: WiFi STA started[0m
[0;32mI (2467) KEYPAD: Have a saved wifi network in NVS: NamTrung[0m
[0;33mW (3277) wifi:Password length matches WPA2 standards, authmode threshold changes from OPEN to WPA2[0m
[0;32mI (3327) wifi:flush txq[0m
[0;32mI (3327) wifi:stop sw txq[0m
[0;32mI (3327) wifi:lmac stop hw txq[0m
[0;32mI (3337) wifi:mode : sta (a8:42:e3:4c:7c:bc)[0m
[0;32mI (3337) wifi:enable tsf[0m
[0;32mI (3337) KEYPAD: WiFi STA started[0m
[1;31mE (3337) wifi:sta is connecting, return error[0m
[0;32mI (3477) wifi:new:<1,0>, old:<1,0>, ap:<255,255>, sta:<1,0>, prof:9, snd_ch_cfg:0x0[0m
[0;32mI (3477) wifi:state: init -> auth (0xb0)[0m
[0;32mI (4487) wifi:state: auth -> init (0x200)[0m
[0;32mI (4497) wifi:new:<1,0>, old:<1,0>, ap:<255,255>, sta:<1,0>, prof:9, snd_ch_cfg:0x0[0m
[0;32mI (4497) KEYPAD: STA disconnected, reason=2[0m
[0;32mI (5197) wifi:new:<6,0>, old:<1,0>, ap:<255,255>, sta:<6,0>, prof:9, snd_ch_cfg:0x0[0m
[0;32mI (5197) wifi:state: init -> auth (0xb0)[0m
[0;32mI (5307) wifi:state: auth -> assoc (0x0)[0m
[0;32mI (5327) wifi:state: assoc -> run (0x10)[0m
[0;32mI (5447) wifi:connected with NamTrung, aid = 30, channel 6, BW20, bssid = 10:5f:02:75:32:0e[0m
[0;32mI (5447) wifi:security: WPA2-PSK, phy: bgn, rssi: -77[0m
[0;32mI (5457) wifi:pm start, type: 1[0m

[0;32mI (5457) wifi:dp: 1, bi: 102400, li: 3, scale listen interval from 307200 us to 307200 us[0m
[0;32mI (5467) KEYPAD: Connected to SSID:NamTrung, channel:6[0m
[0;32mI (5497) wifi:AP's beacon interval = 102400 us, DTIM period = 1[0m
[0;32mI (6597) wifi:<ba-add>idx:0 (ifx:0, 10:5f:02:75:32:0e), tid:7, ssn:7, winSize:64[0m
[1;31mE (6947) esp-tls: [sock=54] connect() error: Host is unreachable[0m
[1;31mE (6947) transport_base: Failed to open a new connection: 32772[0m
[1;31mE (6947) mqtt_client: Error transport connect[0m
[1;31mE (6947) KEYPAD: MQTT_EVENT_ERROR[0m
[0;32mI (6957) KEYPAD: MQTT disconnected[0m
[0;32mI (6957) KEYPAD: MQTT initialized[0m
I (7077) esp_netif_handlers: sta ip: 10.10.1.51, mask: 255.255.252.0, gw: 10.10.1.1
[0;32mI (7077) KEYPAD: WiFi connected, got IP[0m
[0;32mI (8367) mqtt_client: Client asked to disconnect[0m
[0;32mI (11957) KEYPAD: MQTT initialized[0m
[0;32mI (12037) wifi:<ba-add>idx:1 (ifx:0, 10:5f:02:75:32:0e), tid:0, ssn:1, winSize:64[0m
[0;32mI (12127) KEYPAD: MQTT connected[0m
[0;32mI (12127) KEYPAD: Subscribed to responsenumber topic[0m
[0;32mI (12167) KEYPAD: Showing MQTT connecting...[0m
Key pressed: A
Key pressed: 6
Key pressed: 6
Key pressed: #
Key pressed: C
Key pressed: *
Key pressed: 6
Key pressed: 6
Key pressed: *
Key pressed: 2
Key pressed: 9
Key pressed: *
Key pressed: #
Key pressed: *
Key pressed: 6
Key pressed: *
Key pressed: 8
Key pressed: *
Key pressed: 7
Key pressed: 7
Key pressed: 7
Key pressed: 8
Key pressed: 8
Key pressed: 6
Key pressed: 6
Key pressed: 4
Key pressed: D
Key pressed: 6
Key pressed: 6
Key pressed: 8
Key pressed: C
Key pressed: C
Key pressed: C
Key pressed: 1
Key pressed: 1
Key pressed: 1
Key pressed: 1
Key pressed: 1
Key pressed: 1
Key pressed: 1
Key pressed: 1
Key pressed: 1
Key pressed: 1
Key pressed: 1
Key pressed: 1
Key pressed: 1
Key pressed: 1
Key pressed: 1
Key pressed: 1
Key pressed: 1
Key pressed: 4
Key pressed: 4
Key pressed: 4
Key pressed: 4
Key pressed: 0
Key pressed: 0
Key pressed: C
Key pressed: C
Key pressed: 9
Key pressed: 9
Key pressed: 9
Key pressed: 9
Key pressed: 9
Key pressed: 2
Key pressed: 2
Key pressed: 2
Key pressed: 2
Key pressed: 0
Key pressed: 0
Key pressed: 1
Key pressed: 1
Key pressed: 1
Key pressed: 1
Key pressed: 1
Key pressed: 1
Key pressed: 1
Key pressed: 1
Key pressed: 1
Key pressed: 1
Key pressed: 1
Key pressed: 1
Key pressed: 1
Key pressed: 1
Key pressed: D
[0;32mI (57977) wifi:state: run -> init (0x0)[0m
[0;32mI (57987) wifi:pm stop, total sleep time: 32270283 us / 52528125 us[0m

[0;32mI (57987) wifi:<ba-del>idx:1, tid:0[0m
[0;32mI (57987) wifi:<ba-del>idx:0, tid:7[0m
[0;32mI (57987) wifi:new:<6,0>, old:<6,0>, ap:<255,255>, sta:<6,0>, prof:9, snd_ch_cfg:0x0[0m
[0;33mW (57997) wifi:Password length matches WPA2 standards, authmode threshold changes from OPEN to WPA2[0m
[0;32mI (58007) KEYPAD: STA disconnected, reason=8[0m
[0;32mI (58007) mqtt_client: Client asked to disconnect[0m
[1;31mE (58007) transport_base: tcp_read error, errno=Software caused connection abort[0m
[1;31mE (58017) mqtt_client: esp_mqtt_handle_transport_read_error: transport_read() error: errno=113[0m
[1;31mE (58027) KEYPAD: MQTT_EVENT_ERROR[0m
[1;31mE (58027) mqtt_client: mqtt_process_receive: mqtt_message_receive() returned -2[0m
[0;32mI (58027) wifi:new:<6,0>, old:<6,0>, ap:<255,255>, sta:<6,0>, prof:9, snd_ch_cfg:0x0[0m
[0;32mI (58037) KEYPAD: MQTT disconnected[0m
[0;32mI (58047) wifi:state: init -> auth (0xb0)[0m
[0;32mI (58057) wifi:state: auth -> assoc (0x0)[0m
[0;32mI (58097) wifi:state: assoc -> run (0x10)[0m
[0;32mI (58127) wifi:connected with NamTrung, aid = 30, channel 6, BW20, bssid = 10:5f:02:75:32:0e[0m
[0;32mI (58127) wifi:security: WPA2-PSK, phy: bgn, rssi: -81[0m
[0;32mI (58127) wifi:pm start, type: 1[0m

[0;32mI (58137) wifi:AP's beacon interval = 102400 us, DTIM period = 1[0m
[0;33mW (63047) KEYPAD: WiFi connection failed, retry count: 1/5[0m
[0;33mW (63047) wifi:sta is connected, disconnect before connecting to new ap[0m
[0;32mI (63047) KEYPAD: Connected to SSID:NamTrung, channel:6[0m
[0;32mI (63087) wifi:<ba-add>idx:0 (ifx:0, 10:5f:02:75:32:0e), tid:7, ssn:3, winSize:64[0m
[0;32mI (64137) esp_netif_handlers: sta ip: 10.10.1.51, mask: 255.255.252.0, gw: 10.10.1.1[0m
[0;32mI (64137) KEYPAD: WiFi connected, got IP[0m
[0;32mI (64137) KEYPAD: Wi-Fi credentials saved successfully![0m
[0;32mI (64587) mqtt_client: Client asked to disconnect[0m
[0;33mW (64587) mqtt_client: Client asked to stop, but was not started[0m
[0;32mI (64587) KEYPAD: MQTT initialized[0m
[0;32mI (64737) wifi:<ba-add>idx:1 (ifx:0, 10:5f:02:75:32:0e), tid:0, ssn:1, winSize:64[0m
[0;32mI (64757) KEYPAD: MQTT connected[0m
[0;32mI (64757) KEYPAD: Subscribed to responsenumber topic[0m
[0;32mI (64797) KEYPAD: Showing MQTT connecting...[0m
