Command: D:\ESP32_IDF\Espressif\python_env\idf5.5_py3.11_env\Scripts\python.exe D:\ESP32_IDF\Espressif\frameworks\esp-idf-v5.5\tools/idf_monitor.py -p COM3 -b 115200 --toolchain-prefix xtensa-esp32-elf- --target esp32 --revision 0 D:\ESP32_IDF\Espressif\frameworks\esp-idf-v5.5\examples\get-started\agribank demo\build\hello_world.elf D:\ESP32_IDF\Espressif\frameworks\esp-idf-v5.5\examples\get-started\agribank demo\build\bootloader\bootloader.elf --force-color -m 'D:\ESP32_IDF\Espressif\python_env\idf5.5_py3.11_env\Scripts\python.exe' 'D:\ESP32_IDF\Espressif\frameworks\esp-idf-v5.5\tools\idf.py' '-p' 'COM3'
Jï¿½ï¿½Ñ¹esp32: SPI Speed      :ets Jul 29 2019 12:21:46

rst:0x1 (POWERON_RESET),boot:0x13 (SPI_FAST_FLASH_BOOT)
configsip: 0, SPIWP:0xee
clk_drv:0x00,q_drv:0x00,d_drv:0x00,cs0_drv:0x00,hd_drv:0x00,wp_drv:0x00
mode:DIO, clock div:2
load:0x3fff0030,len:6380
ho 0 tail 12 room 4
load:0x40078000,len:15916
load:0x40080400,len:3860
entry 0x40080638
[0;32mI (29) boot: ESP-IDF v5.5-dirty 2nd stage bootloader[0m
[0;32mI (29) boot: compile time Nov  3 2025 10:07:42[0m
[0;32mI (29) boot: Multicore bootloader[0m
[0;32mI (31) boot: chip revision: v3.0[0m
[0;32mI (34) boot.esp32: SPI Speed      : 40MHz[0m
[0;32mI (37) boot.esp32: SPI Mode       : DIO[0m
[0;32mI (41) boot.esp32: SPI Flash Size : 2MB[0m
[0;32mI (45) boot: Enabling RNG early entropy source...[0m
[0;32mI (49) boot: Partition Table:[0m
[0;32mI (52) boot: ## Label            Usage          Type ST Offset   Length[0m
[0;32mI (58) boot:  0 nvs              WiFi data        01 02 00009000 00006000[0m
[0;32mI (65) boot:  1 phy_init         RF data          01 01 0000f000 00001000[0m
[0;32mI (71) boot:  2 factory          factory app      00 00 00010000 00100000[0m
[0;32mI (78) boot: End of partition table[0m
[0;32mI (81) esp_image: segment 0: paddr=00010020 vaddr=3f400020 size=20ec4h (134852) map[0m
[0;32mI (134) esp_image: segment 1: paddr=00030eec vaddr=3ff80000 size=00020h (    32) load[0m
[0;32mI (135) esp_image: segment 2: paddr=00030f14 vaddr=3ffb0000 size=04bd8h ( 19416) load[0m
[0;32mI (146) esp_image: segment 3: paddr=00035af4 vaddr=40080000 size=0a524h ( 42276) load[0m
[0;32mI (162) esp_image: segment 4: paddr=00040020 vaddr=400d0020 size=a8aech (690924) map[0m
[0;32mI (399) esp_image: segment 5: paddr=000e8b14 vaddr=4008a524 size=0edc0h ( 60864) load[0m
[0;32mI (435) boot: Loaded app from partition at offset 0x10000[0m
[0;32mI (435) boot: Disabling RNG early entropy source...[0m
[0;32mI (446) cpu_start: Multicore app[0m
[0;32mI (454) cpu_start: Pro cpu start user code[0m
[0;32mI (454) cpu_start: cpu freq: 160000000 Hz[0m
[0;32mI (454) app_init: Application information:[0m
[0;32mI (454) app_init: Project name:     hello_world[0m
[0;32mI (458) app_init: App version:      5171ba8-dirty[0m
[0;32mI (463) app_init: Compile time:     Dec 12 2025 10:55:42[0m
[0;32mI (468) app_init: ELF file SHA256:  d511d9349...[0m
[0;32mI (472) app_init: ESP-IDF:          v5.5-dirty[0m
[0;32mI (476) efuse_init: Min chip rev:     v0.0[0m
[0;32mI (480) efuse_init: Max chip rev:     v3.99 [0m
[0;32mI (484) efuse_init: Chip rev:         v3.0[0m
[0;32mI (488) heap_init: Initializing. RAM available for dynamic allocation:[0m
[0;32mI (494) heap_init: At 3FFAE6E0 len 00001920 (6 KiB): DRAM[0m
[0;32mI (499) heap_init: At 3FFB9478 len 00026B88 (154 KiB): DRAM[0m
[0;32mI (505) heap_init: At 3FFE0440 len 00003AE0 (14 KiB): D/IRAM[0m
[0;32mI (510) heap_init: At 3FFE4350 len 0001BCB0 (111 KiB): D/IRAM[0m
[0;32mI (515) heap_init: At 400992E4 len 00006D1C (27 KiB): IRAM[0m
[0;32mI (522) spi_flash: detected chip: generic[0m
[0;32mI (524) spi_flash: flash io: dio[0m
[0;33mW (527) spi_flash: Detected size(4096k) larger than the size in the binary image header(2048k). Using the size in the binary image header.[0m
[0;33mW (540) i2c: This driver is an old driver, please migrate your application code to adapt `driver/i2c_master.h`[0m
[0;32mI (550) main_task: Started on CPU0[0m
[0;32mI (560) main_task: Calling app_main()[0m
[0;32mI (560) LED: LED initialized on GPIO 2[0m
[0;32mI (560) LED: LED OFF[0m
[0;32mI (560) DEMO: I2C initialized successfully[0m
[0;32mI (1450) DEMO: Starting keypad MQTT application[0m
[0;32mI (1470) MAC_UTILS: WiFi STA MAC: A8:42:E3:4C:7C:BC[0m
[0;32mI (1470) NVS_UTILS: Read user ID successfully: 03[0m
[0;32mI (1480) MAC_UTILS: Loaded user_id from NVS: 03[0m
[0;32mI (1490) wifi:wifi driver task: 3ffc251c, prio:23, stack:6656, core=0[0m
[0;32mI (1500) wifi:wifi firmware version: f3dbad7[0m
[0;32mI (1500) wifi:wifi certification version: v7.0[0m
[0;32mI (1500) wifi:config NVS flash: enabled[0m
[0;32mI (1500) wifi:config nano formatting: disabled[0m
[0;32mI (1510) wifi:Init data frame dynamic rx buffer num: 32[0m
[0;32mI (1510) wifi:Init static rx mgmt buffer num: 5[0m
[0;32mI (1510) wifi:Init management short buffer num: 32[0m
[0;32mI (1520) wifi:Init dynamic tx buffer num: 32[0m
[0;32mI (1520) wifi:Init static rx buffer size: 1600[0m
[0;32mI (1530) wifi:Init static rx buffer num: 10[0m
[0;32mI (1530) wifi:Init dynamic rx buffer num: 32[0m
[0;32mI (1540) wifi_init: rx ba win: 6[0m
[0;32mI (1540) wifi_init: accept mbox: 6[0m
[0;32mI (1540) wifi_init: tcpip mbox: 32[0m
[0;32mI (1540) wifi_init: udp mbox: 6[0m
[0;32mI (1550) wifi_init: tcp mbox: 6[0m
[0;32mI (1550) wifi_init: tcp tx win: 5760[0m
[0;32mI (1550) wifi_init: tcp rx win: 5760[0m
[0;32mI (1560) wifi_init: tcp mss: 1440[0m
[0;32mI (1560) wifi_init: WiFi IRAM OP enabled[0m
[0;32mI (1560) wifi_init: WiFi RX IRAM OP enabled[0m
[0;32mI (1570) phy_init: phy_version 4860,6b7a6e5,Feb  6 2025,14:47:07[0m
[0;32mI (1660) wifi:mode : sta (a8:42:e3:4c:7c:bc)[0m
[0;32mI (1660) wifi:enable tsf[0m
[0;32mI (1660) WIFI: WiFi initialized[0m
[0;32mI (1660) WIFI: WiFi STA started[0m
[0;32mI (4160) WIFI: Found 16 APs[0m
[0;32mI (4160) WIFI: FOUND SAVED WIFI: Anh Kiet (RSSI=-71), BSSID: CC:71:90 19:D2:F8[0m
[0;32mI (4160) WIFI: BEST WIFI: Anh Kiet (RSSI=-71), BSSID: CC:71:90 19:D2:F8[0m
[0;32mI (4160) main_task: Returned from app_main()[0m
[0;32mI (4160) STATE_MACHINE: System state task started[0m
[0;32mI (7400) NVS_UTILS: Read user ID successfully: 2222[0m
[1;31mE (7400) mqtt_client: Client was not initialized[0m
[0;32mI (7440) STATE_MACHINE: Have a saved wifi network in NVS: Anh Kiet[0m
[0;32mI (7490) wifi:flush txq[0m
[0;32mI (7490) wifi:stop sw txq[0m
[0;32mI (7490) wifi:lmac stop hw txq[0m
[0;32mI (7490) wifi:mode : sta (a8:42:e3:4c:7c:bc)[0m
[0;32mI (7490) wifi:enable tsf[0m
[0;32mI (7500) WIFI: WiFi STA started[0m
[0;32mI (7770) wifi:new:<2,0>, old:<1,0>, ap:<255,255>, sta:<2,0>, prof:1, snd_ch_cfg:0x0[0m
[0;32mI (7780) wifi:state: init -> auth (0xb0)[0m
[0;32mI (7800) wifi:state: auth -> assoc (0x0)[0m
[0;32mI (7850) wifi:state: assoc -> run (0x10)[0m
[0;32mI (7960) wifi:connected with Anh Kiet, aid = 3, channel 2, BW20, bssid = cc:71:90:19:d2:f8[0m
[0;32mI (7960) wifi:security: WPA2-PSK, phy: bgn, rssi: -64[0m
[0;32mI (7970) wifi:pm start, type: 1[0m

[0;32mI (7970) wifi:dp: 1, bi: 102400, li: 3, scale listen interval from 307200 us to 307200 us[0m
[0;32mI (7970) WIFI: Connected to SSID:Anh Kiet, channel:2[0m
[0;32mI (8040) wifi:AP's beacon interval = 102400 us, DTIM period = 1[0m
[0;32mI (9250) esp_netif_handlers: sta ip: 192.168.1.9, mask: 255.255.255.0, gw: 192.168.1.1[0m
[0;32mI (9250) WIFI: WiFi connected, got IP[0m
[0;32mI (10320) MQTT: Registered device with WiFi STA MAC: {"device_id":"A8:42:E3:4C:7C:BC","status":"offline"}[0m
[0;32mI (10320) MQTT: MQTT initialized[0m
[0;32mI (10340) wifi:<ba-add>idx:0 (ifx:0, cc:71:90:19:d2:f8), tid:0, ssn:5, winSize:64[0m
[0;32mI (10340) NVS_UTILS: Read status successfully: SO DANG GOI[0m
[0;32mI (15100) NVS_UTILS:  wifi_cre has saved, skip saving[0m
[1;31mE (20340) esp-tls: [sock=54] select() timeout[0m
[1;31mE (20340) transport_base: Failed to open a new connection: 32774[0m
[1;31mE (20340) mqtt_client: Error transport connect[0m
[0;32mI (20340) MQTT: MQTT_EVENT_ERROR[0m
[0;32mI (20340) LED: LED OFF[0m
[0;32mI (20340) MQTT: MQTT disconnected[0m
[0;32mI (20350) LED: LED OFF[0m
ets Jul 29 2019 12:21:46

rst:0x1 (POWERON_RESET),boot:0x13 (SPI_FAST_FLASH_BOOT)
configsip: 0, SPIWP:0xee
clk_drv:0x00,q_drv:0x00,d_drv:0x00,cs0_drv:0x00,hd_drv:0x00,wp_drv:0x00
mode:DIO, clock div:2
load:0x3fff0030,len:6380
ho 0 tail 12 room 4
load:0x40078000,len:15916
load:0x40080400,len:3860
entry 0x40080638
[0;32mI (29) boot: ESP-IDF v5.5-dirty 2nd stage bootloader[0m
[0;32mI (29) boot: compile time Nov  3 2025 10:07:42[0m
[0;32mI (29) boot: Multicore bootloader[0m
[0;32mI (31) boot: chip revision: v3.0[0m
[0;32mI (34) boot.esp32: SPI Speed      : 40MHz[0m
[0;32mI (37) boot.esp32: SPI Mode       : DIO[0m
[0;32mI (41) boot.esp32: SPI Flash Size : 2MB[0m
[0;32mI (45) boot: Enabling RNG early entropy source...[0m
[0;32mI (49) boot: Partition Table:[0m
[0;32mI (52) boot: ## Label            Usage          Type ST Offset   Length[0m
[0;32mI (58) boot:  0 nvs              WiFi data        01 02 00009000 00006000[0m
[0;32mI (65) boot:  1 phy_init         RF data          01 01 0000f000 00001000[0m
[0;32mI (71) boot:  2 factory          factory app      00 00 00010000 00100000[0m
[0;32mI (78) boot: End of partition table[0m
[0;32mI (81) esp_image: segment 0: paddr=00010020 vaddr=3f400020 size=20ec4h (134852) map[0m
[0;32mI (134) esp_image: segment 1: paddr=00030eec vaddr=3ff80000 size=00020h (    32) load[0m
[0;32mI (135) esp_image: segment 2: paddr=00030f14 vaddr=3ffb0000 size=04bd8h ( 19416) load[0m
[0;32mI (146) esp_image: segment 3: paddr=00035af4 vaddr=40080000 size=0a524h ( 42276) load[0m
[0;32mI (162) esp_image: segment 4: paddr=00040020 vaddr=400d0020 size=a8aech (690924) map[0m
[0;32mI (399) esp_image: segment 5: paddr=000e8b14 vaddr=4008a524 size=0edc0h ( 60864) load[0m
[0;32mI (435) boot: Loaded app from partition at offset 0x10000[0m
[0;32mI (435) boot: Disabling RNG early entropy source...[0m
[0;32mI (446) cpu_start: Multicore app[0m
[0;32mI (454) cpu_start: Pro cpu start user code[0m
[0;32mI (454) cpu_start: cpu freq: 160000000 Hz[0m
[0;32mI (454) app_init: Application information:[0m
[0;32mI (454) app_init: Project name:     hello_world[0m
[0;32mI (458) app_init: App version:      5171ba8-dirty[0m
[0;32mI (463) app_init: Compile time:     Dec 12 2025 10:55:42[0m
[0;32mI (468) app_init: ELF file SHA256:  d511d9349...[0m
[0;32mI (472) app_init: ESP-IDF:          v5.5-dirty[0m
[0;32mI (476) efuse_init: Min chip rev:     v0.0[0m
[0;32mI (480) efuse_init: Max chip rev:     v3.99 [0m
[0;32mI (484) efuse_init: Chip rev:         v3.0[0m
[0;32mI (488) heap_init: Initializing. RAM available for dynamic allocation:[0m
[0;32mI (494) heap_init: At 3FFAE6E0 len 00001920 (6 KiB): DRAM[0m
[0;32mI (499) heap_init: At 3FFB9478 len 00026B88 (154 KiB): DRAM[0m
[0;32mI (505) heap_init: At 3FFE0440 len 00003AE0 (14 KiB): D/IRAM[0m
[0;32mI (510) heap_init: At 3FFE4350 len 0001BCB0 (111 KiB): D/IRAM[0m
[0;32mI (515) heap_init: At 400992E4 len 00006D1C (27 KiB): IRAM[0m
[0;32mI (522) spi_flash: detected chip: generic[0m
[0;32mI (524) spi_flash: flash io: dio[0m
[0;33mW (527) spi_flash: Detected size(4096k) larger than the size in the binary image header(2048k). Using the size in the binary image header.[0m
[0;33mW (540) i2c: This driver is an old driver, please migrate your application code to adapt `driver/i2c_master.h`[0m
[0;32mI (550) main_task: Started on CPU0[0m
[0;32mI (560) main_task: Calling app_main()[0m
[0;32mI (560) LED: LED initialized on GPIO 2[0m
[0;32mI (560) LED: LED OFF[0m
[0;32mI (560) DEMO: I2C initialized successfully[0m
[0;32mI (1450) DEMO: Starting keypad MQTT application[0m
[0;32mI (1470) MAC_UTILS: WiFi STA MAC: A8:42:E3:4C:7C:BC[0m
[0;32mI (1480) NVS_UTILS: Read user ID successfully: 03[0m
[0;32mI (1480) MAC_UTILS: Loaded user_id from NVS: 03[0m
[0;32mI (1490) wifi:wifi driver task: 3ffc251c, prio:23, stack:6656, core=0[0m
[0;32mI (1500) wifi:wifi firmware version: f3dbad7[0m
[0;32mI (1500) wifi:wifi certification version: v7.0[0m
[0;32mI (1500) wifi:config NVS flash: enabled[0m
[0;32mI (1500) wifi:config nano formatting: disabled[0m
[0;32mI (1510) wifi:Init data frame dynamic rx buffer num: 32[0m
[0;32mI (1510) wifi:Init static rx mgmt buffer num: 5[0m
[0;32mI (1510) wifi:Init management short buffer num: 32[0m
[0;32mI (1520) wifi:Init dynamic tx buffer num: 32[0m
[0;32mI (1520) wifi:Init static rx buffer size: 1600[0m
[0;32mI (1530) wifi:Init static rx buffer num: 10[0m
[0;32mI (1530) wifi:Init dynamic rx buffer num: 32[0m
[0;32mI (1540) wifi_init: rx ba win: 6[0m
[0;32mI (1540) wifi_init: accept mbox: 6[0m
[0;32mI (1540) wifi_init: tcpip mbox: 32[0m
[0;32mI (1540) wifi_init: udp mbox: 6[0m
[0;32mI (1550) wifi_init: tcp mbox: 6[0m
[0;32mI (1550) wifi_init: tcp tx win: 5760[0m
[0;32mI (1550) wifi_init: tcp rx win: 5760[0m
[0;32mI (1560) wifi_init: tcp mss: 1440[0m
[0;32mI (1560) wifi_init: WiFi IRAM OP enabled[0m
[0;32mI (1560) wifi_init: WiFi RX IRAM OP enabled[0m
[0;32mI (1640) phy_init: phy_version 4860,6b7a6e5,Feb  6 2025,14:47:07[0m
[0;32mI (1720) wifi:mode : sta (a8:42:e3:4c:7c:bc)[0m
[0;32mI (1720) wifi:enable tsf[0m
[0;32mI (1720) WIFI: WiFi initialized[0m
[0;32mI (1730) WIFI: WiFi STA started[0m
[0;32mI (4230) WIFI: Found 16 APs[0m
[0;32mI (4230) WIFI: FOUND SAVED WIFI: Anh Kiet (RSSI=-65), BSSID: CC:71:90 19:D2:F8[0m
[0;32mI (4230) WIFI: BEST WIFI: Anh Kiet (RSSI=-65), BSSID: CC:71:90 19:D2:F8[0m
[0;32mI (4230) main_task: Returned from app_main()[0m
[0;32mI (4230) STATE_MACHINE: System state task started[0m
[0;32mI (7560) NVS_UTILS: Read user ID successfully: 2222[0m
[1;31mE (7560) mqtt_client: Client was not initialized[0m
[0;32mI (7600) STATE_MACHINE: Have a saved wifi network in NVS: Anh Kiet[0m
[0;32mI (7650) wifi:flush txq[0m
[0;32mI (7650) wifi:stop sw txq[0m
[0;32mI (7650) wifi:lmac stop hw txq[0m
[0;32mI (7650) wifi:mode : sta (a8:42:e3:4c:7c:bc)[0m
[0;32mI (7650) wifi:enable tsf[0m
[0;32mI (7660) WIFI: WiFi STA started[0m
[0;32mI (7930) wifi:new:<2,0>, old:<1,0>, ap:<255,255>, sta:<2,0>, prof:1, snd_ch_cfg:0x0[0m
[0;32mI (7940) wifi:state: init -> auth (0xb0)[0m
[0;32mI (7960) wifi:state: auth -> assoc (0x0)[0m
[0;32mI (8030) wifi:state: assoc -> run (0x10)[0m
[0;32mI (8130) wifi:connected with Anh Kiet, aid = 7, channel 2, BW20, bssid = cc:71:90:19:d2:f8[0m
[0;32mI (8130) wifi:security: WPA2-PSK, phy: bgn, rssi: -68[0m
[0;32mI (8140) wifi:pm start, type: 1[0m

[0;32mI (8140) wifi:dp: 1, bi: 102400, li: 3, scale listen interval from 307200 us to 307200 us[0m
[0;32mI (8150) WIFI: Connected to SSID:Anh Kiet, channel:2[0m
[0;32mI (8180) wifi:AP's beacon interval = 102400 us, DTIM period = 1[0m
[0;32mI (9390) esp_netif_handlers: sta ip: 192.168.1.9, mask: 255.255.255.0, gw: 192.168.1.1[0m
[0;32mI (9390) WIFI: WiFi connected, got IP[0m
[0;32mI (10420) MQTT: Registered device with WiFi STA MAC: {"device_id":"A8:42:E3:4C:7C:BC","status":"offline"}[0m
[0;32mI (10420) MQTT: MQTT initialized[0m
[0;32mI (10440) NVS_UTILS: Read status successfully: SO DANG GOI[0m
[0;32mI (10440) wifi:<ba-add>idx:0 (ifx:0, cc:71:90:19:d2:f8), tid:0, ssn:5, winSize:64[0m
[1;31mE (20440) esp-tls: [sock=54] select() timeout[0m
[1;31mE (20440) transport_base: Failed to open a new connection: 32774[0m
[1;31mE (20440) mqtt_client: Error transport connect[0m
[0;32mI (20440) MQTT: MQTT_EVENT_ERROR[0m
[0;32mI (20440) LED: LED OFF[0m
[0;32mI (20440) MQTT: MQTT disconnected[0m
[0;32mI (20450) LED: LED OFF[0m
[1;31mE (40460) esp-tls: [sock=54] select() timeout[0m
[1;31mE (40460) transport_base: Failed to open a new connection: 32774[0m
[1;31mE (40460) mqtt_client: Error transport connect[0m
[0;32mI (40460) MQTT: MQTT_EVENT_ERROR[0m
[0;32mI (40460) LED: LED OFF[0m
[0;32mI (40460) MQTT: MQTT disconnected[0m
[0;32mI (40470) LED: LED OFF[0m
[1;31mE (60490) esp-tls: [sock=54] select() timeout[0m
[1;31mE (60490) transport_base: Failed to open a new connection: 32774[0m
[1;31mE (60490) mqtt_client: Error transport connect[0m
[0;32mI (60490) MQTT: MQTT_EVENT_ERROR[0m
[0;32mI (60490) LED: LED OFF[0m
[0;32mI (60490) MQTT: MQTT disconnected[0m
[0;32mI (60500) LED: LED OFF[0m
[1;31mE (80510) esp-tls: [sock=54] select() timeout[0m
[1;31mE (80510) transport_base: Failed to open a new connection: 32774[0m
[1;31mE (80510) mqtt_client: Error transport connect[0m
[0;32mI (80510) MQTT: MQTT_EVENT_ERROR[0m
[0;32mI (80510) LED: LED OFF[0m
[0;32mI (80510) MQTT: MQTT disconnected[0m
[0;32mI (80520) LED: LED OFF[0m
[1;31mE (100530) esp-tls: [sock=54] select() timeout[0m
[1;31mE (100530) transport_base: Failed to open a new connection: 32774[0m
[1;31mE (100530) mqtt_client: Error transport connect[0m
[0;32mI (100530) MQTT: MQTT_EVENT_ERROR[0m
[0;32mI (100530) LED: LED OFF[0m
[0;32mI (100530) MQTT: MQTT disconnected[0m
[0;32mI (100540) LED: LED OFF[0m
