Command: D:\ESP32_IDF\Espressif\python_env\idf5.5_py3.11_env\Scripts\python.exe D:\ESP32_IDF\Espressif\frameworks\esp-idf-v5.5\tools/idf_monitor.py -p COM3 -b 115200 --toolchain-prefix xtensa-esp32-elf- --target esp32 --revision 0 D:\ESP32_IDF\Espressif\frameworks\esp-idf-v5.5\examples\get-started\agribank demo\build\hello_world.elf D:\ESP32_IDF\Espressif\frameworks\esp-idf-v5.5\examples\get-started\agribank demo\build\bootloader\bootloader.elf --force-color -m 'D:\ESP32_IDF\Espressif\python_env\idf5.5_py3.11_env\Scripts\python.exe' 'D:\ESP32_IDF\Espressif\frameworks\esp-idf-v5.5\tools\idf.py' '-p' 'COM3'
ï¿½Jï¿½ï¿½Ñ¹esp32: SPI Speedï¿½ets Jul 29 2019 12:21:46

rst:0x1 (POWERON_RESET),boot:0x13 (SPI_FAST_FLASH_BOOT)
configsip: 0, SPIWP:0xee
clk_drv:0x00,q_drv:0x00,d_drv:0x00,cs0_drv:0x00,hd_drv:0x00,wp_drv:0x00
mode:DIO, clock div:2
load:0x3fff0030,len:6380
ho 0 tail 12 room 4
load:0x40078000,len:15916
load:0x40080400,len:3860
entry 0x40080638
[0;32mI (29) boot: ESP-IDF v5.5-dirty 2nd stage bootloader[0m
[0;32mI (29) boot: compile time Nov  3 2025 10:07:42[0m
[0;32mI (29) boot: Multicore bootloader[0m
[0;32mI (31) boot: chip revision: v3.0[0m
[0;32mI (34) boot.esp32: SPI Speed      : 40MHz[0m
[0;32mI (37) boot.esp32: SPI Mode       : DIO[0m
[0;32mI (41) boot.esp32: SPI Flash Size : 2MB[0m
[0;32mI (45) boot: Enabling RNG early entropy source...[0m
[0;32mI (49) boot: Partition Table:[0m
[0;32mI (52) boot: ## Label            Usage          Type ST Offset   Length[0m
[0;32mI (58) boot:  0 nvs              WiFi data        01 02 00009000 00006000[0m
[0;32mI (65) boot:  1 phy_init         RF data          01 01 0000f000 00001000[0m
[0;32mI (71) boot:  2 factory          factory app      00 00 00010000 00100000[0m
[0;32mI (78) boot: End of partition table[0m
[0;32mI (81) esp_image: segment 0: paddr=00010020 vaddr=3f400020 size=204f8h (132344) map[0m
[0;32mI (134) esp_image: segment 1: paddr=00030520 vaddr=3ff80000 size=00020h (    32) load[0m
[0;32mI (134) esp_image: segment 2: paddr=00030548 vaddr=3ffb0000 size=03fb8h ( 16312) load[0m
[0;32mI (144) esp_image: segment 3: paddr=00034508 vaddr=40080000 size=0bb10h ( 47888) load[0m
[0;32mI (164) esp_image: segment 4: paddr=00040020 vaddr=400d0020 size=a5bc0h (678848) map[0m
[0;32mI (396) esp_image: segment 5: paddr=000e5be8 vaddr=4008bb10 size=0d910h ( 55568) load[0m
[0;32mI (430) boot: Loaded app from partition at offset 0x10000[0m
[0;32mI (430) boot: Disabling RNG early entropy source...[0m
[0;32mI (440) cpu_start: Multicore app[0m
[0;32mI (449) cpu_start: Pro cpu start user code[0m
[0;32mI (449) cpu_start: cpu freq: 160000000 Hz[0m
[0;32mI (449) app_init: Application information:[0m
[0;32mI (449) app_init: Project name:     hello_world[0m
[0;32mI (453) app_init: App version:      e7264df-dirty[0m
[0;32mI (458) app_init: Compile time:     Nov  3 2025 10:07:16[0m
[0;32mI (463) app_init: ELF file SHA256:  196e0e764...[0m
[0;32mI (467) app_init: ESP-IDF:          v5.5-dirty[0m
[0;32mI (471) efuse_init: Min chip rev:     v0.0[0m
[0;32mI (475) efuse_init: Max chip rev:     v3.99 [0m
[0;32mI (479) efuse_init: Chip rev:         v3.0[0m
[0;32mI (483) heap_init: Initializing. RAM available for dynamic allocation:[0m
[0;32mI (489) heap_init: At 3FFAE6E0 len 00001920 (6 KiB): DRAM[0m
[0;32mI (494) heap_init: At 3FFB8AB0 len 00027550 (157 KiB): DRAM[0m
[0;32mI (499) heap_init: At 3FFE0440 len 00003AE0 (14 KiB): D/IRAM[0m
[0;32mI (505) heap_init: At 3FFE4350 len 0001BCB0 (111 KiB): D/IRAM[0m
[0;32mI (510) heap_init: At 40099420 len 00006BE0 (26 KiB): IRAM[0m
[0;32mI (517) spi_flash: detected chip: generic[0m
[0;32mI (519) spi_flash: flash io: dio[0m
[0;33mW (522) spi_flash: Detected size(4096k) larger than the size in the binary image header(2048k). Using the size in the binary image header.[0m
[0;33mW (535) i2c: This driver is an old driver, please migrate your application code to adapt `driver/i2c_master.h`[0m
[0;32mI (545) main_task: Started on CPU0[0m
[0;32mI (555) main_task: Calling app_main()[0m
[0;32mI (555) KEYPAD: LED initialized on GPIO 2[0m
[0;32mI (555) KEYPAD: LED OFF[0m
[0;32mI (555) KEYPAD: I2C initialized successfully[0m
[0;32mI (2165) KEYPAD: Starting keypad MQTT application[0m
[0;32mI (2165) KEYPAD: WiFi STA MAC: A8:42:E3:4C:7C:BC[0m
[0;32mI (2195) wifi:wifi driver task: 3ffc1624, prio:23, stack:6656, core=0[0m
[0;32mI (2205) wifi:wifi firmware version: f3dbad7[0m
[0;32mI (2205) wifi:wifi certification version: v7.0[0m
[0;32mI (2205) wifi:config NVS flash: enabled[0m
[0;32mI (2205) wifi:config nano formatting: disabled[0m
[0;32mI (2215) wifi:Init data frame dynamic rx buffer num: 32[0m
[0;32mI (2215) wifi:Init static rx mgmt buffer num: 5[0m
[0;32mI (2215) wifi:Init management short buffer num: 32[0m
[0;32mI (2225) wifi:Init dynamic tx buffer num: 32[0m
[0;32mI (2225) wifi:Init static rx buffer size: 1600[0m
[0;32mI (2235) wifi:Init static rx buffer num: 10[0m
[0;32mI (2235) wifi:Init dynamic rx buffer num: 32[0m
[0;32mI (2245) wifi_init: rx ba win: 6[0m
[0;32mI (2245) wifi_init: accept mbox: 6[0m
[0;32mI (2245) wifi_init: tcpip mbox: 32[0m
[0;32mI (2245) wifi_init: udp mbox: 6[0m
[0;32mI (2255) wifi_init: tcp mbox: 6[0m
[0;32mI (2255) wifi_init: tcp tx win: 5760[0m
[0;32mI (2255) wifi_init: tcp rx win: 5760[0m
[0;32mI (2265) wifi_init: tcp mss: 1440[0m
[0;32mI (2265) wifi_init: WiFi IRAM OP enabled[0m
[0;32mI (2265) wifi_init: WiFi RX IRAM OP enabled[0m
[0;32mI (2315) phy_init: phy_version 4860,6b7a6e5,Feb  6 2025,14:47:07[0m
[0;32mI (2395) wifi:mode : sta (a8:42:e3:4c:7c:bc)[0m
[0;32mI (2405) wifi:enable tsf[0m
[0;32mI (2405) KEYPAD: WiFi initialized[0m
[1;31mE (2405) task_wdt: esp_task_wdt_reset(707): task not found[0m
[0;32mI (2405) KEYPAD: WiFi STA started[0m
[1;31mE (2405) task_wdt: esp_task_wdt_reset(707): task not found[0m
[0;32mI (2415) KEYPAD: Have a saved wifi network in NVS: NamTrung[0m
[0;32mI (2465) wifi:flush txq[0m
[0;32mI (2465) wifi:stop sw txq[0m
[0;32mI (2465) wifi:lmac stop hw txq[0m
[0;32mI (2475) wifi:mode : sta (a8:42:e3:4c:7c:bc)[0m
[0;32mI (2475) wifi:enable tsf[0m
[0;32mI (2475) KEYPAD: WiFi STA started[0m
[1;31mE (2475) wifi:sta is connecting, return error[0m
[0;32mI (2825) wifi:new:<6,0>, old:<1,0>, ap:<255,255>, sta:<6,0>, prof:1, snd_ch_cfg:0x0[0m
[0;32mI (2835) wifi:state: init -> auth (0xb0)[0m
[0;32mI (2845) wifi:state: auth -> assoc (0x0)[0m
[0;32mI (2875) wifi:state: assoc -> run (0x10)[0m
[0;32mI (2905) wifi:connected with NamTrung, aid = 25, channel 6, BW20, bssid = 10:5f:02:75:1e:9a[0m
[0;32mI (2905) wifi:security: WPA2-PSK, phy: bgn, rssi: -59[0m
[0;32mI (2915) wifi:pm start, type: 1[0m

[0;32mI (2915) wifi:dp: 1, bi: 102400, li: 3, scale listen interval from 307200 us to 307200 us[0m
[0;32mI (2925) KEYPAD: Connected to SSID:NamTrung, channel:6[0m
[0;32mI (2955) wifi:AP's beacon interval = 102400 us, DTIM period = 1[0m
[0;32mI (3815) wifi:<ba-add>idx:0 (ifx:0, 10:5f:02:75:1e:9a), tid:0, ssn:1, winSize:64[0m
[0;32mI (3995) esp_netif_handlers: sta ip: 10.10.1.34, mask: 255.255.252.0, gw: 10.10.1.1[0m
[0;32mI (3995) KEYPAD: WiFi connected, got IP[0m
[0;32mI (4425) wifi:<ba-add>idx:1 (ifx:0, 10:5f:02:75:1e:9a), tid:7, ssn:15, winSize:64[0m
[0;32mI (5025) KEYPAD: MQTT initialized[0m
[0;32mI (5045) KEYPAD: Read status successfully: SO DANG GOI[0m
[0;32mI (5075) KEYPAD: LED ON[0m
[0;32mI (5075) KEYPAD: MQTT connected[0m
[0;32mI (5275) KEYPAD: MQTT_EVENT_DATA[0m
[0;32mI (5275) KEYPAD: Processing topic: device/list[0m
[0;32mI (5285) KEYPAD: Device list updated: 7 devices[0m
[0;32mI (5285) KEYPAD: MQTT_EVENT_DATA[0m
[0;32mI (5305) KEYPAD: Processing topic: service/list[0m
[0;32mI (5305) KEYPAD: Service list updated: 6 services[0m
Key pressed: B
[0;32mI (8825) KEYPAD: MQTT_EVENT_DATA[0m
[0;32mI (8825) KEYPAD: Processing topic: responsenumber[0m
[0;32mI (8825) KEYPAD: Status saved successfully: SO DANG GOI[0m
[0;32mI (8835) KEYPAD: current number saved successfully![0m
Key pressed: *
[0;32mI (9865) KEYPAD: MQTT_EVENT_DATA[0m
[0;32mI (9865) KEYPAD: Processing topic: responsenumber[0m
[0;32mI (9865) KEYPAD: Status saved successfully: SO DANG GOI[0m
[0;32mI (9875) KEYPAD: current number saved successfully![0m
