Command: D:\ESP32_IDF\Espressif\python_env\idf5.5_py3.11_env\Scripts\python.exe D:\ESP32_IDF\Espressif\frameworks\esp-idf-v5.5\tools/idf_monitor.py -p COM3 -b 115200 --toolchain-prefix xtensa-esp32-elf- --target esp32 --revision 0 D:\ESP32_IDF\Espressif\frameworks\esp-idf-v5.5\examples\get-started\agribank demo\build\hello_world.elf D:\ESP32_IDF\Espressif\frameworks\esp-idf-v5.5\examples\get-started\agribank demo\build\bootloader\bootloader.elf --force-color -m 'D:\ESP32_IDF\Espressif\python_env\idf5.5_py3.11_env\Scripts\python.exe' 'D:\ESP32_IDF\Espressif\frameworks\esp-idf-v5.5\tools\idf.py' '-p' 'COM3'
iï¿½Jï¿½ï¿½Ñ¹esp32: SPI Speï¿½ets Jul 29 2019 12:21:46

rst:0x1 (POWERON_RESET),boot:0x13 (SPI_FAST_FLASH_BOOT)
configsip: 0, SPIWP:0xee
clk_drv:0x00,q_drv:0x00,d_drv:0x00,cs0_drv:0x00,hd_drv:0x00,wp_drv:0x00
mode:DIO, clock div:2
load:0x3fff0030,len:6380
ho 0 tail 12 room 4
load:0x40078000,len:15916
load:0x40080400,len:3860
entry 0x40080638
[0;32mI (29) boot: ESP-IDF v5.5-dirty 2nd stage bootloader[0m
[0;32mI (29) boot: compile time Oct 19 2025 19:26:38[0m
[0;32mI (29) boot: Multicore bootloader[0m
[0;32mI (31) boot: chip revision: v3.0[0m
[0;32mI (34) boot.esp32: SPI Speed      : 40MHz[0m
[0;32mI (37) boot.esp32: SPI Mode       : DIO[0m
[0;32mI (41) boot.esp32: SPI Flash Size : 2MB[0m
[0;32mI (45) boot: Enabling RNG early entropy source...[0m
[0;32mI (49) boot: Partition Table:[0m
[0;32mI (52) boot: ## Label            Usage          Type ST Offset   Length[0m
[0;32mI (58) boot:  0 nvs              WiFi data        01 02 00009000 00006000[0m
[0;32mI (65) boot:  1 phy_init         RF data          01 01 0000f000 00001000[0m
[0;32mI (71) boot:  2 factory          factory app      00 00 00010000 00100000[0m
[0;32mI (78) boot: End of partition table[0m
[0;32mI (81) esp_image: segment 0: paddr=00010020 vaddr=3f400020 size=20070h (131184) map[0m
[0;32mI (133) esp_image: segment 1: paddr=00030098 vaddr=3ff80000 size=00020h (    32) load[0m
[0;32mI (133) esp_image: segment 2: paddr=000300c0 vaddr=3ffb0000 size=03fb8h ( 16312) load[0m
[0;32mI (143) esp_image: segment 3: paddr=00034080 vaddr=40080000 size=0bf98h ( 49048) load[0m
[0;32mI (164) esp_image: segment 4: paddr=00040020 vaddr=400d0020 size=a5068h (675944) map[0m
[0;32mI (395) esp_image: segment 5: paddr=000e5090 vaddr=4008bf98 size=0d488h ( 54408) load[0m
[0;32mI (428) boot: Loaded app from partition at offset 0x10000[0m
[0;32mI (429) boot: Disabling RNG early entropy source...[0m
[0;32mI (439) cpu_start: Multicore app[0m
[0;32mI (447) cpu_start: Pro cpu start user code[0m
[0;32mI (447) cpu_start: cpu freq: 160000000 Hz[0m
[0;32mI (447) app_init: Application information:[0m
[0;32mI (448) app_init: Project name:     hello_world[0m
[0;32mI (452) app_init: App version:      v5.5-dirty[0m
[0;32mI (456) app_init: Compile time:     Oct 20 2025 20:55:32[0m
[0;32mI (461) app_init: ELF file SHA256:  47f69839a...[0m
[0;32mI (465) app_init: ESP-IDF:          v5.5-dirty[0m
[0;32mI (469) efuse_init: Min chip rev:     v0.0[0m
[0;32mI (473) efuse_init: Max chip rev:     v3.99 [0m
[0;32mI (477) efuse_init: Chip rev:         v3.0[0m
[0;32mI (481) heap_init: Initializing. RAM available for dynamic allocation:[0m
[0;32mI (488) heap_init: At 3FFAE6E0 len 00001920 (6 KiB): DRAM[0m
[0;32mI (493) heap_init: At 3FFB8988 len 00027678 (157 KiB): DRAM[0m
[0;32mI (498) heap_init: At 3FFE0440 len 00003AE0 (14 KiB): D/IRAM[0m
[0;32mI (503) heap_init: At 3FFE4350 len 0001BCB0 (111 KiB): D/IRAM[0m
[0;32mI (509) heap_init: At 40099420 len 00006BE0 (26 KiB): IRAM[0m
[0;32mI (515) spi_flash: detected chip: generic[0m
[0;32mI (518) spi_flash: flash io: dio[0m
[0;33mW (521) spi_flash: Detected size(4096k) larger than the size in the binary image header(2048k). Using the size in the binary image header.[0m
[0;33mW (533) i2c: This driver is an old driver, please migrate your application code to adapt `driver/i2c_master.h`[0m
[0;32mI (543) main_task: Started on CPU0[0m
[0;32mI (553) main_task: Calling app_main()[0m
[1;31mE (553) i2c: i2c_master_cmd_begin(1552): i2c driver not installed[0m
[0;32mI (553) DEMO: Error in sending command[0m
[0;32mI (563) KEYPAD: LED initialized on GPIO 2[0m
[0;32mI (563) KEYPAD: LED OFF[0m
[0;32mI (563) KEYPAD: I2C initialized successfully[0m
[0;32mI (2153) KEYPAD: Starting keypad MQTT application[0m
[0;32mI (2203) wifi:wifi driver task: 3ffc0c24, prio:23, stack:6656, core=0[0m
[0;32mI (2223) wifi:wifi firmware version: f3dbad7[0m
[0;32mI (2223) wifi:wifi certification version: v7.0[0m
[0;32mI (2223) wifi:config NVS flash: enabled[0m
[0;32mI (2223) wifi:config nano formatting: disabled[0m
[0;32mI (2223) wifi:Init data frame dynamic rx buffer num: 32[0m
[0;32mI (2233) wifi:Init static rx mgmt buffer num: 5[0m
[0;32mI (2233) wifi:Init management short buffer num: 32[0m
[0;32mI (2243) wifi:Init dynamic tx buffer num: 32[0m
[0;32mI (2243) wifi:Init static rx buffer size: 1600[0m
[0;32mI (2243) wifi:Init static rx buffer num: 10[0m
[0;32mI (2253) wifi:Init dynamic rx buffer num: 32[0m
[0;32mI (2253) wifi_init: rx ba win: 6[0m
[0;32mI (2253) wifi_init: accept mbox: 6[0m
[0;32mI (2263) wifi_init: tcpip mbox: 32[0m
[0;32mI (2263) wifi_init: udp mbox: 6[0m
[0;32mI (2263) wifi_init: tcp mbox: 6[0m
[0;32mI (2273) wifi_init: tcp tx win: 5760[0m
[0;32mI (2273) wifi_init: tcp rx win: 5760[0m
[0;32mI (2273) wifi_init: tcp mss: 1440[0m
[0;32mI (2283) wifi_init: WiFi IRAM OP enabled[0m
[0;32mI (2283) wifi_init: WiFi RX IRAM OP enabled[0m
[0;32mI (2343) phy_init: phy_version 4860,6b7a6e5,Feb  6 2025,14:47:07[0m
[0;32mI (2423) wifi:mode : sta (a8:42:e3:4c:7c:bc)[0m
[0;32mI (2423) wifi:enable tsf[0m
[0;32mI (2433) KEYPAD: WiFi initialized[0m
[0;32mI (2433) KEYPAD: WiFi STA started[0m
[1;31mE (2433) task_wdt: esp_task_wdt_reset(707): task not found[0m
[0;32mI (2433) KEYPAD: Have a saved wifi network in NVS: NamTrung[0m
[0;32mI (2493) wifi:flush txq[0m
[0;32mI (2493) wifi:stop sw txq[0m
[0;32mI (2493) wifi:lmac stop hw txq[0m
[0;32mI (2503) wifi:mode : sta (a8:42:e3:4c:7c:bc)[0m
[0;32mI (2503) wifi:enable tsf[0m
[0;32mI (2503) KEYPAD: WiFi STA started[0m
[1;31mE (2503) wifi:sta is connecting, return error[0m
[0;32mI (2653) wifi:new:<1,0>, old:<1,0>, ap:<255,255>, sta:<1,0>, prof:9, snd_ch_cfg:0x0[0m
[0;32mI (2653) wifi:state: init -> auth (0xb0)[0m
[0;32mI (3663) wifi:state: auth -> init (0x200)[0m
[0;32mI (3673) wifi:new:<1,0>, old:<1,0>, ap:<255,255>, sta:<1,0>, prof:9, snd_ch_cfg:0x0[0m
[0;32mI (3673) KEYPAD: STA disconnected, reason=2[0m
[0;32mI (4293) wifi:new:<6,0>, old:<1,0>, ap:<255,255>, sta:<6,0>, prof:9, snd_ch_cfg:0x0[0m
[0;32mI (4293) wifi:state: init -> auth (0xb0)[0m
[0;32mI (4303) wifi:state: auth -> assoc (0x0)[0m
[0;32mI (4343) wifi:state: assoc -> run (0x10)[0m
[0;32mI (4373) wifi:connected with NamTrung, aid = 20, channel 6, BW20, bssid = 10:5f:02:75:1e:9a[0m
[0;32mI (4373) wifi:security: WPA2-PSK, phy: bgn, rssi: -56[0m
[0;32mI (4383) wifi:pm start, type: 1[0m

[0;32mI (4383) wifi:dp: 1, bi: 102400, li: 3, scale listen interval from 307200 us to 307200 us[0m
[0;32mI (4393) KEYPAD: Connected to SSID:NamTrung, channel:6[0m
[0;32mI (4433) wifi:AP's beacon interval = 102400 us, DTIM period = 1[0m
[0;32mI (5413) esp_netif_handlers: sta ip: 10.10.1.18, mask: 255.255.252.0, gw: 10.10.1.1[0m
[0;32mI (5413) KEYPAD: WiFi connected, got IP[0m
[0;32mI (6473) KEYPAD: MQTT initialized[0m
[0;32mI (6523) KEYPAD: Read status successfully: SO DANG GOI[0m
[0;32mI (6603) wifi:<ba-add>idx:0 (ifx:0, 10:5f:02:75:1e:9a), tid:7, ssn:8, winSize:64[0m
[0;32mI (6623) wifi:<ba-add>idx:1 (ifx:0, 10:5f:02:75:1e:9a), tid:0, ssn:1, winSize:64[0m
[0;32mI (6663) KEYPAD: LED ON[0m
[0;32mI (6663) KEYPAD: MQTT connected[0m
[0;32mI (6993) KEYPAD: MQTT_EVENT_DATA[0m
[0;32mI (6993) KEYPAD: MQTT_EVENT_DATA[0m
Key pressed: A
Key pressed: D
Key pressed: *
Key pressed: 6
Key pressed: 6
Key pressed: *
Key pressed: 2
Key pressed: 6
Key pressed: *
Key pressed: 8
Key pressed: *
Key pressed: 7
Key pressed: 7
Key pressed: 7
Key pressed: 8
[0;32mI (14233) wifi:bcn_timeout,ap_probe_send_start[0m
Key pressed: 8
Key pressed: 6
Key pressed: 6
Key pressed: 4
Key pressed: D
Key pressed: 6
Key pressed: 6
Key pressed: 8
Key pressed: C
Key pressed: 1
Key pressed: 1
Key pressed: 1
Key pressed: 1
Key pressed: 1
Key pressed: 1
Key pressed: 1
Key pressed: 1
Key pressed: 1
Key pressed: 1
Key pressed: 1
Key pressed: 1
Key pressed: 1
Key pressed: 1
Key pressed: 1
Key pressed: 1
Key pressed: 1
Key pressed: 4
Key pressed: 4
Key pressed: 4
Key pressed: 4
[0;32mI (23243) wifi:bcn_timeout,ap_probe_send_start[0m
Key pressed: 0
Key pressed: 0
Key pressed: 9
Key pressed: 9
Key pressed: 9
Key pressed: 9
Key pressed: 9
Key pressed: 2
Key pressed: 2
Key pressed: 2
Key pressed: 2
Key pressed: #
Key pressed: #
Key pressed: #
Key pressed: 9
Key pressed: 9
Key pressed: 9
Key pressed: 9
Key pressed: 9
Key pressed: 2
Key pressed: 2
Key pressed: 2
Key pressed: 2
[0;32mI (32263) wifi:bcn_timeout,ap_probe_send_start[0m
Key pressed: 0
Key pressed: 0
Key pressed: 1
Key pressed: 1
Key pressed: 1
Key pressed: 1
Key pressed: 1
Key pressed: 1
Key pressed: 1
Key pressed: 1
Key pressed: 1
Key pressed: 1
Key pressed: 1
Key pressed: 1
Key pressed: 1
Key pressed: 1
Key pressed: D
[0;32mI (38093) wifi:state: run -> init (0x0)[0m
[0;32mI (38103) wifi:pm stop, total sleep time: 22932438 us / 33718095 us[0m

[0;32mI (38103) wifi:<ba-del>idx:1, tid:0[0m
[0;32mI (38103) wifi:<ba-del>idx:0, tid:7[0m
[0;32mI (38103) wifi:new:<6,0>, old:<6,0>, ap:<255,255>, sta:<6,0>, prof:9, snd_ch_cfg:0x0[0m
[0;32mI (38113) KEYPAD: STA disconnected, reason=8[0m
[0;32mI (38113) mqtt_client: Client asked to disconnect[0m
[0;32mI (38123) wifi:E (38113) transport_base: tcp_read error, errno=Software caused connection abort[0m
new:<6,0>, old:<6,0>, ap:<255,255>, sta:<6,0>, prof:9, snd_ch_cfg:0x0E (38123) mqtt_client: esp_mqtt_handle_transport_read_error: transport_read() error: errno=113

[0;32mI (38143) KEYPAD: MQTT_EVENT_ERROR[0m
[0;32mI (38143) wifi:I (38143) KEYPAD: LED OFF[0m
state: init -> auth (0xb0)
[1;31mE (38143) mqtt_client: mqtt_process_receive: mqtt_message_receive() returned -2[0m
[0;32mI (38153) KEYPAD: MQTT disconnected[0m
[0;32mI (38163) KEYPAD: LED OFF[0m
[0;33mW (38163) KEYPAD: WiFi connection failed, retry count: 1/5[0m
[1;31mE (38163) wifi:sta is connecting, return error[0m
[0;32mI (38183) wifi:state: auth -> assoc (0x0)[0m
[0;32mI (38203) wifi:state: assoc -> run (0x10)[0m
[0;32mI (38233) wifi:connected with NamTrung, aid = 20, channel 6, BW20, bssid = 10:5f:02:75:1e:9a[0m
[0;32mI (38233) wifi:security: WPA2-PSK, phy: bgn, rssi: -57[0m
[0;32mI (38233) wifi:pm start, type: 1[0m

[0;32mI (38243) KEYPAD: Connected to SSID:NamTrung, channel:6[0m
[0;32mI (38323) wifi:AP's beacon interval = 102400 us, DTIM period = 1[0m
[0;32mI (39363) esp_netif_handlers: sta ip: 10.10.1.18, mask: 255.255.252.0, gw: 10.10.1.1[0m
[0;32mI (39363) KEYPAD: WiFi connected, got IP[0m
[0;32mI (39363) KEYPAD: Wi-Fi credentials saved successfully![0m
[0;32mI (40403) mqtt_client: Client asked to disconnect[0m
[0;33mW (40403) mqtt_client: Client asked to stop, but was not started[0m
[0;32mI (40413) KEYPAD: MQTT initialized[0m
[0;32mI (40423) wifi:<ba-add>idx:0 (ifx:0, 10:5f:02:75:1e:9a), tid:7, ssn:8, winSize:64[0m
[0;32mI (40443) wifi:<ba-add>idx:1 (ifx:0, 10:5f:02:75:1e:9a), tid:0, ssn:1, winSize:64[0m
[0;32mI (40463) KEYPAD: LED ON[0m
[0;32mI (40473) KEYPAD: MQTT connected[0m
[0;32mI (40703) KEYPAD: MQTT_EVENT_DATA[0m
[0;32mI (40713) KEYPAD: MQTT_EVENT_DATA[0m
Key pressed: B
[0;32mI (43903) KEYPAD: MQTT_EVENT_DATA[0m
[0;32mI (43903) KEYPAD: Status saved successfully: SO DANG GOI[0m
[0;32mI (43913) KEYPAD: current number saved successfully![0m
Key pressed: B
[0;32mI (44473) KEYPAD: MQTT_EVENT_DATA[0m
[0;32mI (44473) KEYPAD: Status saved successfully: SO DANG GOI[0m
[0;32mI (44483) KEYPAD: current number saved successfully![0m
Key pressed: A
Key pressed: D
Key pressed: *
Key pressed: 6
Key pressed: 6
Key pressed: *
Key pressed: 2
Key pressed: 6
Key pressed: *
Key pressed: 8
Key pressed: *
Key pressed: 7
Key pressed: 7
Key pressed: 7
Key pressed: 8
Key pressed: 8
Key pressed: 6
Key pressed: 6
Key pressed: 4
Key pressed: D
Key pressed: 6
Key pressed: 6
Key pressed: 8
Key pressed: C
Key pressed: 1
Key pressed: 1
Key pressed: 1
Key pressed: 1
Key pressed: 1
Key pressed: 1
Key pressed: 1
Key pressed: 1
Key pressed: 1
Key pressed: 1
Key pressed: 1
Key pressed: 1
Key pressed: 1
Key pressed: 1
Key pressed: 1
Key pressed: 1
Key pressed: 1
Key pressed: 4
Key pressed: 4
Key pressed: 4
Key pressed: 4
Key pressed: 0
Key pressed: 0
Key pressed: 9
Key pressed: 9
Key pressed: 9
Key pressed: 9
Key pressed: 9
Key pressed: 2
Key pressed: 2
Key pressed: 2
Key pressed: 2
Key pressed: 0
Key pressed: 0
Key pressed: 1
Key pressed: 1
Key pressed: 1
Key pressed: 1
Key pressed: 1
Key pressed: 1
Key pressed: 1
Key pressed: 1
Key pressed: 1
Key pressed: 1
Key pressed: 1
Key pressed: 1
Key pressed: 1
Key pressed: 1
Key pressed: D
[0;32mI (69833) wifi:state: run -> init (0x0)[0m
[0;32mI (69843) wifi:pm stop, total sleep time: 22233673 us / 31604780 us[0m

[0;32mI (69843) wifi:<ba-del>idx:1, tid:0[0m
[0;32mI (69843) wifi:<ba-del>idx:0, tid:7[0m
[0;32mI (69843) wifi:new:<6,0>, old:<6,0>, ap:<255,255>, sta:<6,0>, prof:9, snd_ch_cfg:0x0[0m
[0;32mI (69853) KEYPAD: STA disconnected, reason=8[0m
[0;32mI (69853) mqtt_client: Client asked to disconnect[0m
[1;31mE (69863) transport_base: poll_write select error 113, errno = Software caused connection abort, fd = 54[0m
[0;33mW (69863) transport_base: Poll timeout or error, errno=Success, fd=54, timeout_ms=10000[0m
[1;31mE (69873) mqtt_client: Writing failed: errno=0[0m
[0;32mI (69883) KEYPAD: MQTT_EVENT_ERROR[0m
[0;32mI (69883) KEYPAD: LED OFF[0m
[1;31mE (69883) mqtt_client: Error sending disconn[0m
***ERROR*** A stack overflow in task sys_evt has been detected.


Backtrace: 0x40081db1:0x3ffbdb20 0x40089f7d:0x3ffbdb40 0x4008adca:0x3ffbdb60 0x4008c1a3:0x3ffbdbe0 0x4008aed4:0x3ffbdc00 0x4008ae86:0x3f4130fc |<-CORRUPTED




ELF file SHA256: 47f69839a

Rebooting...
ets Jul 29 2019 12:21:46

rst:0xc (SW_CPU_RESET),boot:0x13 (SPI_FAST_FLASH_BOOT)
configsip: 0, SPIWP:0xee
clk_drv:0x00,q_drv:0x00,d_drv:0x00,cs0_drv:0x00,hd_drv:0x00,wp_drv:0x00
mode:DIO, clock div:2
load:0x3fff0030,len:6380
ho 0 tail 12 room 4
load:0x40078000,len:15916
load:0x40080400,len:3860
entry 0x40080638
[0;32mI (29) boot: ESP-IDF v5.5-dirty 2nd stage bootloader[0m
[0;32mI (29) boot: compile time Oct 19 2025 19:26:38[0m
[0;32mI (29) boot: Multicore bootloader[0m
[0;32mI (31) boot: chip revision: v3.0[0m
[0;32mI (34) boot.esp32: SPI Speed      : 40MHz[0m
[0;32mI (37) boot.esp32: SPI Mode       : DIO[0m
[0;32mI (41) boot.esp32: SPI Flash Size : 2MB[0m
[0;32mI (45) boot: Enabling RNG early entropy source...[0m
[0;32mI (49) boot: Partition Table:[0m
[0;32mI (52) boot: ## Label            Usage          Type ST Offset   Length[0m
[0;32mI (58) boot:  0 nvs              WiFi data        01 02 00009000 00006000[0m
[0;32mI (64) boot:  1 phy_init         RF data          01 01 0000f000 00001000[0m
[0;32mI (71) boot:  2 factory          factory app      00 00 00010000 00100000[0m
[0;32mI (78) boot: End of partition table[0m
[0;32mI (81) esp_image: segment 0: paddr=00010020 vaddr=3f400020 size=20070h (131184) map[0m
[0;32mI (133) esp_image: segment 1: paddr=00030098 vaddr=3ff80000 size=00020h (    32) load[0m
[0;32mI (133) esp_image: segment 2: paddr=000300c0 vaddr=3ffb0000 size=03fb8h ( 16312) load[0m
[0;32mI (143) esp_image: segment 3: paddr=00034080 vaddr=40080000 size=0bf98h ( 49048) load[0m
[0;32mI (164) esp_image: segment 4: paddr=00040020 vaddr=400d0020 size=a5068h (675944) map[0m
[0;32mI (395) esp_image: segment 5: paddr=000e5090 vaddr=4008bf98 size=0d488h ( 54408) load[0m
[0;32mI (428) boot: Loaded app from partition at offset 0x10000[0m
[0;32mI (428) boot: Disabling RNG early entropy source...[0m
[0;32mI (439) cpu_start: Multicore app[0m
[0;32mI (447) cpu_start: Pro cpu start user code[0m
[0;32mI (447) cpu_start: cpu freq: 160000000 Hz[0m
[0;32mI (447) app_init: Application information:[0m
[0;32mI (447) app_init: Project name:     hello_world[0m
[0;32mI (452) app_init: App version:      v5.5-dirty[0m
[0;32mI (456) app_init: Compile time:     Oct 20 2025 20:55:32[0m
[0;32mI (461) app_init: ELF file SHA256:  47f69839a...[0m
[0;32mI (465) app_init: ESP-IDF:          v5.5-dirty[0m
[0;32mI (469) efuse_init: Min chip rev:     v0.0[0m
[0;32mI (473) efuse_init: Max chip rev:     v3.99 [0m
[0;32mI (477) efuse_init: Chip rev:         v3.0[0m
[0;32mI (481) heap_init: Initializing. RAM available for dynamic allocation:[0m
[0;32mI (487) heap_init: At 3FFAE6E0 len 00001920 (6 KiB): DRAM[0m
[0;32mI (492) heap_init: At 3FFB8988 len 00027678 (157 KiB): DRAM[0m
[0;32mI (498) heap_init: At 3FFE0440 len 00003AE0 (14 KiB): D/IRAM[0m
[0;32mI (503) heap_init: At 3FFE4350 len 0001BCB0 (111 KiB): D/IRAM[0m
[0;32mI (509) heap_init: At 40099420 len 00006BE0 (26 KiB): IRAM[0m
[0;32mI (515) spi_flash: detected chip: generic[0m
[0;32mI (517) spi_flash: flash io: dio[0m
[0;33mW (520) spi_flash: Detected size(4096k) larger than the size in the binary image header(2048k). Using the size in the binary image header.[0m
[0;33mW (533) i2c: This driver is an old driver, please migrate your application code to adapt `driver/i2c_master.h`[0m
[0;32mI (543) main_task: Started on CPU0[0m
[0;32mI (553) main_task: Calling app_main()[0m
[1;31mE (553) i2c: i2c_master_cmd_begin(1552): i2c driver not installed[0m
[0;32mI (553) DEMO: Error in sending command[0m
[0;32mI (563) KEYPAD: LED initialized on GPIO 2[0m
[0;32mI (563) KEYPAD: LED OFF[0m
[0;32mI (563) KEYPAD: I2C initialized successfully[0m
[0;32mI (2153) KEYPAD: Starting keypad MQTT application[0m
[0;32mI (2203) wifi:wifi driver task: 3ffc0c24, prio:23, stack:6656, core=0[0m
[0;32mI (2223) wifi:wifi firmware version: f3dbad7[0m
[0;32mI (2223) wifi:wifi certification version: v7.0[0m
[0;32mI (2223) wifi:config NVS flash: enabled[0m
[0;32mI (2223) wifi:config nano formatting: disabled[0m
[0;32mI (2223) wifi:Init data frame dynamic rx buffer num: 32[0m
[0;32mI (2233) wifi:Init static rx mgmt buffer num: 5[0m
[0;32mI (2233) wifi:Init management short buffer num: 32[0m
[0;32mI (2243) wifi:Init dynamic tx buffer num: 32[0m
[0;32mI (2243) wifi:Init static rx buffer size: 1600[0m
[0;32mI (2243) wifi:Init static rx buffer num: 10[0m
[0;32mI (2253) wifi:Init dynamic rx buffer num: 32[0m
[0;32mI (2253) wifi_init: rx ba win: 6[0m
[0;32mI (2253) wifi_init: accept mbox: 6[0m
[0;32mI (2263) wifi_init: tcpip mbox: 32[0m
[0;32mI (2263) wifi_init: udp mbox: 6[0m
[0;32mI (2263) wifi_init: tcp mbox: 6[0m
[0;32mI (2273) wifi_init: tcp tx win: 5760[0m
[0;32mI (2273) wifi_init: tcp rx win: 5760[0m
[0;32mI (2273) wifi_init: tcp mss: 1440[0m
[0;32mI (2283) wifi_init: WiFi IRAM OP enabled[0m
[0;32mI (2283) wifi_init: WiFi RX IRAM OP enabled[0m
[0;32mI (2343) phy_init: phy_version 4860,6b7a6e5,Feb  6 2025,14:47:07[0m
[0;32mI (2433) wifi:mode : sta (a8:42:e3:4c:7c:bc)[0m
[0;32mI (2433) wifi:enable tsf[0m
[0;32mI (2433) KEYPAD: WiFi initialized[0m
[0;32mI (2433) KEYPAD: WiFi STA started[0m
[1;31mE (2433) task_wdt: esp_task_wdt_reset(707): task not found[0m
[0;32mI (2433) KEYPAD: Have a saved wifi network in NVS: NamTrung[0m
[0;32mI (2523) wifi:flush txq[0m
[0;32mI (2523) wifi:stop sw txq[0m
[0;32mI (2523) wifi:lmac stop hw txq[0m
[0;32mI (2533) wifi:mode : sta (a8:42:e3:4c:7c:bc)[0m
[0;32mI (2533) wifi:enable tsf[0m
[0;32mI (2533) KEYPAD: WiFi STA started[0m
[1;31mE (2533) wifi:sta is connecting, return error[0m
[0;32mI (3213) wifi:new:<6,0>, old:<1,0>, ap:<255,255>, sta:<6,0>, prof:9, snd_ch_cfg:0x0[0m
[0;32mI (3213) wifi:state: init -> auth (0xb0)[0m
[0;32mI (3233) wifi:state: auth -> assoc (0x0)[0m
[0;32mI (3253) wifi:state: assoc -> run (0x10)[0m
[0;32mI (3273) wifi:connected with NamTrung, aid = 20, channel 6, BW20, bssid = 10:5f:02:75:1e:9a[0m
[0;32mI (3273) wifi:security: WPA2-PSK, phy: bgn, rssi: -58[0m
[0;32mI (3283) wifi:pm start, type: 1[0m

[0;32mI (3283) wifi:dp: 1, bi: 102400, li: 3, scale listen interval from 307200 us to 307200 us[0m
[0;32mI (3293) KEYPAD: Connected to SSID:NamTrung, channel:6[0m
[0;32mI (3313) wifi:AP's beacon interval = 102400 us, DTIM period = 1[0m
[0;32mI (4343) esp_netif_handlers: sta ip: 10.10.1.18, mask: 255.255.252.0, gw: 10.10.1.1[0m
[0;32mI (4343) KEYPAD: WiFi connected, got IP[0m
[0;32mI (5413) KEYPAD: MQTT initialized[0m
[0;32mI (5443) wifi:<ba-add>idx:0 (ifx:0, 10:5f:02:75:1e:9a), tid:7, ssn:8, winSize:64[0m
[0;32mI (5453) wifi:<ba-add>idx:1 (ifx:0, 10:5f:02:75:1e:9a), tid:0, ssn:1, winSize:64[0m
[0;32mI (5463) KEYPAD: Read status successfully: SO DANG GOI[0m
[0;32mI (5513) KEYPAD: LED ON[0m
[0;32mI (5513) KEYPAD: MQTT connected[0m
[0;32mI (5703) KEYPAD: MQTT_EVENT_DATA[0m
[0;32mI (5703) KEYPAD: MQTT_EVENT_DATA[0m
