Command: D:\ESP32_IDF\Espressif\python_env\idf5.5_py3.11_env\Scripts\python.exe D:\ESP32_IDF\Espressif\frameworks\esp-idf-v5.5\tools/idf_monitor.py -p COM3 -b 115200 --toolchain-prefix xtensa-esp32-elf- --target esp32 --revision 0 D:\ESP32_IDF\Espressif\frameworks\esp-idf-v5.5\examples\get-started\agribank demo\build\hello_world.elf D:\ESP32_IDF\Espressif\frameworks\esp-idf-v5.5\examples\get-started\agribank demo\build\bootloader\bootloader.elf --force-color -m 'D:\ESP32_IDF\Espressif\python_env\idf5.5_py3.11_env\Scripts\python.exe' 'D:\ESP32_IDF\Espressif\frameworks\esp-idf-v5.5\tools\idf.py' '-p' 'COM3'
ï¿½Jï¿½ï¿½Ñ¹esp32: SPI Spï¿½ets Jul 29 2019 12:21:46

rst:0x1 (POWERON_RESET),boot:0x13 (SPI_FAST_FLASH_BOOT)
configsip: 0, SPIWP:0xee
clk_drv:0x00,q_drv:0x00,d_drv:0x00,cs0_drv:0x00,hd_drv:0x00,wp_drv:0x00
mode:DIO, clock div:2
load:0x3fff0030,len:6380
ho 0 tail 12 room 4
load:0x40078000,len:15916
load:0x40080400,len:3860
entry 0x40080638
[0;32mI (29) boot: ESP-IDF v5.5-dirty 2nd stage bootloader[0m
[0;32mI (29) boot: compile time Oct 30 2025 15:44:26[0m
[0;32mI (29) boot: Multicore bootloader[0m
[0;32mI (31) boot: chip revision: v3.0[0m
[0;32mI (34) boot.esp32: SPI Speed      : 40MHz[0m
[0;32mI (37) boot.esp32: SPI Mode       : DIO[0m
[0;32mI (41) boot.esp32: SPI Flash Size : 2MB[0m
[0;32mI (45) boot: Enabling RNG early entropy source...[0m
[0;32mI (49) boot: Partition Table:[0m
[0;32mI (52) boot: ## Label            Usage          Type ST Offset   Length[0m
[0;32mI (58) boot:  0 nvs              WiFi data        01 02 00009000 00006000[0m
[0;32mI (65) boot:  1 phy_init         RF data          01 01 0000f000 00001000[0m
[0;32mI (71) boot:  2 factory          factory app      00 00 00010000 00100000[0m
[0;32mI (78) boot: End of partition table[0m
[0;32mI (81) esp_image: segment 0: paddr=00010020 vaddr=3f400020 size=20310h (131856) map[0m
[0;32mI (133) esp_image: segment 1: paddr=00030338 vaddr=3ff80000 size=00020h (    32) load[0m
[0;32mI (134) esp_image: segment 2: paddr=00030360 vaddr=3ffb0000 size=03fb8h ( 16312) load[0m
[0;32mI (143) esp_image: segment 3: paddr=00034320 vaddr=40080000 size=0bcf8h ( 48376) load[0m
[0;32mI (164) esp_image: segment 4: paddr=00040020 vaddr=400d0020 size=a5980h (678272) map[0m
[0;32mI (396) esp_image: segment 5: paddr=000e59a8 vaddr=4008bcf8 size=0d728h ( 55080) load[0m
[0;32mI (430) boot: Loaded app from partition at offset 0x10000[0m
[0;32mI (430) boot: Disabling RNG early entropy source...[0m
[0;32mI (440) cpu_start: Multicore app[0m
[0;32mI (449) cpu_start: Pro cpu start user code[0m
[0;32mI (449) cpu_start: cpu freq: 160000000 Hz[0m
[0;32mI (449) app_init: Application information:[0m
[0;32mI (449) app_init: Project name:     hello_world[0m
[0;32mI (453) app_init: App version:      e7264df-dirty[0m
[0;32mI (457) app_init: Compile time:     Oct 30 2025 15:45:01[0m
[0;32mI (462) app_init: ELF file SHA256:  ad775a671...[0m
[0;32mI (467) app_init: ESP-IDF:          v5.5-dirty[0m
[0;32mI (471) efuse_init: Min chip rev:     v0.0[0m
[0;32mI (475) efuse_init: Max chip rev:     v3.99 [0m
[0;32mI (479) efuse_init: Chip rev:         v3.0[0m
[0;32mI (483) heap_init: Initializing. RAM available for dynamic allocation:[0m
[0;32mI (489) heap_init: At 3FFAE6E0 len 00001920 (6 KiB): DRAM[0m
[0;32mI (494) heap_init: At 3FFB8B90 len 00027470 (157 KiB): DRAM[0m
[0;32mI (499) heap_init: At 3FFE0440 len 00003AE0 (14 KiB): D/IRAM[0m
[0;32mI (505) heap_init: At 3FFE4350 len 0001BCB0 (111 KiB): D/IRAM[0m
[0;32mI (510) heap_init: At 40099420 len 00006BE0 (26 KiB): IRAM[0m
[0;32mI (517) spi_flash: detected chip: generic[0m
[0;32mI (519) spi_flash: flash io: dio[0m
[0;33mW (522) spi_flash: Detected size(4096k) larger than the size in the binary image header(2048k). Using the size in the binary image header.[0m
[0;33mW (534) i2c: This driver is an old driver, please migrate your application code to adapt `driver/i2c_master.h`[0m
[0;32mI (545) main_task: Started on CPU0[0m
[0;32mI (555) main_task: Calling app_main()[0m
[1;31mE (555) i2c: i2c_master_cmd_begin(1552): i2c driver not installed[0m
[0;32mI (555) DEMO: Error in sending command[0m
[0;32mI (565) KEYPAD: LED initialized on GPIO 2[0m
[0;32mI (565) KEYPAD: LED OFF[0m
[0;32mI (565) KEYPAD: I2C initialized successfully[0m
[0;32mI (2155) KEYPAD: Starting keypad MQTT application[0m
[0;32mI (2155) KEYPAD: WiFi STA MAC: A8:42:E3:4C:7C:BC[0m
[0;32mI (2185) wifi:wifi driver task: 3ffc16ac, prio:23, stack:6656, core=0[0m
[0;32mI (2195) wifi:wifi firmware version: f3dbad7[0m
[0;32mI (2195) wifi:wifi certification version: v7.0[0m
[0;32mI (2195) wifi:config NVS flash: enabled[0m
[0;32mI (2195) wifi:config nano formatting: disabled[0m
[0;32mI (2205) wifi:Init data frame dynamic rx buffer num: 32[0m
[0;32mI (2205) wifi:Init static rx mgmt buffer num: 5[0m
[0;32mI (2205) wifi:Init management short buffer num: 32[0m
[0;32mI (2215) wifi:Init dynamic tx buffer num: 32[0m
[0;32mI (2215) wifi:Init static rx buffer size: 1600[0m
[0;32mI (2225) wifi:Init static rx buffer num: 10[0m
[0;32mI (2225) wifi:Init dynamic rx buffer num: 32[0m
[0;32mI (2235) wifi_init: rx ba win: 6[0m
[0;32mI (2235) wifi_init: accept mbox: 6[0m
[0;32mI (2235) wifi_init: tcpip mbox: 32[0m
[0;32mI (2235) wifi_init: udp mbox: 6[0m
[0;32mI (2245) wifi_init: tcp mbox: 6[0m
[0;32mI (2245) wifi_init: tcp tx win: 5760[0m
[0;32mI (2245) wifi_init: tcp rx win: 5760[0m
[0;32mI (2255) wifi_init: tcp mss: 1440[0m
[0;32mI (2255) wifi_init: WiFi IRAM OP enabled[0m
[0;32mI (2255) wifi_init: WiFi RX IRAM OP enabled[0m
[0;32mI (2305) phy_init: phy_version 4860,6b7a6e5,Feb  6 2025,14:47:07[0m
[0;32mI (2395) wifi:mode : sta (a8:42:e3:4c:7c:bc)[0m
[0;32mI (2395) wifi:enable tsf[0m
[0;32mI (2395) KEYPAD: WiFi initialized[0m
[1;31mE (2395) task_wdt: esp_task_wdt_reset(707): task not found[0m
[0;32mI (2395) KEYPAD: WiFi STA started[0m
[1;31mE (2395) task_wdt: esp_task_wdt_reset(707): task not found[0m
[0;32mI (2405) KEYPAD: Have a saved wifi network in NVS: NamTrung[0m
[0;32mI (2455) wifi:flush txq[0m
[0;32mI (2455) wifi:stop sw txq[0m
[0;32mI (2455) wifi:lmac stop hw txq[0m
[0;32mI (2465) wifi:mode : sta (a8:42:e3:4c:7c:bc)[0m
[0;32mI (2465) wifi:enable tsf[0m
[0;32mI (2465) KEYPAD: WiFi STA started[0m
[1;31mE (2465) wifi:sta is connecting, return error[0m
[0;32mI (2475) wifi:new:<6,0>, old:<1,0>, ap:<255,255>, sta:<6,0>, prof:1, snd_ch_cfg:0x0[0m
[0;32mI (2485) wifi:state: init -> auth (0xb0)[0m
[0;32mI (2495) wifi:state: auth -> assoc (0x0)[0m
[0;32mI (2505) wifi:state: assoc -> run (0x10)[0m
[0;32mI (2535) wifi:connected with NamTrung, aid = 23, channel 6, BW20, bssid = 10:5f:02:75:1e:9a[0m
[0;32mI (2535) wifi:security: WPA2-PSK, phy: bgn, rssi: -63[0m
[0;32mI (2545) wifi:pm start, type: 1[0m

[0;32mI (2545) wifi:dp: 1, bi: 102400, li: 3, scale listen interval from 307200 us to 307200 us[0m
[0;32mI (2545) wifi:AP's beacon interval = 102400 us, DTIM period = 1[0m
[0;32mI (2555) KEYPAD: Connected to SSID:NamTrung, channel:6[0m
[0;32mI (3595) esp_netif_handlers: sta ip: 10.10.1.18, mask: 255.255.252.0, gw: 10.10.1.1[0m
[0;32mI (3595) KEYPAD: WiFi connected, got IP[0m
[0;32mI (4605) KEYPAD: MQTT initialized[0m
[0;32mI (4625) wifi:<ba-add>idx:0 (ifx:0, 10:5f:02:75:1e:9a), tid:7, ssn:8, winSize:64[0m
[0;32mI (4625) KEYPAD: Read status successfully: SO DANG GOI[0m
[0;32mI (4655) wifi:<ba-add>idx:1 (ifx:0, 10:5f:02:75:1e:9a), tid:0, ssn:1, winSize:64[0m
[0;32mI (4675) KEYPAD: LED ON[0m
[0;32mI (4675) KEYPAD: MQTT connected[0m
[0;32mI (4895) KEYPAD: MQTT_EVENT_DATA[0m
[0;32mI (4895) KEYPAD: Processing topic: device/list[0m
[0;32mI (4905) KEYPAD: Device list updated: 7 devices[0m
[0;32mI (4905) KEYPAD: MQTT_EVENT_DATA[0m
[0;32mI (4925) KEYPAD: Processing topic: service/list[0m
[0;32mI (4925) KEYPAD: Service list updated: 6 services[0m
ets Jul 29 2019 12:21:46

rst:0x1 (POWERON_RESET),boot:0x13 (SPI_FAST_FLASH_BOOT)
configsip: 0, SPIWP:0xee
clk_drv:0x00,q_drv:0x00,d_drv:0x00,cs0_drv:0x00,hd_drv:0x00,wp_drv:0x00
mode:DIO, clock div:2
load:0x3fff0030,len:6380
ho 0 tail 12 room 4
load:0x40078000,len:15916
load:0x40080400,len:3860
entry 0x40080638
[0;32mI (29) boot: ESP-IDF v5.5-dirty 2nd stage bootloader[0m
[0;32mI (29) boot: compile time Oct 30 2025 15:44:26[0m
[0;32mI (29) boot: Multicore bootloader[0m
[0;32mI (31) boot: chip revision: v3.0[0m
[0;32mI (34) boot.esp32: SPI Speed      : 40MHz[0m
[0;32mI (37) boot.esp32: SPI Mode       : DIO[0m
[0;32mI (41) boot.esp32: SPI Flash Size : 2MB[0m
[0;32mI (45) boot: Enabling RNG early entropy source...[0m
[0;32mI (49) boot: Partition Table:[0m
[0;32mI (52) boot: ## Label            Usage          Type ST Offset   Length[0m
[0;32mI (58) boot:  0 nvs              WiFi data        01 02 00009000 00006000[0m
[0;32mI (65) boot:  1 phy_init         RF data          01 01 0000f000 00001000[0m
[0;32mI (71) boot:  2 factory          factory app      00 00 00010000 00100000[0m
[0;32mI (78) boot: End of partition table[0m
[0;32mI (81) esp_image: segment 0: paddr=00010020 vaddr=3f400020 size=20310h (131856) map[0m
[0;32mI (133) esp_image: segment 1: paddr=00030338 vaddr=3ff80000 size=00020h (    32) load[0m
[0;32mI (134) esp_image: segment 2: paddr=00030360 vaddr=3ffb0000 size=03fb8h ( 16312) load[0m
[0;32mI (143) esp_image: segment 3: paddr=00034320 vaddr=40080000 size=0bcf8h ( 48376) load[0m
[0;32mI (164) esp_image: segment 4: paddr=00040020 vaddr=400d0020 size=a5980h (678272) map[0m
[0;32mI (396) esp_image: segment 5: paddr=000e59a8 vaddr=4008bcf8 size=0d728h ( 55080) load[0m
[0;32mI (430) boot: Loaded app from partition at offset 0x10000[0m
[0;32mI (430) boot: Disabling RNG early entropy source...[0m
[0;32mI (440) cpu_start: Multicore app[0m
[0;32mI (449) cpu_start: Pro cpu start user code[0m
[0;32mI (449) cpu_start: cpu freq: 160000000 Hz[0m
[0;32mI (449) app_init: Application information:[0m
[0;32mI (449) app_init: Project name:     hello_world[0m
[0;32mI (453) app_init: App version:      e7264df-dirty[0m
[0;32mI (457) app_init: Compile time:     Oct 30 2025 15:45:01[0m
[0;32mI (462) app_init: ELF file SHA256:  ad775a671...[0m
[0;32mI (467) app_init: ESP-IDF:          v5.5-dirty[0m
[0;32mI (471) efuse_init: Min chip rev:     v0.0[0m
[0;32mI (475) efuse_init: Max chip rev:     v3.99 [0m
[0;32mI (479) efuse_init: Chip rev:         v3.0[0m
[0;32mI (483) heap_init: Initializing. RAM available for dynamic allocation:[0m
[0;32mI (489) heap_init: At 3FFAE6E0 len 00001920 (6 KiB): DRAM[0m
[0;32mI (494) heap_init: At 3FFB8B90 len 00027470 (157 KiB): DRAM[0m
[0;32mI (499) heap_init: At 3FFE0440 len 00003AE0 (14 KiB): D/IRAM[0m
[0;32mI (505) heap_init: At 3FFE4350 len 0001BCB0 (111 KiB): D/IRAM[0m
[0;32mI (510) heap_init: At 40099420 len 00006BE0 (26 KiB): IRAM[0m
[0;32mI (517) spi_flash: detected chip: generic[0m
[0;32mI (519) spi_flash: flash io: dio[0m
[0;33mW (522) spi_flash: Detected size(4096k) larger than the size in the binary image header(2048k). Using the size in the binary image header.[0m
[0;33mW (534) i2c: This driver is an old driver, please migrate your application code to adapt `driver/i2c_master.h`[0m
[0;32mI (545) main_task: Started on CPU0[0m
[0;32mI (555) main_task: Calling app_main()[0m
[1;31mE (555) i2c: i2c_master_cmd_begin(1552): i2c driver not installed[0m
[0;32mI (555) DEMO: Error in sending command[0m
[0;32mI (565) KEYPAD: LED initialized on GPIO 2[0m
[0;32mI (565) KEYPAD: LED OFF[0m
[0;32mI (565) KEYPAD: I2C initialized successfully[0m
[0;32mI (2155) KEYPAD: Starting keypad MQTT application[0m
[0;32mI (2155) KEYPAD: WiFi STA MAC: A8:42:E3:4C:7C:BC[0m
[0;32mI (2185) wifi:wifi driver task: 3ffc16ac, prio:23, stack:6656, core=0[0m
[0;32mI (2195) wifi:wifi firmware version: f3dbad7[0m
[0;32mI (2195) wifi:wifi certification version: v7.0[0m
[0;32mI (2195) wifi:config NVS flash: enabled[0m
[0;32mI (2195) wifi:config nano formatting: disabled[0m
[0;32mI (2205) wifi:Init data frame dynamic rx buffer num: 32[0m
[0;32mI (2205) wifi:Init static rx mgmt buffer num: 5[0m
[0;32mI (2205) wifi:Init management short buffer num: 32[0m
[0;32mI (2215) wifi:Init dynamic tx buffer num: 32[0m
[0;32mI (2215) wifi:Init static rx buffer size: 1600[0m
[0;32mI (2225) wifi:Init static rx buffer num: 10[0m
[0;32mI (2225) wifi:Init dynamic rx buffer num: 32[0m
[0;32mI (2235) wifi_init: rx ba win: 6[0m
[0;32mI (2235) wifi_init: accept mbox: 6[0m
[0;32mI (2235) wifi_init: tcpip mbox: 32[0m
[0;32mI (2235) wifi_init: udp mbox: 6[0m
[0;32mI (2245) wifi_init: tcp mbox: 6[0m
[0;32mI (2245) wifi_init: tcp tx win: 5760[0m
[0;32mI (2245) wifi_init: tcp rx win: 5760[0m
[0;32mI (2255) wifi_init: tcp mss: 1440[0m
[0;32mI (2255) wifi_init: WiFi IRAM OP enabled[0m
[0;32mI (2255) wifi_init: WiFi RX IRAM OP enabled[0m
[0;32mI (2305) phy_init: phy_version 4860,6b7a6e5,Feb  6 2025,14:47:07[0m
[0;32mI (2395) wifi:mode : sta (a8:42:e3:4c:7c:bc)[0m
[0;32mI (2395) wifi:enable tsf[0m
[0;32mI (2395) KEYPAD: WiFi initialized[0m
[1;31mE (2395) task_wdt: esp_task_wdt_reset(707): task not found[0m
[0;32mI (2395) KEYPAD: WiFi STA started[0m
[1;31mE (2405) task_wdt: esp_task_wdt_reset(707): task not found[0m
[0;32mI (2405) KEYPAD: Have a saved wifi network in NVS: NamTrung[0m
[0;32mI (2455) wifi:flush txq[0m
[0;32mI (2455) wifi:stop sw txq[0m
[0;32mI (2455) wifi:lmac stop hw txq[0m
[0;32mI (2465) wifi:mode : sta (a8:42:e3:4c:7c:bc)[0m
[0;32mI (2465) wifi:enable tsf[0m
[0;32mI (2465) KEYPAD: WiFi STA started[0m
[1;31mE (2465) wifi:sta is connecting, return error[0m
[0;32mI (2475) wifi:new:<6,0>, old:<1,0>, ap:<255,255>, sta:<6,0>, prof:1, snd_ch_cfg:0x0[0m
[0;32mI (2485) wifi:state: init -> auth (0xb0)[0m
[0;32mI (2505) wifi:state: auth -> assoc (0x0)[0m
[0;32mI (2515) wifi:state: assoc -> run (0x10)[0m
[0;32mI (2625) wifi:connected with NamTrung, aid = 23, channel 6, BW20, bssid = 10:5f:02:75:32:0e[0m
[0;32mI (2625) wifi:security: WPA2-PSK, phy: bgn, rssi: -71[0m
[0;32mI (2645) wifi:pm start, type: 1[0m

[0;32mI (2645) wifi:dp: 1, bi: 102400, li: 3, scale listen interval from 307200 us to 307200 us[0m
[0;32mI (2645) KEYPAD: Connected to SSID:NamTrung, channel:6[0m
[0;32mI (2685) wifi:AP's beacon interval = 102400 us, DTIM period = 1[0m
[0;32mI (3695) wifi:<ba-add>idx:0 (ifx:0, 10:5f:02:75:32:0e), tid:7, ssn:7, winSize:64[0m
[0;32mI (4165) esp_netif_handlers: sta ip: 10.10.1.18, mask: 255.255.252.0, gw: 10.10.1.1[0m
[0;32mI (4165) KEYPAD: WiFi connected, got IP[0m
[0;32mI (5175) KEYPAD: MQTT initialized[0m
[0;32mI (5205) KEYPAD: Read status successfully: SO DANG GOI[0m
[0;32mI (5295) wifi:<ba-add>idx:1 (ifx:0, 10:5f:02:75:32:0e), tid:0, ssn:1, winSize:64[0m
[0;32mI (5405) KEYPAD: LED ON[0m
[0;32mI (5405) KEYPAD: MQTT connected[0m
[0;32mI (5955) KEYPAD: MQTT_EVENT_DATA[0m
[0;32mI (5955) KEYPAD: Processing topic: device/list[0m
[0;32mI (5955) KEYPAD: Device list updated: 7 devices[0m
[0;32mI (5965) KEYPAD: MQTT_EVENT_DATA[0m
[0;32mI (5975) KEYPAD: Processing topic: service/list[0m
[0;32mI (5975) KEYPAD: Service list updated: 6 services[0m
Key pressed: D
Key pressed: A
Key pressed: 2
[0;32mI (17265) wifi:bcn_timeout,ap_probe_send_start[0m
Key pressed: 1
Key pressed: D
Key pressed: *
Key pressed: 6
Key pressed: 6
Key pressed: *
Key pressed: 2
Key pressed: 6
Key pressed: *
Key pressed: 8
Key pressed: *
Key pressed: 7
Key pressed: 7
Key pressed: 7
Key pressed: 8
Key pressed: 8
Key pressed: 5
Key pressed: C
Key pressed: 6
Key pressed: 6
Key pressed: 4
Key pressed: D
Key pressed: 6
Key pressed: 6
Key pressed: 8
Key pressed: #
Key pressed: 1
Key pressed: 1
Key pressed: 1
Key pressed: 1
Key pressed: 1
Key pressed: 1
Key pressed: 1
Key pressed: 1
Key pressed: 1
Key pressed: 1
Key pressed: 1
Key pressed: 1
Key pressed: 1
Key pressed: 1
Key pressed: 1
Key pressed: 1
Key pressed: 1
Key pressed: 4
Key pressed: 4
Key pressed: 4
Key pressed: 4
Key pressed: 0
Key pressed: 0
[0;32mI (39975) wifi:bcn_timeout,ap_probe_send_start[0m
Key pressed: 9
Key pressed: 9
Key pressed: 9
[1;31mE (40885) mqtt_client: No PING_RESP, disconnected[0m
[0;32mI (40885) KEYPAD: MQTT disconnected[0m
[0;32mI (40885) KEYPAD: LED OFF[0m
Key pressed: 9
Key pressed: 9
Key pressed: 2
Key pressed: 2
Key pressed: 2
Key pressed: 2
Key pressed: 0
Key pressed: 0
Key pressed: 1
Key pressed: 1
Key pressed: 1
Key pressed: 1
Key pressed: 1
Key pressed: 1
Key pressed: 1
Key pressed: 1
Key pressed: 1
Key pressed: 1
Key pressed: 1
Key pressed: 1
Key pressed: 1
Key pressed: 1
Key pressed: D
[0;32mI (50025) wifi:state: run -> init (0x0)[0m
[0;32mI (50035) wifi:pm stop, total sleep time: 32457840 us / 47388123 us[0m

[0;32mI (50035) wifi:<ba-del>idx:1, tid:0[0m
[0;32mI (50035) wifi:<ba-del>idx:0, tid:7[0m
[0;32mI (50035) wifi:new:<6,0>, old:<6,0>, ap:<255,255>, sta:<6,0>, prof:1, snd_ch_cfg:0x0[0m
[0;32mI (50045) KEYPAD: STA disconnected, reason=8[0m
[0;32mI (50045) mqtt_client: Client asked to disconnect[0m
[0;32mI (50075) wifi:new:<6,0>, old:<6,0>, ap:<255,255>, sta:<6,0>, prof:1, snd_ch_cfg:0x0[0m
[0;32mI (50075) wifi:state: init -> auth (0xb0)[0m
[0;32mI (50115) wifi:state: auth -> assoc (0x0)[0m
[0;32mI (50125) wifi:state: assoc -> run (0x10)[0m
[0;32mI (50155) wifi:connected with NamTrung, aid = 23, channel 6, BW20, bssid = 10:5f:02:75:1e:9a[0m
[0;32mI (50155) wifi:security: WPA2-PSK, phy: bgn, rssi: -68[0m
[0;32mI (50155) wifi:pm start, type: 1[0m

[0;32mI (50195) wifi:AP's beacon interval = 102400 us, DTIM period = 1[0m
[0;33mW (50885) KEYPAD: WiFi connection failed, retry count: 1/5[0m
[0;33mW (50885) wifi:sta is connected, disconnect before connecting to new ap[0m
[0;32mI (50885) KEYPAD: Connected to SSID:NamTrung, channel:6[0m
[0;32mI (51185) wifi:<ba-add>idx:0 (ifx:0, 10:5f:02:75:1e:9a), tid:7, ssn:6, winSize:64[0m
[0;32mI (51935) esp_netif_handlers: sta ip: 10.10.1.18, mask: 255.255.252.0, gw: 10.10.1.1[0m
[0;32mI (51935) KEYPAD: WiFi connected, got IP[0m
[0;32mI (51935) KEYPAD: Wi-Fi credentials saved successfully![0m
[0;32mI (52945) mqtt_client: Client asked to disconnect[0m
[0;33mW (52945) mqtt_client: Client asked to stop, but was not started[0m
[0;32mI (52945) KEYPAD: MQTT initialized[0m
[0;32mI (52995) wifi:<ba-add>idx:1 (ifx:0, 10:5f:02:75:1e:9a), tid:0, ssn:1, winSize:64[0m
[0;32mI (53025) KEYPAD: LED ON[0m
[0;32mI (53025) KEYPAD: MQTT connected[0m
[0;32mI (53205) KEYPAD: MQTT_EVENT_DATA[0m
[0;32mI (53205) KEYPAD: Processing topic: device/list[0m
[0;32mI (53205) KEYPAD: Device list updated: 7 devices[0m
[0;32mI (53215) KEYPAD: MQTT_EVENT_DATA[0m
[0;32mI (53225) KEYPAD: Processing topic: service/list[0m
[0;32mI (53225) KEYPAD: Service list updated: 6 services[0m
[1;31mE (83565) mqtt_client: No PING_RESP, disconnected[0m
[0;32mI (83565) KEYPAD: MQTT disconnected[0m
[0;32mI (83565) KEYPAD: LED OFF[0m
[0;32mI (96465) wifi:bcn_timeout,ap_probe_send_start[0m
[0;32mI (98585) KEYPAD: LED ON[0m
[0;32mI (98585) KEYPAD: MQTT connected[0m
[0;32mI (98895) KEYPAD: MQTT_EVENT_DATA[0m
[0;32mI (98895) KEYPAD: Processing topic: device/list[0m
[0;32mI (98905) KEYPAD: Device list updated: 7 devices[0m
[0;32mI (98905) KEYPAD: MQTT_EVENT_DATA[0m
[0;32mI (98925) KEYPAD: Processing topic: service/list[0m
[0;32mI (98925) KEYPAD: Service list updated: 6 services[0m
[1;31mE (207135) mqtt_client: No PING_RESP, disconnected[0m
[0;32mI (207135) KEYPAD: MQTT disconnected[0m
[0;32mI (207135) KEYPAD: LED OFF[0m
[0;32mI (220255) wifi:bcn_timeout,ap_probe_send_start[0m
[0;32mI (222155) KEYPAD: LED ON[0m
[0;32mI (222155) KEYPAD: MQTT connected[0m
[0;32mI (222405) KEYPAD: MQTT_EVENT_DATA[0m
[0;32mI (222405) KEYPAD: Processing topic: device/list[0m
[0;32mI (222405) KEYPAD: Device list updated: 7 devices[0m
[0;32mI (222415) KEYPAD: MQTT_EVENT_DATA[0m
[0;32mI (222425) KEYPAD: Processing topic: service/list[0m
[0;32mI (222425) KEYPAD: Service list updated: 6 services[0m
Key pressed: D
Key pressed: D
Key pressed: D
Key pressed: D
Key pressed: A
Key pressed: 2
Key pressed: 2
Key pressed: 2
Key pressed: B
Key pressed: A
Key pressed: A
Key pressed: A
Key pressed: A
Key pressed: 2
Key pressed: 2
Key pressed: 2
Key pressed: 2
Key pressed: A
Key pressed: A
Key pressed: A
Key pressed: A
Key pressed: A
Key pressed: A
Key pressed: A
Key pressed: A
Key pressed: A
Key pressed: A
Key pressed: A
Key pressed: A
Key pressed: B
Key pressed: A
Key pressed: A
Key pressed: D
Key pressed: A
Key pressed: A
Key pressed: 2
Key pressed: 2
Key pressed: 2
Key pressed: 2
Key pressed: 2
Key pressed: 1
Key pressed: 1
Key pressed: 1
Key pressed: 1
Key pressed: 2
Key pressed: 2
Key pressed: 2
Key pressed: D
Key pressed: 2
Key pressed: 1
Key pressed: 1
Key pressed: D
Key pressed: 2
Key pressed: 2
Key pressed: 2
Key pressed: 2
Key pressed: 2
Key pressed: 2
Key pressed: 2
Key pressed: 2
Key pressed: 1
Key pressed: 1
Key pressed: 1
Key pressed: 1
Key pressed: 1
Key pressed: D
[0;32mI (406685) KEYPAD: Published id 00:1A:2B:3C:4D:06[0m
