Command: D:\ESP32_IDF\Espressif\python_env\idf5.5_py3.11_env\Scripts\python.exe D:\ESP32_IDF\Espressif\frameworks\esp-idf-v5.5\tools/idf_monitor.py -p COM3 -b 115200 --toolchain-prefix xtensa-esp32-elf- --target esp32 --revision 0 D:\ESP32_IDF\Espressif\frameworks\esp-idf-v5.5\examples\get-started\agribank demo\build\hello_world.elf D:\ESP32_IDF\Espressif\frameworks\esp-idf-v5.5\examples\get-started\agribank demo\build\bootloader\bootloader.elf --force-color -m 'D:\ESP32_IDF\Espressif\python_env\idf5.5_py3.11_env\Scripts\python.exe' 'D:\ESP32_IDF\Espressif\frameworks\esp-idf-v5.5\tools\idf.py' '-p' 'COM3'
Jï¿½(34) boot.esp32: SPI Speeï¿½ets Jul 29 2019 12:21:46

rst:0x1 (POWERON_RESET),boot:0x13 (SPI_FAST_FLASH_BOOT)
configsip: 0, SPIWP:0xee
clk_drv:0x00,q_drv:0x00,d_drv:0x00,cs0_drv:0x00,hd_drv:0x00,wp_drv:0x00
mode:DIO, clock div:2
load:0x3fff0030,len:6380
ho 0 tail 12 room 4
load:0x40078000,len:15916
load:0x40080400,len:3860
entry 0x40080638
[0;32mI (29) boot: ESP-IDF v5.5-dirty 2nd stage bootloader[0m
[0;32mI (29) boot: compile time Oct 19 2025 19:26:38[0m
[0;32mI (29) boot: Multicore bootloader[0m
[0;32mI (31) boot: chip revision: v3.0[0m
[0;32mI (34) boot.esp32: SPI Speed      : 40MHz[0m
[0;32mI (37) boot.esp32: SPI Mode       : DIO[0m
[0;32mI (41) boot.esp32: SPI Flash Size : 2MB[0m
[0;32mI (45) boot: Enabling RNG early entropy source...[0m
[0;32mI (49) boot: Partition Table:[0m
[0;32mI (52) boot: ## Label            Usage          Type ST Offset   Length[0m
[0;32mI (58) boot:  0 nvs              WiFi data        01 02 00009000 00006000[0m
[0;32mI (65) boot:  1 phy_init         RF data          01 01 0000f000 00001000[0m
[0;32mI (71) boot:  2 factory          factory app      00 00 00010000 00100000[0m
[0;32mI (78) boot: End of partition table[0m
[0;32mI (81) esp_image: segment 0: paddr=00010020 vaddr=3f400020 size=1f800h (129024) map[0m
[0;32mI (132) esp_image: segment 1: paddr=0002f828 vaddr=3ff80000 size=00020h (    32) load[0m
[0;32mI (133) esp_image: segment 2: paddr=0002f850 vaddr=3ffb0000 size=007c8h (  1992) load[0m
[0;32mI (137) esp_image: segment 3: paddr=00030020 vaddr=400d0020 size=a4654h (673364) map[0m
[0;32mI (374) esp_image: segment 4: paddr=000d467c vaddr=3ffb07c8 size=037f0h ( 14320) load[0m
[0;32mI (379) esp_image: segment 5: paddr=000d7e74 vaddr=40080000 size=192e4h (103140) load[0m
[0;32mI (432) boot: Loaded app from partition at offset 0x10000[0m
[0;32mI (432) boot: Disabling RNG early entropy source...[0m
[0;32mI (442) cpu_start: Multicore app[0m
[0;32mI (451) cpu_start: Pro cpu start user code[0m
[0;32mI (451) cpu_start: cpu freq: 160000000 Hz[0m
[0;32mI (451) app_init: Application information:[0m
[0;32mI (451) app_init: Project name:     hello_world[0m
[0;32mI (455) app_init: App version:      v5.5-dirty[0m
[0;32mI (459) app_init: Compile time:     Oct 20 2025 20:55:32[0m
[0;32mI (464) app_init: ELF file SHA256:  c16896abe...[0m
[0;32mI (469) app_init: ESP-IDF:          v5.5-dirty[0m
[0;32mI (473) efuse_init: Min chip rev:     v0.0[0m
[0;32mI (477) efuse_init: Max chip rev:     v3.99 [0m
[0;32mI (481) efuse_init: Chip rev:         v3.0[0m
[0;32mI (485) heap_init: Initializing. RAM available for dynamic allocation:[0m
[0;32mI (491) heap_init: At 3FFAE6E0 len 00001920 (6 KiB): DRAM[0m
[0;32mI (496) heap_init: At 3FFB8798 len 00027868 (158 KiB): DRAM[0m
[0;32mI (501) heap_init: At 3FFE0440 len 00003AE0 (14 KiB): D/IRAM[0m
[0;32mI (507) heap_init: At 3FFE4350 len 0001BCB0 (111 KiB): D/IRAM[0m
[0;32mI (512) heap_init: At 400992E4 len 00006D1C (27 KiB): IRAM[0m
[0;32mI (519) spi_flash: detected chip: generic[0m
[0;32mI (521) spi_flash: flash io: dio[0m
[0;33mW (524) spi_flash: Detected size(4096k) larger than the size in the binary image header(2048k). Using the size in the binary image header.[0m
[0;33mW (536) i2c: This driver is an old driver, please migrate your application code to adapt `driver/i2c_master.h`[0m
[0;32mI (547) main_task: Started on CPU0[0m
[0;32mI (557) main_task: Calling app_main()[0m
[0;32mI (557) KEYPAD: I2C initialized successfully[0m
[0;32mI (2147) KEYPAD: Starting keypad MQTT application[0m
[0;32mI (2197) wifi:wifi driver task: 3ffc099c, prio:23, stack:6656, core=0[0m
[0;32mI (2217) wifi:wifi firmware version: f3dbad7[0m
[0;32mI (2217) wifi:wifi certification version: v7.0[0m
[0;32mI (2217) wifi:config NVS flash: enabled[0m
[0;32mI (2217) wifi:config nano formatting: disabled[0m
[0;32mI (2217) wifi:Init data frame dynamic rx buffer num: 32[0m
[0;32mI (2227) wifi:Init static rx mgmt buffer num: 5[0m
[0;32mI (2227) wifi:Init management short buffer num: 32[0m
[0;32mI (2237) wifi:Init dynamic tx buffer num: 32[0m
[0;32mI (2237) wifi:Init static rx buffer size: 1600[0m
[0;32mI (2237) wifi:Init static rx buffer num: 10[0m
[0;32mI (2247) wifi:Init dynamic rx buffer num: 32[0m
[0;32mI (2247) wifi_init: rx ba win: 6[0m
[0;32mI (2247) wifi_init: accept mbox: 6[0m
[0;32mI (2257) wifi_init: tcpip mbox: 32[0m
[0;32mI (2257) wifi_init: udp mbox: 6[0m
[0;32mI (2257) wifi_init: tcp mbox: 6[0m
[0;32mI (2267) wifi_init: tcp tx win: 5760[0m
[0;32mI (2267) wifi_init: tcp rx win: 5760[0m
[0;32mI (2267) wifi_init: tcp mss: 1440[0m
[0;32mI (2277) wifi_init: WiFi IRAM OP enabled[0m
[0;32mI (2277) wifi_init: WiFi RX IRAM OP enabled[0m
[0;32mI (2337) phy_init: phy_version 4860,6b7a6e5,Feb  6 2025,14:47:07[0m
[0;32mI (2417) wifi:mode : sta (a8:42:e3:4c:7c:bc)[0m
[0;32mI (2417) wifi:enable tsf[0m
[0;32mI (2427) KEYPAD: WiFi initialized[0m
[0;32mI (2427) KEYPAD: WiFi STA started[0m
[0;32mI (2427) KEYPAD: Have a saved wifi network in NVS: Anh Kiet[0m
[0;33mW (3237) wifi:Password length matches WPA2 standards, authmode threshold changes from OPEN to WPA2[0m
[0;32mI (3317) wifi:flush txq[0m
[0;32mI (3317) wifi:stop sw txq[0m
[0;32mI (3317) wifi:lmac stop hw txq[0m
[0;32mI (3317) wifi:mode : sta (a8:42:e3:4c:7c:bc)[0m
[0;32mI (3317) wifi:enable tsf[0m
[0;32mI (3317) KEYPAD: WiFi STA started[0m
[1;31mE (3327) wifi:sta is connecting, return error[0m
[0;32mI (3607) wifi:new:<2,0>, old:<1,0>, ap:<255,255>, sta:<2,0>, prof:9, snd_ch_cfg:0x0[0m
[0;32mI (3607) wifi:state: init -> auth (0xb0)[0m
[0;32mI (3627) wifi:state: auth -> assoc (0x0)[0m
[0;32mI (3707) wifi:state: assoc -> run (0x10)[0m
[0;32mI (3817) wifi:connected with Anh Kiet, aid = 5, channel 2, BW20, bssid = cc:71:90:19:d2:f8[0m
[0;32mI (3817) wifi:security: WPA2-PSK, phy: bgn, rssi: -64[0m
[0;32mI (3837) wifi:pm start, type: 1[0m

[0;32mI (3837) wifi:dp: 1, bi: 102400, li: 3, scale listen interval from 307200 us to 307200 us[0m
[0;32mI (3837) KEYPAD: Connected to SSID:Anh Kiet, channel:2[0m
[0;32mI (3857) wifi:AP's beacon interval = 102400 us, DTIM period = 1[0m
[0;32mI (5067) esp_netif_handlers: sta ip: 192.168.1.4, mask: 255.255.255.0, gw: 192.168.1.1[0m
[0;32mI (5067) KEYPAD: WiFi connected, got IP[0m
[0;32mI (5407) KEYPAD: MQTT initialized[0m
[0;32mI (5407) wifi:<ba-add>idx:0 (ifx:0, cc:71:90:19:d2:f8), tid:0, ssn:5, winSize:64[0m
Key pressed: 6
[1;31mE (15417) esp-tls: [sock=54] select() timeout[0m
[1;31mE (15417) transport_base: Failed to open a new connection: 32774[0m
[1;31mE (15417) mqtt_client: Error transport connect[0m
[0;32mI (15417) KEYPAD: MQTT_EVENT_ERROR[0m
[0;32mI (15417) KEYPAD: Last error code reported from esp-tls: 0x8006[0m
[0;32mI (15427) KEYPAD: Last tls stack error number: 0x0[0m
[0;32mI (15427) KEYPAD: Last captured errno : 0 (Success)[0m
[0;32mI (15437) KEYPAD: MQTT disconnected[0m
Key pressed: 6
Key pressed: D
[0;33mW (18037) KEYPAD: MQTT not connected[0m
Key pressed: A
Key pressed: A
Key pressed: 6
Key pressed: 5
Key pressed: 6
Key pressed: B
GOI SO TIEP THEO
Key pressed: *
BO SO HIEN TAI
Key pressed: #
GOI LAI
Key pressed: B
GOI SO TIEP THEO
Key pressed: D
Key pressed: D
Key pressed: A
Key pressed: A
Key pressed: A
Key pressed: 6
Key pressed: D
Key pressed: 9
Key pressed: D
[0;32mI (38417) wifi:state: run -> init (0x0)[0m
[0;32mI (38427) wifi:pm stop, total sleep time: 31295054 us / 34588036 us[0m

[0;32mI (38427) wifi:<ba-del>idx:0, tid:0[0m
[0;32mI (38427) wifi:new:<2,0>, old:<2,0>, ap:<255,255>, sta:<2,0>, prof:9, snd_ch_cfg:0x0[0m
[0;32mI (38447) KEYPAD: STA disconnected, reason=8[0m
[0;32mI (38447) mqtt_client: Client asked to disconnect[0m
[1;31mE (38447) esp-tls: [sock=54] delayed connect error: Software caused connection abort[0m
[1;31mE (38447) transport_base: Failed to open a new connection: 32772[0m
[1;31mE (38457) mqtt_client: Error transport connect[0m
[0;32mI (38457) KEYPAD: MQTT_EVENT_ERROR[0m
[0;32mI (38467) KEYPAD: Last error code reported from esp-tls: 0x8004[0m
[0;32mI (38467) KEYPAD: Last tls stack error number: 0x0[0m
[0;32mI (38477) KEYPAD: Last captured errno : 113 (Software caused connection abort)[0m
[0;32mI (38477) KEYPAD: MQTT disconnected[0m
[0;33mW (43487) KEYPAD: WiFi connection failed, retry count: 1/2[0m
[0;32mI (43487) KEYPAD: STA disconnected, reason=201[0m
[0;32mI (43487) mqtt_client: Client asked to disconnect[0m
[0;33mW (43487) mqtt_client: Client asked to stop, but was not started[0m
[0;33mW (43487) KEYPAD: WiFi connection failed, retry count: 2/2[0m
[1;31mE (43497) KEYPAD: WiFi connection failed after 2 retries[0m
[0;32mI (45897) KEYPAD: STA disconnected, reason=201[0m
[0;32mI (45897) mqtt_client: Client asked to disconnect[0m
[0;33mW (45897) mqtt_client: Client asked to stop, but was not started[0m
[1;31mE (45907) KEYPAD: Saved WiFi connection failed after 2 retries[0m
ets Jul 29 2019 12:21:46

rst:0x1 (POWERON_RESET),boot:0x13 (SPI_FAST_FLASH_BOOT)
configsip: 0, SPIWP:0xee
clk_drv:0x00,q_drv:0x00,d_drv:0x00,cs0_drv:0x00,hd_drv:0x00,wp_drv:0x00
mode:DIO, clock div:2
load:0x3fff0030,len:6380
ho 0 tail 12 room 4
load:0x40078000,len:15916
load:0x40080400,len:3860
entry 0x40080638
[0;32mI (29) boot: ESP-IDF v5.5-dirty 2nd stage bootloader[0m
[0;32mI (29) boot: compile time Oct 19 2025 19:26:38[0m
[0;32mI (29) boot: Multicore bootloader[0m
[0;32mI (31) boot: chip revision: v3.0[0m
[0;32mI (34) boot.esp32: SPI Speed      : 40MHz[0m
[0;32mI (37) boot.esp32: SPI Mode       : DIO[0m
[0;32mI (41) boot.esp32: SPI Flash Size : 2MB[0m
[0;32mI (45) boot: Enabling RNG early entropy source...[0m
[0;32mI (49) boot: Partition Table:[0m
[0;32mI (52) boot: ## Label            Usage          Type ST Offset   Length[0m
[0;32mI (58) boot:  0 nvs              WiFi data        01 02 00009000 00006000[0m
[0;32mI (65) boot:  1 phy_init         RF data          01 01 0000f000 00001000[0m
[0;32mI (71) boot:  2 factory          factory app      00 00 00010000 00100000[0m
[0;32mI (78) boot: End of partition table[0m
[0;32mI (81) esp_image: segment 0: paddr=00010020 vaddr=3f400020 size=1f800h (129024) map[0m
[0;32mI (132) esp_image: segment 1: paddr=0002f828 vaddr=3ff80000 size=00020h (    32) load[0m
[0;32mI (133) esp_image: segment 2: paddr=0002f850 vaddr=3ffb0000 size=007c8h (  1992) load[0m
[0;32mI (137) esp_image: segment 3: paddr=00030020 vaddr=400d0020 size=a4654h (673364) map[0m
[0;32mI (374) esp_image: segment 4: paddr=000d467c vaddr=3ffb07c8 size=037f0h ( 14320) load[0m
[0;32mI (379) esp_image: segment 5: paddr=000d7e74 vaddr=40080000 size=192e4h (103140) load[0m
[0;32mI (432) boot: Loaded app from partition at offset 0x10000[0m
[0;32mI (432) boot: Disabling RNG early entropy source...[0m
[0;32mI (442) cpu_start: Multicore app[0m
[0;32mI (451) cpu_start: Pro cpu start user code[0m
[0;32mI (451) cpu_start: cpu freq: 160000000 Hz[0m
[0;32mI (451) app_init: Application information:[0m
[0;32mI (451) app_init: Project name:     hello_world[0m
[0;32mI (455) app_init: App version:      v5.5-dirty[0m
[0;32mI (459) app_init: Compile time:     Oct 20 2025 20:55:32[0m
[0;32mI (464) app_init: ELF file SHA256:  c16896abe...[0m
[0;32mI (469) app_init: ESP-IDF:          v5.5-dirty[0m
[0;32mI (473) efuse_init: Min chip rev:     v0.0[0m
[0;32mI (477) efuse_init: Max chip rev:     v3.99 [0m
[0;32mI (481) efuse_init: Chip rev:         v3.0[0m
[0;32mI (485) heap_init: Initializing. RAM available for dynamic allocation:[0m
[0;32mI (491) heap_init: At 3FFAE6E0 len 00001920 (6 KiB): DRAM[0m
[0;32mI (496) heap_init: At 3FFB8798 len 00027868 (158 KiB): DRAM[0m
[0;32mI (501) heap_init: At 3FFE0440 len 00003AE0 (14 KiB): D/IRAM[0m
[0;32mI (507) heap_init: At 3FFE4350 len 0001BCB0 (111 KiB): D/IRAM[0m
[0;32mI (512) heap_init: At 400992E4 len 00006D1C (27 KiB): IRAM[0m
[0;32mI (519) spi_flash: detected chip: generic[0m
[0;32mI (521) spi_flash: flash io: dio[0m
[0;33mW (524) spi_flash: Detected size(4096k) larger than the size in the binary image header(2048k). Using the size in the binary image header.[0m
[0;33mW (536) i2c: This driver is an old driver, please migrate your application code to adapt `driver/i2c_master.h`[0m
[0;32mI (547) main_task: Started on CPU0[0m
[0;32mI (557) main_task: Calling app_main()[0m
[0;32mI (557) KEYPAD: I2C initialized successfully[0m
[0;32mI (2147) KEYPAD: Starting keypad MQTT application[0m
[0;32mI (2197) wifi:wifi driver task: 3ffc099c, prio:23, stack:6656, core=0[0m
[0;32mI (2217) wifi:wifi firmware version: f3dbad7[0m
[0;32mI (2217) wifi:wifi certification version: v7.0[0m
[0;32mI (2217) wifi:config NVS flash: enabled[0m
[0;32mI (2217) wifi:config nano formatting: disabled[0m
[0;32mI (2217) wifi:Init data frame dynamic rx buffer num: 32[0m
[0;32mI (2227) wifi:Init static rx mgmt buffer num: 5[0m
[0;32mI (2227) wifi:Init management short buffer num: 32[0m
[0;32mI (2237) wifi:Init dynamic tx buffer num: 32[0m
[0;32mI (2237) wifi:Init static rx buffer size: 1600[0m
[0;32mI (2237) wifi:Init static rx buffer num: 10[0m
[0;32mI (2247) wifi:Init dynamic rx buffer num: 32[0m
[0;32mI (2247) wifi_init: rx ba win: 6[0m
[0;32mI (2247) wifi_init: accept mbox: 6[0m
[0;32mI (2257) wifi_init: tcpip mbox: 32[0m
[0;32mI (2257) wifi_init: udp mbox: 6[0m
[0;32mI (2257) wifi_init: tcp mbox: 6[0m
[0;32mI (2267) wifi_init: tcp tx win: 5760[0m
[0;32mI (2267) wifi_init: tcp rx win: 5760[0m
[0;32mI (2267) wifi_init: tcp mss: 1440[0m
[0;32mI (2277) wifi_init: WiFi IRAM OP enabled[0m
[0;32mI (2277) wifi_init: WiFi RX IRAM OP enabled[0m
[0;32mI (2357) phy_init: phy_version 4860,6b7a6e5,Feb  6 2025,14:47:07[0m
[0;32mI (2437) wifi:mode : sta (a8:42:e3:4c:7c:bc)[0m
[0;32mI (2437) wifi:enable tsf[0m
[0;32mI (2437) KEYPAD: WiFi initialized[0m
[0;32mI (2437) KEYPAD: WiFi STA started[0m
[0;32mI (2447) KEYPAD: Have a saved wifi network in NVS: Anh Kiet[0m
[0;33mW (3257) wifi:Password length matches WPA2 standards, authmode threshold changes from OPEN to WPA2[0m
[0;32mI (3327) wifi:flush txq[0m
[0;32mI (3327) wifi:stop sw txq[0m
[0;32mI (3327) wifi:lmac stop hw txq[0m
[0;32mI (3327) wifi:mode : sta (a8:42:e3:4c:7c:bc)[0m
[0;32mI (3327) wifi:enable tsf[0m
[0;32mI (3337) KEYPAD: WiFi STA started[0m
[1;31mE (3337) wifi:sta is connecting, return error[0m
[0;32mI (3677) wifi:new:<2,0>, old:<1,0>, ap:<255,255>, sta:<2,0>, prof:9, snd_ch_cfg:0x0[0m
[0;32mI (3677) wifi:state: init -> auth (0xb0)[0m
[0;32mI (3687) wifi:state: auth -> assoc (0x0)[0m
[0;32mI (3707) wifi:state: assoc -> run (0x10)[0m
[0;32mI (3807) wifi:connected with Anh Kiet, aid = 2, channel 2, BW20, bssid = cc:71:90:19:d2:f8[0m
[0;32mI (3807) wifi:security: WPA2-PSK, phy: bgn, rssi: -64[0m
[0;32mI (3817) wifi:pm start, type: 1[0m

[0;32mI (3817) wifi:dp: 1, bi: 102400, li: 3, scale listen interval from 307200 us to 307200 us[0m
[0;32mI (3817) wifi:AP's beacon interval = 102400 us, DTIM period = 1[0m
[0;32mI (3827) KEYPAD: Connected to SSID:Anh Kiet, channel:2[0m
[0;32mI (5027) esp_netif_handlers: sta ip: 192.168.1.4, mask: 255.255.255.0, gw: 192.168.1.1[0m
[0;32mI (5027) KEYPAD: WiFi connected, got IP[0m
[0;32mI (5267) KEYPAD: MQTT initialized[0m
[0;32mI (5277) wifi:<ba-add>idx:0 (ifx:0, cc:71:90:19:d2:f8), tid:0, ssn:5, winSize:64[0m
[1;31mE (15277) esp-tls: [sock=54] select() timeout[0m
[1;31mE (15277) transport_base: Failed to open a new connection: 32774[0m
[1;31mE (15277) mqtt_client: Error transport connect[0m
[0;32mI (15277) KEYPAD: MQTT_EVENT_ERROR[0m
[0;32mI (15277) KEYPAD: Last error code reported from esp-tls: 0x8006[0m
[0;32mI (15287) KEYPAD: Last tls stack error number: 0x0[0m
[0;32mI (15287) KEYPAD: Last captured errno : 0 (Success)[0m
[0;32mI (15297) KEYPAD: MQTT disconnected[0m
[1;31mE (40307) esp-tls: [sock=54] select() timeout[0m
[1;31mE (40307) transport_base: Failed to open a new connection: 32774[0m
[1;31mE (40307) mqtt_client: Error transport connect[0m
[0;32mI (40307) KEYPAD: MQTT_EVENT_ERROR[0m
[0;32mI (40307) KEYPAD: Last error code reported from esp-tls: 0x8006[0m
[0;32mI (40317) KEYPAD: Last tls stack error number: 0x0[0m
[0;32mI (40317) KEYPAD: Last captured errno : 0 (Success)[0m
[0;32mI (40327) KEYPAD: MQTT disconnected[0m
[1;31mE (65337) esp-tls: [sock=54] select() timeout[0m
[1;31mE (65337) transport_base: Failed to open a new connection: 32774[0m
[1;31mE (65337) mqtt_client: Error transport connect[0m
[0;32mI (65337) KEYPAD: MQTT_EVENT_ERROR[0m
[0;32mI (65337) KEYPAD: Last error code reported from esp-tls: 0x8006[0m
[0;32mI (65347) KEYPAD: Last tls stack error number: 0x0[0m
[0;32mI (65347) KEYPAD: Last captured errno : 0 (Success)[0m
[0;32mI (65357) KEYPAD: MQTT disconnected[0m
[1;31mE (90367) esp-tls: [sock=54] select() timeout[0m
[1;31mE (90367) transport_base: Failed to open a new connection: 32774[0m
[1;31mE (90367) mqtt_client: Error transport connect[0m
[0;32mI (90367) KEYPAD: MQTT_EVENT_ERROR[0m
[0;32mI (90367) KEYPAD: Last error code reported from esp-tls: 0x8006[0m
[0;32mI (90377) KEYPAD: Last tls stack error number: 0x0[0m
[0;32mI (90377) KEYPAD: Last captured errno : 0 (Success)[0m
[0;32mI (90387) KEYPAD: MQTT disconnected[0m
[1;31mE (115397) esp-tls: [sock=54] select() timeout[0m
[1;31mE (115397) transport_base: Failed to open a new connection: 32774[0m
[1;31mE (115397) mqtt_client: Error transport connect[0m
[0;32mI (115397) KEYPAD: MQTT_EVENT_ERROR[0m
[0;32mI (115397) KEYPAD: Last error code reported from esp-tls: 0x8006[0m
[0;32mI (115407) KEYPAD: Last tls stack error number: 0x0[0m
[0;32mI (115407) KEYPAD: Last captured errno : 0 (Success)[0m
[0;32mI (115417) KEYPAD: MQTT disconnected[0m
[1;31mE (140427) esp-tls: [sock=54] select() timeout[0m
[1;31mE (140427) transport_base: Failed to open a new connection: 32774[0m
[1;31mE (140427) mqtt_client: Error transport connect[0m
[0;32mI (140427) KEYPAD: MQTT_EVENT_ERROR[0m
[0;32mI (140427) KEYPAD: Last error code reported from esp-tls: 0x8006[0m
[0;32mI (140437) KEYPAD: Last tls stack error number: 0x0[0m
[0;32mI (140437) KEYPAD: Last captured errno : 0 (Success)[0m
[0;32mI (140447) KEYPAD: MQTT disconnected[0m
[1;31mE (165457) esp-tls: [sock=54] select() timeout[0m
[1;31mE (165457) transport_base: Failed to open a new connection: 32774[0m
[1;31mE (165457) mqtt_client: Error transport connect[0m
[0;32mI (165457) KEYPAD: MQTT_EVENT_ERROR[0m
[0;32mI (165457) KEYPAD: Last error code reported from esp-tls: 0x8006[0m
[0;32mI (165467) KEYPAD: Last tls stack error number: 0x0[0m
[0;32mI (165467) KEYPAD: Last captured errno : 0 (Success)[0m
[0;32mI (165477) KEYPAD: MQTT disconnected[0m
[1;31mE (190487) esp-tls: [sock=54] select() timeout[0m
[1;31mE (190487) transport_base: Failed to open a new connection: 32774[0m
[1;31mE (190487) mqtt_client: Error transport connect[0m
[0;32mI (190487) KEYPAD: MQTT_EVENT_ERROR[0m
[0;32mI (190487) KEYPAD: Last error code reported from esp-tls: 0x8006[0m
[0;32mI (190497) KEYPAD: Last tls stack error number: 0x0[0m
[0;32mI (190497) KEYPAD: Last captured errno : 0 (Success)[0m
[0;32mI (190507) KEYPAD: MQTT disconnected[0m
[1;31mE (215517) esp-tls: [sock=54] select() timeout[0m
[1;31mE (215517) transport_base: Failed to open a new connection: 32774[0m
[1;31mE (215517) mqtt_client: Error transport connect[0m
[0;32mI (215517) KEYPAD: MQTT_EVENT_ERROR[0m
[0;32mI (215517) KEYPAD: Last error code reported from esp-tls: 0x8006[0m
[0;32mI (215527) KEYPAD: Last tls stack error number: 0x0[0m
[0;32mI (215527) KEYPAD: Last captured errno : 0 (Success)[0m
[0;32mI (215537) KEYPAD: MQTT disconnected[0m
