Command: D:\ESP32_IDF\Espressif\python_env\idf5.5_py3.11_env\Scripts\python.exe D:\ESP32_IDF\Espressif\frameworks\esp-idf-v5.5\tools/idf_monitor.py -p COM3 -b 115200 --toolchain-prefix xtensa-esp32-elf- --target esp32 --revision 0 D:\ESP32_IDF\Espressif\frameworks\esp-idf-v5.5\examples\get-started\agribank demo\build\hello_world.elf D:\ESP32_IDF\Espressif\frameworks\esp-idf-v5.5\examples\get-started\agribank demo\build\bootloader\bootloader.elf --force-color -m 'D:\ESP32_IDF\Espressif\python_env\idf5.5_py3.11_env\Scripts\python.exe' 'D:\ESP32_IDF\Espressif\frameworks\esp-idf-v5.5\tools\idf.py' '-p' 'COM3'
Bï¿½ï¿½Jï¿½ï¿½Ñ¹esp32: SPI Speed      : 40Mï¿½ets Jul 29 2019 12:21:46

rst:0x1 (POWERON_RESET),boot:0x13 (SPI_FAST_FLASH_BOOT)
configsip: 0, SPIWP:0xee
clk_drv:0x00,q_drv:0x00,d_drv:0x00,cs0_drv:0x00,hd_drv:0x00,wp_drv:0x00
mode:DIO, clock div:2
load:0x3fff0030,len:6380
ho 0 tail 12 room 4
load:0x40078000,len:15916
load:0x40080400,len:3860
entry 0x40080638
[0;32mI (29) boot: ESP-IDF v5.5-dirty 2nd stage bootloader[0m
[0;32mI (29) boot: compile time Oct 19 2025 19:26:38[0m
[0;32mI (29) boot: Multicore bootloader[0m
[0;32mI (31) boot: chip revision: v3.0[0m
[0;32mI (34) boot.esp32: SPI Speed      : 40MHz[0m
[0;32mI (37) boot.esp32: SPI Mode       : DIO[0m
[0;32mI (41) boot.esp32: SPI Flash Size : 2MB[0m
[0;32mI (45) boot: Enabling RNG early entropy source...[0m
[0;32mI (49) boot: Partition Table:[0m
[0;32mI (52) boot: ## Label            Usage          Type ST Offset   Length[0m
[0;32mI (58) boot:  0 nvs              WiFi data        01 02 00009000 00006000[0m
[0;32mI (65) boot:  1 phy_init         RF data          01 01 0000f000 00001000[0m
[0;32mI (71) boot:  2 factory          factory app      00 00 00010000 00100000[0m
[0;32mI (78) boot: End of partition table[0m
[0;32mI (81) esp_image: segment 0: paddr=00010020 vaddr=3f400020 size=1e458h (123992) map[0m
[0;32mI (131) esp_image: segment 1: paddr=0002e480 vaddr=3ff80000 size=00020h (    32) load[0m
[0;32mI (131) esp_image: segment 2: paddr=0002e4a8 vaddr=3ffb0000 size=01b70h (  7024) load[0m
[0;32mI (137) esp_image: segment 3: paddr=00030020 vaddr=400d0020 size=9fbc8h (654280) map[0m
[0;32mI (366) esp_image: segment 4: paddr=000cfbf0 vaddr=3ffb1b70 size=023f8h (  9208) load[0m
[0;32mI (369) esp_image: segment 5: paddr=000d1ff0 vaddr=40080000 size=17fa4h ( 98212) load[0m
[0;32mI (419) boot: Loaded app from partition at offset 0x10000[0m
[0;32mI (419) boot: Disabling RNG early entropy source...[0m
[0;32mI (430) cpu_start: Multicore app[0m
[0;32mI (438) cpu_start: Pro cpu start user code[0m
[0;32mI (438) cpu_start: cpu freq: 160000000 Hz[0m
[0;32mI (438) app_init: Application information:[0m
[0;32mI (438) app_init: Project name:     hello_world[0m
[0;32mI (443) app_init: App version:      v5.5-dirty[0m
[0;32mI (447) app_init: Compile time:     Oct 19 2025 19:25:48[0m
[0;32mI (452) app_init: ELF file SHA256:  6533d0729...[0m
[0;32mI (456) app_init: ESP-IDF:          v5.5-dirty[0m
[0;32mI (460) efuse_init: Min chip rev:     v0.0[0m
[0;32mI (464) efuse_init: Max chip rev:     v3.99 [0m
[0;32mI (468) efuse_init: Chip rev:         v3.0[0m
[0;32mI (472) heap_init: Initializing. RAM available for dynamic allocation:[0m
[0;32mI (478) heap_init: At 3FFAE6E0 len 00001920 (6 KiB): DRAM[0m
[0;32mI (483) heap_init: At 3FFB86C0 len 00027940 (158 KiB): DRAM[0m
[0;32mI (489) heap_init: At 3FFE0440 len 00003AE0 (14 KiB): D/IRAM[0m
[0;32mI (494) heap_init: At 3FFE4350 len 0001BCB0 (111 KiB): D/IRAM[0m
[0;32mI (500) heap_init: At 40097FA4 len 0000805C (32 KiB): IRAM[0m
[0;32mI (506) spi_flash: detected chip: generic[0m
[0;32mI (509) spi_flash: flash io: dio[0m
[0;33mW (511) spi_flash: Detected size(4096k) larger than the size in the binary image header(2048k). Using the size in the binary image header.[0m
[0;32mI (525) main_task: Started on CPU0[0m
[0;32mI (535) main_task: Calling app_main()[0m
[0;32mI (535) KEYPAD: Starting keypad MQTT application[0m
[0;32mI (585) wifi:wifi driver task: 3ffc0768, prio:23, stack:6656, core=0[0m
[0;32mI (605) wifi:wifi firmware version: f3dbad7[0m
[0;32mI (605) wifi:wifi certification version: v7.0[0m
[0;32mI (605) wifi:config NVS flash: enabled[0m
[0;32mI (605) wifi:config nano formatting: disabled[0m
[0;32mI (605) wifi:Init data frame dynamic rx buffer num: 32[0m
[0;32mI (615) wifi:Init static rx mgmt buffer num: 5[0m
[0;32mI (615) wifi:Init management short buffer num: 32[0m
[0;32mI (615) wifi:Init dynamic tx buffer num: 32[0m
[0;32mI (625) wifi:Init static rx buffer size: 1600[0m
[0;32mI (625) wifi:Init static rx buffer num: 10[0m
[0;32mI (635) wifi:Init dynamic rx buffer num: 32[0m
[0;32mI (635) wifi_init: rx ba win: 6[0m
[0;32mI (635) wifi_init: accept mbox: 6[0m
[0;32mI (645) wifi_init: tcpip mbox: 32[0m
[0;32mI (645) wifi_init: udp mbox: 6[0m
[0;32mI (645) wifi_init: tcp mbox: 6[0m
[0;32mI (655) wifi_init: tcp tx win: 5760[0m
[0;32mI (655) wifi_init: tcp rx win: 5760[0m
[0;32mI (655) wifi_init: tcp mss: 1440[0m
[0;32mI (655) wifi_init: WiFi IRAM OP enabled[0m
[0;32mI (665) wifi_init: WiFi RX IRAM OP enabled[0m
[0;33mW (665) wifi:Password length matches WPA2 standards, authmode threshold changes from OPEN to WPA2[0m
[0;32mI (675) phy_init: phy_version 4860,6b7a6e5,Feb  6 2025,14:47:07[0m
[0;32mI (765) wifi:mode : sta (a8:42:e3:4c:7c:bc)[0m
[0;32mI (765) wifi:enable tsf[0m
[0;32mI (765) KEYPAD: WiFi initialized[0m
[0;32mI (795) wifi:new:<6,0>, old:<1,0>, ap:<255,255>, sta:<6,0>, prof:9, snd_ch_cfg:0x0[0m
[0;32mI (795) wifi:state: init -> auth (0xb0)[0m
[0;32mI (835) wifi:state: auth -> assoc (0x0)[0m
[0;32mI (845) wifi:state: assoc -> run (0x10)[0m
[0;32mI (915) wifi:connected with NamTrung, aid = 29, channel 6, BW20, bssid = 10:5f:02:75:1e:9a[0m
[0;32mI (915) wifi:security: WPA2-PSK, phy: bgn, rssi: -74[0m
[0;32mI (915) wifi:pm start, type: 1[0m

[0;32mI (915) wifi:dp: 1, bi: 102400, li: 3, scale listen interval from 307200 us to 307200 us[0m
[0;32mI (935) KEYPAD: Connected to SSID:NamTrung, channel:6[0m
[0;32mI (935) KEYPAD: SAVED WIFI CREDENTIALS SUCCESSFULLY[0m
[0;32mI (965) wifi:AP's beacon interval = 102400 us, DTIM period = 1[0m
[0;32mI (1765) MQTT_MANAGER: No existing client, creating new one...[0m
[0;32mI (1765) KEYPAD: MQTT initialized[0m
[0;32mI (1765) main_task: Returned from app_main()[0m
[1;31mE (1765) esp-tls: [sock=54] connect() error: Host is unreachable[0m
[1;31mE (1765) transport_base: Failed to open a new connection: 32772[0m
[1;31mE (1775) mqtt_client: Error transport connect[0m
[0;32mI (1775) KEYPAD: MQTT disconnected[0m
[0;32mI (1955) esp_netif_handlers: sta ip: 10.10.1.30, mask: 255.255.252.0, gw: 10.10.1.1[0m
[0;32mI (1955) KEYPAD: WiFi connected, got IP[0m
[0;32mI (1965) MQTT_MANAGER: Starting MQTT safely...[0m
[1;31mE (1965) mqtt_client: Client has started[0m
[0;32mI (1965) MQTT_MANAGER: MQTT started.[0m
ets Jul 29 2019 12:21:46

rst:0x1 (POWERON_RESET),boot:0x13 (SPI_FAST_FLASH_BOOT)
configsip: 0, SPIWP:0xee
clk_drv:0x00,q_drv:0x00,d_drv:0x00,cs0_drv:0x00,hd_drv:0x00,wp_drv:0x00
mode:DIO, clock div:2
load:0x3fff0030,len:6380
ho 0 tail 12 room 4
load:0x40078000,len:15916
load:0x40080400,len:3860
entry 0x40080638
[0;32mI (29) boot: ESP-IDF v5.5-dirty 2nd stage bootloader[0m
[0;32mI (29) boot: compile time Oct 19 2025 19:26:38[0m
[0;32mI (29) boot: Multicore bootloader[0m
[0;32mI (31) boot: chip revision: v3.0[0m
[0;32mI (34) boot.esp32: SPI Speed      : 40MHz[0m
[0;32mI (37) boot.esp32: SPI Mode       : DIO[0m
[0;32mI (41) boot.esp32: SPI Flash Size : 2MB[0m
[0;32mI (45) boot: Enabling RNG early entropy source...[0m
[0;32mI (49) boot: Partition Table:[0m
[0;32mI (52) boot: ## Label            Usage          Type ST Offset   Length[0m
[0;32mI (58) boot:  0 nvs              WiFi data        01 02 00009000 00006000[0m
[0;32mI (65) boot:  1 phy_init         RF data          01 01 0000f000 00001000[0m
[0;32mI (71) boot:  2 factory          factory app      00 00 00010000 00100000[0m
[0;32mI (78) boot: End of partition table[0m
[0;32mI (81) esp_image: segment 0: paddr=00010020 vaddr=3f400020 size=1e458h (123992) map[0m
[0;32mI (131) esp_image: segment 1: paddr=0002e480 vaddr=3ff80000 size=00020h (    32) load[0m
[0;32mI (131) esp_image: segment 2: paddr=0002e4a8 vaddr=3ffb0000 size=01b70h (  7024) load[0m
[0;32mI (137) esp_image: segment 3: paddr=00030020 vaddr=400d0020 size=9fbc8h (654280) map[0m
[0;32mI (366) esp_image: segment 4: paddr=000cfbf0 vaddr=3ffb1b70 size=023f8h (  9208) load[0m
[0;32mI (369) esp_image: segment 5: paddr=000d1ff0 vaddr=40080000 size=17fa4h ( 98212) load[0m
[0;32mI (419) boot: Loaded app from partition at offset 0x10000[0m
[0;32mI (419) boot: Disabling RNG early entropy source...[0m
[0;32mI (430) cpu_start: Multicore app[0m
[0;32mI (438) cpu_start: Pro cpu start user code[0m
[0;32mI (438) cpu_start: cpu freq: 160000000 Hz[0m
[0;32mI (438) app_init: Application information:[0m
[0;32mI (438) app_init: Project name:     hello_world[0m
[0;32mI (443) app_init: App version:      v5.5-dirty[0m
[0;32mI (447) app_init: Compile time:     Oct 19 2025 19:25:48[0m
[0;32mI (452) app_init: ELF file SHA256:  6533d0729...[0m
[0;32mI (456) app_init: ESP-IDF:          v5.5-dirty[0m
[0;32mI (460) efuse_init: Min chip rev:     v0.0[0m
[0;32mI (464) efuse_init: Max chip rev:     v3.99 [0m
[0;32mI (468) efuse_init: Chip rev:         v3.0[0m
[0;32mI (472) heap_init: Initializing. RAM available for dynamic allocation:[0m
[0;32mI (478) heap_init: At 3FFAE6E0 len 00001920 (6 KiB): DRAM[0m
[0;32mI (483) heap_init: At 3FFB86C0 len 00027940 (158 KiB): DRAM[0m
[0;32mI (489) heap_init: At 3FFE0440 len 00003AE0 (14 KiB): D/IRAM[0m
[0;32mI (494) heap_init: At 3FFE4350 len 0001BCB0 (111 KiB): D/IRAM[0m
[0;32mI (500) heap_init: At 40097FA4 len 0000805C (32 KiB): IRAM[0m
[0;32mI (506) spi_flash: detected chip: generic[0m
[0;32mI (508) spi_flash: flash io: dio[0m
[0;33mW (511) spi_flash: Detected size(4096k) larger than the size in the binary image header(2048k). Using the size in the binary image header.[0m
[0;32mI (525) main_task: Started on CPU0[0m
[0;32mI (535) main_task: Calling app_main()[0m
[0;32mI (535) KEYPAD: Starting keypad MQTT application[0m
[0;32mI (585) wifi:wifi driver task: 3ffc0768, prio:23, stack:6656, core=0[0m
[0;32mI (605) wifi:wifi firmware version: f3dbad7[0m
[0;32mI (605) wifi:wifi certification version: v7.0[0m
[0;32mI (605) wifi:config NVS flash: enabled[0m
[0;32mI (605) wifi:config nano formatting: disabled[0m
[0;32mI (605) wifi:Init data frame dynamic rx buffer num: 32[0m
[0;32mI (615) wifi:Init static rx mgmt buffer num: 5[0m
[0;32mI (615) wifi:Init management short buffer num: 32[0m
[0;32mI (615) wifi:Init dynamic tx buffer num: 32[0m
[0;32mI (625) wifi:Init static rx buffer size: 1600[0m
[0;32mI (625) wifi:Init static rx buffer num: 10[0m
[0;32mI (635) wifi:Init dynamic rx buffer num: 32[0m
[0;32mI (635) wifi_init: rx ba win: 6[0m
[0;32mI (635) wifi_init: accept mbox: 6[0m
[0;32mI (645) wifi_init: tcpip mbox: 32[0m
[0;32mI (645) wifi_init: udp mbox: 6[0m
[0;32mI (645) wifi_init: tcp mbox: 6[0m
[0;32mI (655) wifi_init: tcp tx win: 5760[0m
[0;32mI (655) wifi_init: tcp rx win: 5760[0m
[0;32mI (655) wifi_init: tcp mss: 1440[0m
[0;32mI (655) wifi_init: WiFi IRAM OP enabled[0m
[0;32mI (665) wifi_init: WiFi RX IRAM OP enabled[0m
[0;33mW (665) wifi:Password length matches WPA2 standards, authmode threshold changes from OPEN to WPA2[0m
[0;32mI (675) phy_init: phy_version 4860,6b7a6e5,Feb  6 2025,14:47:07[0m
[0;32mI (765) wifi:mode : sta (a8:42:e3:4c:7c:bc)[0m
[0;32mI (765) wifi:enable tsf[0m
[0;32mI (765) KEYPAD: WiFi initialized[0m
[0;32mI (785) wifi:new:<6,0>, old:<1,0>, ap:<255,255>, sta:<6,0>, prof:9, snd_ch_cfg:0x0[0m
[0;32mI (785) wifi:state: init -> auth (0xb0)[0m
[0;32mI (805) wifi:state: auth -> assoc (0x0)[0m
[0;32mI (825) wifi:state: assoc -> run (0x10)[0m
[0;32mI (845) wifi:connected with NamTrung, aid = 29, channel 6, BW20, bssid = 10:5f:02:75:1e:9a[0m
[0;32mI (845) wifi:security: WPA2-PSK, phy: bgn, rssi: -65[0m
[0;32mI (855) wifi:pm start, type: 1[0m

[0;32mI (855) wifi:dp: 1, bi: 102400, li: 3, scale listen interval from 307200 us to 307200 us[0m
[0;32mI (865) KEYPAD: Connected to SSID:NamTrung, channel:6[0m
[0;32mI (865) KEYPAD: SAVED WIFI CREDENTIALS SUCCESSFULLY[0m
[0;32mI (1005) wifi:AP's beacon interval = 102400 us, DTIM period = 1[0m
[0;32mI (1765) MQTT_MANAGER: No existing client, creating new one...[0m
[0;32mI (1765) KEYPAD: MQTT initialized[0m
[0;32mI (1765) main_task: Returned from app_main()[0m
[1;31mE (1765) esp-tls: [sock=54] connect() error: Host is unreachable[0m
[1;31mE (1765) transport_base: Failed to open a new connection: 32772[0m
[1;31mE (1775) mqtt_client: Error transport connect[0m
[0;32mI (1775) KEYPAD: MQTT disconnected[0m
[0;32mI (1895) esp_netif_handlers: sta ip: 10.10.1.30, mask: 255.255.252.0, gw: 10.10.1.1[0m
[0;32mI (1895) KEYPAD: WiFi connected, got IP[0m
[0;32mI (1965) MQTT_MANAGER: Starting MQTT safely...[0m
[1;31mE (1965) mqtt_client: Client has started[0m
[0;32mI (1965) MQTT_MANAGER: MQTT started.[0m
Key pressed: B
[0;33mW (4535) mqtt_client: Publish: Losing qos0 data when client not connected[0m
Gá»ŒI Láº I
Key pressed: B
[0;33mW (4705) mqtt_client: Publish: Losing qos0 data when client not connected[0m
Gá»ŒI Láº I
[0;32mI (10575) wifi:bcn_timeout,ap_probe_send_start[0m
[0;32mI (11805) wifi:<ba-add>idx:0 (ifx:0, 10:5f:02:75:1e:9a), tid:7, ssn:8, winSize:64[0m
[0;32mI (11825) wifi:<ba-add>idx:1 (ifx:0, 10:5f:02:75:1e:9a), tid:0, ssn:1, winSize:64[0m
[0;32mI (11845) KEYPAD: MQTT connected[0m
Key pressed: B
Gá»ŒI Láº I
Key pressed: B
Gá»ŒI Láº I
Key pressed: B
Gá»ŒI Láº I
Key pressed: B
Gá»ŒI Láº I
Key pressed: B
Gá»ŒI Láº I
[0;32mI (27855) wifi:bcn_timeout,ap_probe_send_start[0m
[0;32mI (38895) wifi:bcn_timeout,ap_probe_send_start[0m
[0;32mI (47915) wifi:bcn_timeout,ap_probe_send_start[0m
[0;32mI (50415) wifi:ap_probe_send over, reset wifi status to disassoc[0m
[0;32mI (50415) wifi:state: run -> init (0xc800)[0m
[0;32mI (50435) wifi:pm stop, total sleep time: 27697617 us / 49582263 us[0m

[0;32mI (50435) wifi:<ba-del>idx:1, tid:0[0m
[0;32mI (50435) wifi:<ba-del>idx:0, tid:7[0m
[0;32mI (50435) wifi:new:<6,0>, old:<6,0>, ap:<255,255>, sta:<6,0>, prof:9, snd_ch_cfg:0x0[0m
[0;32mI (50445) KEYPAD: STA disconnected, reason=200[0m
[0;32mI (50445) KEYPAD: WIFI STA_DISCONNECTED.[0m
[1;31mE (50445) transport_base: tcp_read error, errno=Software caused connection abort[0m
[1;31mE (50455) mqtt_client: esp_mqtt_handle_transport_read_error: transport_read() error: errno=113[0m
[1;31mE (50465) mqtt_client: mqtt_process_receive: mqtt_message_receive() returned -2[0m
[0;32mI (50475) KEYPAD: MQTT disconnected[0m
[0;32mI (50565) MQTT_MANAGER: Stopping MQTT safely...[0m
[0;32mI (50565) mqtt_client: Client asked to disconnect[0m
[0;32mI (55475) MQTT_MANAGER: MQTT stopped.[0m
