Command: D:\ESP32_IDF\Espressif\python_env\idf5.5_py3.11_env\Scripts\python.exe D:\ESP32_IDF\Espressif\frameworks\esp-idf-v5.5\tools/idf_monitor.py -p COM3 -b 115200 --toolchain-prefix xtensa-esp32-elf- --target esp32 --revision 0 D:\ESP32_IDF\Espressif\frameworks\esp-idf-v5.5\examples\get-started\agribank demo\build\hello_world.elf D:\ESP32_IDF\Espressif\frameworks\esp-idf-v5.5\examples\get-started\agribank demo\build\bootloader\bootloader.elf --force-color -m 'D:\ESP32_IDF\Espressif\python_env\idf5.5_py3.11_env\Scripts\python.exe' 'D:\ESP32_IDF\Espressif\frameworks\esp-idf-v5.5\tools\idf.py' '-p' 'COM3'
Bï¿½ï¿½Jï¿½ï¿½Ñ¹esp32ï¿½ets Jul 29 2019 12:21:46

rst:0x1 (POWERON_RESET),boot:0x13 (SPI_FAST_FLASH_BOOT)
configsip: 0, SPIWP:0xee
clk_drv:0x00,q_drv:0x00,d_drv:0x00,cs0_drv:0x00,hd_drv:0x00,wp_drv:0x00
mode:DIO, clock div:2
load:0x3fff0030,len:6380
ho 0 tail 12 room 4
load:0x40078000,len:15916
load:0x40080400,len:3860
entry 0x40080638
[0;32mI (29) boot: ESP-IDF v5.5-dirty 2nd stage bootloader[0m
[0;32mI (29) boot: compile time Oct 19 2025 19:26:38[0m
[0;32mI (29) boot: Multicore bootloader[0m
[0;32mI (31) boot: chip revision: v3.0[0m
[0;32mI (34) boot.esp32: SPI Speed      : 40MHz[0m
[0;32mI (37) boot.esp32: SPI Mode       : DIO[0m
[0;32mI (41) boot.esp32: SPI Flash Size : 2MB[0m
[0;32mI (45) boot: Enabling RNG early entropy source...[0m
[0;32mI (49) boot: Partition Table:[0m
[0;32mI (52) boot: ## Label            Usage          Type ST Offset   Length[0m
[0;32mI (58) boot:  0 nvs              WiFi data        01 02 00009000 00006000[0m
[0;32mI (65) boot:  1 phy_init         RF data          01 01 0000f000 00001000[0m
[0;32mI (71) boot:  2 factory          factory app      00 00 00010000 00100000[0m
[0;32mI (78) boot: End of partition table[0m
[0;32mI (81) esp_image: segment 0: paddr=00010020 vaddr=3f400020 size=1f9d0h (129488) map[0m
[0;32mI (133) esp_image: segment 1: paddr=0002f9f8 vaddr=3ff80000 size=00020h (    32) load[0m
I (133) esp_image: segment 2: paddr=0002fa20 vaddr=3ffb0000 size=005f8h (  1528) load
[0;32mI (137) esp_image: segment 3: paddr=00030020 vaddr=400d0020 size=a4a10h (674320) map[0m
[0;32mI (374) esp_image: segment 4: paddr=000d4a38 vaddr=3ffb05f8 size=039c0h ( 14784) load[0m
[0;32mI (380) esp_image: segment 5: paddr=000d8400 vaddr=40080000 size=192e4h (103140) load[0m
[0;32mI (432) boot: Loaded app from partition at offset 0x10000[0m
[0;32mI (433) boot: Disabling RNG early entropy source...[0m
[0;32mI (443) cpu_start: Multicore app[0m
[0;32mI (451) cpu_start: Pro cpu start user code[0m
[0;32mI (451) cpu_start: cpu freq: 160000000 Hz[0m
[0;32mI (452) app_init: Application information:[0m
[0;32mI (452) app_init: Project name:     hello_world[0m
[0;32mI (456) app_init: App version:      v5.5-dirty[0m
[0;32mI (460) app_init: Compile time:     Oct 20 2025 20:55:32[0m
[0;32mI (465) app_init: ELF file SHA256:  bfef3fe37...[0m
[0;32mI (469) app_init: ESP-IDF:          v5.5-dirty[0m
[0;32mI (473) efuse_init: Min chip rev:     v0.0[0m
[0;32mI (477) efuse_init: Max chip rev:     v3.99 [0m
[0;32mI (481) efuse_init: Chip rev:         v3.0[0m
[0;32mI (485) heap_init: Initializing. RAM available for dynamic allocation:[0m
[0;32mI (492) heap_init: At 3FFAE6E0 len 00001920 (6 KiB): DRAM[0m
[0;32mI (497) heap_init: At 3FFB87B0 len 00027850 (158 KiB): DRAM[0m
[0;32mI (502) heap_init: At 3FFE0440 len 00003AE0 (14 KiB): D/IRAM[0m
[0;32mI (507) heap_init: At 3FFE4350 len 0001BCB0 (111 KiB): D/IRAM[0m
[0;32mI (513) heap_init: At 400992E4 len 00006D1C (27 KiB): IRAM[0m
[0;32mI (519) spi_flash: detected chip: generic[0m
[0;32mI (522) spi_flash: flash io: dio[0m
[0;33mW (525) spi_flash: Detected size(4096k) larger than the size in the binary image header(2048k). Using the size in the binary image header.[0m
[0;33mW (537) i2c: This driver is an old driver, please migrate your application code to adapt `driver/i2c_master.h`[0m
[0;32mI (547) main_task: Started on CPU0[0m
[0;32mI (557) main_task: Calling app_main()[0m
[0;32mI (557) KEYPAD: I2C initialized successfully[0m
[0;32mI (2147) KEYPAD: Starting keypad MQTT application[0m
[0;32mI (2197) wifi:wifi driver task: 3ffc09d4, prio:23, stack:6656, core=0[0m
[0;32mI (2217) wifi:wifi firmware version: f3dbad7[0m
[0;32mI (2217) wifi:wifi certification version: v7.0[0m
[0;32mI (2217) wifi:config NVS flash: enabled[0m
[0;32mI (2217) wifi:config nano formatting: disabled[0m
[0;32mI (2217) wifi:Init data frame dynamic rx buffer num: 32[0m
[0;32mI (2227) wifi:Init static rx mgmt buffer num: 5[0m
[0;32mI (2227) wifi:Init management short buffer num: 32[0m
[0;32mI (2237) wifi:Init dynamic tx buffer num: 32[0m
[0;32mI (2237) wifi:Init static rx buffer size: 1600[0m
[0;32mI (2237) wifi:Init static rx buffer num: 10[0m
[0;32mI (2247) wifi:Init dynamic rx buffer num: 32[0m
[0;32mI (2247) wifi_init: rx ba win: 6[0m
[0;32mI (2247) wifi_init: accept mbox: 6[0m
[0;32mI (2257) wifi_init: tcpip mbox: 32[0m
[0;32mI (2257) wifi_init: udp mbox: 6[0m
[0;32mI (2257) wifi_init: tcp mbox: 6[0m
[0;32mI (2267) wifi_init: tcp tx win: 5760[0m
[0;32mI (2267) wifi_init: tcp rx win: 5760[0m
[0;32mI (2267) wifi_init: tcp mss: 1440[0m
[0;32mI (2277) wifi_init: WiFi IRAM OP enabled[0m
[0;32mI (2277) wifi_init: WiFi RX IRAM OP enabled[0m
[0;32mI (2337) phy_init: phy_version 4860,6b7a6e5,Feb  6 2025,14:47:07[0m
[0;32mI (2417) wifi:mode : sta (a8:42:e3:4c:7c:bc)[0m
[0;32mI (2417) wifi:enable tsf[0m
[0;32mI (2427) KEYPAD: WiFi initialized[0m
[0;32mI (2427) KEYPAD: WiFi STA started[0m
[0;32mI (2427) KEYPAD: Have a saved wifi network in NVS: NamTrung[0m
[0;33mW (3237) wifi:Password length matches WPA2 standards, authmode threshold changes from OPEN to WPA2[0m
[0;32mI (3287) wifi:flush txq[0m
[0;32mI (3287) wifi:stop sw txq[0m
[0;32mI (3287) wifi:lmac stop hw txq[0m
[0;32mI (3297) wifi:mode : sta (a8:42:e3:4c:7c:bc)[0m
[0;32mI (3297) wifi:enable tsf[0m
[0;32mI (3297) KEYPAD: WiFi STA started[0m
[1;31mE (3297) wifi:sta is connecting, return error[0m
[0;32mI (3457) wifi:new:<1,0>, old:<1,0>, ap:<255,255>, sta:<1,0>, prof:9, snd_ch_cfg:0x0[0m
[0;32mI (3457) wifi:state: init -> auth (0xb0)[0m
[0;32mI (4457) wifi:state: auth -> init (0x200)[0m
[0;32mI (4477) wifi:new:<1,0>, old:<1,0>, ap:<255,255>, sta:<1,0>, prof:9, snd_ch_cfg:0x0[0m
[0;32mI (4477) KEYPAD: STA disconnected, reason=2[0m
[0;32mI (5097) wifi:new:<6,0>, old:<1,0>, ap:<255,255>, sta:<6,0>, prof:9, snd_ch_cfg:0x0[0m
[0;32mI (5097) wifi:state: init -> auth (0xb0)[0m
[0;32mI (5117) wifi:state: auth -> assoc (0x0)[0m
[0;32mI (6117) wifi:state: assoc -> init (0x400)[0m
[0;32mI (6127) wifi:new:<6,0>, old:<6,0>, ap:<255,255>, sta:<6,0>, prof:9, snd_ch_cfg:0x0[0m
[0;32mI (6127) KEYPAD: STA disconnected, reason=4[0m
[0;32mI (6197) wifi:new:<6,0>, old:<6,0>, ap:<255,255>, sta:<6,0>, prof:9, snd_ch_cfg:0x0[0m
[0;32mI (6197) wifi:state: init -> auth (0xb0)[0m
[0;32mI (6217) wifi:state: auth -> init (0x1100)[0m
[0;32mI (6217) wifi:new:<6,0>, old:<6,0>, ap:<255,255>, sta:<6,0>, prof:9, snd_ch_cfg:0x0[0m
[0;32mI (6217) KEYPAD: STA disconnected, reason=202[0m
[0;32mI (7457) wifi:new:<11,0>, old:<6,0>, ap:<255,255>, sta:<11,0>, prof:9, snd_ch_cfg:0x0[0m
[0;32mI (7457) wifi:state: init -> auth (0xb0)[0m
[0;32mI (7467) wifi:state: auth -> init (0x1100)[0m
[0;32mI (7467) wifi:new:<11,0>, old:<11,0>, ap:<255,255>, sta:<11,0>, prof:9, snd_ch_cfg:0x0[0m
[0;32mI (7477) KEYPAD: STA disconnected, reason=202[0m
[0;32mI (9887) KEYPAD: STA disconnected, reason=205[0m
[1;31mE (9887) KEYPAD: Saved WiFi connection failed after 5 retries[0m
Key pressed: B
Key pressed: B
Key pressed: B
Key pressed: B
Key pressed: B
ets Jul 29 2019 12:21:46

rst:0x1 (POWERON_RESET),boot:0x13 (SPI_FAST_FLASH_BOOT)
configsip: 0, SPIWP:0xee
clk_drv:0x00,q_drv:0x00,d_drv:0x00,cs0_drv:0x00,hd_drv:0x00,wp_drv:0x00
mode:DIO, clock div:2
load:0x3fff0030,len:6380
ho 0 tail 12 room 4
load:0x40078000,len:15916
load:0x40080400,len:3860
entry 0x40080638
[0;32mI (29) boot: ESP-IDF v5.5-dirty 2nd stage bootloader[0m
[0;32mI (29) boot: compile time Oct 19 2025 19:26:38[0m
[0;32mI (29) boot: Multicore bootloader[0m
[0;32mI (31) boot: chip revision: v3.0[0m
[0;32mI (34) boot.esp32: SPI Speed      : 40MHz[0m
[0;32mI (37) boot.esp32: SPI Mode       : DIO[0m
[0;32mI (41) boot.esp32: SPI Flash Size : 2MB[0m
[0;32mI (45) boot: Enabling RNG early entropy source...[0m
[0;32mI (49) boot: Partition Table:[0m
[0;32mI (52) boot: ## Label            Usage          Type ST Offset   Length[0m
[0;32mI (58) boot:  0 nvs              WiFi data        01 02 00009000 00006000[0m
[0;32mI (65) boot:  1 phy_init         RF data          01 01 0000f000 00001000[0m
[0;32mI (71) boot:  2 factory          factory app      00 00 00010000 00100000[0m
[0;32mI (78) boot: End of partition table[0m
[0;32mI (81) esp_image: segment 0: paddr=00010020 vaddr=3f400020 size=1f9d0h (129488) map[0m
[0;32mI (133) esp_image: segment 1: paddr=0002f9f8 vaddr=3ff80000 size=00020h (    32) load[0m
[0;32mI (133) esp_image: segment 2: paddr=0002fa20 vaddr=3ffb0000 size=005f8h (  1528) load[0m
[0;32mI (137) esp_image: segment 3: paddr=00030020 vaddr=400d0020 size=a4a10h (674320) map[0m
[0;32mI (374) esp_image: segment 4: paddr=000d4a38 vaddr=3ffb05f8 size=039c0h ( 14784) load[0m
[0;32mI (380) esp_image: segment 5: paddr=000d8400 vaddr=40080000 size=192e4h (103140) load[0m
[0;32mI (432) boot: Loaded app from partition at offset 0x10000[0m
[0;32mI (433) boot: Disabling RNG early entropy source...[0m
[0;32mI (443) cpu_start: Multicore app[0m
[0;32mI (451) cpu_start: Pro cpu start user code[0m
[0;32mI (451) cpu_start: cpu freq: 160000000 Hz[0m
[0;32mI (452) app_init: Application information:[0m
[0;32mI (452) app_init: Project name:     hello_world[0m
[0;32mI (456) app_init: App version:      v5.5-dirty[0m
[0;32mI (460) app_init: Compile time:     Oct 20 2025 20:55:32[0m
[0;32mI (465) app_init: ELF file SHA256:  bfef3fe37...[0m
[0;32mI (469) app_init: ESP-IDF:          v5.5-dirty[0m
[0;32mI (473) efuse_init: Min chip rev:     v0.0[0m
[0;32mI (477) efuse_init: Max chip rev:     v3.99 [0m
[0;32mI (481) efuse_init: Chip rev:         v3.0[0m
[0;32mI (485) heap_init: Initializing. RAM available for dynamic allocation:[0m
[0;32mI (492) heap_init: At 3FFAE6E0 len 00001920 (6 KiB): DRAM[0m
[0;32mI (497) heap_init: At 3FFB87B0 len 00027850 (158 KiB): DRAM[0m
[0;32mI (502) heap_init: At 3FFE0440 len 00003AE0 (14 KiB): D/IRAM[0m
[0;32mI (507) heap_init: At 3FFE4350 len 0001BCB0 (111 KiB): D/IRAM[0m
[0;32mI (513) heap_init: At 400992E4 len 00006D1C (27 KiB): IRAM[0m
[0;32mI (519) spi_flash: detected chip: generic[0m
[0;32mI (522) spi_flash: flash io: dio[0m
[0;33mW (525) spi_flash: Detected size(4096k) larger than the size in the binary image header(2048k). Using the size in the binary image header.[0m
[0;33mW (537) i2c: This driver is an old driver, please migrate your application code to adapt `driver/i2c_master.h`[0m
[0;32mI (547) main_task: Started on CPU0[0m
[0;32mI (557) main_task: Calling app_main()[0m
[0;32mI (557) KEYPAD: I2C initialized successfully[0m
[0;32mI (2147) KEYPAD: Starting keypad MQTT application[0m
[0;32mI (2197) wifi:wifi driver task: 3ffc09d4, prio:23, stack:6656, core=0[0m
[0;32mI (2217) wifi:wifi firmware version: f3dbad7[0m
[0;32mI (2217) wifi:wifi certification version: v7.0[0m
[0;32mI (2217) wifi:config NVS flash: enabled[0m
[0;32mI (2217) wifi:config nano formatting: disabled[0m
[0;32mI (2217) wifi:Init data frame dynamic rx buffer num: 32[0m
[0;32mI (2227) wifi:Init static rx mgmt buffer num: 5[0m
[0;32mI (2227) wifi:Init management short buffer num: 32[0m
[0;32mI (2237) wifi:Init dynamic tx buffer num: 32[0m
[0;32mI (2237) wifi:Init static rx buffer size: 1600[0m
[0;32mI (2237) wifi:Init static rx buffer num: 10[0m
[0;32mI (2247) wifi:Init dynamic rx buffer num: 32[0m
[0;32mI (2247) wifi_init: rx ba win: 6[0m
[0;32mI (2247) wifi_init: accept mbox: 6[0m
[0;32mI (2257) wifi_init: tcpip mbox: 32[0m
[0;32mI (2257) wifi_init: udp mbox: 6[0m
[0;32mI (2257) wifi_init: tcp mbox: 6[0m
[0;32mI (2267) wifi_init: tcp tx win: 5760[0m
[0;32mI (2267) wifi_init: tcp rx win: 5760[0m
[0;32mI (2267) wifi_init: tcp mss: 1440[0m
[0;32mI (2277) wifi_init: WiFi IRAM OP enabled[0m
[0;32mI (2277) wifi_init: WiFi RX IRAM OP enabled[0m
[0;32mI (2337) phy_init: phy_version 4860,6b7a6e5,Feb  6 2025,14:47:07[0m
[0;32mI (2417) wifi:mode : sta (a8:42:e3:4c:7c:bc)[0m
[0;32mI (2427) wifi:enable tsf[0m
[0;32mI (2427) KEYPAD: WiFi initialized[0m
[0;32mI (2427) KEYPAD: WiFi STA started[0m
[0;32mI (2427) KEYPAD: Have a saved wifi network in NVS: NamTrung[0m
[0;33mW (3237) wifi:Password length matches WPA2 standards, authmode threshold changes from OPEN to WPA2[0m
[0;32mI (3297) wifi:flush txq[0m
[0;32mI (3297) wifi:stop sw txq[0m
[0;32mI (3297) wifi:lmac stop hw txq[0m
[0;32mI (3307) wifi:mode : sta (a8:42:e3:4c:7c:bc)[0m
[0;32mI (3307) wifi:enable tsf[0m
[0;32mI (3307) KEYPAD: WiFi STA started[0m
[1;31mE (3307) wifi:sta is connecting, return error[0m
[0;32mI (3467) wifi:new:<1,0>, old:<1,0>, ap:<255,255>, sta:<1,0>, prof:9, snd_ch_cfg:0x0[0m
[0;32mI (3467) wifi:state: init -> auth (0xb0)[0m
[0;32mI (4487) wifi:state: auth -> init (0x200)[0m
[0;32mI (4497) wifi:new:<1,0>, old:<1,0>, ap:<255,255>, sta:<1,0>, prof:9, snd_ch_cfg:0x0[0m
[0;32mI (4497) KEYPAD: STA disconnected, reason=2[0m
[0;32mI (5117) wifi:new:<6,0>, old:<1,0>, ap:<255,255>, sta:<6,0>, prof:9, snd_ch_cfg:0x0[0m
[0;32mI (5117) wifi:state: init -> auth (0xb0)[0m
[0;32mI (5127) wifi:state: auth -> assoc (0x0)[0m
[0;32mI (5137) wifi:state: assoc -> run (0x10)[0m
[0;32mI (5157) wifi:connected with NamTrung, aid = 30, channel 6, BW20, bssid = 10:5f:02:75:1e:9a[0m
[0;32mI (5157) wifi:security: WPA2-PSK, phy: bgn, rssi: -57[0m
[0;32mI (5167) wifi:pm start, type: 1[0m

[0;32mI (5167) wifi:dp: 1, bi: 102400, li: 3, scale listen interval from 307200 us to 307200 us[0m
[0;32mI (5177) KEYPAD: Connected to SSID:NamTrung, channel:6[0m
[0;32mI (5187) wifi:AP's beacon interval = 102400 us, DTIM period = 1[0m
[0;32mI (6227) wifi:<ba-add>idx:0 (ifx:0, 10:5f:02:75:1e:9a), tid:7, ssn:7, winSize:64[0m
[0;32mI (6247) esp_netif_handlers: sta ip: 10.10.1.51, mask: 255.255.252.0, gw: 10.10.1.1[0m
[0;32mI (6247) KEYPAD: WiFi connected, got IP[0m
[0;32mI (6717) KEYPAD: MQTT initialized[0m
[0;32mI (6757) wifi:<ba-add>idx:1 (ifx:0, 10:5f:02:75:1e:9a), tid:0, ssn:1, winSize:64[0m
[0;32mI (6797) KEYPAD: MQTT connected[0m
[0;32mI (6807) KEYPAD: Subscribed to responsenumber topic[0m
[0;32mI (6927) KEYPAD: Showing MQTT connecting...[0m
[0;32mI (15197) wifi:bcn_timeout,ap_probe_send_start[0m
Key pressed: A
Key pressed: *
Key pressed: 6
Key pressed: 6
Key pressed: 2
Key pressed: #
Key pressed: *
[0;32mI (24217) wifi:bcn_timeout,ap_probe_send_start[0m
Key pressed: 2
Key pressed: 6
Key pressed: *
Key pressed: 8
Key pressed: *
Key pressed: 7
Key pressed: 7
Key pressed: 7
Key pressed: 8
Key pressed: 8
Key pressed: 6
Key pressed: 6
Key pressed: 4
Key pressed: D
Key pressed: C
Key pressed: 6
Key pressed: 6
Key pressed: 8
Key pressed: 1
Key pressed: 1
Key pressed: 1
Key pressed: 1
Key pressed: 1
Key pressed: 1
[0;32mI (33257) wifi:bcn_timeout,ap_probe_send_start[0m
Key pressed: 1
Key pressed: 1
Key pressed: 1
Key pressed: 1
Key pressed: 1
Key pressed: 1
Key pressed: 1
Key pressed: 1
Key pressed: 1
Key pressed: 1
Key pressed: 1
Key pressed: 1
Key pressed: 1
Key pressed: 1
Key pressed: 1
Key pressed: 1
Key pressed: 1
Key pressed: 1
Key pressed: 1
Key pressed: 1
Key pressed: 1
Key pressed: 1
Key pressed: 1
Key pressed: 4
Key pressed: 4
Key pressed: 4
Key pressed: 4
Key pressed: 0
Key pressed: 0
Key pressed: 9
Key pressed: 9
Key pressed: 9
Key pressed: 9
Key pressed: 9
Key pressed: 2
Key pressed: 2
Key pressed: 2
Key pressed: 2
[0;32mI (51387) wifi:bcn_timeout,ap_probe_send_start[0m
Key pressed: 0
Key pressed: 0
Key pressed: 1
Key pressed: 1
Key pressed: 1
Key pressed: 1
Key pressed: 1
Key pressed: 1
Key pressed: 1
Key pressed: 1
Key pressed: 1
Key pressed: 1
Key pressed: 1
Key pressed: 1
Key pressed: 1
Key pressed: 1
Key pressed: D
[0;32mI (58087) wifi:state: run -> init (0x0)[0m
[0;32mI (58097) wifi:pm stop, total sleep time: 39628936 us / 52928154 us[0m

[0;32mI (58097) wifi:<ba-del>idx:1, tid:0[0m
[0;32mI (58097) wifi:<ba-del>idx:0, tid:7[0m
[0;32mI (58097) wifi:new:<6,0>, old:<6,0>, ap:<255,255>, sta:<6,0>, prof:9, snd_ch_cfg:0x0[0m
[0;33mW (58107) wifi:Password length matches WPA2 standards, authmode threshold changes from OPEN to WPA2[0m
[0;32mI (58117) KEYPAD: STA disconnected, reason=8[0m
[0;32mI (58117) mqtt_client: Client asked to disconnect[0m
[1;31mE (58117) transport_base: tcp_read error, errno=Software caused connection abort[0m
[0;32mI (58127) wifi:E (58127) mqtt_client: esp_mqtt_handle_transport_read_error: transport_read() error: errno=113[0m
new:<6,0>, old:<6,0>, ap:<255,255>, sta:<6,0>, prof:9, snd_ch_cfg:0x0
[1;31mE (58137) KEYPAD: MQTT_EVENT_ERROR[0m
[0;32mI (58147) wifi:E (58147) mqtt_client: mqtt_process_receive: mqtt_message_receive() returned -2[0m
state: init -> auth (0xb0)
[0;32mI (58157) KEYPAD: MQTT disconnected[0m
[0;32mI (58187) wifi:state: auth -> assoc (0x0)[0m
[0;32mI (58197) wifi:state: assoc -> run (0x10)[0m
[0;32mI (58237) wifi:connected with NamTrung, aid = 30, channel 6, BW20, bssid = 10:5f:02:75:1e:9a[0m
[0;32mI (58237) wifi:security: WPA2-PSK, phy: bgn, rssi: -74[0m
[0;32mI (58247) wifi:pm start, type: 1[0m

[0;32mI (58327) wifi:AP's beacon interval = 102400 us, DTIM period = 1[0m
[0;32mI (60807) wifi:<ba-add>idx:0 (ifx:0, 10:5f:02:75:1e:9a), tid:7, ssn:3, winSize:64[0m
[0;33mW (63157) KEYPAD: WiFi connection failed, retry count: 1/5[0m
[0;33mW (63157) wifi:sta is connected, disconnect before connecting to new ap[0m
[0;32mI (63157) KEYPAD: Connected to SSID:NamTrung, channel:6[0m
[0;32mI (64187) esp_netif_handlers: sta ip: 10.10.1.51, mask: 255.255.252.0, gw: 10.10.1.1[0m
[0;32mI (64187) KEYPAD: WiFi connected, got IP[0m
[0;32mI (64187) KEYPAD: Wi-Fi credentials saved successfully![0m
[0;32mI (64747) mqtt_client: Client asked to disconnect[0m
[0;33mW (64747) mqtt_client: Client asked to stop, but was not started[0m
[0;32mI (64747) KEYPAD: MQTT initialized[0m
[0;32mI (64767) wifi:<ba-add>idx:1 (ifx:0, 10:5f:02:75:1e:9a), tid:0, ssn:1, winSize:64[0m
[0;32mI (64817) KEYPAD: MQTT connected[0m
[0;32mI (64827) KEYPAD: Subscribed to responsenumber topic[0m
[0;32mI (64967) KEYPAD: Showing MQTT connecting...[0m
Key pressed: B
[0;32mI (68787) KEYPAD: MQTT_EVENT_DATA[0m
