Command: D:\ESP32_IDF\Espressif\python_env\idf5.5_py3.11_env\Scripts\python.exe D:\ESP32_IDF\Espressif\frameworks\esp-idf-v5.5\tools/idf_monitor.py -p COM3 -b 115200 --toolchain-prefix xtensa-esp32-elf- --target esp32 --revision 0 D:\ESP32_IDF\Espressif\frameworks\esp-idf-v5.5\examples\get-started\agribank demo\build\hello_world.elf D:\ESP32_IDF\Espressif\frameworks\esp-idf-v5.5\examples\get-started\agribank demo\build\bootloader\bootloader.elf --force-color -m 'D:\ESP32_IDF\Espressif\python_env\idf5.5_py3.11_env\Scripts\python.exe' 'D:\ESP32_IDF\Espressif\frameworks\esp-idf-v5.5\tools\idf.py' '-p' 'COM3'
	iï¿½Jï¿½ï¿½Ñ¹esp32: SPI Speed    ï¿½ets Jul 29 2019 12:21:46

rst:0x1 (POWERON_RESET),boot:0x13 (SPI_FAST_FLASH_BOOT)
configsip: 0, SPIWP:0xee
clk_drv:0x00,q_drv:0x00,d_drv:0x00,cs0_drv:0x00,hd_drv:0x00,wp_drv:0x00
mode:DIO, clock div:2
load:0x3fff0030,len:6380
ho 0 tail 12 room 4
load:0x40078000,len:15916
load:0x40080400,len:3860
entry 0x40080638
[0;32mI (29) boot: ESP-IDF v5.5-dirty 2nd stage bootloader[0m
[0;32mI (29) boot: compile time Oct 19 2025 19:26:38[0m
[0;32mI (29) boot: Multicore bootloader[0m
[0;32mI (31) boot: chip revision: v3.0[0m
[0;32mI (34) boot.esp32: SPI Speed      : 40MHz[0m
[0;32mI (37) boot.esp32: SPI Mode       : DIO[0m
[0;32mI (41) boot.esp32: SPI Flash Size : 2MB[0m
[0;32mI (45) boot: Enabling RNG early entropy source...[0m
[0;32mI (49) boot: Partition Table:[0m
[0;32mI (52) boot: ## Label            Usage          Type ST Offset   Length[0m
[0;32mI (58) boot:  0 nvs              WiFi data        01 02 00009000 00006000[0m
[0;32mI (65) boot:  1 phy_init         RF data          01 01 0000f000 00001000[0m
[0;32mI (71) boot:  2 factory          factory app      00 00 00010000 00100000[0m
[0;32mI (78) boot: End of partition table[0m
[0;32mI (81) esp_image: segment 0: paddr=00010020 vaddr=3f400020 size=1f800h (129024) map[0m
[0;32mI (132) esp_image: segment 1: paddr=0002f828 vaddr=3ff80000 size=00020h (    32) load[0m
[0;32mI (133) esp_image: segment 2: paddr=0002f850 vaddr=3ffb0000 size=007c8h (  1992) load[0m
[0;32mI (137) esp_image: segment 3: paddr=00030020 vaddr=400d0020 size=a45cch (673228) map[0m
[0;32mI (374) esp_image: segment 4: paddr=000d45f4 vaddr=3ffb07c8 size=037f0h ( 14320) load[0m
[0;32mI (379) esp_image: segment 5: paddr=000d7dec vaddr=40080000 size=192e4h (103140) load[0m
[0;32mI (432) boot: Loaded app from partition at offset 0x10000[0m
[0;32mI (432) boot: Disabling RNG early entropy source...[0m
[0;32mI (442) cpu_start: Multicore app[0m
[0;32mI (451) cpu_start: Pro cpu start user code[0m
[0;32mI (451) cpu_start: cpu freq: 160000000 Hz[0m
[0;32mI (451) app_init: Application information:[0m
[0;32mI (451) app_init: Project name:     hello_world[0m
[0;32mI (455) app_init: App version:      v5.5-dirty[0m
[0;32mI (459) app_init: Compile time:     Oct 20 2025 20:55:32[0m
[0;32mI (464) app_init: ELF file SHA256:  b293f2f00...[0m
[0;32mI (469) app_init: ESP-IDF:          v5.5-dirty[0m
[0;32mI (473) efuse_init: Min chip rev:     v0.0[0m
[0;32mI (477) efuse_init: Max chip rev:     v3.99 [0m
[0;32mI (481) efuse_init: Chip rev:         v3.0[0m
[0;32mI (485) heap_init: Initializing. RAM available for dynamic allocation:[0m
[0;32mI (491) heap_init: At 3FFAE6E0 len 00001920 (6 KiB): DRAM[0m
[0;32mI (496) heap_init: At 3FFB8798 len 00027868 (158 KiB): DRAM[0m
[0;32mI (501) heap_init: At 3FFE0440 len 00003AE0 (14 KiB): D/IRAM[0m
[0;32mI (507) heap_init: At 3FFE4350 len 0001BCB0 (111 KiB): D/IRAM[0m
[0;32mI (512) heap_init: At 400992E4 len 00006D1C (27 KiB): IRAM[0m
[0;32mI (519) spi_flash: detected chip: generic[0m
[0;32mI (521) spi_flash: flash io: dio[0m
[0;33mW (524) spi_flash: Detected size(4096k) larger than the size in the binary image header(2048k). Using the size in the binary image header.[0m
[0;33mW (536) i2c: This driver is an old driver, please migrate your application code to adapt `driver/i2c_master.h`[0m
[0;32mI (547) main_task: Started on CPU0[0m
[0;32mI (557) main_task: Calling app_main()[0m
[0;32mI (557) KEYPAD: I2C initialized successfully[0m
[0;32mI (2147) KEYPAD: Starting keypad MQTT application[0m
[0;32mI (2197) wifi:wifi driver task: 3ffc099c, prio:23, stack:6656, core=0[0m
[0;32mI (2217) wifi:wifi firmware version: f3dbad7[0m
[0;32mI (2217) wifi:wifi certification version: v7.0[0m
[0;32mI (2217) wifi:config NVS flash: enabled[0m
[0;32mI (2217) wifi:config nano formatting: disabled[0m
[0;32mI (2217) wifi:Init data frame dynamic rx buffer num: 32[0m
[0;32mI (2227) wifi:Init static rx mgmt buffer num: 5[0m
[0;32mI (2227) wifi:Init management short buffer num: 32[0m
[0;32mI (2237) wifi:Init dynamic tx buffer num: 32[0m
[0;32mI (2237) wifi:Init static rx buffer size: 1600[0m
[0;32mI (2237) wifi:Init static rx buffer num: 10[0m
[0;32mI (2247) wifi:Init dynamic rx buffer num: 32[0m
[0;32mI (2247) wifi_init: rx ba win: 6[0m
[0;32mI (2247) wifi_init: accept mbox: 6[0m
[0;32mI (2257) wifi_init: tcpip mbox: 32[0m
[0;32mI (2257) wifi_init: udp mbox: 6[0m
[0;32mI (2257) wifi_init: tcp mbox: 6[0m
[0;32mI (2267) wifi_init: tcp tx win: 5760[0m
[0;32mI (2267) wifi_init: tcp rx win: 5760[0m
[0;32mI (2267) wifi_init: tcp mss: 1440[0m
[0;32mI (2277) wifi_init: WiFi IRAM OP enabled[0m
[0;32mI (2277) wifi_init: WiFi RX IRAM OP enabled[0m
[0;32mI (2357) phy_init: phy_version 4860,6b7a6e5,Feb  6 2025,14:47:07[0m
[0;32mI (2437) wifi:mode : sta (a8:42:e3:4c:7c:bc)[0m
[0;32mI (2437) wifi:enable tsf[0m
[0;32mI (2437) KEYPAD: WiFi initialized[0m
[0;32mI (2437) KEYPAD: WiFi STA started[0m
[0;32mI (2447) KEYPAD: Have a saved wifi network in NVS: NamTrung[0m
[0;33mW (3257) wifi:Password length matches WPA2 standards, authmode threshold changes from OPEN to WPA2[0m
[0;32mI (3307) wifi:flush txq[0m
[0;32mI (3307) wifi:stop sw txq[0m
[0;32mI (3307) wifi:lmac stop hw txq[0m
[0;32mI (3317) wifi:mode : sta (a8:42:e3:4c:7c:bc)[0m
[0;32mI (3317) wifi:enable tsf[0m
[0;32mI (3317) KEYPAD: WiFi STA started[0m
[1;31mE (3317) wifi:sta is connecting, return error[0m
[0;32mI (5737) KEYPAD: STA disconnected, reason=201[0m
[0;32mI (8147) KEYPAD: STA disconnected, reason=201[0m
[0;32mI (10567) KEYPAD: STA disconnected, reason=201[0m
[0;32mI (12977) KEYPAD: STA disconnected, reason=201[0m
[0;32mI (15397) KEYPAD: STA disconnected, reason=201[0m
[1;31mE (15397) KEYPAD: Saved WiFi connection failed after 5 retries[0m
Key pressed: B
GOI SO TIEP THEO
Key pressed: 6
Key pressed: 6
Key pressed: 6
Key pressed: 6
Key pressed: #
GOI LAI
Key pressed: D
[0;33mW (26397) KEYPAD: MQTT not connected[0m
Key pressed: *
BO SO HIEN TAI
Key pressed: B
GOI SO TIEP THEO
Key pressed: A
Key pressed: A
Key pressed: 5
Key pressed: 6
Key pressed: 5
Key pressed: 5
Key pressed: 5
Key pressed: 5
Key pressed: 5
Key pressed: 5
Key pressed: D
[0;33mW (42987) KEYPAD: MQTT not connected[0m
Key pressed: 6
Key pressed: 6
Key pressed: 6
Key pressed: 6
Key pressed: B
GOI SO TIEP THEO
Key pressed: 5
Key pressed: 5
Key pressed: 5
Key pressed: 5
Key pressed: #
GOI LAI
Key pressed: *
BO SO HIEN TAI
Key pressed: B
GOI SO TIEP THEO
Key pressed: D
[0;33mW (62207) KEYPAD: MQTT not connected[0m
Key pressed: A
Key pressed: A
Key pressed: A
Key pressed: A
Key pressed: A
Key pressed: A
Key pressed: 6
Key pressed: 5
Key pressed: 6
Key pressed: 5
Key pressed: B
GOI SO TIEP THEO
Key pressed: B
GOI SO TIEP THEO
Key pressed: B
GOI SO TIEP THEO
Key pressed: D
[0;33mW (78927) KEYPAD: MQTT not connected[0m
Key pressed: *
BO SO HIEN TAI
Key pressed: #
GOI LAI
Key pressed: *
BO SO HIEN TAI
Key pressed: A
Key pressed: A
Key pressed: A
Key pressed: *
Key pressed: 2
Key pressed: 2
Key pressed: 2
Key pressed: 2
Key pressed: 2
Key pressed: *
Key pressed: 6
Key pressed: 6
Key pressed: 4
Key pressed: 4
Key pressed: 0
Key pressed: *
Key pressed: 5
Key pressed: 5
Key pressed: *
Key pressed: 4
Key pressed: 4
Key pressed: 4
Key pressed: 3
Key pressed: 3
Key pressed: 8
Key pressed: D
Key pressed: *
Key pressed: 2
Key pressed: *
Key pressed: 6
Key pressed: 6
Key pressed: 4
Key pressed: 4
Key pressed: 5
Key pressed: 5
Key pressed: 4
Key pressed: 4
Key pressed: 4
Key pressed: 3
Key pressed: 3
Key pressed: 8
Key pressed: C
Key pressed: 1
Key pressed: 1
Key pressed: 1
Key pressed: 1
Key pressed: 1
Key pressed: 1
Key pressed: 1
Key pressed: 1
Key pressed: 1
Key pressed: 1
Key pressed: 2
Key pressed: 2
Key pressed: 2
Key pressed: 2
Key pressed: 0
Key pressed: 0
Key pressed: 0
Key pressed: 0
Key pressed: 0
Key pressed: 0
Key pressed: 2
Key pressed: 2
Key pressed: 2
Key pressed: 2
Key pressed: D
[0;33mW (123877) wifi:Password length matches WPA2 standards, authmode threshold changes from OPEN to WPA2[0m
[0;32mI (123937) wifi:new:<2,0>, old:<1,0>, ap:<255,255>, sta:<2,0>, prof:9, snd_ch_cfg:0x0[0m
[0;32mI (123937) wifi:state: init -> auth (0xb0)[0m
[0;32mI (123967) wifi:state: auth -> assoc (0x0)[0m
[0;32mI (123997) wifi:state: assoc -> run (0x10)[0m
[0;32mI (124107) wifi:connected with Anh Kiet, aid = 2, channel 2, BW20, bssid = cc:71:90:19:d2:f8[0m
[0;32mI (124107) wifi:security: WPA2-PSK, phy: bgn, rssi: -58[0m
[0;32mI (124117) wifi:pm start, type: 1[0m

[0;32mI (124117) wifi:dp: 1, bi: 102400, li: 3, scale listen interval from 307200 us to 307200 us[0m
[0;32mI (124127) KEYPAD: Connected to SSID:Anh Kiet, channel:2[0m
[0;32mI (124157) wifi:AP's beacon interval = 102400 us, DTIM period = 1[0m
[1;31mE (124347) esp-tls: [sock=54] connect() error: Host is unreachable[0m
[1;31mE (124347) transport_base: Failed to open a new connection: 32772[0m
[1;31mE (124347) mqtt_client: Error transport connect[0m
[0;32mI (124357) KEYPAD: MQTT_EVENT_ERROR[0m
[0;32mI (124357) KEYPAD: Last error code reported from esp-tls: 0x8004[0m
[0;32mI (124357) KEYPAD: Last tls stack error number: 0x0[0m
[0;32mI (124367) KEYPAD: MQTT initialized[0m
[0;32mI (124367) KEYPAD: Last captured errno : 0 (Success)[0m
[0;32mI (124377) KEYPAD: MQTT disconnected[0m
[0;32mI (125577) esp_netif_handlers: sta ip: 192.168.1.4, mask: 255.255.255.0, gw: 192.168.1.1[0m
[0;32mI (125577) KEYPAD: WiFi connected, got IP[0m
[0;32mI (125577) KEYPAD: Updating Wi-Fi credentials in NVS...[0m
[0;32mI (125587) KEYPAD: Wi-Fi credentials saved successfully![0m
[0;32mI (125787) mqtt_client: Client asked to disconnect[0m
[0;32mI (129387) KEYPAD: MQTT initialized[0m
[0;32mI (129387) wifi:<ba-add>idx:0 (ifx:0, cc:71:90:19:d2:f8), tid:0, ssn:5, winSize:64[0m
[1;31mE (139397) esp-tls: [sock=54] select() timeout[0m
[1;31mE (139397) transport_base: Failed to open a new connection: 32774[0m
[1;31mE (139397) mqtt_client: Error transport connect[0m
[0;32mI (139397) KEYPAD: MQTT_EVENT_ERROR[0m
[0;32mI (139397) KEYPAD: Last error code reported from esp-tls: 0x8006[0m
[0;32mI (139407) KEYPAD: Last tls stack error number: 0x0[0m
[0;32mI (139407) KEYPAD: Last captured errno : 0 (Success)[0m
[0;32mI (139417) KEYPAD: MQTT disconnected[0m
Key pressed: 6
Key pressed: 6
Key pressed: 9
Key pressed: 9
Key pressed: B
GOI SO TIEP THEO
Key pressed: D
[0;33mW (150427) KEYPAD: MQTT not connected[0m
Key pressed: #
GOI LAI
Key pressed: *
BO SO HIEN TAI
Key pressed: A
Key pressed: A
Key pressed: A
Key pressed: A
Key pressed: A
Key pressed: A
Key pressed: A
Key pressed: A
Key pressed: A
Key pressed: 6
Key pressed: A
Key pressed: 6
Key pressed: 6
Key pressed: 6
Key pressed: A
Key pressed: B
[1;31mE (164427) esp-tls: [sock=54] select() timeout[0m
[1;31mE (164427) transport_base: Failed to open a new connection: 32774[0m
[1;31mE (164427) mqtt_client: Error transport connect[0m
[0;32mI (164427) KEYPAD: MQTT_EVENT_ERROR[0m
[0;32mI (164427) KEYPAD: Last error code reported from esp-tls: 0x8006[0m
[0;32mI (164437) KEYPAD: Last tls stack error number: 0x0[0m
[0;32mI (164437) KEYPAD: Last captured errno : 0 (Success)[0m
[0;32mI (164447) KEYPAD: MQTT disconnected[0m
Key pressed: A
Key pressed: B
GOI SO TIEP THEO
Key pressed: B
GOI SO TIEP THEO
[1;31mE (189457) esp-tls: [sock=54] select() timeout[0m
[1;31mE (189457) transport_base: Failed to open a new connection: 32774[0m
[1;31mE (189457) mqtt_client: Error transport connect[0m
[0;32mI (189457) KEYPAD: MQTT_EVENT_ERROR[0m
[0;32mI (189457) KEYPAD: Last error code reported from esp-tls: 0x8006[0m
[0;32mI (189467) KEYPAD: Last tls stack error number: 0x0[0m
[0;32mI (189467) KEYPAD: Last captured errno : 0 (Success)[0m
[0;32mI (189477) KEYPAD: MQTT disconnected[0m
[1;31mE (214487) esp-tls: [sock=54] select() timeout[0m
[1;31mE (214487) transport_base: Failed to open a new connection: 32774[0m
[1;31mE (214487) mqtt_client: Error transport connect[0m
[0;32mI (214487) KEYPAD: MQTT_EVENT_ERROR[0m
[0;32mI (214487) KEYPAD: Last error code reported from esp-tls: 0x8006[0m
[0;32mI (214497) KEYPAD: Last tls stack error number: 0x0[0m
[0;32mI (214497) KEYPAD: Last captured errno : 0 (Success)[0m
[0;32mI (214507) KEYPAD: MQTT disconnected[0m
[1;31mE (239517) esp-tls: [sock=54] select() timeout[0m
[1;31mE (239517) transport_base: Failed to open a new connection: 32774[0m
[1;31mE (239517) mqtt_client: Error transport connect[0m
[0;32mI (239517) KEYPAD: MQTT_EVENT_ERROR[0m
[0;32mI (239517) KEYPAD: Last error code reported from esp-tls: 0x8006[0m
[0;32mI (239527) KEYPAD: Last tls stack error number: 0x0[0m
[0;32mI (239527) KEYPAD: Last captured errno : 0 (Success)[0m
[0;32mI (239537) KEYPAD: MQTT disconnected[0m
[1;31mE (264547) esp-tls: [sock=54] select() timeout[0m
[1;31mE (264547) transport_base: Failed to open a new connection: 32774[0m
[1;31mE (264547) mqtt_client: Error transport connect[0m
[0;32mI (264547) KEYPAD: MQTT_EVENT_ERROR[0m
[0;32mI (264547) KEYPAD: Last error code reported from esp-tls: 0x8006[0m
[0;32mI (264557) KEYPAD: Last tls stack error number: 0x0[0m
[0;32mI (264557) KEYPAD: Last captured errno : 0 (Success)[0m
[0;32mI (264567) KEYPAD: MQTT disconnected[0m
[1;31mE (289577) esp-tls: [sock=54] select() timeout[0m
[1;31mE (289577) transport_base: Failed to open a new connection: 32774[0m
[1;31mE (289577) mqtt_client: Error transport connect[0m
[0;32mI (289577) KEYPAD: MQTT_EVENT_ERROR[0m
[0;32mI (289577) KEYPAD: Last error code reported from esp-tls: 0x8006[0m
[0;32mI (289587) KEYPAD: Last tls stack error number: 0x0[0m
[0;32mI (289587) KEYPAD: Last captured errno : 0 (Success)[0m
[0;32mI (289597) KEYPAD: MQTT disconnected[0m
[1;31mE (314607) esp-tls: [sock=54] select() timeout[0m
[1;31mE (314607) transport_base: Failed to open a new connection: 32774[0m
[1;31mE (314607) mqtt_client: Error transport connect[0m
[0;32mI (314607) KEYPAD: MQTT_EVENT_ERROR[0m
[0;32mI (314607) KEYPAD: Last error code reported from esp-tls: 0x8006[0m
[0;32mI (314617) KEYPAD: Last tls stack error number: 0x0[0m
[0;32mI (314617) KEYPAD: Last captured errno : 0 (Success)[0m
[0;32mI (314627) KEYPAD: MQTT disconnected[0m
[1;31mE (339637) esp-tls: [sock=54] select() timeout[0m
[1;31mE (339637) transport_base: Failed to open a new connection: 32774[0m
[1;31mE (339637) mqtt_client: Error transport connect[0m
[0;32mI (339637) KEYPAD: MQTT_EVENT_ERROR[0m
[0;32mI (339637) KEYPAD: Last error code reported from esp-tls: 0x8006[0m
[0;32mI (339647) KEYPAD: Last tls stack error number: 0x0[0m
[0;32mI (339647) KEYPAD: Last captured errno : 0 (Success)[0m
[0;32mI (339657) KEYPAD: MQTT disconnected[0m
[1;31mE (364667) esp-tls: [sock=54] select() timeout[0m
[1;31mE (364667) transport_base: Failed to open a new connection: 32774[0m
[1;31mE (364667) mqtt_client: Error transport connect[0m
[0;32mI (364667) KEYPAD: MQTT_EVENT_ERROR[0m
[0;32mI (364667) KEYPAD: Last error code reported from esp-tls: 0x8006[0m
[0;32mI (364677) KEYPAD: Last tls stack error number: 0x0[0m
[0;32mI (364677) KEYPAD: Last captured errno : 0 (Success)[0m
[0;32mI (364687) KEYPAD: MQTT disconnected[0m
[1;31mE (389697) esp-tls: [sock=54] select() timeout[0m
[1;31mE (389697) transport_base: Failed to open a new connection: 32774[0m
[1;31mE (389697) mqtt_client: Error transport connect[0m
[0;32mI (389697) KEYPAD: MQTT_EVENT_ERROR[0m
[0;32mI (389697) KEYPAD: Last error code reported from esp-tls: 0x8006[0m
[0;32mI (389707) KEYPAD: Last tls stack error number: 0x0[0m
[0;32mI (389707) KEYPAD: Last captured errno : 0 (Success)[0m
[0;32mI (389717) KEYPAD: MQTT disconnected[0m
[1;31mE (414727) esp-tls: [sock=54] select() timeout[0m
[1;31mE (414727) transport_base: Failed to open a new connection: 32774[0m
[1;31mE (414727) mqtt_client: Error transport connect[0m
[0;32mI (414727) KEYPAD: MQTT_EVENT_ERROR[0m
[0;32mI (414727) KEYPAD: Last error code reported from esp-tls: 0x8006[0m
[0;32mI (414737) KEYPAD: Last tls stack error number: 0x0[0m
[0;32mI (414737) KEYPAD: Last captured errno : 0 (Success)[0m
[0;32mI (414747) KEYPAD: MQTT disconnected[0m
[1;31mE (439757) esp-tls: [sock=54] select() timeout[0m
[1;31mE (439757) transport_base: Failed to open a new connection: 32774[0m
[1;31mE (439757) mqtt_client: Error transport connect[0m
[0;32mI (439757) KEYPAD: MQTT_EVENT_ERROR[0m
[0;32mI (439757) KEYPAD: Last error code reported from esp-tls: 0x8006[0m
[0;32mI (439767) KEYPAD: Last tls stack error number: 0x0[0m
[0;32mI (439767) KEYPAD: Last captured errno : 0 (Success)[0m
[0;32mI (439777) KEYPAD: MQTT disconnected[0m
[1;31mE (464787) esp-tls: [sock=54] select() timeout[0m
[1;31mE (464787) transport_base: Failed to open a new connection: 32774[0m
[1;31mE (464787) mqtt_client: Error transport connect[0m
[0;32mI (464787) KEYPAD: MQTT_EVENT_ERROR[0m
[0;32mI (464787) KEYPAD: Last error code reported from esp-tls: 0x8006[0m
[0;32mI (464797) KEYPAD: Last tls stack error number: 0x0[0m
[0;32mI (464797) KEYPAD: Last captured errno : 0 (Success)[0m
[0;32mI (464807) KEYPAD: MQTT disconnected[0m
[1;31mE (489817) esp-tls: [sock=54] select() timeout[0m
[1;31mE (489817) transport_base: Failed to open a new connection: 32774[0m
[1;31mE (489817) mqtt_client: Error transport connect[0m
[0;32mI (489817) KEYPAD: MQTT_EVENT_ERROR[0m
[0;32mI (489817) KEYPAD: Last error code reported from esp-tls: 0x8006[0m
[0;32mI (489827) KEYPAD: Last tls stack error number: 0x0[0m
[0;32mI (489827) KEYPAD: Last captured errno : 0 (Success)[0m
[0;32mI (489837) KEYPAD: MQTT disconnected[0m
ets Jul 29 2019 12:21:46

rst:0x1 (POWERON_RESET),boot:0x13 (SPI_FAST_FLASH_BOOT)
configsip: 0, SPIWP:0xee
clk_drv:0x00,q_drv:0x00,d_drv:0x00,cs0_drv:0x00,hd_drv:0x00,wp_drv:0x00
mode:DIO, clock div:2
load:0x3fff0030,len:6380
ho 0 tail 12 room 4
load:0x40078000,len:15916
load:0x40080400,len:3860
entry 0x40080638
[0;32mI (29) boot: ESP-IDF v5.5-dirty 2nd stage bootloader[0m
[0;32mI (29) boot: compile time Oct 19 2025 19:26:38[0m
[0;32mI (29) boot: Multicore bootloader[0m
[0;32mI (31) boot: chip revision: v3.0[0m
[0;32mI (34) boot.esp32: SPI Speed      : 40MHz[0m
[0;32mI (37) boot.esp32: SPI Mode       : DIO[0m
[0;32mI (41) boot.esp32: SPI Flash Size : 2MB[0m
[0;32mI (45) boot: Enabling RNG early entropy source...[0m
[0;32mI (49) boot: Partition Table:[0m
[0;32mI (52) boot: ## Label            Usage          Type ST Offset   Length[0m
[0;32mI (58) boot:  0 nvs              WiFi data        01 02 00009000 00006000[0m
[0;32mI (65) boot:  1 phy_init         RF data          01 01 0000f000 00001000[0m
[0;32mI (71) boot:  2 factory          factory app      00 00 00010000 00100000[0m
[0;32mI (78) boot: End of partition table[0m
[0;32mI (81) esp_image: segment 0: paddr=00010020 vaddr=3f400020 size=1f800h (129024) map[0m
[0;32mI (132) esp_image: segment 1: paddr=0002f828 vaddr=3ff80000 size=00020h (    32) load[0m
[0;32mI (133) esp_image: segment 2: paddr=0002f850 vaddr=3ffb0000 size=007c8h (  1992) load[0m
[0;32mI (137) esp_image: segment 3: paddr=00030020 vaddr=400d0020 size=a45cch (673228) map[0m
[0;32mI (374) esp_image: segment 4: paddr=000d45f4 vaddr=3ffb07c8 size=037f0h ( 14320) load[0m
[0;32mI (379) esp_image: segment 5: paddr=000d7dec vaddr=40080000 size=192e4h (103140) load[0m
[0;32mI (432) boot: Loaded app from partition at offset 0x10000[0m
[0;32mI (432) boot: Disabling RNG early entropy source...[0m
[0;32mI (442) cpu_start: Multicore app[0m
[0;32mI (451) cpu_start: Pro cpu start user code[0m
[0;32mI (451) cpu_start: cpu freq: 160000000 Hz[0m
[0;32mI (451) app_init: Application information:[0m
[0;32mI (451) app_init: Project name:     hello_world[0m
[0;32mI (455) app_init: App version:      v5.5-dirty[0m
[0;32mI (459) app_init: Compile time:     Oct 20 2025 20:55:32[0m
[0;32mI (464) app_init: ELF file SHA256:  b293f2f00...[0m
[0;32mI (469) app_init: ESP-IDF:          v5.5-dirty[0m
[0;32mI (473) efuse_init: Min chip rev:     v0.0[0m
[0;32mI (477) efuse_init: Max chip rev:     v3.99 [0m
[0;32mI (481) efuse_init: Chip rev:         v3.0[0m
[0;32mI (485) heap_init: Initializing. RAM available for dynamic allocation:[0m
[0;32mI (491) heap_init: At 3FFAE6E0 len 00001920 (6 KiB): DRAM[0m
[0;32mI (496) heap_init: At 3FFB8798 len 00027868 (158 KiB): DRAM[0m
[0;32mI (501) heap_init: At 3FFE0440 len 00003AE0 (14 KiB): D/IRAM[0m
[0;32mI (507) heap_init: At 3FFE4350 len 0001BCB0 (111 KiB): D/IRAM[0m
[0;32mI (512) heap_init: At 400992E4 len 00006D1C (27 KiB): IRAM[0m
[0;32mI (519) spi_flash: detected chip: generic[0m
[0;32mI (521) spi_flash: flash io: dio[0m
[0;33mW (524) spi_flash: Detected size(4096k) larger than the size in the binary image header(2048k). Using the size in the binary image header.[0m
[0;33mW (536) i2c: This driver is an old driver, please migrate your application code to adapt `driver/i2c_master.h`[0m
[0;32mI (547) main_task: Started on CPU0[0m
[0;32mI (557) main_task: Calling app_main()[0m
[0;32mI (557) KEYPAD: I2C initialized successfully[0m
ets Jul 29 2019 12:21:46

rst:0x1 (POWERON_RESET),boot:0x13 (SPI_FAST_FLASH_BOOT)
configsip: 0, SPIWP:0xee
clk_drv:0x00,q_drv:0x00,d_drv:0x00,cs0_drv:0x00,hd_drv:0x00,wp_drv:0x00
mode:DIO, clock div:2
load:0x3fff0030,len:6380
ho 0 tail 12 room 4
load:0x40078000,len:15916
load:0x40080400,len:3860
entry 0x40080638
[0;32mI (29) boot: ESP-IDF v5.5-dirty 2nd stage bootloader[0m
[0;32mI (29) boot: compile time Oct 19 2025 19:26:38[0m
[0;32mI (29) boot: Multicore bootloader[0m
[0;32mI (31) boot: chip revision: v3.0[0m
[0;32mI (34) boot.esp32: SPI Speed      : 40MHz[0m
[0;32mI (37) boot.esp32: SPI Mode       : DIO[0m
[0;32mI (41) boot.esp32: SPI Flash Size : 2MB[0m
[0;32mI (45) boot: Enabling RNG early entropy source...[0m
[0;32mI (49) boot: Partition Table:[0m
[0;32mI (52) boot: ## Label            Usage          Type ST Offset   Length[0m
[0;32mI (58) boot:  0 nvs              WiFi data        01 02 00009000 00006000[0m
[0;32mI (65) boot:  1 phy_init         RF data          01 01 0000f000 00001000[0m
[0;32mI (71) boot:  2 factory          factory app      00 00 00010000 00100000[0m
[0;32mI (78) boot: End of partition table[0m
[0;32mI (81) esp_image: segment 0: paddr=00010020 vaddr=3f400020 size=1f800h (129024) map[0m
[0;32mI (132) esp_image: segment 1: paddr=0002f828 vaddr=3ff80000 size=00020h (    32) load[0m
[0;32mI (133) esp_image: segment 2: paddr=0002f850 vaddr=3ffb0000 size=007c8h (  1992) load[0m
[0;32mI (137) esp_image: segment 3: paddr=00030020 vaddr=400d0020 size=a45cch (673228) map[0m
[0;32mI (374) esp_image: segment 4: paddr=000d45f4 vaddr=3ffb07c8 size=037f0h ( 14320) load[0m
[0;32mI (379) esp_image: segment 5: paddr=000d7dec vaddr=40080000 size=192e4h (103140) load[0m
[0;32mI (432) boot: Loaded app from partition at offset 0x10000[0m
[0;32mI (432) boot: Disabling RNG early entropy source...[0m
[0;32mI (442) cpu_start: Multicore app[0m
[0;32mI (451) cpu_start: Pro cpu start user code[0m
[0;32mI (451) cpu_start: cpu freq: 160000000 Hz[0m
[0;32mI (451) app_init: Application information:[0m
[0;32mI (451) app_init: Project name:     hello_world[0m
[0;32mI (455) app_init: App version:      v5.5-dirty[0m
[0;32mI (459) app_init: Compile time:     Oct 20 2025 20:55:32[0m
[0;32mI (464) app_init: ELF file SHA256:  b293f2f00...[0m
[0;32mI (469) app_init: ESP-IDF:          v5.5-dirty[0m
[0;32mI (473) efuse_init: Min chip rev:     v0.0[0m
[0;32mI (477) efuse_init: Max chip rev:     v3.99 [0m
[0;32mI (481) efuse_init: Chip rev:         v3.0[0m
[0;32mI (485) heap_init: Initializing. RAM available for dynamic allocation:[0m
[0;32mI (491) heap_init: At 3FFAE6E0 len 00001920 (6 KiB): DRAM[0m
[0;32mI (496) heap_init: At 3FFB8798 len 00027868 (158 KiB): DRAM[0m
[0;32mI (501) heap_init: At 3FFE0440 len 00003AE0 (14 KiB): D/IRAM[0m
[0;32mI (507) heap_init: At 3FFE4350 len 0001BCB0 (111 KiB): D/IRAM[0m
[0;32mI (512) heap_init: At 400992E4 len 00006D1C (27 KiB): IRAM[0m
[0;32mI (519) spi_flash: detected chip: generic[0m
[0;32mI (521) spi_flash: flash io: dio[0m
[0;33mW (524) spi_flash: Detected size(4096k) larger than the size in the binary image header(2048k). Using the size in the binary image header.[0m
[0;33mW (536) i2c: This driver is an old driver, please migrate your application code to adapt `driver/i2c_master.h`[0m
[0;32mI (547) main_task: Started on CPU0[0m
[0;32mI (557) main_task: Calling app_main()[0m
[0;32mI (557) KEYPAD: I2C initialized successfully[0m
[0;32mI (2147) KEYPAD: Starting keypad MQTT application[0m
[0;32mI (2197) wifi:wifi driver task: 3ffc099c, prio:23, stack:6656, core=0[0m
[0;32mI (2217) wifi:wifi firmware version: f3dbad7[0m
[0;32mI (2217) wifi:wifi certification version: v7.0[0m
[0;32mI (2217) wifi:config NVS flash: enabled[0m
[0;32mI (2217) wifi:config nano formatting: disabled[0m
[0;32mI (2217) wifi:Init data frame dynamic rx buffer num: 32[0m
[0;32mI (2227) wifi:Init static rx mgmt buffer num: 5[0m
[0;32mI (2227) wifi:Init management short buffer num: 32[0m
[0;32mI (2237) wifi:Init dynamic tx buffer num: 32[0m
[0;32mI (2237) wifi:Init static rx buffer size: 1600[0m
[0;32mI (2237) wifi:Init static rx buffer num: 10[0m
[0;32mI (2247) wifi:Init dynamic rx buffer num: 32[0m
[0;32mI (2247) wifi_init: rx ba win: 6[0m
[0;32mI (2247) wifi_init: accept mbox: 6[0m
[0;32mI (2257) wifi_init: tcpip mbox: 32[0m
[0;32mI (2257) wifi_init: udp mbox: 6[0m
[0;32mI (2257) wifi_init: tcp mbox: 6[0m
[0;32mI (2267) wifi_init: tcp tx win: 5760[0m
[0;32mI (2267) wifi_init: tcp rx win: 5760[0m
[0;32mI (2267) wifi_init: tcp mss: 1440[0m
[0;32mI (2277) wifi_init: WiFi IRAM OP enabled[0m
[0;32mI (2277) wifi_init: WiFi RX IRAM OP enabled[0m
[0;32mI (2357) phy_init: phy_version 4860,6b7a6e5,Feb  6 2025,14:47:07[0m
[0;32mI (2437) wifi:mode : sta (a8:42:e3:4c:7c:bc)[0m
[0;32mI (2437) wifi:enable tsf[0m
[0;32mI (2437) KEYPAD: WiFi initialized[0m
[0;32mI (2447) KEYPAD: WiFi STA started[0m
[0;32mI (2447) KEYPAD: Have a saved wifi network in NVS: Anh Kiet[0m
[0;33mW (3257) wifi:Password length matches WPA2 standards, authmode threshold changes from OPEN to WPA2[0m
[0;32mI (3327) wifi:flush txq[0m
[0;32mI (3327) wifi:stop sw txq[0m
[0;32mI (3337) wifi:lmac stop hw txq[0m
[0;32mI (3337) wifi:mode : sta (a8:42:e3:4c:7c:bc)[0m
[0;32mI (3337) wifi:enable tsf[0m
[0;32mI (3337) KEYPAD: WiFi STA started[0m
[1;31mE (3347) wifi:sta is connecting, return error[0m
[0;32mI (3597) wifi:new:<2,0>, old:<1,0>, ap:<255,255>, sta:<2,0>, prof:9, snd_ch_cfg:0x0[0m
[0;32mI (3597) wifi:state: init -> auth (0xb0)[0m
[0;32mI (3637) wifi:state: auth -> assoc (0x0)[0m
[0;32mI (3707) wifi:state: assoc -> run (0x10)[0m
[0;32mI (3817) wifi:connected with Anh Kiet, aid = 2, channel 2, BW20, bssid = cc:71:90:19:d2:f8[0m
[0;32mI (3817) wifi:security: WPA2-PSK, phy: bgn, rssi: -67[0m
[0;32mI (3827) wifi:pm start, type: 1[0m

[0;32mI (3827) wifi:dp: 1, bi: 102400, li: 3, scale listen interval from 307200 us to 307200 us[0m
[0;32mI (3827) KEYPAD: Connected to SSID:Anh Kiet, channel:2[0m
[0;32mI (3907) wifi:AP's beacon interval = 102400 us, DTIM period = 1[0m
[0;32mI (5127) esp_netif_handlers: sta ip: 192.168.1.4, mask: 255.255.255.0, gw: 192.168.1.1[0m
[0;32mI (5127) KEYPAD: WiFi connected, got IP[0m
[0;32mI (5367) KEYPAD: MQTT initialized[0m
[0;32mI (5367) wifi:<ba-add>idx:0 (ifx:0, cc:71:90:19:d2:f8), tid:0, ssn:5, winSize:64[0m
[1;31mE (15377) esp-tls: [sock=54] select() timeout[0m
[1;31mE (15377) transport_base: Failed to open a new connection: 32774[0m
[1;31mE (15377) mqtt_client: Error transport connect[0m
[0;32mI (15377) KEYPAD: MQTT_EVENT_ERROR[0m
[0;32mI (15377) KEYPAD: Last error code reported from esp-tls: 0x8006[0m
[0;32mI (15387) KEYPAD: Last tls stack error number: 0x0[0m
[0;32mI (15387) KEYPAD: Last captured errno : 0 (Success)[0m
[0;32mI (15397) KEYPAD: MQTT disconnected[0m
[1;31mE (40407) esp-tls: [sock=54] select() timeout[0m
[1;31mE (40407) transport_base: Failed to open a new connection: 32774[0m
[1;31mE (40407) mqtt_client: Error transport connect[0m
[0;32mI (40407) KEYPAD: MQTT_EVENT_ERROR[0m
[0;32mI (40407) KEYPAD: Last error code reported from esp-tls: 0x8006[0m
[0;32mI (40417) KEYPAD: Last tls stack error number: 0x0[0m
[0;32mI (40417) KEYPAD: Last captured errno : 0 (Success)[0m
[0;32mI (40427) KEYPAD: MQTT disconnected[0m
