Command: D:\ESP32_IDF\Espressif\python_env\idf5.5_py3.11_env\Scripts\python.exe D:\ESP32_IDF\Espressif\frameworks\esp-idf-v5.5\tools/idf_monitor.py -p COM3 -b 115200 --toolchain-prefix xtensa-esp32-elf- --target esp32 --revision 0 D:\ESP32_IDF\Espressif\frameworks\esp-idf-v5.5\examples\get-started\agribank demo\build\hello_world.elf D:\ESP32_IDF\Espressif\frameworks\esp-idf-v5.5\examples\get-started\agribank demo\build\bootloader\bootloader.elf --force-color -m 'D:\ESP32_IDF\Espressif\python_env\idf5.5_py3.11_env\Scripts\python.exe' 'D:\ESP32_IDF\Espressif\frameworks\esp-idf-v5.5\tools\idf.py' '-p' 'COM3'
J&S	ï¿½ï¿½Ñ¹esp32: SPI Speed    ï¿½ets Jul 29 2019 12:21:46

rst:0x1 (POWERON_RESET),boot:0x13 (SPI_FAST_FLASH_BOOT)
configsip: 0, SPIWP:0xee
clk_drv:0x00,q_drv:0x00,d_drv:0x00,cs0_drv:0x00,hd_drv:0x00,wp_drv:0x00
mode:DIO, clock div:2
load:0x3fff0030,len:6380
ho 0 tail 12 room 4
load:0x40078000,len:15916
load:0x40080400,len:3860
entry 0x40080638
[0;32mI (29) boot: ESP-IDF v5.5-dirty 2nd stage bootloader[0m
[0;32mI (29) boot: compile time Oct 19 2025 19:26:38[0m
[0;32mI (29) boot: Multicore bootloader[0m
[0;32mI (31) boot: chip revision: v3.0[0m
[0;32mI (34) boot.esp32: SPI Speed      : 40MHz[0m
[0;32mI (37) boot.esp32: SPI Mode       : DIO[0m
[0;32mI (41) boot.esp32: SPI Flash Size : 2MB[0m
[0;32mI (45) boot: Enabling RNG early entropy source...[0m
[0;32mI (49) boot: Partition Table:[0m
[0;32mI (52) boot: ## Label            Usage          Type ST Offset   Length[0m
[0;32mI (58) boot:  0 nvs              WiFi data        01 02 00009000 00006000[0m
[0;32mI (65) boot:  1 phy_init         RF data          01 01 0000f000 00001000[0m
[0;32mI (71) boot:  2 factory          factory app      00 00 00010000 00100000[0m
[0;32mI (78) boot: End of partition table[0m
[0;32mI (81) esp_image: segment 0: paddr=00010020 vaddr=3f400020 size=1ddc8h (122312) map[0m
[0;32mI (130) esp_image: segment 1: paddr=0002ddf0 vaddr=3ff80000 size=00020h (    32) load[0m
[0;32mI (130) esp_image: segment 2: paddr=0002de18 vaddr=3ffb0000 size=02200h (  8704) load[0m
[0;32mI (137) esp_image: segment 3: paddr=00030020 vaddr=400d0020 size=9d4f4h (644340) map[0m
[0;32mI (362) esp_image: segment 4: paddr=000cd51c vaddr=3ffb2200 size=01d18h (  7448) load[0m
[0;32mI (365) esp_image: segment 5: paddr=000cf23c vaddr=40080000 size=17fa4h ( 98212) load[0m
[0;32mI (415) boot: Loaded app from partition at offset 0x10000[0m
[0;32mI (416) boot: Disabling RNG early entropy source...[0m
[0;32mI (426) cpu_start: Multicore app[0m
[0;32mI (434) cpu_start: Pro cpu start user code[0m
[0;32mI (434) cpu_start: cpu freq: 160000000 Hz[0m
[0;32mI (434) app_init: Application information:[0m
[0;32mI (435) app_init: Project name:     hello_world[0m
[0;32mI (439) app_init: App version:      v5.5-dirty[0m
[0;32mI (443) app_init: Compile time:     Oct 19 2025 19:25:48[0m
[0;32mI (448) app_init: ELF file SHA256:  c16037003...[0m
[0;32mI (452) app_init: ESP-IDF:          v5.5-dirty[0m
[0;32mI (456) efuse_init: Min chip rev:     v0.0[0m
[0;32mI (460) efuse_init: Max chip rev:     v3.99 [0m
[0;32mI (464) efuse_init: Chip rev:         v3.0[0m
[0;32mI (468) heap_init: Initializing. RAM available for dynamic allocation:[0m
[0;32mI (475) heap_init: At 3FFAE6E0 len 00001920 (6 KiB): DRAM[0m
[0;32mI (479) heap_init: At 3FFB8500 len 00027B00 (158 KiB): DRAM[0m
[0;32mI (485) heap_init: At 3FFE0440 len 00003AE0 (14 KiB): D/IRAM[0m
[0;32mI (490) heap_init: At 3FFE4350 len 0001BCB0 (111 KiB): D/IRAM[0m
[0;32mI (496) heap_init: At 40097FA4 len 0000805C (32 KiB): IRAM[0m
[0;32mI (502) spi_flash: detected chip: generic[0m
[0;32mI (505) spi_flash: flash io: dio[0m
[0;33mW (508) spi_flash: Detected size(4096k) larger than the size in the binary image header(2048k). Using the size in the binary image header.[0m
[0;32mI (521) main_task: Started on CPU0[0m
[0;32mI (531) main_task: Calling app_main()[0m
[0;32mI (531) KEYPAD: Starting keypad MQTT application[0m
[0;32mI (581) wifi:wifi driver task: 3ffbf314, prio:23, stack:6656, core=0[0m
[0;32mI (601) wifi:wifi firmware version: f3dbad7[0m
[0;32mI (601) wifi:wifi certification version: v7.0[0m
[0;32mI (601) wifi:config NVS flash: enabled[0m
[0;32mI (601) wifi:config nano formatting: disabled[0m
[0;32mI (601) wifi:Init data frame dynamic rx buffer num: 32[0m
[0;32mI (611) wifi:Init static rx mgmt buffer num: 5[0m
[0;32mI (611) wifi:Init management short buffer num: 32[0m
[0;32mI (611) wifi:Init dynamic tx buffer num: 32[0m
[0;32mI (621) wifi:Init static rx buffer size: 1600[0m
[0;32mI (621) wifi:Init static rx buffer num: 10[0m
[0;32mI (631) wifi:Init dynamic rx buffer num: 32[0m
[0;32mI (631) wifi_init: rx ba win: 6[0m
[0;32mI (631) wifi_init: accept mbox: 6[0m
[0;32mI (641) wifi_init: tcpip mbox: 32[0m
[0;32mI (641) wifi_init: udp mbox: 6[0m
[0;32mI (641) wifi_init: tcp mbox: 6[0m
[0;32mI (651) wifi_init: tcp tx win: 5760[0m
[0;32mI (651) wifi_init: tcp rx win: 5760[0m
[0;32mI (651) wifi_init: tcp mss: 1440[0m
[0;32mI (651) wifi_init: WiFi IRAM OP enabled[0m
[0;32mI (661) wifi_init: WiFi RX IRAM OP enabled[0m
[0;33mW (661) wifi:Password length matches WPA2 standards, authmode threshold changes from OPEN to WPA2[0m
[0;32mI (671) phy_init: phy_version 4860,6b7a6e5,Feb  6 2025,14:47:07[0m
[0;32mI (761) wifi:mode : sta (a8:42:e3:4c:7c:bc)[0m
[0;32mI (761) wifi:enable tsf[0m
[0;32mI (771) KEYPAD: WiFi initialized[0m
[0;32mI (781) wifi:new:<2,0>, old:<1,0>, ap:<255,255>, sta:<2,0>, prof:9, snd_ch_cfg:0x0[0m
[0;32mI (781) wifi:state: init -> auth (0xb0)[0m
[0;32mI (791) wifi:state: auth -> assoc (0x0)[0m
[0;32mI (811) wifi:state: assoc -> run (0x10)[0m
[0;32mI (921) wifi:connected with Anh Kiet, aid = 5, channel 2, BW20, bssid = cc:71:90:19:d2:f8[0m
[0;32mI (921) wifi:security: WPA2-PSK, phy: bgn, rssi: -75[0m
[0;32mI (931) wifi:pm start, type: 1[0m

[0;32mI (931) wifi:dp: 1, bi: 102400, li: 3, scale listen interval from 307200 us to 307200 us[0m

assert failed: tcpip_inpkt /IDF/components/lwip/lwip/src/api/tcpip.c:257 (Invalid mbox)


Backtrace: 0x40081c9d:0x3ffbefa0 0x40088d91:0x3ffbefc0 0x40090ab1:0x3ffbefe0 0x400e57d7:0x3ffbf100 0x400e5825:0x3ffbf120 0x40140c5e:0x3ffbf140 0x400f8762:0x3ffbf160 0x40088db9:0x3ffbf190 0x400906cf:0x3ffbf1b0 0x40090785:0x3ffbf210 0x40095015:0x3ffbf230 0x40091fbf:0x3ffbf250 0x40089835:0x3ffbf280




ELF file SHA256: c16037003

Rebooting...
ets Jul 29 2019 12:21:46

rst:0xc (SW_CPU_RESET),boot:0x13 (SPI_FAST_FLASH_BOOT)
configsip: 0, SPIWP:0xee
clk_drv:0x00,q_drv:0x00,d_drv:0x00,cs0_drv:0x00,hd_drv:0x00,wp_drv:0x00
mode:DIO, clock div:2
load:0x3fff0030,len:6380
ho 0 tail 12 room 4
load:0x40078000,len:15916
load:0x40080400,len:3860
entry 0x40080638
[0;32mI (29) boot: ESP-IDF v5.5-dirty 2nd stage bootloader[0m
[0;32mI (29) boot: compile time Oct 19 2025 19:26:38[0m
[0;32mI (29) boot: Multicore bootloader[0m
[0;32mI (31) boot: chip revision: v3.0[0m
[0;32mI (34) boot.esp32: SPI Speed      : 40MHz[0m
[0;32mI (37) boot.esp32: SPI Mode       : DIO[0m
[0;32mI (41) boot.esp32: SPI Flash Size : 2MB[0m
[0;32mI (45) boot: Enabling RNG early entropy source...[0m
[0;32mI (49) boot: Partition Table:[0m
[0;32mI (52) boot: ## Label            Usage          Type ST Offset   Length[0m
[0;32mI (58) boot:  0 nvs              WiFi data        01 02 00009000 00006000[0m
[0;32mI (64) boot:  1 phy_init         RF data          01 01 0000f000 00001000[0m
[0;32mI (71) boot:  2 factory          factory app      00 00 00010000 00100000[0m
[0;32mI (78) boot: End of partition table[0m
[0;32mI (81) esp_image: segment 0: paddr=00010020 vaddr=3f400020 size=1ddc8h (122312) map[0m
[0;32mI (130) esp_image: segment 1: paddr=0002ddf0 vaddr=3ff80000 size=00020h (    32) load[0m
[0;32mI (130) esp_image: segment 2: paddr=0002de18 vaddr=3ffb0000 size=02200h (  8704) load[0m
[0;32mI (137) esp_image: segment 3: paddr=00030020 vaddr=400d0020 size=9d4f4h (644340) map[0m
[0;32mI (362) esp_image: segment 4: paddr=000cd51c vaddr=3ffb2200 size=01d18h (  7448) load[0m
[0;32mI (365) esp_image: segment 5: paddr=000cf23c vaddr=40080000 size=17fa4h ( 98212) load[0m
[0;32mI (415) boot: Loaded app from partition at offset 0x10000[0m
[0;32mI (415) boot: Disabling RNG early entropy source...[0m
[0;32mI (426) cpu_start: Multicore app[0m
[0;32mI (434) cpu_start: Pro cpu start user code[0m
[0;32mI (434) cpu_start: cpu freq: 160000000 Hz[0m
[0;32mI (434) app_init: Application information:[0m
[0;32mI (434) app_init: Project name:     hello_world[0m
[0;32mI (439) app_init: App version:      v5.5-dirty[0m
[0;32mI (443) app_init: Compile time:     Oct 19 2025 19:25:48[0m
[0;32mI (448) app_init: ELF file SHA256:  c16037003...[0m
[0;32mI (452) app_init: ESP-IDF:          v5.5-dirty[0m
[0;32mI (456) efuse_init: Min chip rev:     v0.0[0m
[0;32mI (460) efuse_init: Max chip rev:     v3.99 [0m
[0;32mI (464) efuse_init: Chip rev:         v3.0[0m
[0;32mI (468) heap_init: Initializing. RAM available for dynamic allocation:[0m
[0;32mI (474) heap_init: At 3FFAE6E0 len 00001920 (6 KiB): DRAM[0m
[0;32mI (479) heap_init: At 3FFB8500 len 00027B00 (158 KiB): DRAM[0m
[0;32mI (485) heap_init: At 3FFE0440 len 00003AE0 (14 KiB): D/IRAM[0m
[0;32mI (490) heap_init: At 3FFE4350 len 0001BCB0 (111 KiB): D/IRAM[0m
[0;32mI (496) heap_init: At 40097FA4 len 0000805C (32 KiB): IRAM[0m
[0;32mI (502) spi_flash: detected chip: generic[0m
[0;32mI (504) spi_flash: flash io: dio[0m
[0;33mW (507) spi_flash: Detected size(4096k) larger than the size in the binary image header(2048k). Using the size in the binary image header.[0m
[0;32mI (521) main_task: Started on CPU0[0m
[0;32mI (531) main_task: Calling app_main()[0m
[0;32mI (531) KEYPAD: Starting keypad MQTT application[0m
[0;32mI (581) wifi:wifi driver task: 3ffbf314, prio:23, stack:6656, core=0[0m
[0;32mI (601) wifi:wifi firmware version: f3dbad7[0m
[0;32mI (601) wifi:wifi certification version: v7.0[0m
[0;32mI (601) wifi:config NVS flash: enabled[0m
I (601) wifi:config nano formatting: disabled
[0;32mI (601) wifi:Init data frame dynamic rx buffer num: 32[0m
[0;32mI (611) wifi:Init static rx mgmt buffer num: 5[0m
[0;32mI (611) wifi:Init management short buffer num: 32[0m
[0;32mI (611) wifi:Init dynamic tx buffer num: 32[0m
[0;32mI (621) wifi:Init static rx buffer size: 1600[0m
[0;32mI (621) wifi:Init static rx buffer num: 10[0m
[0;32mI (631) wifi:Init dynamic rx buffer num: 32[0m
[0;32mI (631) wifi_init: rx ba win: 6[0m
[0;32mI (631) wifi_init: accept mbox: 6[0m
[0;32mI (641) wifi_init: tcpip mbox: 32[0m
[0;32mI (641) wifi_init: udp mbox: 6[0m
[0;32mI (641) wifi_init: tcp mbox: 6[0m
[0;32mI (651) wifi_init: tcp tx win: 5760[0m
[0;32mI (651) wifi_init: tcp rx win: 5760[0m
[0;32mI (651) wifi_init: tcp mss: 1440[0m
[0;32mI (651) wifi_init: WiFi IRAM OP enabled[0m
[0;32mI (661) wifi_init: WiFi RX IRAM OP enabled[0m
[0;33mW (661) wifi:Password length matches WPA2 standards, authmode threshold changes from OPEN to WPA2[0m
[0;32mI (671) phy_init: phy_version 4860,6b7a6e5,Feb  6 2025,14:47:07[0m
[0;32mI (761) wifi:mode : sta (a8:42:e3:4c:7c:bc)[0m
[0;32mI (761) wifi:enable tsf[0m
[0;32mI (771) KEYPAD: WiFi initialized[0m
[0;32mI (781) wifi:new:<2,0>, old:<1,0>, ap:<255,255>, sta:<2,0>, prof:9, snd_ch_cfg:0x0[0m
[0;32mI (781) wifi:state: init -> auth (0xb0)[0m
[0;32mI (801) wifi:state: auth -> assoc (0x0)[0m
[0;32mI (851) wifi:state: assoc -> run (0x10)[0m
[0;32mI (961) wifi:connected with Anh Kiet, aid = 5, channel 2, BW20, bssid = cc:71:90:19:d2:f8[0m
[0;32mI (961) wifi:security: WPA2-PSK, phy: bgn, rssi: -68[0m
[0;32mI (961) wifi:pm start, type: 1[0m

[0;32mI (961) wifi:dp: 1, bi: 102400, li: 3, scale listen interval from 307200 us to 307200 us[0m

assert failed: tcpip_inpkt /IDF/components/lwip/lwip/src/api/tcpip.c:257 (Invalid mbox)


Backtrace: 0x40081c9d:0x3ffbefa0 0x40088d91:0x3ffbefc0 0x40090ab1:0x3ffbefe0 0x400e57d7:0x3ffbf100 0x400e5825:0x3ffbf120 0x40140c5e:0x3ffbf140 0x400f8762:0x3ffbf160 0x40088db9:0x3ffbf190 0x400906cf:0x3ffbf1b0 0x40090785:0x3ffbf210 0x40095015:0x3ffbf230 0x40091fbf:0x3ffbf250 0x40089835:0x3ffbf280




ELF file SHA256: c16037003

Rebooting...
ets Jul 29 2019 12:21:46

rst:0xc (SW_CPU_RESET),boot:0x13 (SPI_FAST_FLASH_BOOT)
configsip: 0, SPIWP:0xee
clk_drv:0x00,q_drv:0x00,d_drv:0x00,cs0_drv:0x00,hd_drv:0x00,wp_drv:0x00
mode:DIO, clock div:2
load:0x3fff0030,len:6380
ho 0 tail 12 room 4
load:0x40078000,len:15916
load:0x40080400,len:3860
entry 0x40080638
[0;32mI (29) boot: ESP-IDF v5.5-dirty 2nd stage bootloader[0m
[0;32mI (29) boot: compile time Oct 19 2025 19:26:38[0m
[0;32mI (29) boot: Multicore bootloader[0m
[0;32mI (31) boot: chip revision: v3.0[0m
[0;32mI (34) boot.esp32: SPI Speed      : 40MHz[0m
[0;32mI (37) boot.esp32: SPI Mode       : DIO[0m
[0;32mI (41) boot.esp32: SPI Flash Size : 2MB[0m
[0;32mI (45) boot: Enabling RNG early entropy source...[0m
[0;32mI (49) boot: Partition Table:[0m
[0;32mI (52) boot: ## Label            Usage          Type ST Offset   Length[0m
[0;32mI (58) boot:  0 nvs              WiFi data        01 02 00009000 00006000[0m
[0;32mI (64) boot:  1 phy_init         RF data          01 01 0000f000 00001000[0m
[0;32mI (71) boot:  2 factory          factory app      00 00 00010000 00100000[0m
[0;32mI (78) boot: End of partition table[0m
[0;32mI (81) esp_image: segment 0: paddr=00010020 vaddr=3f400020 size=1ddc8h (122312) map[0m
[0;32mI (130) esp_image: segment 1: paddr=0002ddf0 vaddr=3ff80000 size=00020h (    32) load[0m
[0;32mI (130) esp_image: segment 2: paddr=0002de18 vaddr=3ffb0000 size=02200h (  8704) load[0m
[0;32mI (137) esp_image: segment 3: paddr=00030020 vaddr=400d0020 size=9d4f4h (644340) map[0m
[0;32mI (362) esp_image: segment 4: paddr=000cd51c vaddr=3ffb2200 size=01d18h (  7448) load[0m
[0;32mI (365) esp_image: segment 5: paddr=000cf23c vaddr=40080000 size=17fa4h ( 98212) load[0m
[0;32mI (415) boot: Loaded app from partition at offset 0x10000[0m
[0;32mI (415) boot: Disabling RNG early entropy source...[0m
[0;32mI (426) cpu_start: Multicore app[0m
[0;32mI (434) cpu_start: Pro cpu start user code[0m
[0;32mI (434) cpu_start: cpu freq: 160000000 Hz[0m
[0;32mI (434) app_init: Application information:[0m
[0;32mI (434) app_init: Project name:     hello_world[0m
[0;32mI (439) app_init: App version:      v5.5-dirty[0m
[0;32mI (443) app_init: Compile time:     Oct 19 2025 19:25:48[0m
[0;32mI (448) app_init: ELF file SHA256:  c16037003...[0m
[0;32mI (452) app_init: ESP-IDF:          v5.5-dirty[0m
[0;32mI (456) efuse_init: Min chip rev:     v0.0[0m
[0;32mI (460) efuse_init: Max chip rev:     v3.99 [0m
[0;32mI (464) efuse_init: Chip rev:         v3.0[0m
[0;32mI (468) heap_init: Initializing. RAM available for dynamic allocation:[0m
[0;32mI (474) heap_init: At 3FFAE6E0 len 00001920 (6 KiB): DRAM[0m
[0;32mI (479) heap_init: At 3FFB8500 len 00027B00 (158 KiB): DRAM[0m
[0;32mI (485) heap_init: At 3FFE0440 len 00003AE0 (14 KiB): D/IRAM[0m
[0;32mI (490) heap_init: At 3FFE4350 len 0001BCB0 (111 KiB): D/IRAM[0m
[0;32mI (496) heap_init: At 40097FA4 len 0000805C (32 KiB): IRAM[0m
[0;32mI (502) spi_flash: detected chip: generic[0m
[0;32mI (504) spi_flash: flash io: dio[0m
[0;33mW (507) spi_flash: Detected size(4096k) larger than the size in the binary image header(2048k). Using the size in the binary image header.[0m
[0;32mI (521) main_task: Started on CPU0[0m
[0;32mI (531) main_task: Calling app_main()[0m
[0;32mI (531) KEYPAD: Starting keypad MQTT application[0m
[0;32mI (581) wifi:wifi driver task: 3ffbf314, prio:23, stack:6656, core=0[0m
[0;32mI (601) wifi:wifi firmware version: f3dbad7[0m
[0;32mI (601) wifi:wifi certification version: v7.0[0m
[0;32mI (601) wifi:config NVS flash: enabled[0m
[0;32mI (601) wifi:config nano formatting: disabled[0m
[0;32mI (601) wifi:Init data frame dynamic rx buffer num: 32[0m
[0;32mI (611) wifi:Init static rx mgmt buffer num: 5[0m
[0;32mI (611) wifi:Init management short buffer num: 32[0m
[0;32mI (611) wifi:Init dynamic tx buffer num: 32[0m
[0;32mI (621) wifi:Init static rx buffer size: 1600[0m
[0;32mI (621) wifi:Init static rx buffer num: 10[0m
[0;32mI (631) wifi:Init dynamic rx buffer num: 32[0m
[0;32mI (631) wifi_init: rx ba win: 6[0m
[0;32mI (631) wifi_init: accept mbox: 6[0m
[0;32mI (641) wifi_init: tcpip mbox: 32[0m
[0;32mI (641) wifi_init: udp mbox: 6[0m
[0;32mI (641) wifi_init: tcp mbox: 6[0m
[0;32mI (651) wifi_init: tcp tx win: 5760[0m
[0;32mI (651) wifi_init: tcp rx win: 5760[0m
[0;32mI (651) wifi_init: tcp mss: 1440[0m
[0;32mI (651) wifi_init: WiFi IRAM OP enabled[0m
[0;32mI (661) wifi_init: WiFi RX IRAM OP enabled[0m
[0;33mW (661) wifi:Password length matches WPA2 standards, authmode threshold changes from OPEN to WPA2[0m
[0;32mI (671) phy_init: phy_version 4860,6b7a6e5,Feb  6 2025,14:47:07[0m
[0;32mI (761) wifi:mode : sta (a8:42:e3:4c:7c:bc)[0m
[0;32mI (761) wifi:enable tsf[0m
[0;32mI (771) KEYPAD: WiFi initialized[0m
[0;32mI (781) wifi:new:<2,0>, old:<1,0>, ap:<255,255>, sta:<2,0>, prof:9, snd_ch_cfg:0x0[0m
[0;32mI (781) wifi:state: init -> auth (0xb0)[0m
[0;32mI (821) wifi:state: auth -> assoc (0x0)[0m
[0;32mI (891) wifi:state: assoc -> run (0x10)[0m
[0;32mI (1021) wifi:connected with Anh Kiet, aid = 6, channel 2, BW20, bssid = cc:71:90:19:d2:f8[0m
[0;32mI (1021) wifi:security: WPA2-PSK, phy: bgn, rssi: -67[0m
[0;32mI (1021) wifi:pm start, type: 1[0m

[0;32mI (1021) wifi:dp: 1, bi: 102400, li: 3, scale listen interval from 307200 us to 307200 us[0m

assert failed: tcpip_inpkt /IDF/components/lwip/lwip/src/api/tcpip.c:257 (Invalid mbox)


Backtrace: 0x40081c9d:0x3ffbefa0 0x40088d91:0x3ffbefc0 0x40090ab1:0x3ffbefe0 0x400e57d7:0x3ffbf100 0x400e5825:0x3ffbf120 0x40140c5e:0x3ffbf140 0x400f8762:0x3ffbf160 0x40088db9:0x3ffbf190 0x400906cf:0x3ffbf1b0 0x40090785:0x3ffbf210 0x40095015:0x3ffbf230 0x40091fbf:0x3ffbf250 0x40089835:0x3ffbf280




ELF file SHA256: c16037003

Rebooting...
ets Jul 29 2019 12:21:46

rst:0xc (SW_CPU_RESET),boot:0x13 (SPI_FAST_FLASH_BOOT)
configsip: 0, SPIWP:0xee
clk_drv:0x00,q_drv:0x00,d_drv:0x00,cs0_drv:0x00,hd_drv:0x00,wp_drv:0x00
mode:DIO, clock div:2
load:0x3fff0030,len:6380
ho 0 tail 12 room 4
load:0x40078000,len:15916
load:0x40080400,len:3860
entry 0x40080638
[0;32mI (29) boot: ESP-IDF v5.5-dirty 2nd stage bootloader[0m
[0;32mI (29) boot: compile time Oct 19 2025 19:26:38[0m
[0;32mI (29) boot: Multicore bootloader[0m
[0;32mI (31) boot: chip revision: v3.0[0m
[0;32mI (34) boot.esp32: SPI Speed      : 40MHz[0m
[0;32mI (37) boot.esp32: SPI Mode       : DIO[0m
[0;32mI (41) boot.esp32: SPI Flash Size : 2MB[0m
[0;32mI (45) boot: Enabling RNG early entropy source...[0m
[0;32mI (49) boot: Partition Table:[0m
[0;32mI (52) boot: ## Label            Usage          Type ST Offset   Length[0m
[0;32mI (58) boot:  0 nvs              WiFi data        01 02 00009000 00006000[0m
[0;32mI (64) boot:  1 phy_init         RF data          01 01 0000f000 00001000[0m
[0;32mI (71) boot:  2 factory          factory app      00 00 00010000 00100000[0m
[0;32mI (78) boot: End of partition table[0m
[0;32mI (81) esp_image: segment 0: paddr=00010020 vaddr=3f400020 size=1ddc8h (122312) map[0m
[0;32mI (130) esp_image: segment 1: paddr=0002ddf0 vaddr=3ff80000 size=00020h (    32) load[0m
[0;32mI (130) esp_image: segment 2: paddr=0002de18 vaddr=3ffb0000 size=02200h (  8704) load[0m
[0;32mI (137) esp_image: segment 3: paddr=00030020 vaddr=400d0020 size=9d4f4h (644340) map[0m
[0;32mI (362) esp_image: segment 4: paddr=000cd51c vaddr=3ffb2200 size=01d18h (  7448) load[0m
[0;32mI (365) esp_image: segment 5: paddr=000cf23c vaddr=40080000 size=17fa4h ( 98212) load[0m
[0;32mI (415) boot: Loaded app from partition at offset 0x10000[0m
[0;32mI (415) boot: Disabling RNG early entropy source...[0m
[0;32mI (426) cpu_start: Multicore app[0m
[0;32mI (434) cpu_start: Pro cpu start user code[0m
[0;32mI (434) cpu_start: cpu freq: 160000000 Hz[0m
[0;32mI (434) app_init: Application information:[0m
[0;32mI (434) app_init: Project name:     hello_world[0m
[0;32mI (439) app_init: App version:      v5.5-dirty[0m
[0;32mI (443) app_init: Compile time:     Oct 19 2025 19:25:48[0m
[0;32mI (448) app_init: ELF file SHA256:  c16037003...[0m
[0;32mI (452) app_init: ESP-IDF:          v5.5-dirty[0m
[0;32mI (456) efuse_init: Min chip rev:     v0.0[0m
[0;32mI (460) efuse_init: Max chip rev:     v3.99 [0m
[0;32mI (464) efuse_init: Chip rev:         v3.0[0m
[0;32mI (468) heap_init: Initializing. RAM available for dynamic allocation:[0m
[0;32mI (474) heap_init: At 3FFAE6E0 len 00001920 (6 KiB): DRAM[0m
[0;32mI (479) heap_init: At 3FFB8500 len 00027B00 (158 KiB): DRAM[0m
[0;32mI (485) heap_init: At 3FFE0440 len 00003AE0 (14 KiB): D/IRAM[0m
[0;32mI (490) heap_init: At 3FFE4350 len 0001BCB0 (111 KiB): D/IRAM[0m
[0;32mI (496) heap_init: At 40097FA4 len 0000805C (32 KiB): IRAM[0m
[0;32mI (502) spi_flash: detected chip: generic[0m
[0;32mI (504) spi_flash: flash io: dio[0m
[0;33mW (507) spi_flash: Detected size(4096k) larger than the size in the binary image header(2048k). Using the size in the binary image header.[0m
[0;32mI (521) main_task: Started on CPU0[0m
[0;32mI (531) main_task: Calling app_main()[0m
[0;32mI (531) KEYPAD: Starting keypad MQTT application[0m
[0;32mI (581) wifi:wifi driver task: 3ffbf314, prio:23, stack:6656, core=0[0m
[0;32mI (601) wifi:wifi firmware version: f3dbad7[0m
[0;32mI (601) wifi:wifi certification version: v7.0[0m
[0;32mI (601) wifi:config NVS flash: enabled[0m
[0;32mI (601) wifi:config nano formatting: disabled[0m
[0;32mI (601) wifi:Init data frame dynamic rx buffer num: 32[0m
[0;32mI (611) wifi:Init static rx mgmt buffer num: 5[0m
[0;32mI (611) wifi:Init management short buffer num: 32[0m
[0;32mI (611) wifi:Init dynamic tx buffer num: 32[0m
[0;32mI (621) wifi:Init static rx buffer size: 1600[0m
[0;32mI (621) wifi:Init static rx buffer num: 10[0m
[0;32mI (631) wifi:Init dynamic rx buffer num: 32[0m
[0;32mI (631) wifi_init: rx ba win: 6[0m
[0;32mI (631) wifi_init: accept mbox: 6[0m
[0;32mI (641) wifi_init: tcpip mbox: 32[0m
[0;32mI (641) wifi_init: udp mbox: 6[0m
[0;32mI (641) wifi_init: tcp mbox: 6[0m
[0;32mI (651) wifi_init: tcp tx win: 5760[0m
[0;32mI (651) wifi_init: tcp rx win: 5760[0m
[0;32mI (651) wifi_init: tcp mss: 1440[0m
[0;32mI (651) wifi_init: WiFi IRAM OP enabled[0m
[0;32mI (661) wifi_init: WiFi RX IRAM OP enabled[0m
[0;33mW (661) wifi:Password length matches WPA2 standards, authmode threshold changes from OPEN to WPA2[0m
[0;32mI (671) phy_init: phy_version 4860,6b7a6e5,Feb  6 2025,14:47:07[0m
[0;32mI (761) wifi:mode : sta (a8:42:e3:4c:7c:bc)[0m
[0;32mI (761) wifi:enable tsf[0m
[0;32mI (771) KEYPAD: WiFi initialized[0m
[0;32mI (781) wifi:new:<2,0>, old:<1,0>, ap:<255,255>, sta:<2,0>, prof:9, snd_ch_cfg:0x0[0m
[0;32mI (781) wifi:state: init -> auth (0xb0)[0m
[0;32mI (801) wifi:state: auth -> assoc (0x0)[0m
[0;32mI (881) wifi:state: assoc -> run (0x10)[0m
[0;32mI (991) wifi:connected with Anh Kiet, aid = 5, channel 2, BW20, bssid = cc:71:90:19:d2:f8[0m
[0;32mI (991) wifi:security: WPA2-PSK, phy: bgn, rssi: -69[0m
[0;32mI (991) wifi:pm start, type: 1[0m

[0;32mI (991) wifi:dp: 1, bi: 102400, li: 3, scale listen interval from 307200 us to 307200 us[0m
[0;32mI (1001) wifi:AP's beacon interval = 102400 us, DTIM period = 1[0m

assert failed: tcpip_inpkt /IDF/components/lwip/lwip/src/api/tcpip.c:257 (Invalid mbox)


Backtrace: 0x40081c9d:0x3ffbefa0 0x40088d91:0x3ffbefc0 0x40090ab1:0x3ffbefe0 0x400e57d7:0x3ffbf100 0x400e5825:0x3ffbf120 0x40140c5e:0x3ffbf140 0x400f8762:0x3ffbf160 0x40088db9:0x3ffbf190 0x400906cf:0x3ffbf1b0 0x40090785:0x3ffbf210 0x40095015:0x3ffbf230 0x40091fbf:0x3ffbf250 0x40089835:0x3ffbf280




ELF file SHA256: c16037003

Rebooting...
ets Jul 29 2019 12:21:46

rst:0xc (SW_CPU_RESET),boot:0x13 (SPI_FAST_FLASH_BOOT)
configsip: 0, SPIWP:0xee
clk_drv:0x00,q_drv:0x00,d_drv:0x00,cs0_drv:0x00,hd_drv:0x00,wp_drv:0x00
mode:DIO, clock div:2
load:0x3fff0030,len:6380
ho 0 tail 12 room 4
load:0x40078000,len:15916
load:0x40080400,len:3860
entry 0x40080638
[0;32mI (29) boot: ESP-IDF v5.5-dirty 2nd stage bootloader[0m
[0;32mI (29) boot: compile time Oct 19 2025 19:26:38[0m
[0;32mI (29) boot: Multicore bootloader[0m
[0;32mI (31) boot: chip revision: v3.0[0m
[0;32mI (34) boot.esp32: SPI Speed      : 40MHz[0m
[0;32mI (37) boot.esp32: SPI Mode       : DIO[0m
[0;32mI (41) boot.esp32: SPI Flash Size : 2MB[0m
[0;32mI (45) boot: Enabling RNG early entropy source...[0m
[0;32mI (49) boot: Partition Table:[0m
[0;32mI (52) boot: ## Label            Usage          Type ST Offset   Length[0m
[0;32mI (58) boot:  0 nvs              WiFi data        01 02 00009000 00006000[0m
[0;32mI (64) boot:  1 phy_init         RF data          01 01 0000f000 00001000[0m
[0;32mI (71) boot:  2 factory          factory app      00 00 00010000 00100000[0m
[0;32mI (78) boot: End of partition table[0m
[0;32mI (81) esp_image: segment 0: paddr=00010020 vaddr=3f400020 size=1ddc8h (122312) map[0m
[0;32mI (130) esp_image: segment 1: paddr=0002ddf0 vaddr=3ff80000 size=00020h (    32) load[0m
[0;32mI (130) esp_image: segment 2: paddr=0002de18 vaddr=3ffb0000 size=02200h (  8704) load[0m
[0;32mI (137) esp_image: segment 3: paddr=00030020 vaddr=400d0020 size=9d4f4h (644340) map[0m
[0;32mI (362) esp_image: segment 4: paddr=000cd51c vaddr=3ffb2200 size=01d18h (  7448) load[0m
[0;32mI (365) esp_image: segment 5: paddr=000cf23c vaddr=40080000 size=17fa4h ( 98212) load[0m
