Command: D:\ESP32_IDF\Espressif\python_env\idf5.5_py3.11_env\Scripts\python.exe D:\ESP32_IDF\Espressif\frameworks\esp-idf-v5.5\tools/idf_monitor.py -p COM3 -b 115200 --toolchain-prefix xtensa-esp32-elf- --target esp32 --revision 0 D:\ESP32_IDF\Espressif\frameworks\esp-idf-v5.5\examples\get-started\agribank demo\build\hello_world.elf D:\ESP32_IDF\Espressif\frameworks\esp-idf-v5.5\examples\get-started\agribank demo\build\bootloader\bootloader.elf --force-color -m 'D:\ESP32_IDF\Espressif\python_env\idf5.5_py3.11_env\Scripts\python.exe' 'D:\ESP32_IDF\Espressif\frameworks\esp-idf-v5.5\tools\idf.py' '-p' 'COM3'
ï¿½ï¿½(34) boot.esp32: SPI Speed ï¿½ets Jul 29 2019 12:21:46

rst:0x1 (POWERON_RESET),boot:0x13 (SPI_FAST_FLASH_BOOT)
configsip: 0, SPIWP:0xee
clk_drv:0x00,q_drv:0x00,d_drv:0x00,cs0_drv:0x00,hd_drv:0x00,wp_drv:0x00
mode:DIO, clock div:2
load:0x3fff0030,len:6380
ho 0 tail 12 room 4
load:0x40078000,len:15916
load:0x40080400,len:3860
entry 0x40080638
[0;32mI (29) boot: ESP-IDF v5.5-dirty 2nd stage bootloader[0m
[0;32mI (29) boot: compile time Nov  1 2025 10:14:38[0m
[0;32mI (29) boot: Multicore bootloader[0m
[0;32mI (31) boot: chip revision: v3.0[0m
[0;32mI (34) boot.esp32: SPI Speed      : 40MHz[0m
[0;32mI (37) boot.esp32: SPI Mode       : DIO[0m
[0;32mI (41) boot.esp32: SPI Flash Size : 2MB[0m
[0;32mI (45) boot: Enabling RNG early entropy source...[0m
[0;32mI (49) boot: Partition Table:[0m
[0;32mI (52) boot: ## Label            Usage          Type ST Offset   Length[0m
[0;32mI (58) boot:  0 nvs              WiFi data        01 02 00009000 00006000[0m
[0;32mI (65) boot:  1 phy_init         RF data          01 01 0000f000 00001000[0m
[0;32mI (71) boot:  2 factory          factory app      00 00 00010000 00100000[0m
[0;32mI (78) boot: End of partition table[0m
[0;32mI (81) esp_image: segment 0: paddr=00010020 vaddr=3f400020 size=20488h (132232) map[0m
[0;32mI (134) esp_image: segment 1: paddr=000304b0 vaddr=3ff80000 size=00020h (    32) load[0m
[0;32mI (134) esp_image: segment 2: paddr=000304d8 vaddr=3ffb0000 size=03fb8h ( 16312) load[0m
[0;32mI (143) esp_image: segment 3: paddr=00034498 vaddr=40080000 size=0bb80h ( 48000) load[0m
[0;32mI (164) esp_image: segment 4: paddr=00040020 vaddr=400d0020 size=a5b00h (678656) map[0m
[0;32mI (396) esp_image: segment 5: paddr=000e5b28 vaddr=4008bb80 size=0d8a0h ( 55456) load[0m
[0;32mI (430) boot: Loaded app from partition at offset 0x10000[0m
[0;32mI (430) boot: Disabling RNG early entropy source...[0m
[0;32mI (440) cpu_start: Multicore app[0m
[0;32mI (449) cpu_start: Pro cpu start user code[0m
[0;32mI (449) cpu_start: cpu freq: 160000000 Hz[0m
[0;32mI (449) app_init: Application information:[0m
[0;32mI (449) app_init: Project name:     hello_world[0m
[0;32mI (453) app_init: App version:      e7264df-dirty[0m
[0;32mI (458) app_init: Compile time:     Nov  1 2025 10:15:09[0m
[0;32mI (463) app_init: ELF file SHA256:  54fcf1d85...[0m
[0;32mI (467) app_init: ESP-IDF:          v5.5-dirty[0m
[0;32mI (471) efuse_init: Min chip rev:     v0.0[0m
[0;32mI (475) efuse_init: Max chip rev:     v3.99 [0m
[0;32mI (479) efuse_init: Chip rev:         v3.0[0m
[0;32mI (483) heap_init: Initializing. RAM available for dynamic allocation:[0m
[0;32mI (489) heap_init: At 3FFAE6E0 len 00001920 (6 KiB): DRAM[0m
[0;32mI (494) heap_init: At 3FFB8AB0 len 00027550 (157 KiB): DRAM[0m
[0;32mI (499) heap_init: At 3FFE0440 len 00003AE0 (14 KiB): D/IRAM[0m
[0;32mI (505) heap_init: At 3FFE4350 len 0001BCB0 (111 KiB): D/IRAM[0m
[0;32mI (510) heap_init: At 40099420 len 00006BE0 (26 KiB): IRAM[0m
[0;32mI (517) spi_flash: detected chip: generic[0m
[0;32mI (519) spi_flash: flash io: dio[0m
[0;33mW (522) spi_flash: Detected size(4096k) larger than the size in the binary image header(2048k). Using the size in the binary image header.[0m
[0;33mW (535) i2c: This driver is an old driver, please migrate your application code to adapt `driver/i2c_master.h`[0m
[0;32mI (545) main_task: Started on CPU0[0m
[0;32mI (555) main_task: Calling app_main()[0m
[0;32mI (555) KEYPAD: LED initialized on GPIO 2[0m
[0;32mI (555) KEYPAD: LED OFF[0m
[0;32mI (555) KEYPAD: I2C initialized successfully[0m
[0;32mI (2165) KEYPAD: Starting keypad MQTT application[0m
[0;32mI (2165) KEYPAD: WiFi STA MAC: A8:42:E3:4C:7C:BC[0m
[0;32mI (2195) wifi:wifi driver task: 3ffc0d24, prio:23, stack:6656, core=0[0m
[0;32mI (2205) wifi:wifi firmware version: f3dbad7[0m
[0;32mI (2205) wifi:wifi certification version: v7.0[0m
[0;32mI (2205) wifi:config NVS flash: enabled[0m
[0;32mI (2205) wifi:config nano formatting: disabled[0m
[0;32mI (2215) wifi:Init data frame dynamic rx buffer num: 32[0m
[0;32mI (2215) wifi:Init static rx mgmt buffer num: 5[0m
[0;32mI (2215) wifi:Init management short buffer num: 32[0m
[0;32mI (2225) wifi:Init dynamic tx buffer num: 32[0m
[0;32mI (2225) wifi:Init static rx buffer size: 1600[0m
[0;32mI (2235) wifi:Init static rx buffer num: 10[0m
[0;32mI (2235) wifi:Init dynamic rx buffer num: 32[0m
[0;32mI (2245) wifi_init: rx ba win: 6[0m
[0;32mI (2245) wifi_init: accept mbox: 6[0m
[0;32mI (2245) wifi_init: tcpip mbox: 32[0m
[0;32mI (2245) wifi_init: udp mbox: 6[0m
[0;32mI (2255) wifi_init: tcp mbox: 6[0m
[0;32mI (2255) wifi_init: tcp tx win: 5760[0m
[0;32mI (2255) wifi_init: tcp rx win: 5760[0m
[0;32mI (2265) wifi_init: tcp mss: 1440[0m
[0;32mI (2265) wifi_init: WiFi IRAM OP enabled[0m
[0;32mI (2265) wifi_init: WiFi RX IRAM OP enabled[0m
[0;32mI (2315) phy_init: phy_version 4860,6b7a6e5,Feb  6 2025,14:47:07[0m
[0;32mI (2395) wifi:mode : sta (a8:42:e3:4c:7c:bc)[0m
[0;32mI (2405) wifi:enable tsf[0m
[0;32mI (2405) KEYPAD: WiFi initialized[0m
[1;31mE (2405) task_wdt: esp_task_wdt_reset(707): task not found[0m
[0;32mI (2405) KEYPAD: WiFi STA started[0m
[1;31mE (2405) task_wdt: esp_task_wdt_reset(707): task not found[0m
[0;32mI (2415) KEYPAD: Have a saved wifi network in NVS: NamTrung[0m
[0;32mI (2465) wifi:flush txq[0m
[0;32mI (2465) wifi:stop sw txq[0m
[0;32mI (2465) wifi:lmac stop hw txq[0m
[0;32mI (2475) wifi:mode : sta (a8:42:e3:4c:7c:bc)[0m
[0;32mI (2475) wifi:enable tsf[0m
[0;32mI (2475) KEYPAD: WiFi STA started[0m
[1;31mE (2475) wifi:sta is connecting, return error[0m
[0;32mI (2755) wifi:new:<6,0>, old:<1,0>, ap:<255,255>, sta:<6,0>, prof:1, snd_ch_cfg:0x0[0m
[0;32mI (2765) wifi:state: init -> auth (0xb0)[0m
[0;32mI (2775) wifi:state: auth -> assoc (0x0)[0m
[0;32mI (2825) wifi:state: assoc -> run (0x10)[0m
[0;32mI (3865) wifi:connected with NamTrung, aid = 17, channel 6, BW20, bssid = 10:5f:02:75:32:0e[0m
[0;32mI (3865) wifi:security: WPA2-PSK, phy: bgn, rssi: -69[0m
[0;32mI (3875) wifi:pm start, type: 1[0m

[0;32mI (3875) wifi:dp: 1, bi: 102400, li: 3, scale listen interval from 307200 us to 307200 us[0m
[0;32mI (3885) KEYPAD: Connected to SSID:NamTrung, channel:6[0m
[0;32mI (3925) wifi:AP's beacon interval = 102400 us, DTIM period = 1[0m
[0;32mI (4975) esp_netif_handlers: sta ip: 10.10.1.34, mask: 255.255.252.0, gw: 10.10.1.1[0m
[0;32mI (4975) KEYPAD: WiFi connected, got IP[0m
[0;32mI (5695) wifi:<ba-add>idx:0 (ifx:0, 10:5f:02:75:32:0e), tid:0, ssn:1, winSize:64[0m
[0;32mI (5715) wifi:<ba-add>idx:1 (ifx:0, 10:5f:02:75:32:0e), tid:7, ssn:9, winSize:64[0m
[0;32mI (5995) KEYPAD: MQTT initialized[0m
[0;32mI (6025) KEYPAD: Read status successfully: SO DANG GOI[0m
[0;32mI (6095) KEYPAD: LED ON[0m
[0;32mI (6095) KEYPAD: MQTT connected[0m
[0;32mI (6355) KEYPAD: MQTT_EVENT_DATA[0m
[0;32mI (6355) KEYPAD: Processing topic: device/list[0m
[0;32mI (6365) KEYPAD: Device list updated: 7 devices[0m
[0;32mI (6365) KEYPAD: MQTT_EVENT_DATA[0m
[0;32mI (6385) KEYPAD: Processing topic: service/list[0m
[0;32mI (6385) KEYPAD: Service list updated: 6 services[0m
ets Jul 29 2019 12:21:46

rst:0x1 (POWERON_RESET),boot:0x13 (SPI_FAST_FLASH_BOOT)
configsip: 0, SPIWP:0xee
clk_drv:0x00,q_drv:0x00,d_drv:0x00,cs0_drv:0x00,hd_drv:0x00,wp_drv:0x00
mode:DIO, clock div:2
load:0x3fff0030,len:6380
ho 0 tail 12 room 4
load:0x40078000,len:15916
load:0x40080400,len:3860
entry 0x40080638
[0;32mI (29) boot: ESP-IDF v5.5-dirty 2nd stage bootloader[0m
[0;32mI (29) boot: compile time Nov  1 2025 10:14:38[0m
[0;32mI (29) boot: Multicore bootloader[0m
[0;32mI (31) boot: chip revision: v3.0[0m
[0;32mI (34) boot.esp32: SPI Speed      : 40MHz[0m
[0;32mI (37) boot.esp32: SPI Mode       : DIO[0m
[0;32mI (41) boot.esp32: SPI Flash Size : 2MB[0m
[0;32mI (45) boot: Enabling RNG early entropy source...[0m
[0;32mI (49) boot: Partition Table:[0m
[0;32mI (52) boot: ## Label            Usage          Type ST Offset   Length[0m
[0;32mI (58) boot:  0 nvs              WiFi data        01 02 00009000 00006000[0m
[0;32mI (65) boot:  1 phy_init         RF data          01 01 0000f000 00001000[0m
[0;32mI (71) boot:  2 factory          factory app      00 00 00010000 00100000[0m
[0;32mI (78) boot: End of partition table[0m
[0;32mI (81) esp_image: segment 0: paddr=00010020 vaddr=3f400020 size=20488h (132232) map[0m
[0;32mI (134) esp_image: segment 1: paddr=000304b0 vaddr=3ff80000 size=00020h (    32) load[0m
[0;32mI (134) esp_image: segment 2: paddr=000304d8 vaddr=3ffb0000 size=03fb8h ( 16312) load[0m
[0;32mI (143) esp_image: segment 3: paddr=00034498 vaddr=40080000 size=0bb80h ( 48000) load[0m
[0;32mI (164) esp_image: segment 4: paddr=00040020 vaddr=400d0020 size=a5b00h (678656) map[0m
[0;32mI (396) esp_image: segment 5: paddr=000e5b28 vaddr=4008bb80 size=0d8a0h ( 55456) load[0m
[0;32mI (430) boot: Loaded app from partition at offset 0x10000[0m
[0;32mI (430) boot: Disabling RNG early entropy source...[0m
[0;32mI (440) cpu_start: Multicore app[0m
[0;32mI (449) cpu_start: Pro cpu start user code[0m
[0;32mI (449) cpu_start: cpu freq: 160000000 Hz[0m
[0;32mI (449) app_init: Application information:[0m
[0;32mI (449) app_init: Project name:     hello_world[0m
[0;32mI (453) app_init: App version:      e7264df-dirty[0m
[0;32mI (458) app_init: Compile time:     Nov  1 2025 10:15:09[0m
[0;32mI (463) app_init: ELF file SHA256:  54fcf1d85...[0m
[0;32mI (467) app_init: ESP-IDF:          v5.5-dirty[0m
[0;32mI (471) efuse_init: Min chip rev:     v0.0[0m
[0;32mI (475) efuse_init: Max chip rev:     v3.99 [0m
[0;32mI (479) efuse_init: Chip rev:         v3.0[0m
[0;32mI (483) heap_init: Initializing. RAM available for dynamic allocation:[0m
[0;32mI (489) heap_init: At 3FFAE6E0 len 00001920 (6 KiB): DRAM[0m
[0;32mI (494) heap_init: At 3FFB8AB0 len 00027550 (157 KiB): DRAM[0m
[0;32mI (499) heap_init: At 3FFE0440 len 00003AE0 (14 KiB): D/IRAM[0m
[0;32mI (505) heap_init: At 3FFE4350 len 0001BCB0 (111 KiB): D/IRAM[0m
[0;32mI (510) heap_init: At 40099420 len 00006BE0 (26 KiB): IRAM[0m
[0;32mI (517) spi_flash: detected chip: generic[0m
[0;32mI (519) spi_flash: flash io: dio[0m
[0;33mW (522) spi_flash: Detected size(4096k) larger than the size in the binary image header(2048k). Using the size in the binary image header.[0m
[0;33mW (535) i2c: This driver is an old driver, please migrate your application code to adapt `driver/i2c_master.h`[0m
[0;32mI (545) main_task: Started on CPU0[0m
[0;32mI (555) main_task: Calling app_main()[0m
[0;32mI (555) KEYPAD: LED initialized on GPIO 2[0m
[0;32mI (555) KEYPAD: LED OFF[0m
[0;32mI (555) KEYPAD: I2C initialized successfully[0m
[0;32mI (2165) KEYPAD: Starting keypad MQTT application[0m
[0;32mI (2165) KEYPAD: WiFi STA MAC: A8:42:E3:4C:7C:BC[0m
[0;32mI (2195) wifi:wifi driver task: 3ffc0d24, prio:23, stack:6656, core=0[0m
[0;32mI (2205) wifi:wifi firmware version: f3dbad7[0m
[0;32mI (2205) wifi:wifi certification version: v7.0[0m
[0;32mI (2205) wifi:config NVS flash: enabled[0m
[0;32mI (2205) wifi:config nano formatting: disabled[0m
[0;32mI (2215) wifi:Init data frame dynamic rx buffer num: 32[0m
[0;32mI (2215) wifi:Init static rx mgmt buffer num: 5[0m
[0;32mI (2215) wifi:Init management short buffer num: 32[0m
[0;32mI (2225) wifi:Init dynamic tx buffer num: 32[0m
[0;32mI (2225) wifi:Init static rx buffer size: 1600[0m
[0;32mI (2235) wifi:Init static rx buffer num: 10[0m
[0;32mI (2235) wifi:Init dynamic rx buffer num: 32[0m
[0;32mI (2245) wifi_init: rx ba win: 6[0m
[0;32mI (2245) wifi_init: accept mbox: 6[0m
[0;32mI (2245) wifi_init: tcpip mbox: 32[0m
[0;32mI (2245) wifi_init: udp mbox: 6[0m
[0;32mI (2255) wifi_init: tcp mbox: 6[0m
[0;32mI (2255) wifi_init: tcp tx win: 5760[0m
[0;32mI (2255) wifi_init: tcp rx win: 5760[0m
[0;32mI (2265) wifi_init: tcp mss: 1440[0m
[0;32mI (2265) wifi_init: WiFi IRAM OP enabled[0m
[0;32mI (2265) wifi_init: WiFi RX IRAM OP enabled[0m
[0;32mI (2315) phy_init: phy_version 4860,6b7a6e5,Feb  6 2025,14:47:07[0m
[0;32mI (2405) wifi:mode : sta (a8:42:e3:4c:7c:bc)[0m
[0;32mI (2405) wifi:enable tsf[0m
[0;32mI (2405) KEYPAD: WiFi initialized[0m
[1;31mE (2405) task_wdt: esp_task_wdt_reset(707): task not found[0m
[0;32mI (2405) KEYPAD: WiFi STA started[0m
[1;31mE (2405) task_wdt: esp_task_wdt_reset(707): task not found[0m
[0;32mI (2415) KEYPAD: Have a saved wifi network in NVS: NamTrung[0m
[0;32mI (2465) wifi:flush txq[0m
[0;32mI (2465) wifi:stop sw txq[0m
[0;32mI (2465) wifi:lmac stop hw txq[0m
[0;32mI (2475) wifi:mode : sta (a8:42:e3:4c:7c:bc)[0m
[0;32mI (2475) wifi:enable tsf[0m
[0;32mI (2475) KEYPAD: WiFi STA started[0m
[1;31mE (2475) wifi:sta is connecting, return error[0m
[0;32mI (2815) wifi:new:<6,0>, old:<1,0>, ap:<255,255>, sta:<6,0>, prof:1, snd_ch_cfg:0x0[0m
[0;32mI (2825) wifi:state: init -> auth (0xb0)[0m
[0;32mI (2825) wifi:state: auth -> assoc (0x0)[0m
[0;32mI (2835) wifi:state: assoc -> run (0x10)[0m
[0;32mI (2875) wifi:connected with NamTrung, aid = 23, channel 6, BW20, bssid = 10:5f:02:75:1e:9a[0m
[0;32mI (2875) wifi:security: WPA2-PSK, phy: bgn, rssi: -56[0m
[0;32mI (2895) wifi:pm start, type: 1[0m

[0;32mI (2895) wifi:dp: 1, bi: 102400, li: 3, scale listen interval from 307200 us to 307200 us[0m
[0;32mI (2895) KEYPAD: Connected to SSID:NamTrung, channel:6[0m
[0;32mI (2965) wifi:AP's beacon interval = 102400 us, DTIM period = 1[0m
[0;32mI (3935) esp_netif_handlers: sta ip: 10.10.1.34, mask: 255.255.252.0, gw: 10.10.1.1[0m
[0;32mI (3935) KEYPAD: WiFi connected, got IP[0m
[0;32mI (4965) KEYPAD: MQTT initialized[0m
[0;32mI (4975) wifi:<ba-add>idx:0 (ifx:0, 10:5f:02:75:1e:9a), tid:7, ssn:8, winSize:64[0m
[0;32mI (4985) KEYPAD: Read status successfully: SO DANG GOI[0m
[0;32mI (5025) wifi:<ba-add>idx:1 (ifx:0, 10:5f:02:75:1e:9a), tid:0, ssn:1, winSize:64[0m
[0;32mI (5055) KEYPAD: LED ON[0m
[0;32mI (5055) KEYPAD: MQTT connected[0m
[0;32mI (5215) KEYPAD: MQTT_EVENT_DATA[0m
[0;32mI (5215) KEYPAD: Processing topic: device/list[0m
[0;32mI (5225) KEYPAD: Device list updated: 7 devices[0m
[0;32mI (5225) KEYPAD: MQTT_EVENT_DATA[0m
[0;32mI (5245) KEYPAD: Processing topic: service/list[0m
[0;32mI (5245) KEYPAD: Service list updated: 6 services[0m
Key pressed: B
[0;32mI (6545) KEYPAD: MQTT_EVENT_DATA[0m
[0;32mI (6545) KEYPAD: Processing topic: responsenumber[0m
[0;32mI (6545) KEYPAD: Status saved successfully: SO DANG GOI[0m
[0;32mI (6565) KEYPAD: current number saved successfully![0m
Key pressed: A
Key pressed: 2
Key pressed: 2
Key pressed: 2
Key pressed: 2
Key pressed: D
Key pressed: 2
Key pressed: 2
Key pressed: D
Key pressed: B
[0;32mI (17055) KEYPAD: MQTT_EVENT_DATA[0m
[0;32mI (17065) KEYPAD: Processing topic: responsenumber[0m
[0;32mI (17065) KEYPAD: Status saved successfully: SO DANG GOI[0m
[0;32mI (17075) KEYPAD: current number saved successfully![0m
Key pressed: B
[0;32mI (17525) KEYPAD: MQTT_EVENT_DATA[0m
[0;32mI (17525) KEYPAD: Processing topic: responsenumber[0m
[0;32mI (17525) KEYPAD: Status saved successfully: SO DANG GOI[0m
[0;32mI (17535) KEYPAD: current number saved successfully![0m
Key pressed: B
[0;32mI (17835) KEYPAD: MQTT_EVENT_DATA[0m
[0;32mI (17835) KEYPAD: Processing topic: responsenumber[0m
[0;32mI (17845) KEYPAD: Status saved successfully: SO DANG GOI[0m
[0;32mI (17855) KEYPAD: current number saved successfully![0m
Key pressed: B
[0;32mI (18345) KEYPAD: MQTT_EVENT_DATA[0m
[0;32mI (18345) KEYPAD: Processing topic: responsenumber[0m
[0;32mI (18345) KEYPAD: Status saved successfully: SO DANG GOI[0m
[0;32mI (18345) KEYPAD: current number saved successfully![0m
Key pressed: B
Key pressed: B
[0;32mI (18625) KEYPAD: MQTT_EVENT_DATA[0m
[0;32mI (18625) KEYPAD: Processing topic: responsenumber[0m
[0;32mI (18625) KEYPAD: Status saved successfully: SO DANG GOI[0m
[0;32mI (18625) KEYPAD: current number saved successfully![0m
[0;32mI (18695) KEYPAD: MQTT_EVENT_DATA[0m
[0;32mI (18695) KEYPAD: Processing topic: responsenumber[0m
[0;32mI (18695) KEYPAD: Status saved successfully: SO DANG GOI[0m
[0;32mI (18695) KEYPAD: current number saved successfully![0m
Key pressed: A
Key pressed: 2
Key pressed: 2
Key pressed: 2
Key pressed: 2
Key pressed: 2
Key pressed: D
[0;32mI (22045) KEYPAD: current number saved successfully![0m
[0;32mI (22045) KEYPAD: Read status successfully: SO DANG GOI[0m
Key pressed: A
Key pressed: 2
Key pressed: 2
Key pressed: 2
Key pressed: 2
Key pressed: 2
Key pressed: 2
Key pressed: 1
Key pressed: 1
Key pressed: D
[0;32mI (28485) KEYPAD: WiFi STA MAC: {"device_id":"A8:42:E3:4C:7C:BC"}[0m
Key pressed: B
Key pressed: A
Key pressed: A
Key pressed: A
Key pressed: 2
Key pressed: 2
Key pressed: 2
Key pressed: 2
Key pressed: 2
Key pressed: 2
Key pressed: 1
Key pressed: 1
Key pressed: 1
Key pressed: 1
Key pressed: 1
Key pressed: 1
Key pressed: 1
Key pressed: 2
Key pressed: 2
Key pressed: 2
Key pressed: 2
Key pressed: 1
Key pressed: 2
Key pressed: 1
Key pressed: D
[0;32mI (74515) KEYPAD: WiFi STA MAC: {"device_id":"A8:42:E3:4C:7C:BC"}[0m
Key pressed: 2
Key pressed: C
[0;32mI (78655) KEYPAD: Read status successfully: SO DANG GOI[0m
Key pressed: D
Key pressed: A
Key pressed: 2
Key pressed: 1
Key pressed: D
Key pressed: *
Key pressed: 6
Key pressed: 6
Key pressed: *
Key pressed: 2
Key pressed: 6
Key pressed: *
Key pressed: 8
Key pressed: *
Key pressed: 7
Key pressed: 7
Key pressed: 7
Key pressed: 8
Key pressed: 8
Key pressed: 6
Key pressed: 6
Key pressed: 4
Key pressed: D
Key pressed: 6
Key pressed: 6
Key pressed: 8
Key pressed: #
Key pressed: 1
Key pressed: 1
Key pressed: 1
Key pressed: 1
Key pressed: 1
Key pressed: 1
Key pressed: 1
Key pressed: 1
Key pressed: 1
Key pressed: 1
Key pressed: 1
Key pressed: 1
Key pressed: 1
Key pressed: 1
Key pressed: 1
Key pressed: 1
Key pressed: 1
Key pressed: 4
Key pressed: 4
Key pressed: 4
Key pressed: 4
Key pressed: 0
Key pressed: 0
Key pressed: 9
Key pressed: 9
Key pressed: 9
Key pressed: 9
Key pressed: 9
Key pressed: 2
Key pressed: 2
Key pressed: 2
Key pressed: C
Key pressed: 2
Key pressed: 2
Key pressed: 2
Key pressed: 2
Key pressed: 0
Key pressed: 0
Key pressed: 1
Key pressed: 1
Key pressed: 1
Key pressed: 1
Key pressed: 1
Key pressed: 1
Key pressed: 1
Key pressed: 1
Key pressed: 1
Key pressed: 1
Key pressed: 1
Key pressed: 1
Key pressed: 1
Key pressed: 1
Key pressed: D
[0;32mI (117135) wifi:state: run -> init (0x0)[0m
[0;32mI (117145) wifi:pm stop, total sleep time: 87787193 us / 114247947 us[0m

[0;32mI (117145) wifi:<ba-del>idx:1, tid:0[0m
[0;32mI (117145) wifi:<ba-del>idx:0, tid:7[0m
[0;32mI (117145) wifi:new:<6,0>, old:<6,0>, ap:<255,255>, sta:<6,0>, prof:1, snd_ch_cfg:0x0[0m
[0;32mI (117155) KEYPAD: STA disconnected, reason=8[0m
[0;32mI (117155) mqtt_client: Client asked to disconnect[0m
[1;31mE (117165) transport_base: poll_write select error 113, errno = Software caused connection abort, fd = 54[0m
[0;33mW (117165) transport_base: Poll timeout or error, errno=Success, fd=54, timeout_ms=10000[0m
[1;31mE (117175) mqtt_client: Writing failed: errno=0[0m
[0;32mI (117185) KEYPAD: MQTT_EVENT_ERROR[0m
[0;32mI (117185) KEYPAD: LED OFF[0m
[1;31mE (117185) mqtt_client: Error sen[0m
***ERROR*** A stack overflow in task sys_evt has been detected.


Backtrace: 0x40081db1:0x3ffbdc20 0x40089f7d:0x3ffbdc40 0x4008adca:0x3ffbdc60 0x4008c1a3:0x3ffbdce0 0x4008aed4:0x3ffbdd00 0x4008ae86:0x00000001 |<-CORRUPTED




ELF file SHA256: 54fcf1d85

Rebooting...
ets Jul 29 2019 12:21:46

rst:0xc (SW_CPU_RESET),boot:0x13 (SPI_FAST_FLASH_BOOT)
configsip: 0, SPIWP:0xee
clk_drv:0x00,q_drv:0x00,d_drv:0x00,cs0_drv:0x00,hd_drv:0x00,wp_drv:0x00
mode:DIO, clock div:2
load:0x3fff0030,len:6380
ho 0 tail 12 room 4
load:0x40078000,len:15916
load:0x40080400,len:3860
entry 0x40080638
[0;32mI (29) boot: ESP-IDF v5.5-dirty 2nd stage bootloader[0m
[0;32mI (29) boot: compile time Nov  1 2025 10:14:38[0m
[0;32mI (29) boot: Multicore bootloader[0m
[0;32mI (31) boot: chip revision: v3.0[0m
[0;32mI (34) boot.esp32: SPI Speed      : 40MHz[0m
[0;32mI (37) boot.esp32: SPI Mode       : DIO[0m
[0;32mI (41) boot.esp32: SPI Flash Size : 2MB[0m
[0;32mI (45) boot: Enabling RNG early entropy source...[0m
[0;32mI (49) boot: Partition Table:[0m
[0;32mI (52) boot: ## Label            Usage          Type ST Offset   Length[0m
[0;32mI (58) boot:  0 nvs              WiFi data        01 02 00009000 00006000[0m
[0;32mI (64) boot:  1 phy_init         RF data          01 01 0000f000 00001000[0m
[0;32mI (71) boot:  2 factory          factory app      00 00 00010000 00100000[0m
[0;32mI (78) boot: End of partition table[0m
[0;32mI (81) esp_image: segment 0: paddr=00010020 vaddr=3f400020 size=20488h (132232) map[0m
[0;32mI (133) esp_image: segment 1: paddr=000304b0 vaddr=3ff80000 size=00020h (    32) load[0m
[0;32mI (134) esp_image: segment 2: paddr=000304d8 vaddr=3ffb0000 size=03fb8h ( 16312) load[0m
[0;32mI (143) esp_image: segment 3: paddr=00034498 vaddr=40080000 size=0bb80h ( 48000) load[0m
[0;32mI (164) esp_image: segment 4: paddr=00040020 vaddr=400d0020 size=a5b00h (678656) map[0m
[0;32mI (396) esp_image: segment 5: paddr=000e5b28 vaddr=4008bb80 size=0d8a0h ( 55456) load[0m
[0;32mI (430) boot: Loaded app from partition at offset 0x10000[0m
[0;32mI (430) boot: Disabling RNG early entropy source...[0m
[0;32mI (440) cpu_start: Multicore app[0m
[0;32mI (449) cpu_start: Pro cpu start user code[0m
[0;32mI (449) cpu_start: cpu freq: 160000000 Hz[0m
[0;32mI (449) app_init: Application information:[0m
[0;32mI (449) app_init: Project name:     hello_world[0m
[0;32mI (453) app_init: App version:      e7264df-dirty[0m
[0;32mI (457) app_init: Compile time:     Nov  1 2025 10:15:09[0m
[0;32mI (463) app_init: ELF file SHA256:  54fcf1d85...[0m
[0;32mI (467) app_init: ESP-IDF:          v5.5-dirty[0m
[0;32mI (471) efuse_init: Min chip rev:     v0.0[0m
[0;32mI (475) efuse_init: Max chip rev:     v3.99 [0m
[0;32mI (479) efuse_init: Chip rev:         v3.0[0m
[0;32mI (483) heap_init: Initializing. RAM available for dynamic allocation:[0m
[0;32mI (489) heap_init: At 3FFAE6E0 len 00001920 (6 KiB): DRAM[0m
[0;32mI (494) heap_init: At 3FFB8AB0 len 00027550 (157 KiB): DRAM[0m
[0;32mI (499) heap_init: At 3FFE0440 len 00003AE0 (14 KiB): D/IRAM[0m
[0;32mI (505) heap_init: At 3FFE4350 len 0001BCB0 (111 KiB): D/IRAM[0m
[0;32mI (510) heap_init: At 40099420 len 00006BE0 (26 KiB): IRAM[0m
[0;32mI (517) spi_flash: detected chip: generic[0m
[0;32mI (519) spi_flash: flash io: dio[0m
[0;33mW (522) spi_flash: Detected size(4096k) larger than the size in the binary image header(2048k). Using the size in the binary image header.[0m
[0;33mW (534) i2c: This driver is an old driver, please migrate your application code to adapt `driver/i2c_master.h`[0m
[0;32mI (545) main_task: Started on CPU0[0m
[0;32mI (555) main_task: Calling app_main()[0m
[0;32mI (555) KEYPAD: LED initialized on GPIO 2[0m
[0;32mI (555) KEYPAD: LED OFF[0m
[0;32mI (555) KEYPAD: I2C initialized successfully[0m
[0;32mI (2165) KEYPAD: Starting keypad MQTT application[0m
[0;32mI (2165) KEYPAD: WiFi STA MAC: A8:42:E3:4C:7C:BC[0m
[0;32mI (2195) wifi:wifi driver task: 3ffc0d24, prio:23, stack:6656, core=0[0m
[0;32mI (2205) wifi:wifi firmware version: f3dbad7[0m
[0;32mI (2205) wifi:wifi certification version: v7.0[0m
[0;32mI (2205) wifi:config NVS flash: enabled[0m
[0;32mI (2205) wifi:config nano formatting: disabled[0m
[0;32mI (2215) wifi:Init data frame dynamic rx buffer num: 32[0m
[0;32mI (2215) wifi:Init static rx mgmt buffer num: 5[0m
[0;32mI (2215) wifi:Init management short buffer num: 32[0m
[0;32mI (2225) wifi:Init dynamic tx buffer num: 32[0m
[0;32mI (2225) wifi:Init static rx buffer size: 1600[0m
[0;32mI (2235) wifi:Init static rx buffer num: 10[0m
[0;32mI (2235) wifi:Init dynamic rx buffer num: 32[0m
[0;32mI (2245) wifi_init: rx ba win: 6[0m
[0;32mI (2245) wifi_init: accept mbox: 6[0m
[0;32mI (2245) wifi_init: tcpip mbox: 32[0m
[0;32mI (2245) wifi_init: udp mbox: 6[0m
[0;32mI (2255) wifi_init: tcp mbox: 6[0m
[0;32mI (2255) wifi_init: tcp tx win: 5760[0m
[0;32mI (2255) wifi_init: tcp rx win: 5760[0m
[0;32mI (2265) wifi_init: tcp mss: 1440[0m
[0;32mI (2265) wifi_init: WiFi IRAM OP enabled[0m
[0;32mI (2265) wifi_init: WiFi RX IRAM OP enabled[0m
[0;32mI (2325) phy_init: phy_version 4860,6b7a6e5,Feb  6 2025,14:47:07[0m
[0;32mI (2415) wifi:mode : sta (a8:42:e3:4c:7c:bc)[0m
[0;32mI (2415) wifi:enable tsf[0m
[0;32mI (2415) KEYPAD: WiFi initialized[0m
[1;31mE (2415) task_wdt: esp_task_wdt_reset(707): task not found[0m
[0;32mI (2415) KEYPAD: WiFi STA started[0m
[1;31mE (2415) task_wdt: esp_task_wdt_reset(707): task not found[0m
[0;32mI (2425) KEYPAD: Have a saved wifi network in NVS: NamTrung[0m
[0;32mI (2475) wifi:flush txq[0m
[0;32mI (2475) wifi:stop sw txq[0m
[0;32mI (2475) wifi:lmac stop hw txq[0m
[0;32mI (2485) wifi:mode : sta (a8:42:e3:4c:7c:bc)[0m
[0;32mI (2485) wifi:enable tsf[0m
[0;32mI (2485) KEYPAD: WiFi STA started[0m
[1;31mE (2485) wifi:sta is connecting, return error[0m
[0;32mI (2765) wifi:new:<6,0>, old:<1,0>, ap:<255,255>, sta:<6,0>, prof:1, snd_ch_cfg:0x0[0m
[0;32mI (2775) wifi:state: init -> auth (0xb0)[0m
[0;32mI (2785) wifi:state: auth -> assoc (0x0)[0m
[0;32mI (2805) wifi:state: assoc -> run (0x10)[0m
[0;32mI (2835) wifi:connected with NamTrung, aid = 23, channel 6, BW20, bssid = 10:5f:02:75:1e:9a[0m
[0;32mI (2835) wifi:security: WPA2-PSK, phy: bgn, rssi: -61[0m
[0;32mI (2855) wifi:pm start, type: 1[0m

[0;32mI (2855) wifi:dp: 1, bi: 102400, li: 3, scale listen interval from 307200 us to 307200 us[0m
[0;32mI (2855) KEYPAD: Connected to SSID:NamTrung, channel:6[0m
[0;32mI (2875) wifi:AP's beacon interval = 102400 us, DTIM period = 1[0m
[0;32mI (3915) esp_netif_handlers: sta ip: 10.10.1.34, mask: 255.255.252.0, gw: 10.10.1.1[0m
[0;32mI (3915) KEYPAD: WiFi connected, got IP[0m
[0;32mI (4925) KEYPAD: MQTT initialized[0m
[0;32mI (4945) wifi:<ba-add>idx:0 (ifx:0, 10:5f:02:75:1e:9a), tid:7, ssn:8, winSize:64[0m
[0;32mI (4955) KEYPAD: Read status successfully: SO DANG GOI[0m
[0;32mI (4985) wifi:<ba-add>idx:1 (ifx:0, 10:5f:02:75:1e:9a), tid:0, ssn:1, winSize:64[0m
[0;32mI (4995) KEYPAD: LED ON[0m
[0;32mI (4995) KEYPAD: MQTT connected[0m
[0;32mI (5435) KEYPAD: MQTT_EVENT_DATA[0m
[0;32mI (5435) KEYPAD: Processing topic: device/list[0m
[0;32mI (5445) KEYPAD: Device list updated: 7 devices[0m
[0;32mI (5445) KEYPAD: MQTT_EVENT_DATA[0m
[0;32mI (5465) KEYPAD: Processing topic: service/list[0m
[0;32mI (5465) KEYPAD: Service list updated: 6 services[0m
