Command: D:\ESP32_IDF\Espressif\python_env\idf5.5_py3.11_env\Scripts\python.exe D:\ESP32_IDF\Espressif\frameworks\esp-idf-v5.5\tools/idf_monitor.py -p COM3 -b 115200 --toolchain-prefix xtensa-esp32-elf- --target esp32 --revision 0 D:\ESP32_IDF\Espressif\frameworks\esp-idf-v5.5\examples\get-started\agribank demo\build\hello_world.elf D:\ESP32_IDF\Espressif\frameworks\esp-idf-v5.5\examples\get-started\agribank demo\build\bootloader\bootloader.elf --force-color -m 'D:\ESP32_IDF\Espressif\python_env\idf5.5_py3.11_env\Scripts\python.exe' 'D:\ESP32_IDF\Espressif\frameworks\esp-idf-v5.5\tools\idf.py' '-p' 'COM3'
ï¿½(34) boot.esp32: SPI Speï¿½ets Jul 29 2019 12:21:46

rst:0x1 (POWERON_RESET),boot:0x13 (SPI_FAST_FLASH_BOOT)
configsip: 0, SPIWP:0xee
clk_drv:0x00,q_drv:0x00,d_drv:0x00,cs0_drv:0x00,hd_drv:0x00,wp_drv:0x00
mode:DIO, clock div:2
load:0x3fff0030,len:6380
ho 0 tail 12 room 4
load:0x40078000,len:15916
load:0x40080400,len:3860
entry 0x40080638
[0;32mI (29) boot: ESP-IDF v5.5-dirty 2nd stage bootloader[0m
[0;32mI (29) boot: compile time Oct 19 2025 19:26:38[0m
[0;32mI (29) boot: Multicore bootloader[0m
[0;32mI (31) boot: chip revision: v3.0[0m
[0;32mI (34) boot.esp32: SPI Speed      : 40MHz[0m
[0;32mI (37) boot.esp32: SPI Mode       : DIO[0m
[0;32mI (41) boot.esp32: SPI Flash Size : 2MB[0m
[0;32mI (45) boot: Enabling RNG early entropy source...[0m
[0;32mI (49) boot: Partition Table:[0m
[0;32mI (52) boot: ## Label            Usage          Type ST Offset   Length[0m
[0;32mI (58) boot:  0 nvs              WiFi data        01 02 00009000 00006000[0m
[0;32mI (65) boot:  1 phy_init         RF data          01 01 0000f000 00001000[0m
[0;32mI (71) boot:  2 factory          factory app      00 00 00010000 00100000[0m
[0;32mI (78) boot: End of partition table[0m
[0;32mI (81) esp_image: segment 0: paddr=00010020 vaddr=3f400020 size=1f930h (129328) map[0m
[0;32mI (133) esp_image: segment 1: paddr=0002f958 vaddr=3ff80000 size=00020h (    32) load[0m
[0;32mI (133) esp_image: segment 2: paddr=0002f980 vaddr=3ffb0000 size=00698h (  1688) load[0m
[0;32mI (137) esp_image: segment 3: paddr=00030020 vaddr=400d0020 size=a4968h (674152) map[0m
[0;32mI (374) esp_image: segment 4: paddr=000d4990 vaddr=3ffb0698 size=03920h ( 14624) load[0m
[0;32mI (380) esp_image: segment 5: paddr=000d82b8 vaddr=40080000 size=192e4h (103140) load[0m
[0;32mI (432) boot: Loaded app from partition at offset 0x10000[0m
[0;32mI (432) boot: Disabling RNG early entropy source...[0m
[0;32mI (443) cpu_start: Multicore app[0m
[0;32mI (451) cpu_start: Pro cpu start user code[0m
[0;32mI (451) cpu_start: cpu freq: 160000000 Hz[0m
[0;32mI (451) app_init: Application information:[0m
[0;32mI (451) app_init: Project name:     hello_world[0m
[0;32mI (456) app_init: App version:      v5.5-dirty[0m
[0;32mI (460) app_init: Compile time:     Oct 20 2025 20:55:32[0m
[0;32mI (465) app_init: ELF file SHA256:  d1fad81ae...[0m
[0;32mI (469) app_init: ESP-IDF:          v5.5-dirty[0m
[0;32mI (473) efuse_init: Min chip rev:     v0.0[0m
[0;32mI (477) efuse_init: Max chip rev:     v3.99 [0m
[0;32mI (481) efuse_init: Chip rev:         v3.0[0m
[0;32mI (485) heap_init: Initializing. RAM available for dynamic allocation:[0m
[0;32mI (491) heap_init: At 3FFAE6E0 len 00001920 (6 KiB): DRAM[0m
[0;32mI (496) heap_init: At 3FFB87B0 len 00027850 (158 KiB): DRAM[0m
[0;32mI (502) heap_init: At 3FFE0440 len 00003AE0 (14 KiB): D/IRAM[0m
[0;32mI (507) heap_init: At 3FFE4350 len 0001BCB0 (111 KiB): D/IRAM[0m
[0;32mI (513) heap_init: At 400992E4 len 00006D1C (27 KiB): IRAM[0m
[0;32mI (519) spi_flash: detected chip: generic[0m
[0;32mI (522) spi_flash: flash io: dio[0m
[0;33mW (524) spi_flash: Detected size(4096k) larger than the size in the binary image header(2048k). Using the size in the binary image header.[0m
[0;33mW (537) i2c: This driver is an old driver, please migrate your application code to adapt `driver/i2c_master.h`[0m
[0;32mI (547) main_task: Started on CPU0[0m
[0;32mI (557) main_task: Calling app_main()[0m
[0;32mI (557) KEYPAD: I2C initialized successfully[0m
[0;32mI (2147) KEYPAD: Starting keypad MQTT application[0m
[0;32mI (2197) wifi:wifi driver task: 3ffc0a2c, prio:23, stack:6656, core=0[0m
[0;32mI (2217) wifi:wifi firmware version: f3dbad7[0m
[0;32mI (2217) wifi:wifi certification version: v7.0[0m
[0;32mI (2217) wifi:config NVS flash: enabled[0m
[0;32mI (2217) wifi:config nano formatting: disabled[0m
[0;32mI (2217) wifi:Init data frame dynamic rx buffer num: 32[0m
[0;32mI (2227) wifi:Init static rx mgmt buffer num: 5[0m
[0;32mI (2227) wifi:Init management short buffer num: 32[0m
[0;32mI (2237) wifi:Init dynamic tx buffer num: 32[0m
[0;32mI (2237) wifi:Init static rx buffer size: 1600[0m
[0;32mI (2237) wifi:Init static rx buffer num: 10[0m
[0;32mI (2247) wifi:Init dynamic rx buffer num: 32[0m
[0;32mI (2247) wifi_init: rx ba win: 6[0m
[0;32mI (2257) wifi_init: accept mbox: 6[0m
[0;32mI (2257) wifi_init: tcpip mbox: 32[0m
[0;32mI (2257) wifi_init: udp mbox: 6[0m
[0;32mI (2257) wifi_init: tcp mbox: 6[0m
[0;32mI (2267) wifi_init: tcp tx win: 5760[0m
[0;32mI (2267) wifi_init: tcp rx win: 5760[0m
[0;32mI (2267) wifi_init: tcp mss: 1440[0m
[0;32mI (2277) wifi_init: WiFi IRAM OP enabled[0m
[0;32mI (2277) wifi_init: WiFi RX IRAM OP enabled[0m
[0;32mI (2337) phy_init: phy_version 4860,6b7a6e5,Feb  6 2025,14:47:07[0m
[0;32mI (2417) wifi:mode : sta (a8:42:e3:4c:7c:bc)[0m
[0;32mI (2427) wifi:enable tsf[0m
[0;32mI (2427) KEYPAD: WiFi initialized[0m
[0;32mI (2427) KEYPAD: WiFi STA started[0m
[0;32mI (2427) KEYPAD: Have a saved wifi network in NVS: NamTrung[0m
[0;33mW (3237) wifi:Password length matches WPA2 standards, authmode threshold changes from OPEN to WPA2[0m
[0;32mI (3287) wifi:flush txq[0m
[0;32mI (3287) wifi:stop sw txq[0m
[0;32mI (3287) wifi:lmac stop hw txq[0m
[0;32mI (3297) wifi:mode : sta (a8:42:e3:4c:7c:bc)[0m
[0;32mI (3297) wifi:enable tsf[0m
[0;32mI (3297) KEYPAD: WiFi STA started[0m
[1;31mE (3297) wifi:sta is connecting, return error[0m
[0;32mI (3537) wifi:new:<1,0>, old:<1,0>, ap:<255,255>, sta:<1,0>, prof:9, snd_ch_cfg:0x0[0m
[0;32mI (3537) wifi:state: init -> auth (0xb0)[0m
[0;32mI (4537) wifi:state: auth -> init (0x200)[0m
[0;32mI (4547) wifi:new:<1,0>, old:<1,0>, ap:<255,255>, sta:<1,0>, prof:9, snd_ch_cfg:0x0[0m
[0;32mI (4547) KEYPAD: STA disconnected, reason=2[0m
[0;32mI (5167) wifi:new:<6,0>, old:<1,0>, ap:<255,255>, sta:<6,0>, prof:9, snd_ch_cfg:0x0[0m
[0;32mI (5167) wifi:state: init -> auth (0xb0)[0m
[0;32mI (5187) wifi:state: auth -> assoc (0x0)[0m
[0;32mI (6187) wifi:state: assoc -> init (0x400)[0m
[0;32mI (6197) wifi:new:<6,0>, old:<6,0>, ap:<255,255>, sta:<6,0>, prof:9, snd_ch_cfg:0x0[0m
[0;32mI (6197) KEYPAD: STA disconnected, reason=4[0m
[0;32mI (6267) wifi:new:<6,0>, old:<6,0>, ap:<255,255>, sta:<6,0>, prof:9, snd_ch_cfg:0x0[0m
[0;32mI (6267) wifi:state: init -> auth (0xb0)[0m
[0;32mI (6277) wifi:state: auth -> init (0x1100)[0m
[0;32mI (6277) wifi:new:<6,0>, old:<6,0>, ap:<255,255>, sta:<6,0>, prof:9, snd_ch_cfg:0x0[0m
[0;32mI (6277) KEYPAD: STA disconnected, reason=202[0m
[0;32mI (7557) wifi:new:<11,0>, old:<6,0>, ap:<255,255>, sta:<11,0>, prof:9, snd_ch_cfg:0x0[0m
[0;32mI (7567) wifi:state: init -> auth (0xb0)[0m
[0;32mI (7577) wifi:state: auth -> assoc (0x0)[0m
[0;32mI (7587) wifi:state: assoc -> run (0x10)[0m
[0;32mI (7617) wifi:connected with NamTrung, aid = 17, channel 11, BW20, bssid = 10:5f:02:75:27:1e[0m
[0;32mI (7627) wifi:security: WPA2-PSK, phy: bgn, rssi: -76[0m
[0;32mI (7647) wifi:pm start, type: 1[0m

[0;32mI (7647) wifi:dp: 1, bi: 102400, li: 3, scale listen interval from 307200 us to 307200 us[0m
[0;32mI (7647) KEYPAD: Connected to SSID:NamTrung, channel:11[0m
[0;32mI (7657) wifi:AP's beacon interval = 102400 us, DTIM period = 1[0m
[0;32mI (8687) esp_netif_handlers: sta ip: 10.10.1.51, mask: 255.255.252.0, gw: 10.10.1.1[0m
[0;32mI (8687) KEYPAD: WiFi connected, got IP[0m
[0;32mI (9107) KEYPAD: MQTT initialized[0m
[0;32mI (9127) wifi:<ba-add>idx:0 (ifx:0, 10:5f:02:75:27:1e), tid:7, ssn:8, winSize:64[0m
[0;32mI (9147) wifi:<ba-add>idx:1 (ifx:0, 10:5f:02:75:27:1e), tid:0, ssn:1, winSize:64[0m
[0;32mI (9177) KEYPAD: MQTT connected[0m
[0;32mI (9177) KEYPAD: MQTT connected, showing success message[0m
[0;32mI (10117) KEYPAD: Showing MQTT connecting...[0m
Key pressed: A
Key pressed: *
Key pressed: 6
Key pressed: 6
Key pressed: *
Key pressed: 2
Key pressed: 6
Key pressed: *
Key pressed: 8
Key pressed: *
Key pressed: 7
Key pressed: 7
Key pressed: 7
Key pressed: 8
Key pressed: 8
Key pressed: 6
Key pressed: 6
Key pressed: 4
Key pressed: D
Key pressed: 6
Key pressed: 6
Key pressed: 8
Key pressed: C
Key pressed: 1
Key pressed: 1
Key pressed: 1
Key pressed: 1
Key pressed: 1
Key pressed: 1
Key pressed: 1
Key pressed: 1
Key pressed: 1
Key pressed: 1
Key pressed: 1
Key pressed: 1
Key pressed: 1
Key pressed: 1
Key pressed: 1
Key pressed: 1
Key pressed: 1
Key pressed: 4
Key pressed: 4
Key pressed: 4
Key pressed: 4
Key pressed: 0
Key pressed: 0
Key pressed: 9
Key pressed: 9
Key pressed: 9
Key pressed: 9
Key pressed: 9
Key pressed: 2
Key pressed: 2
Key pressed: 2
Key pressed: 2
Key pressed: 0
Key pressed: 0
Key pressed: 1
Key pressed: 1
Key pressed: 1
Key pressed: 1
Key pressed: 1
Key pressed: 1
Key pressed: 1
Key pressed: 1
Key pressed: 1
Key pressed: 1
Key pressed: 1
Key pressed: 1
Key pressed: 1
Key pressed: 1
Key pressed: D
[0;32mI (44107) wifi:state: run -> init (0x0)[0m
[0;32mI (44117) wifi:pm stop, total sleep time: 24547113 us / 36468109 us[0m

[0;32mI (44117) wifi:<ba-del>idx:1, tid:0[0m
[0;32mI (44117) wifi:<ba-del>idx:0, tid:7[0m
[0;32mI (44117) wifi:new:<11,0>, old:<11,0>, ap:<255,255>, sta:<11,0>, prof:9, snd_ch_cfg:0x0[0m
[0;33mW (44127) wifi:Password length matches WPA2 standards, authmode threshold changes from OPEN to WPA2[0m
[0;32mI (44137) KEYPAD: STA disconnected, reason=8[0m
[0;32mI (44137) mqtt_client: Client asked to disconnect[0m
[1;31mE (44137) transport_base: tcp_read error, errno=Software caused connection abort[0m
[0;32mI (44147) wifi:E (44147) mqtt_client: esp_mqtt_handle_transport_read_error: transport_read() error: errno=113[0m
new:<11,0>, old:<11,0>, ap:<255,255>, sta:<11,0>, prof:9, snd_ch_cfg:0x0
[0;32mI (44157) KEYPAD: MQTT_EVENT_ERROR[0m
[0;32mI (44167) wifi:E (44167) mqtt_client: mqtt_process_receive: mqtt_message_receive() returned -2[0m
state: init -> auth (0xb0)
[0;32mI (44177) KEYPAD: MQTT disconnected[0m
[0;32mI (44187) wifi:state: auth -> assoc (0x0)[0m
[0;32mI (44197) wifi:state: assoc -> run (0x10)[0m
[0;32mI (44227) wifi:connected with NamTrung, aid = 17, channel 11, BW20, bssid = 10:5f:02:75:27:1e[0m
[0;32mI (44237) wifi:security: WPA2-PSK, phy: bgn, rssi: -72[0m
[0;32mI (44237) wifi:pm start, type: 1[0m

[0;32mI (44317) wifi:AP's beacon interval = 102400 us, DTIM period = 1[0m
[0;33mW (49177) KEYPAD: WiFi connection failed, retry count: 1/5[0m
[0;33mW (49177) wifi:sta is connected, disconnect before connecting to new ap[0m
[0;32mI (49177) KEYPAD: Connected to SSID:NamTrung, channel:11[0m
[0;32mI (49227) wifi:<ba-add>idx:0 (ifx:0, 10:5f:02:75:27:1e), tid:7, ssn:3, winSize:64[0m
[0;32mI (50267) esp_netif_handlers: sta ip: 10.10.1.51, mask: 255.255.252.0, gw: 10.10.1.1[0m
[0;32mI (50267) KEYPAD: WiFi connected, got IP[0m
[0;32mI (50267) KEYPAD: Wi-Fi credentials saved successfully![0m
[0;32mI (50747) mqtt_client: Client asked to disconnect[0m
[0;33mW (50747) mqtt_client: Client asked to stop, but was not started[0m
[0;32mI (50747) KEYPAD: MQTT initialized[0m
[0;32mI (50777) wifi:<ba-add>idx:1 (ifx:0, 10:5f:02:75:27:1e), tid:0, ssn:1, winSize:64[0m
[0;32mI (50797) KEYPAD: MQTT connected[0m
[0;32mI (50797) KEYPAD: MQTT connected, showing success message[0m
[0;32mI (51757) KEYPAD: Showing MQTT connecting...[0m
ets Jul 29 2019 12:21:46

rst:0x1 (POWERON_RESET),boot:0x13 (SPI_FAST_FLASH_BOOT)
configsip: 0, SPIWP:0xee
clk_drv:0x00,q_drv:0x00,d_drv:0x00,cs0_drv:0x00,hd_drv:0x00,wp_drv:0x00
mode:DIO, clock div:2
load:0x3fff0030,len:6380
ho 0 tail 12 room 4
load:0x40078000,len:15916
load:0x40080400,len:3860
entry 0x40080638
[0;32mI (29) boot: ESP-IDF v5.5-dirty 2nd stage bootloader[0m
[0;32mI (29) boot: compile time Oct 19 2025 19:26:38[0m
[0;32mI (29) boot: Multicore bootloader[0m
[0;32mI (31) boot: chip revision: v3.0[0m
[0;32mI (34) boot.esp32: SPI Speed      : 40MHz[0m
[0;32mI (37) boot.esp32: SPI Mode       : DIO[0m
[0;32mI (41) boot.esp32: SPI Flash Size : 2MB[0m
[0;32mI (45) boot: Enabling RNG early entropy source...[0m
[0;32mI (49) boot: Partition Table:[0m
[0;32mI (52) boot: ## Label            Usage          Type ST Offset   Length[0m
[0;32mI (58) boot:  0 nvs              WiFi data        01 02 00009000 00006000[0m
[0;32mI (65) boot:  1 phy_init         RF data          01 01 0000f000 00001000[0m
[0;32mI (71) boot:  2 factory          factory app      00 00 00010000 00100000[0m
[0;32mI (78) boot: End of partition table[0m
[0;32mI (81) esp_image: segment 0: paddr=00010020 vaddr=3f400020 size=1f930h (129328) map[0m
[0;32mI (133) esp_image: segment 1: paddr=0002f958 vaddr=3ff80000 size=00020h (    32) load[0m
[0;32mI (133) esp_image: segment 2: paddr=0002f980 vaddr=3ffb0000 size=00698h (  1688) load[0m
[0;32mI (137) esp_image: segment 3: paddr=00030020 vaddr=400d0020 size=a4968h (674152) map[0m
[0;32mI (374) esp_image: segment 4: paddr=000d4990 vaddr=3ffb0698 size=03920h ( 14624) load[0m
[0;32mI (380) esp_image: segment 5: paddr=000d82b8 vaddr=40080000 size=192e4h (103140) load[0m
[0;32mI (432) boot: Loaded app from partition at offset 0x10000[0m
[0;32mI (432) boot: Disabling RNG early entropy source...[0m
[0;32mI (443) cpu_start: Multicore app[0m
[0;32mI (451) cpu_start: Pro cpu start user code[0m
[0;32mI (451) cpu_start: cpu freq: 160000000 Hz[0m
[0;32mI (451) app_init: Application information:[0m
[0;32mI (451) app_init: Project name:     hello_world[0m
[0;32mI (456) app_init: App version:      v5.5-dirty[0m
[0;32mI (460) app_init: Compile time:     Oct 20 2025 20:55:32[0m
[0;32mI (465) app_init: ELF file SHA256:  d1fad81ae...[0m
[0;32mI (469) app_init: ESP-IDF:          v5.5-dirty[0m
[0;32mI (473) efuse_init: Min chip rev:     v0.0[0m
[0;32mI (477) efuse_init: Max chip rev:     v3.99 [0m
[0;32mI (481) efuse_init: Chip rev:         v3.0[0m
[0;32mI (485) heap_init: Initializing. RAM available for dynamic allocation:[0m
[0;32mI (491) heap_init: At 3FFAE6E0 len 00001920 (6 KiB): DRAM[0m
[0;32mI (496) heap_init: At 3FFB87B0 len 00027850 (158 KiB): DRAM[0m
[0;32mI (502) heap_init: At 3FFE0440 len 00003AE0 (14 KiB): D/IRAM[0m
[0;32mI (507) heap_init: At 3FFE4350 len 0001BCB0 (111 KiB): D/IRAM[0m
[0;32mI (513) heap_init: At 400992E4 len 00006D1C (27 KiB): IRAM[0m
[0;32mI (519) spi_flash: detected chip: generic[0m
[0;32mI (522) spi_flash: flash io: dio[0m
[0;33mW (524) spi_flash: Detected size(4096k) larger than the size in the binary image header(2048k). Using the size in the binary image header.[0m
[0;33mW (537) i2c: This driver is an old driver, please migrate your application code to adapt `driver/i2c_master.h`[0m
[0;32mI (547) main_task: Started on CPU0[0m
[0;32mI (557) main_task: Calling app_main()[0m
[0;32mI (557) KEYPAD: I2C initialized successfully[0m
[0;32mI (2147) KEYPAD: Starting keypad MQTT application[0m
[0;32mI (2197) wifi:wifi driver task: 3ffc0a2c, prio:23, stack:6656, core=0[0m
[0;32mI (2217) wifi:wifi firmware version: f3dbad7[0m
[0;32mI (2217) wifi:wifi certification version: v7.0[0m
[0;32mI (2217) wifi:config NVS flash: enabled[0m
[0;32mI (2217) wifi:config nano formatting: disabled[0m
[0;32mI (2217) wifi:Init data frame dynamic rx buffer num: 32[0m
[0;32mI (2227) wifi:Init static rx mgmt buffer num: 5[0m
[0;32mI (2227) wifi:Init management short buffer num: 32[0m
[0;32mI (2237) wifi:Init dynamic tx buffer num: 32[0m
[0;32mI (2237) wifi:Init static rx buffer size: 1600[0m
[0;32mI (2237) wifi:Init static rx buffer num: 10[0m
[0;32mI (2247) wifi:Init dynamic rx buffer num: 32[0m
[0;32mI (2247) wifi_init: rx ba win: 6[0m
[0;32mI (2247) wifi_init: accept mbox: 6[0m
[0;32mI (2257) wifi_init: tcpip mbox: 32[0m
[0;32mI (2257) wifi_init: udp mbox: 6[0m
[0;32mI (2257) wifi_init: tcp mbox: 6[0m
[0;32mI (2267) wifi_init: tcp tx win: 5760[0m
[0;32mI (2267) wifi_init: tcp rx win: 5760[0m
[0;32mI (2267) wifi_init: tcp mss: 1440[0m
[0;32mI (2277) wifi_init: WiFi IRAM OP enabled[0m
[0;32mI (2277) wifi_init: WiFi RX IRAM OP enabled[0m
[0;32mI (2337) phy_init: phy_version 4860,6b7a6e5,Feb  6 2025,14:47:07[0m
[0;32mI (2417) wifi:mode : sta (a8:42:e3:4c:7c:bc)[0m
[0;32mI (2417) wifi:enable tsf[0m
[0;32mI (2427) KEYPAD: WiFi initialized[0m
[0;32mI (2427) KEYPAD: WiFi STA started[0m
[0;32mI (2427) KEYPAD: Have a saved wifi network in NVS: NamTrung[0m
[0;33mW (3237) wifi:Password length matches WPA2 standards, authmode threshold changes from OPEN to WPA2[0m
[0;32mI (3287) wifi:flush txq[0m
[0;32mI (3287) wifi:stop sw txq[0m
[0;32mI (3287) wifi:lmac stop hw txq[0m
[0;32mI (3297) wifi:mode : sta (a8:42:e3:4c:7c:bc)[0m
[0;32mI (3297) wifi:enable tsf[0m
[0;32mI (3297) KEYPAD: WiFi STA started[0m
[1;31mE (3297) wifi:sta is connecting, return error[0m
[0;32mI (3487) wifi:new:<1,0>, old:<1,0>, ap:<255,255>, sta:<1,0>, prof:9, snd_ch_cfg:0x0[0m
[0;32mI (3487) wifi:state: init -> auth (0xb0)[0m
[0;32mI (4497) wifi:state: auth -> init (0x200)[0m
[0;32mI (4507) wifi:new:<1,0>, old:<1,0>, ap:<255,255>, sta:<1,0>, prof:9, snd_ch_cfg:0x0[0m
[0;32mI (4507) KEYPAD: STA disconnected, reason=2[0m
[0;32mI (5127) wifi:new:<6,0>, old:<1,0>, ap:<255,255>, sta:<6,0>, prof:9, snd_ch_cfg:0x0[0m
[0;32mI (5127) wifi:state: init -> auth (0xb0)[0m
[0;32mI (5147) wifi:state: auth -> assoc (0x0)[0m
[0;32mI (5157) wifi:state: assoc -> run (0x10)[0m
[0;32mI (5237) wifi:connected with NamTrung, aid = 24, channel 6, BW20, bssid = 10:5f:02:75:1e:9a[0m
[0;32mI (5237) wifi:security: WPA2-PSK, phy: bgn, rssi: -67[0m
[0;32mI (5277) wifi:pm start, type: 1[0m

[0;32mI (5277) wifi:dp: 1, bi: 102400, li: 3, scale listen interval from 307200 us to 307200 us[0m
[0;32mI (5277) KEYPAD: Connected to SSID:NamTrung, channel:6[0m
[0;32mI (5297) wifi:AP's beacon interval = 102400 us, DTIM period = 1[0m
[0;32mI (6197) wifi:<ba-add>idx:0 (ifx:0, 10:5f:02:75:1e:9a), tid:7, ssn:7, winSize:64[0m
[0;32mI (6307) esp_netif_handlers: sta ip: 10.10.1.51, mask: 255.255.252.0, gw: 10.10.1.1[0m
[0;32mI (6307) KEYPAD: WiFi connected, got IP[0m
[0;32mI (6707) KEYPAD: MQTT initialized[0m
[0;32mI (6747) wifi:<ba-add>idx:1 (ifx:0, 10:5f:02:75:1e:9a), tid:0, ssn:1, winSize:64[0m
[0;32mI (6767) KEYPAD: MQTT connected[0m
[0;32mI (6767) KEYPAD: MQTT connected, showing success message[0m
[0;32mI (7717) KEYPAD: Showing MQTT connecting...[0m
[0;32mI (15187) wifi:bcn_timeout,ap_probe_send_start[0m
[0;32mI (24207) wifi:bcn_timeout,ap_probe_send_start[0m
[0;32mI (33297) wifi:bcn_timeout,ap_probe_send_start[0m
[0;32mI (48207) wifi:bcn_timeout,ap_probe_send_start[0m
[0;32mI (57227) wifi:bcn_timeout,ap_probe_send_start[0m
[0;32mI (75717) wifi:bcn_timeout,ap_probe_send_start[0m
[0;32mI (84737) wifi:bcn_timeout,ap_probe_send_start[0m
[0;32mI (93767) wifi:bcn_timeout,ap_probe_send_start[0m
[0;32mI (108967) wifi:bcn_timeout,ap_probe_send_start[0m
[0;32mI (117987) wifi:bcn_timeout,ap_probe_send_start[0m
[0;32mI (136207) wifi:bcn_timeout,ap_probe_send_start[0m
[0;32mI (145217) wifi:bcn_timeout,ap_probe_send_start[0m
[0;32mI (154237) wifi:bcn_timeout,ap_probe_send_start[0m
[0;32mI (166457) wifi:bcn_timeout,ap_probe_send_start[0m
[0;32mI (176117) wifi:bcn_timeout,ap_probe_send_start[0m
[0;32mI (196707) wifi:bcn_timeout,ap_probe_send_start[0m
[0;32mI (205717) wifi:bcn_timeout,ap_probe_send_start[0m
[0;32mI (214737) wifi:bcn_timeout,ap_probe_send_start[0m
