Command: D:\ESP32_IDF\Espressif\python_env\idf5.5_py3.11_env\Scripts\python.exe D:\ESP32_IDF\Espressif\frameworks\esp-idf-v5.5\tools/idf_monitor.py -p COM3 -b 115200 --toolchain-prefix xtensa-esp32-elf- --target esp32 --revision 0 D:\ESP32_IDF\Espressif\frameworks\esp-idf-v5.5\examples\get-started\agribank demo\build\hello_world.elf D:\ESP32_IDF\Espressif\frameworks\esp-idf-v5.5\examples\get-started\agribank demo\build\bootloader\bootloader.elf --force-color -m 'D:\ESP32_IDF\Espressif\python_env\idf5.5_py3.11_env\Scripts\python.exe' 'D:\ESP32_IDF\Espressif\frameworks\esp-idf-v5.5\tools\idf.py' '-p' 'COM3'
34) boot.esp32: SPI Speeï¿½ets Jul 29 2019 12:21:46

rst:0x1 (POWERON_RESET),boot:0x13 (SPI_FAST_FLASH_BOOT)
configsip: 0, SPIWP:0xee
clk_drv:0x00,q_drv:0x00,d_drv:0x00,cs0_drv:0x00,hd_drv:0x00,wp_drv:0x00
mode:DIO, clock div:2
load:0x3fff0030,len:6380
ho 0 tail 12 room 4
load:0x40078000,len:15916
load:0x40080400,len:3860
entry 0x40080638
[0;32mI (29) boot: ESP-IDF v5.5-dirty 2nd stage bootloader[0m
[0;32mI (29) boot: compile time Nov  3 2025 10:07:42[0m
[0;32mI (29) boot: Multicore bootloader[0m
[0;32mI (31) boot: chip revision: v3.0[0m
[0;32mI (34) boot.esp32: SPI Speed      : 40MHz[0m
[0;32mI (37) boot.esp32: SPI Mode       : DIO[0m
[0;32mI (41) boot.esp32: SPI Flash Size : 2MB[0m
[0;32mI (45) boot: Enabling RNG early entropy source...[0m
[0;32mI (49) boot: Partition Table:[0m
[0;32mI (52) boot: ## Label            Usage          Type ST Offset   Length[0m
[0;32mI (58) boot:  0 nvs              WiFi data        01 02 00009000 00006000[0m
[0;32mI (65) boot:  1 phy_init         RF data          01 01 0000f000 00001000[0m
[0;32mI (71) boot:  2 factory          factory app      00 00 00010000 00100000[0m
[0;32mI (78) boot: End of partition table[0m
[0;32mI (81) esp_image: segment 0: paddr=00010020 vaddr=3f400020 size=20528h (132392) map[0m
[0;32mI (134) esp_image: segment 1: paddr=00030550 vaddr=3ff80000 size=00020h (    32) load[0m
[0;32mI (134) esp_image: segment 2: paddr=00030578 vaddr=3ffb0000 size=04418h ( 17432) load[0m
[0;32mI (144) esp_image: segment 3: paddr=00034998 vaddr=40080000 size=0b680h ( 46720) load[0m
[0;32mI (163) esp_image: segment 4: paddr=00040020 vaddr=400d0020 size=a69b4h (682420) map[0m
[0;32mI (397) esp_image: segment 5: paddr=000e69dc vaddr=4008b680 size=0dc64h ( 56420) load[0m
[0;32mI (431) boot: Loaded app from partition at offset 0x10000[0m
[0;32mI (431) boot: Disabling RNG early entropy source...[0m
[0;32mI (442) cpu_start: Multicore app[0m
[0;32mI (450) cpu_start: Pro cpu start user code[0m
[0;32mI (450) cpu_start: cpu freq: 160000000 Hz[0m
[0;32mI (450) app_init: Application information:[0m
[0;32mI (450) app_init: Project name:     hello_world[0m
[0;32mI (454) app_init: App version:      e7264df-dirty[0m
[0;32mI (459) app_init: Compile time:     Nov 14 2025 16:49:19[0m
[0;32mI (464) app_init: ELF file SHA256:  1f1f3c43d...[0m
[0;32mI (468) app_init: ESP-IDF:          v5.5-dirty[0m
[0;32mI (472) efuse_init: Min chip rev:     v0.0[0m
[0;32mI (476) efuse_init: Max chip rev:     v3.99 [0m
[0;32mI (480) efuse_init: Chip rev:         v3.0[0m
[0;32mI (484) heap_init: Initializing. RAM available for dynamic allocation:[0m
[0;32mI (490) heap_init: At 3FFAE6E0 len 00001920 (6 KiB): DRAM[0m
[0;32mI (495) heap_init: At 3FFB9170 len 00026E90 (155 KiB): DRAM[0m
[0;32mI (501) heap_init: At 3FFE0440 len 00003AE0 (14 KiB): D/IRAM[0m
[0;32mI (506) heap_init: At 3FFE4350 len 0001BCB0 (111 KiB): D/IRAM[0m
[0;32mI (512) heap_init: At 400992E4 len 00006D1C (27 KiB): IRAM[0m
[0;32mI (518) spi_flash: detected chip: generic[0m
[0;32mI (520) spi_flash: flash io: dio[0m
[0;33mW (523) spi_flash: Detected size(4096k) larger than the size in the binary image header(2048k). Using the size in the binary image header.[0m
[0;33mW (536) i2c: This driver is an old driver, please migrate your application code to adapt `driver/i2c_master.h`[0m
[0;32mI (546) main_task: Started on CPU0[0m
[0;32mI (556) main_task: Calling app_main()[0m
[0;32mI (556) LED: LED initialized on GPIO 2[0m
[0;32mI (556) LED: LED OFF[0m
[0;32mI (556) DEMO: I2C initialized successfully[0m
[0;32mI (1446) DEMO: Starting keypad MQTT application[0m
[0;32mI (1466) MAC_UTILS: WiFi STA MAC: A8:42:E3:4C:7C:BC[0m
[0;32mI (1466) NVS_UTILS: Read user ID successfully: 01[0m
[0;32mI (1466) MAC_UTILS: Loaded user_id from NVS: 01[0m
[0;32mI (1486) wifi:wifi driver task: 3ffc1f6c, prio:23, stack:6656, core=0[0m
[0;32mI (1496) wifi:wifi firmware version: f3dbad7[0m
[0;32mI (1496) wifi:wifi certification version: v7.0[0m
[0;32mI (1496) wifi:config NVS flash: enabled[0m
[0;32mI (1496) wifi:config nano formatting: disabled[0m
[0;32mI (1506) wifi:Init data frame dynamic rx buffer num: 32[0m
[0;32mI (1506) wifi:Init static rx mgmt buffer num: 5[0m
[0;32mI (1506) wifi:Init management short buffer num: 32[0m
[0;32mI (1516) wifi:Init dynamic tx buffer num: 32[0m
[0;32mI (1516) wifi:Init static rx buffer size: 1600[0m
[0;32mI (1526) wifi:Init static rx buffer num: 10[0m
[0;32mI (1526) wifi:Init dynamic rx buffer num: 32[0m
[0;32mI (1536) wifi_init: rx ba win: 6[0m
[0;32mI (1536) wifi_init: accept mbox: 6[0m
[0;32mI (1536) wifi_init: tcpip mbox: 32[0m
[0;32mI (1536) wifi_init: udp mbox: 6[0m
[0;32mI (1546) wifi_init: tcp mbox: 6[0m
[0;32mI (1546) wifi_init: tcp tx win: 5760[0m
[0;32mI (1546) wifi_init: tcp rx win: 5760[0m
[0;32mI (1556) wifi_init: tcp mss: 1440[0m
[0;32mI (1556) wifi_init: WiFi IRAM OP enabled[0m
[0;32mI (1556) wifi_init: WiFi RX IRAM OP enabled[0m
[0;32mI (1606) phy_init: phy_version 4860,6b7a6e5,Feb  6 2025,14:47:07[0m
[0;32mI (1696) wifi:mode : sta (a8:42:e3:4c:7c:bc)[0m
[0;32mI (1696) wifi:enable tsf[0m
[0;32mI (1696) WIFI: WiFi initialized[0m
[0;32mI (1696) WIFI: WiFi STA started[0m
[0;32mI (1696) main_task: Returned from app_main()[0m
[0;32mI (1696) STATE_MACHINE: System state task started[0m
[0;32mI (1806) STATE_MACHINE: Have a saved wifi network in NVS: NamTrung[0m
[0;32mI (1846) wifi:flush txq[0m
[0;32mI (1846) wifi:stop sw txq[0m
[0;32mI (1846) wifi:lmac stop hw txq[0m
[0;32mI (1856) wifi:mode : sta (a8:42:e3:4c:7c:bc)[0m
[0;32mI (1856) wifi:enable tsf[0m
[0;32mI (1856) WIFI: WiFi STA started[0m
[0;32mI (2166) wifi:new:<11,0>, old:<1,0>, ap:<255,255>, sta:<11,0>, prof:1, snd_ch_cfg:0x0[0m
[0;32mI (2166) wifi:state: init -> auth (0xb0)[0m
[0;32mI (2176) wifi:state: auth -> assoc (0x0)[0m
[0;32mI (2196) wifi:state: assoc -> run (0x10)[0m
[0;32mI (2226) wifi:connected with NamTrung, aid = 16, channel 11, BW20, bssid = 10:5f:02:75:27:1e[0m
[0;32mI (2226) wifi:security: WPA2-PSK, phy: bgn, rssi: -66[0m
[0;32mI (2236) wifi:pm start, type: 1[0m

[0;32mI (2236) wifi:dp: 1, bi: 102400, li: 3, scale listen interval from 307200 us to 307200 us[0m
[0;32mI (2246) WIFI: Connected to SSID:NamTrung, channel:11[0m
[0;32mI (2326) wifi:AP's beacon interval = 102400 us, DTIM period = 1[0m
[0;32mI (3256) esp_netif_handlers: sta ip: 10.10.1.52, mask: 255.255.252.0, gw: 10.10.1.1[0m
[0;32mI (3256) WIFI: WiFi connected, got IP[0m
[0;32mI (3276) MQTT: Registered device with WiFi STA MAC: {"device_id":"A8:42:E3:4C:7C:BC","status":"offline"}[0m
[0;32mI (3276) MQTT: MQTT initialized[0m
[0;32mI (3286) NVS_UTILS: Read status successfully: SO DANG GOI[0m
[0;32mI (3296) wifi:<ba-add>idx:0 (ifx:0, 10:5f:02:75:27:1e), tid:7, ssn:11, winSize:64[0m
[0;32mI (3316) wifi:<ba-add>idx:1 (ifx:0, 10:5f:02:75:27:1e), tid:0, ssn:1, winSize:64[0m
[0;32mI (3326) LED: LED ON[0m
[0;32mI (3326) MQTT: MQTT connected[0m
[0;32mI (3546) MQTT: MQTT_EVENT_DATA[0m
[0;32mI (3546) MQTT: Processing topic: device/list[0m
[0;32mI (3546) MQTT: Device list updated: 0 devices[0m
[0;32mI (3556) MQTT: MQTT_EVENT_DATA[0m
[0;32mI (3566) MQTT: Processing topic: service/list[0m
[0;32mI (3566) MQTT: MQTT_EVENT_DATA[0m
[0;32mI (3566) MQTT: Service list updated: 2 services[0m
[0;32mI (3586) MQTT: Processing topic: feedback_status[0m
[0;32mI (3586) MQTT: disconnected[0m
[0;32mI (3586) LED: LED OFF[0m
[0;32mI (4666) KEYPRESED: Key pressed: A[0m

[0;32mI (5556) KEYPRESED: Key pressed: D[0m

[0;32mI (6636) KEYPRESED: Key pressed: *[0m

[0;32mI (7386) KEYPRESED: Key pressed: 6[0m

[0;32mI (7666) KEYPRESED: Key pressed: 6[0m

[0;32mI (8126) KEYPRESED: Key pressed: *[0m

[0;32mI (8546) KEYPRESED: Key pressed: 2[0m

[0;32mI (9066) KEYPRESED: Key pressed: 6[0m

[0;32mI (9486) KEYPRESED: Key pressed: *[0m

[0;32mI (9996) KEYPRESED: Key pressed: 8[0m

[0;32mI (10506) KEYPRESED: Key pressed: *[0m

[0;32mI (11016) KEYPRESED: Key pressed: 7[0m

[0;32mI (11256) KEYPRESED: Key pressed: 7[0m

[0;32mI (11536) KEYPRESED: Key pressed: 7[0m

[0;32mI (11916) KEYPRESED: Key pressed: 8[0m

[0;32mI (12176) KEYPRESED: Key pressed: 8[0m

[0;32mI (12646) KEYPRESED: Key pressed: 6[0m

[0;32mI (12966) KEYPRESED: Key pressed: 6[0m

[0;32mI (13446) KEYPRESED: Key pressed: 4[0m

[0;32mI (14226) KEYPRESED: Key pressed: D[0m

[0;32mI (15026) KEYPRESED: Key pressed: 6[0m

[0;32mI (15326) KEYPRESED: Key pressed: 6[0m

[0;32mI (15856) KEYPRESED: Key pressed: 8[0m

[0;32mI (16316) KEYPRESED: Key pressed: #[0m

[0;32mI (17256) KEYPRESED: Key pressed: 1[0m

[0;32mI (17486) KEYPRESED: Key pressed: 1[0m

[0;32mI (17756) KEYPRESED: Key pressed: 1[0m

[0;32mI (18046) KEYPRESED: Key pressed: 1[0m

[0;32mI (18426) KEYPRESED: Key pressed: 1[0m

[0;32mI (18626) KEYPRESED: Key pressed: 1[0m

[0;32mI (18816) KEYPRESED: Key pressed: 1[0m

[0;32mI (18996) KEYPRESED: Key pressed: 1[0m

[0;32mI (19186) KEYPRESED: Key pressed: 1[0m

[0;32mI (19356) KEYPRESED: Key pressed: 1[0m

[0;32mI (20546) KEYPRESED: Key pressed: 1[0m

[0;32mI (20816) KEYPRESED: Key pressed: 1[0m

[0;32mI (21016) KEYPRESED: Key pressed: 1[0m

[0;32mI (21236) KEYPRESED: Key pressed: 1[0m

[0;32mI (21446) KEYPRESED: Key pressed: 1[0m

[0;32mI (21786) KEYPRESED: Key pressed: 1[0m

[0;32mI (22236) KEYPRESED: Key pressed: 1[0m

[0;32mI (22646) KEYPRESED: Key pressed: 4[0m

[0;32mI (23136) KEYPRESED: Key pressed: 4[0m

[0;32mI (23406) KEYPRESED: Key pressed: 4[0m

[0;32mI (23806) KEYPRESED: Key pressed: 4[0m

[0;32mI (24416) KEYPRESED: Key pressed: 0[0m

[0;32mI (24646) KEYPRESED: Key pressed: 0[0m

[0;32mI (25106) KEYPRESED: Key pressed: 9[0m

[0;32mI (25696) KEYPRESED: Key pressed: 9[0m

[0;32mI (25946) KEYPRESED: Key pressed: 9[0m

[0;32mI (26216) KEYPRESED: Key pressed: 9[0m

[0;32mI (26506) KEYPRESED: Key pressed: 9[0m

[0;32mI (27006) KEYPRESED: Key pressed: 2[0m

[0;32mI (27286) KEYPRESED: Key pressed: 2[0m

[0;32mI (27496) KEYPRESED: Key pressed: 2[0m

[0;32mI (27796) KEYPRESED: Key pressed: 2[0m

[0;32mI (28276) KEYPRESED: Key pressed: 0[0m

[0;32mI (28556) KEYPRESED: Key pressed: 0[0m

[0;32mI (29056) KEYPRESED: Key pressed: 1[0m

[0;32mI (29426) KEYPRESED: Key pressed: 1[0m

[0;32mI (29636) KEYPRESED: Key pressed: 1[0m

[0;32mI (29846) KEYPRESED: Key pressed: 1[0m

[0;32mI (30136) KEYPRESED: Key pressed: 1[0m

[0;32mI (30376) KEYPRESED: Key pressed: 1[0m

[0;32mI (30566) KEYPRESED: Key pressed: 1[0m

[0;32mI (31706) KEYPRESED: Key pressed: 1[0m

[0;32mI (32006) KEYPRESED: Key pressed: 1[0m

[0;32mI (32216) KEYPRESED: Key pressed: 1[0m

[0;32mI (32416) KEYPRESED: Key pressed: 1[0m

[0;32mI (32606) KEYPRESED: Key pressed: 1[0m

[0;32mI (32896) KEYPRESED: Key pressed: 1[0m

[0;32mI (33236) KEYPRESED: Key pressed: 1[0m

[0;32mI (34076) KEYPRESED: Key pressed: D[0m

[0;32mI (34076) wifi:state: run -> init (0x0)[0m
[0;32mI (34086) wifi:pm stop, total sleep time: 22053510 us / 31848111 us[0m

[0;32mI (34086) wifi:<ba-del>idx:1, tid:0[0m
[0;32mI (34086) wifi:<ba-del>idx:0, tid:7[0m
[0;32mI (34086) wifi:new:<11,0>, old:<11,0>, ap:<255,255>, sta:<11,0>, prof:1, snd_ch_cfg:0x0[0m
[0;32mI (34096) WIFI: STA disconnected, reason=8[0m
[0;33mW (34096) WIFI: WiFi connection failed, retry count: 1/5[0m
[1;31mE (34106) wifi:sta is connecting, return error[0m
[1;31mE (34106) transport_base: tcp_read error, errno=Software caused connection abort[0m
[0;32mI (34106) wifi:E (34116) mqtt_client: esp_mqtt_handle_transport_read_error: transport_read() error: errno=113[0m
new:<11,0>, old:<11,0>, ap:<255,255>, sta:<11,0>, prof:1, snd_ch_cfg:0x0
[0;32mI (34126) MQTT: MQTT_EVENT_ERROR[0m
[0;32mI (34126) wifi:I (34136) LED: LED OFF[0m
state: init -> auth (0xb0)
[1;31mE (34136) mqtt_client: mqtt_process_receive: mqtt_message_receive() returned -2[0m
[0;32mI (34146) MQTT: MQTT disconnected[0m
[0;32mI (34146) LED: LED OFF[0m
[0;32mI (34146) wifi:state: auth -> assoc (0x0)[0m
[0;32mI (34166) wifi:state: assoc -> run (0x10)[0m
[0;32mI (34196) wifi:connected with NamTrung, aid = 18, channel 11, BW20, bssid = 10:5f:02:75:1e:9a[0m
[0;32mI (34196) wifi:security: WPA2-PSK, phy: bgn, rssi: -70[0m
[0;32mI (34196) wifi:pm start, type: 1[0m

[0;32mI (34206) WIFI: Connected to SSID:NamTrung, channel:11[0m
[0;32mI (34216) wifi:AP's beacon interval = 102400 us, DTIM period = 1[0m
[0;32mI (35226) esp_netif_handlers: sta ip: 10.10.1.52, mask: 255.255.252.0, gw: 10.10.1.1[0m
[0;32mI (35226) WIFI: WiFi connected, got IP[0m
[0;32mI (35226) NVS_UTILS: WIFI_CRED NO CHANGE, SKIP SAVING[0m
[0;32mI (35766) wifi:<ba-add>idx:0 (ifx:0, 10:5f:02:75:1e:9a), tid:7, ssn:12, winSize:64[0m
[0;32mI (36236) MQTT: Registered device with WiFi STA MAC: {"device_id":"A8:42:E3:4C:7C:BC","status":"offline"}[0m
[0;32mI (36236) mqtt_client: Client force reconnect requested[0m
[0;32mI (36266) wifi:<ba-add>idx:1 (ifx:0, 10:5f:02:75:1e:9a), tid:0, ssn:1, winSize:64[0m
[0;32mI (36276) LED: LED ON[0m
[0;32mI (36276) MQTT: MQTT connected[0m
[0;32mI (36496) MQTT: MQTT_EVENT_DATA[0m
[0;32mI (36496) MQTT: Processing topic: device/list[0m
[0;32mI (36496) MQTT: Device list updated: 0 devices[0m
[0;32mI (36506) MQTT: MQTT_EVENT_DATA[0m
[0;32mI (36506) MQTT: MQTT_EVENT_DATA[0m
[0;32mI (36516) MQTT: Processing topic: service/list[0m
[0;32mI (36516) MQTT: Service list updated: 2 services[0m
[0;32mI (36536) MQTT: Processing topic: feedback_status[0m
[0;32mI (36536) MQTT: disconnected[0m
[0;32mI (36536) LED: LED OFF[0m
ets Jul 29 2019 12:21:46

rst:0x1 (POWERON_RESET),boot:0x13 (SPI_FAST_FLASH_BOOT)
configsip: 0, SPIWP:0xee
clk_drv:0x00,q_drv:0x00,d_drv:0x00,cs0_drv:0x00,hd_drv:0x00,wp_drv:0x00
mode:DIO, clock div:2
load:0x3fff0030,len:6380
ho 0 tail 12 room 4
load:0x40078000,len:15916
load:0x40080400,len:3860
entry 0x40080638
[0;32mI (29) boot: ESP-IDF v5.5-dirty 2nd stage bootloader[0m
[0;32mI (29) boot: compile time Nov  3 2025 10:07:42[0m
[0;32mI (29) boot: Multicore bootloader[0m
[0;32mI (31) boot: chip revision: v3.0[0m
[0;32mI (34) boot.esp32: SPI Speed      : 40MHz[0m
[0;32mI (37) boot.esp32: SPI Mode       : DIO[0m
[0;32mI (41) boot.esp32: SPI Flash Size : 2MB[0m
[0;32mI (45) boot: Enabling RNG early entropy source...[0m
[0;32mI (49) boot: Partition Table:[0m
[0;32mI (52) boot: ## Label            Usage          Type ST Offset   Length[0m
[0;32mI (58) boot:  0 nvs              WiFi data        01 02 00009000 00006000[0m
[0;32mI (65) boot:  1 phy_init         RF data          01 01 0000f000 00001000[0m
[0;32mI (71) boot:  2 factory          factory app      00 00 00010000 00100000[0m
[0;32mI (78) boot: End of partition table[0m
[0;32mI (81) esp_image: segment 0: paddr=00010020 vaddr=3f400020 size=20528h (132392) map[0m
[0;32mI (134) esp_image: segment 1: paddr=00030550 vaddr=3ff80000 size=00020h (    32) load[0m
[0;32mI (134) esp_image: segment 2: paddr=00030578 vaddr=3ffb0000 size=04418h ( 17432) load[0m
[0;32mI (144) esp_image: segment 3: paddr=00034998 vaddr=40080000 size=0b680h ( 46720) load[0m
[0;32mI (163) esp_image: segment 4: paddr=00040020 vaddr=400d0020 size=a69b4h (682420) map[0m
[0;32mI (397) esp_image: segment 5: paddr=000e69dc vaddr=4008b680 size=0dc64h ( 56420) load[0m
[0;32mI (431) boot: Loaded app from partition at offset 0x10000[0m
[0;32mI (431) boot: Disabling RNG early entropy source...[0m
[0;32mI (442) cpu_start: Multicore app[0m
[0;32mI (450) cpu_start: Pro cpu start user code[0m
[0;32mI (450) cpu_start: cpu freq: 160000000 Hz[0m
[0;32mI (450) app_init: Application information:[0m
[0;32mI (450) app_init: Project name:     hello_world[0m
[0;32mI (454) app_init: App version:      e7264df-dirty[0m
[0;32mI (459) app_init: Compile time:     Nov 14 2025 16:49:19[0m
[0;32mI (464) app_init: ELF file SHA256:  1f1f3c43d...[0m
[0;32mI (468) app_init: ESP-IDF:          v5.5-dirty[0m
[0;32mI (472) efuse_init: Min chip rev:     v0.0[0m
[0;32mI (476) efuse_init: Max chip rev:     v3.99 [0m
[0;32mI (480) efuse_init: Chip rev:         v3.0[0m
[0;32mI (484) heap_init: Initializing. RAM available for dynamic allocation:[0m
[0;32mI (490) heap_init: At 3FFAE6E0 len 00001920 (6 KiB): DRAM[0m
[0;32mI (495) heap_init: At 3FFB9170 len 00026E90 (155 KiB): DRAM[0m
[0;32mI (501) heap_init: At 3FFE0440 len 00003AE0 (14 KiB): D/IRAM[0m
[0;32mI (506) heap_init: At 3FFE4350 len 0001BCB0 (111 KiB): D/IRAM[0m
[0;32mI (512) heap_init: At 400992E4 len 00006D1C (27 KiB): IRAM[0m
[0;32mI (518) spi_flash: detected chip: generic[0m
[0;32mI (520) spi_flash: flash io: dio[0m
[0;33mW (523) spi_flash: Detected size(4096k) larger than the size in the binary image header(2048k). Using the size in the binary image header.[0m
[0;33mW (536) i2c: This driver is an old driver, please migrate your application code to adapt `driver/i2c_master.h`[0m
[0;32mI (546) main_task: Started on CPU0[0m
[0;32mI (556) main_task: Calling app_main()[0m
[0;32mI (556) LED: LED initialized on GPIO 2[0m
[0;32mI (556) LED: LED OFF[0m
[0;32mI (556) DEMO: I2C initialized successfully[0m
[0;32mI (1446) DEMO: Starting keypad MQTT application[0m
[0;32mI (1466) MAC_UTILS: WiFi STA MAC: A8:42:E3:4C:7C:BC[0m
[0;32mI (1466) NVS_UTILS: Read user ID successfully: 01[0m
[0;32mI (1466) MAC_UTILS: Loaded user_id from NVS: 01[0m
[0;32mI (1486) wifi:wifi driver task: 3ffc1f6c, prio:23, stack:6656, core=0[0m
[0;32mI (1496) wifi:wifi firmware version: f3dbad7[0m
[0;32mI (1496) wifi:wifi certification version: v7.0[0m
[0;32mI (1496) wifi:config NVS flash: enabled[0m
[0;32mI (1496) wifi:config nano formatting: disabled[0m
[0;32mI (1506) wifi:Init data frame dynamic rx buffer num: 32[0m
[0;32mI (1506) wifi:Init static rx mgmt buffer num: 5[0m
[0;32mI (1506) wifi:Init management short buffer num: 32[0m
[0;32mI (1516) wifi:Init dynamic tx buffer num: 32[0m
[0;32mI (1516) wifi:Init static rx buffer size: 1600[0m
[0;32mI (1526) wifi:Init static rx buffer num: 10[0m
[0;32mI (1526) wifi:Init dynamic rx buffer num: 32[0m
[0;32mI (1536) wifi_init: rx ba win: 6[0m
[0;32mI (1536) wifi_init: accept mbox: 6[0m
[0;32mI (1536) wifi_init: tcpip mbox: 32[0m
[0;32mI (1536) wifi_init: udp mbox: 6[0m
[0;32mI (1546) wifi_init: tcp mbox: 6[0m
[0;32mI (1546) wifi_init: tcp tx win: 5760[0m
[0;32mI (1546) wifi_init: tcp rx win: 5760[0m
[0;32mI (1556) wifi_init: tcp mss: 1440[0m
[0;32mI (1556) wifi_init: WiFi IRAM OP enabled[0m
[0;32mI (1556) wifi_init: WiFi RX IRAM OP enabled[0m
[0;32mI (1606) phy_init: phy_version 4860,6b7a6e5,Feb  6 2025,14:47:07[0m
[0;32mI (1696) wifi:mode : sta (a8:42:e3:4c:7c:bc)[0m
[0;32mI (1696) wifi:enable tsf[0m
[0;32mI (1696) WIFI: WiFi initialized[0m
[0;32mI (1696) WIFI: WiFi STA started[0m
[0;32mI (1696) main_task: Returned from app_main()[0m
[0;32mI (1696) STATE_MACHINE: System state task started[0m
[0;32mI (1806) STATE_MACHINE: Have a saved wifi network in NVS: NamTrung[0m
[0;32mI (1846) wifi:flush txq[0m
[0;32mI (1846) wifi:stop sw txq[0m
[0;32mI (1846) wifi:lmac stop hw txq[0m
[0;32mI (1856) wifi:mode : sta (a8:42:e3:4c:7c:bc)[0m
[0;32mI (1856) wifi:enable tsf[0m
[0;32mI (1856) WIFI: WiFi STA started[0m
[0;32mI (2146) wifi:new:<11,0>, old:<1,0>, ap:<255,255>, sta:<11,0>, prof:1, snd_ch_cfg:0x0[0m
[0;32mI (2156) wifi:state: init -> auth (0xb0)[0m
[0;32mI (2176) wifi:state: auth -> assoc (0x0)[0m
[0;32mI (2196) wifi:state: assoc -> run (0x10)[0m
[0;32mI (2216) wifi:connected with NamTrung, aid = 16, channel 11, BW20, bssid = 10:5f:02:75:27:1e[0m
[0;32mI (2226) wifi:security: WPA2-PSK, phy: bgn, rssi: -75[0m
[0;32mI (2236) wifi:pm start, type: 1[0m

[0;32mI (2236) wifi:dp: 1, bi: 102400, li: 3, scale listen interval from 307200 us to 307200 us[0m
[0;32mI (2236) wifi:AP's beacon interval = 102400 us, DTIM period = 1[0m
[0;32mI (2246) WIFI: Connected to SSID:NamTrung, channel:11[0m
[0;32mI (3276) esp_netif_handlers: sta ip: 10.10.1.52, mask: 255.255.252.0, gw: 10.10.1.1[0m
[0;32mI (3276) WIFI: WiFi connected, got IP[0m
[0;32mI (3296) MQTT: Registered device with WiFi STA MAC: {"device_id":"A8:42:E3:4C:7C:BC","status":"offline"}[0m
[0;32mI (3296) MQTT: MQTT initialized[0m
[0;32mI (3306) NVS_UTILS: Read status successfully: SO DANG GOI[0m
[0;32mI (3316) wifi:<ba-add>idx:0 (ifx:0, 10:5f:02:75:27:1e), tid:7, ssn:10, winSize:64[0m
[0;32mI (3336) wifi:<ba-add>idx:1 (ifx:0, 10:5f:02:75:27:1e), tid:0, ssn:1, winSize:64[0m
[0;32mI (3346) LED: LED ON[0m
[0;32mI (3346) MQTT: MQTT connected[0m
[0;32mI (3566) MQTT: MQTT_EVENT_DATA[0m
[0;32mI (3576) MQTT: Processing topic: device/list[0m
[0;32mI (3576) MQTT: MQTT_EVENT_DATA[0m
[0;32mI (3576) MQTT: Device list updated: 0 devices[0m
[0;32mI (3586) MQTT: MQTT_EVENT_DATA[0m
[0;32mI (3596) MQTT: Processing topic: service/list[0m
[0;32mI (3596) MQTT: Service list updated: 2 services[0m
[0;32mI (3616) MQTT: Processing topic: feedback_status[0m
[0;32mI (3616) MQTT: disconnected[0m
[0;32mI (3616) LED: LED OFF[0m
