Command: D:\ESP32_IDF\Espressif\python_env\idf5.5_py3.11_env\Scripts\python.exe D:\ESP32_IDF\Espressif\frameworks\esp-idf-v5.5\tools/idf_monitor.py -p COM3 -b 115200 --toolchain-prefix xtensa-esp32-elf- --target esp32 --revision 0 D:\ESP32_IDF\Espressif\frameworks\esp-idf-v5.5\examples\get-started\agribank demo\build\hello_world.elf D:\ESP32_IDF\Espressif\frameworks\esp-idf-v5.5\examples\get-started\agribank demo\build\bootloader\bootloader.elf --force-color -m 'D:\ESP32_IDF\Espressif\python_env\idf5.5_py3.11_env\Scripts\python.exe' 'D:\ESP32_IDF\Espressif\frameworks\esp-idf-v5.5\tools\idf.py' '-p' 'COM3'
ï¿½4) boot.esp32: SPI Speed   ï¿½ets Jul 29 2019 12:21:46

rst:0x1 (POWERON_RESET),boot:0x13 (SPI_FAST_FLASH_BOOT)
configsip: 0, SPIWP:0xee
clk_drv:0x00,q_drv:0x00,d_drv:0x00,cs0_drv:0x00,hd_drv:0x00,wp_drv:0x00
mode:DIO, clock div:2
load:0x3fff0030,len:6380
ho 0 tail 12 room 4
load:0x40078000,len:15916
load:0x40080400,len:3860
entry 0x40080638
[0;32mI (29) boot: ESP-IDF v5.5-dirty 2nd stage bootloader[0m
[0;32mI (29) boot: compile time Oct 19 2025 19:26:38[0m
[0;32mI (29) boot: Multicore bootloader[0m
[0;32mI (31) boot: chip revision: v3.0[0m
[0;32mI (34) boot.esp32: SPI Speed      : 40MHz[0m
[0;32mI (37) boot.esp32: SPI Mode       : DIO[0m
[0;32mI (41) boot.esp32: SPI Flash Size : 2MB[0m
[0;32mI (45) boot: Enabling RNG early entropy source...[0m
[0;32mI (49) boot: Partition Table:[0m
[0;32mI (52) boot: ## Label            Usage          Type ST Offset   Length[0m
[0;32mI (58) boot:  0 nvs              WiFi data        01 02 00009000 00006000[0m
[0;32mI (65) boot:  1 phy_init         RF data          01 01 0000f000 00001000[0m
[0;32mI (71) boot:  2 factory          factory app      00 00 00010000 00100000[0m
[0;32mI (78) boot: End of partition table[0m
[0;32mI (81) esp_image: segment 0: paddr=00010020 vaddr=3f400020 size=1f930h (129328) map[0m
[0;32mI (133) esp_image: segment 1: paddr=0002f958 vaddr=3ff80000 size=00020h (    32) load[0m
[0;32mI (133) esp_image: segment 2: paddr=0002f980 vaddr=3ffb0000 size=00698h (  1688) load[0m
[0;32mI (137) esp_image: segment 3: paddr=00030020 vaddr=400d0020 size=a4964h (674148) map[0m
[0;32mI (374) esp_image: segment 4: paddr=000d498c vaddr=3ffb0698 size=03920h ( 14624) load[0m
[0;32mI (380) esp_image: segment 5: paddr=000d82b4 vaddr=40080000 size=192e4h (103140) load[0m
[0;32mI (432) boot: Loaded app from partition at offset 0x10000[0m
[0;32mI (432) boot: Disabling RNG early entropy source...[0m
[0;32mI (443) cpu_start: Multicore app[0m
[0;32mI (451) cpu_start: Pro cpu start user code[0m
[0;32mI (451) cpu_start: cpu freq: 160000000 Hz[0m
[0;32mI (451) app_init: Application information:[0m
[0;32mI (451) app_init: Project name:     hello_world[0m
[0;32mI (456) app_init: App version:      v5.5-dirty[0m
[0;32mI (460) app_init: Compile time:     Oct 20 2025 20:55:32[0m
[0;32mI (465) app_init: ELF file SHA256:  2d34be3c1...[0m
[0;32mI (469) app_init: ESP-IDF:          v5.5-dirty[0m
[0;32mI (473) efuse_init: Min chip rev:     v0.0[0m
[0;32mI (477) efuse_init: Max chip rev:     v3.99 [0m
[0;32mI (481) efuse_init: Chip rev:         v3.0[0m
[0;32mI (485) heap_init: Initializing. RAM available for dynamic allocation:[0m
[0;32mI (491) heap_init: At 3FFAE6E0 len 00001920 (6 KiB): DRAM[0m
[0;32mI (496) heap_init: At 3FFB8780 len 00027880 (158 KiB): DRAM[0m
[0;32mI (502) heap_init: At 3FFE0440 len 00003AE0 (14 KiB): D/IRAM[0m
[0;32mI (507) heap_init: At 3FFE4350 len 0001BCB0 (111 KiB): D/IRAM[0m
[0;32mI (513) heap_init: At 400992E4 len 00006D1C (27 KiB): IRAM[0m
[0;32mI (519) spi_flash: detected chip: generic[0m
[0;32mI (522) spi_flash: flash io: dio[0m
[0;33mW (524) spi_flash: Detected size(4096k) larger than the size in the binary image header(2048k). Using the size in the binary image header.[0m
[0;33mW (537) i2c: This driver is an old driver, please migrate your application code to adapt `driver/i2c_master.h`[0m
[0;32mI (547) main_task: Started on CPU0[0m
[0;32mI (557) main_task: Calling app_main()[0m
[0;32mI (557) KEYPAD: LED initialized on GPIO 2[0m
[0;32mI (557) KEYPAD: LED OFF[0m
[0;32mI (557) KEYPAD: I2C initialized successfully[0m
[0;32mI (2157) KEYPAD: Starting keypad MQTT application[0m
[0;32mI (2207) wifi:wifi driver task: 3ffc09fc, prio:23, stack:6656, core=0[0m
[0;32mI (2227) wifi:wifi firmware version: f3dbad7[0m
[0;32mI (2227) wifi:wifi certification version: v7.0[0m
[0;32mI (2227) wifi:config NVS flash: enabled[0m
[0;32mI (2227) wifi:config nano formatting: disabled[0m
[0;32mI (2227) wifi:Init data frame dynamic rx buffer num: 32[0m
[0;32mI (2237) wifi:Init static rx mgmt buffer num: 5[0m
[0;32mI (2237) wifi:Init management short buffer num: 32[0m
[0;32mI (2247) wifi:Init dynamic tx buffer num: 32[0m
[0;32mI (2247) wifi:Init static rx buffer size: 1600[0m
[0;32mI (2247) wifi:Init static rx buffer num: 10[0m
[0;32mI (2257) wifi:Init dynamic rx buffer num: 32[0m
[0;32mI (2257) wifi_init: rx ba win: 6[0m
[0;32mI (2257) wifi_init: accept mbox: 6[0m
[0;32mI (2267) wifi_init: tcpip mbox: 32[0m
[0;32mI (2267) wifi_init: udp mbox: 6[0m
[0;32mI (2267) wifi_init: tcp mbox: 6[0m
[0;32mI (2277) wifi_init: tcp tx win: 5760[0m
[0;32mI (2277) wifi_init: tcp rx win: 5760[0m
[0;32mI (2277) wifi_init: tcp mss: 1440[0m
[0;32mI (2287) wifi_init: WiFi IRAM OP enabled[0m
[0;32mI (2287) wifi_init: WiFi RX IRAM OP enabled[0m
[0;32mI (2357) phy_init: phy_version 4860,6b7a6e5,Feb  6 2025,14:47:07[0m
[0;32mI (2437) wifi:mode : sta (a8:42:e3:4c:7c:bc)[0m
[0;32mI (2447) wifi:enable tsf[0m
[0;32mI (2447) KEYPAD: WiFi initialized[0m
[0;32mI (2447) KEYPAD: WiFi STA started[0m
[0;32mI (2447) KEYPAD: Have a saved wifi network in NVS: NamTrung[0m
[0;33mW (3267) wifi:Password length matches WPA2 standards, authmode threshold changes from OPEN to WPA2[0m
[0;32mI (3317) wifi:flush txq[0m
[0;32mI (3317) wifi:stop sw txq[0m
[0;32mI (3317) wifi:lmac stop hw txq[0m
[0;32mI (3327) wifi:mode : sta (a8:42:e3:4c:7c:bc)[0m
[0;32mI (3327) wifi:enable tsf[0m
[0;32mI (3327) KEYPAD: WiFi STA started[0m
[1;31mE (3327) wifi:sta is connecting, return error[0m
[0;32mI (3457) wifi:new:<1,0>, old:<1,0>, ap:<255,255>, sta:<1,0>, prof:9, snd_ch_cfg:0x0[0m
[0;32mI (3457) wifi:state: init -> auth (0xb0)[0m
[0;32mI (4467) wifi:state: auth -> init (0x200)[0m
[0;32mI (4477) wifi:new:<1,0>, old:<1,0>, ap:<255,255>, sta:<1,0>, prof:9, snd_ch_cfg:0x0[0m
[0;32mI (4477) KEYPAD: STA disconnected, reason=2[0m
[0;32mI (4477) KEYPAD: LED OFF[0m
[0;32mI (5097) wifi:new:<6,0>, old:<1,0>, ap:<255,255>, sta:<6,0>, prof:9, snd_ch_cfg:0x0[0m
[0;32mI (5097) wifi:state: init -> auth (0xb0)[0m
[0;32mI (5107) wifi:state: auth -> assoc (0x0)[0m
[0;32mI (5137) wifi:state: assoc -> run (0x10)[0m
[0;32mI (5147) wifi:connected with NamTrung, aid = 23, channel 6, BW20, bssid = 10:5f:02:75:1e:9a[0m
[0;32mI (5147) wifi:security: WPA2-PSK, phy: bgn, rssi: -60[0m
[0;32mI (5177) wifi:pm start, type: 1[0m

[0;32mI (5177) wifi:dp: 1, bi: 102400, li: 3, scale listen interval from 307200 us to 307200 us[0m
[0;32mI (5177) KEYPAD: Connected to SSID:NamTrung, channel:6[0m
[0;32mI (5227) wifi:AP's beacon interval = 102400 us, DTIM period = 1[0m
[0;32mI (6197) esp_netif_handlers: sta ip: 10.10.1.18, mask: 255.255.252.0, gw: 10.10.1.1[0m
[0;32mI (6197) KEYPAD: WiFi connected, got IP[0m
[0;32mI (6217) wifi:<ba-add>idx:0 (ifx:0, 10:5f:02:75:1e:9a), tid:7, ssn:9, winSize:64[0m
[0;32mI (6847) KEYPAD: MQTT initialized[0m
[0;32mI (6877) wifi:<ba-add>idx:1 (ifx:0, 10:5f:02:75:1e:9a), tid:0, ssn:1, winSize:64[0m
[0;32mI (6917) KEYPAD: MQTT connected[0m
[0;32mI (6917) KEYPAD: LED ON[0m
[0;32mI (15197) wifi:bcn_timeout,ap_probe_send_start[0m
Key pressed: 6
Key pressed: 6
Key pressed: A
Key pressed: *
Key pressed: 6
Key pressed: 6
Key pressed: *
Key pressed: 2
Key pressed: 6
Key pressed: *
Key pressed: 8
Key pressed: *
Key pressed: 7
Key pressed: 7
[0;32mI (24247) wifi:bcn_timeout,ap_probe_send_start[0m
Key pressed: 7
Key pressed: 8
Key pressed: 8
Key pressed: 6
Key pressed: 6
Key pressed: 4
Key pressed: D
Key pressed: 6
Key pressed: 6
Key pressed: 8
Key pressed: C
Key pressed: 1
Key pressed: 1
Key pressed: 1
Key pressed: 1
Key pressed: 1
Key pressed: 1
Key pressed: 1
Key pressed: 1
Key pressed: 1
Key pressed: 1
Key pressed: 1
Key pressed: 1
Key pressed: 1
Key pressed: 1
Key pressed: 1
[0;32mI (33267) wifi:bcn_timeout,ap_probe_send_start[0m
Key pressed: 1
Key pressed: 1
Key pressed: 1
Key pressed: 1
Key pressed: 1
Key pressed: #
Key pressed: #
Key pressed: 1
Key pressed: 1
Key pressed: 1
Key pressed: 1
Key pressed: 1
Key pressed: 1
Key pressed: 1
Key pressed: 4
Key pressed: 4
Key pressed: 4
Key pressed: 4
Key pressed: 0
Key pressed: 0
Key pressed: 9
Key pressed: 9
Key pressed: 9
Key pressed: 9
Key pressed: 9
Key pressed: 2
Key pressed: 2
Key pressed: 2
Key pressed: 2
Key pressed: 0
[0;32mI (45357) wifi:bcn_timeout,ap_probe_send_start[0m
Key pressed: 0
Key pressed: 1
Key pressed: 1
Key pressed: 1
Key pressed: 1
Key pressed: 1
Key pressed: 1
Key pressed: 1
Key pressed: 1
Key pressed: 1
Key pressed: 1
Key pressed: 1
Key pressed: 1
Key pressed: 1
Key pressed: 1
Key pressed: D
[0;32mI (53477) wifi:state: run -> init (0x0)[0m
[0;32mI (53487) wifi:pm stop, total sleep time: 36399337 us / 48308556 us[0m

[0;32mI (53487) wifi:<ba-del>idx:1, tid:0[0m
[0;32mI (53487) wifi:<ba-del>idx:0, tid:7[0m
[0;32mI (53487) wifi:new:<6,0>, old:<6,0>, ap:<255,255>, sta:<6,0>, prof:9, snd_ch_cfg:0x0[0m
[0;33mW (53497) wifi:Password length matches WPA2 standards, authmode threshold changes from OPEN to WPA2[0m
[0;32mI (53507) KEYPAD: STA disconnected, reason=8[0m
[0;32mI (53507) KEYPAD: LED OFF[0m
[0;32mI (53507) mqtt_client: Client asked to disconnect[0m
[0;32mI (53517) wifi:E (53517) transport_base: tcp_read error, errno=Software caused connection abort[0m
new:<6,0>, old:<6,0>, ap:<255,255>, sta:<6,0>, prof:9, snd_ch_cfg:0x0E (53527) mqtt_client: esp_mqtt_handle_transport_read_error: transport_read() error: errno=113

[0;32mI (53537) KEYPAD: MQTT_EVENT_ERROR[0m
[0;32mI (53537) wifi:I (53537) KEYPAD: LED OFF[0m
state: init -> auth (0xb0)
[1;31mE (53547) mqtt_client: mqtt_process_receive: mqtt_message_receive() returned -2[0m
[0;32mI (53557) KEYPAD: MQTT disconnected[0m
[0;32mI (53557) KEYPAD: LED OFF[0m
[0;32mI (53597) wifi:state: auth -> assoc (0x0)[0m
[0;32mI (53687) wifi:state: assoc -> run (0x10)[0m
[0;33mW (54587) KEYPAD: WiFi connection failed, retry count: 1/5[0m
[1;31mE (54587) wifi:sta is connecting, return error[0m
[0;32mI (56747) wifi:connected with NamTrung, aid = 29, channel 6, BW20, bssid = 10:5f:02:75:32:0e[0m
[0;32mI (56747) wifi:security: WPA2-PSK, phy: bgn, rssi: -80[0m
[0;32mI (56747) wifi:pm start, type: 1[0m

[0;32mI (56757) KEYPAD: Connected to SSID:NamTrung, channel:6[0m
[0;32mI (56787) wifi:AP's beacon interval = 102400 us, DTIM period = 1[0m
[0;32mI (58367) mqtt_client: Client asked to disconnect[0m
[0;33mW (58367) mqtt_client: Client asked to stop, but was not started[0m
[1;31mE (58367) esp-tls: [sock=54] connect() error: Host is unreachable[0m
[1;31mE (58367) transport_base: Failed to open a new connection: 32772[0m
[1;31mE (58377) mqtt_client: Error transport connect[0m
[0;32mI (58377) KEYPAD: MQTT_EVENT_ERROR[0m
[0;32mI (58377) KEYPAD: LED OFF[0m
[0;32mI (58387) KEYPAD: MQTT disconnected[0m
[0;32mI (58387) KEYPAD: LED OFF[0m
[0;32mI (58387) KEYPAD: MQTT initialized[0m
[0;32mI (60337) wifi:<ba-add>idx:0 (ifx:0, 10:5f:02:75:32:0e), tid:7, ssn:7, winSize:64[0m
[0;32mI (61287) esp_netif_handlers: sta ip: 10.10.1.18, mask: 255.255.252.0, gw: 10.10.1.1[0m
[0;32mI (61287) KEYPAD: WiFi connected, got IP[0m
[0;32mI (61287) KEYPAD: Wi-Fi credentials saved successfully![0m
[0;32mI (62717) mqtt_client: Client asked to disconnect[0m
[0;32mI (64417) KEYPAD: MQTT initialized[0m
[0;32mI (64467) wifi:<ba-add>idx:1 (ifx:0, 10:5f:02:75:32:0e), tid:0, ssn:1, winSize:64[0m
[0;32mI (64497) KEYPAD: MQTT connected[0m
[0;32mI (64497) KEYPAD: LED ON[0m
Key pressed: C
Guru Meditation Error: Core  0 panic'ed (LoadStoreError). Exception was unhandled.

Core  0 register dump:
PC      : 0x400da3ea  PS      : 0x00060a30  A0      : 0x800da56d  A1      : 0x3ffc8600  
A2      : 0x00000043  A3      : 0x3ffc84ec  A4      : 0x0000000e  A5      : 0x3f40422c  
A6      : 0x3ffb4730  A7      : 0x3ffb472c  A8      : 0x402c785f  A9      : 0x00000000  
A10     : 0x3ffaebe4  A11     : 0x3ffaea38  A12     : 0x3ffc8524  A13     : 0x3ffc8300  
A14     : 0x3ffc8500  A15     : 0xff000000  SAR     : 0x00000000  EXCCAUSE: 0x00000003  
EXCVADDR: 0x402c785f  LBEG    : 0x4000c46c  LEND    : 0x4000c477  LCOUNT  : 0xffffffff  


Backtrace: 0x400da3e7:0x3ffc8600 0x400da56a:0x3ffc8640 0x400da5ae:0x3ffc8660 0x4008aa15:0x3ffc8680




ELF file SHA256: 2d34be3c1

Rebooting...
ets Jul 29 2019 12:21:46

rst:0xc (SW_CPU_RESET),boot:0x13 (SPI_FAST_FLASH_BOOT)
configsip: 0, SPIWP:0xee
clk_drv:0x00,q_drv:0x00,d_drv:0x00,cs0_drv:0x00,hd_drv:0x00,wp_drv:0x00
mode:DIO, clock div:2
load:0x3fff0030,len:6380
ho 0 tail 12 room 4
load:0x40078000,len:15916
load:0x40080400,len:3860
entry 0x40080638
[0;32mI (29) boot: ESP-IDF v5.5-dirty 2nd stage bootloader[0m
[0;32mI (29) boot: compile time Oct 19 2025 19:26:38[0m
[0;32mI (29) boot: Multicore bootloader[0m
[0;32mI (31) boot: chip revision: v3.0[0m
[0;32mI (34) boot.esp32: SPI Speed      : 40MHz[0m
[0;32mI (37) boot.esp32: SPI Mode       : DIO[0m
[0;32mI (41) boot.esp32: SPI Flash Size : 2MB[0m
[0;32mI (45) boot: Enabling RNG early entropy source...[0m
[0;32mI (49) boot: Partition Table:[0m
[0;32mI (52) boot: ## Label            Usage          Type ST Offset   Length[0m
[0;32mI (58) boot:  0 nvs              WiFi data        01 02 00009000 00006000[0m
[0;32mI (64) boot:  1 phy_init         RF data          01 01 0000f000 00001000[0m
[0;32mI (71) boot:  2 factory          factory app      00 00 00010000 00100000[0m
[0;32mI (78) boot: End of partition table[0m
[0;32mI (81) esp_image: segment 0: paddr=00010020 vaddr=3f400020 size=1f930h (129328) map[0m
[0;32mI (132) esp_image: segment 1: paddr=0002f958 vaddr=3ff80000 size=00020h (    32) load[0m
[0;32mI (133) esp_image: segment 2: paddr=0002f980 vaddr=3ffb0000 size=00698h (  1688) load[0m
[0;32mI (137) esp_image: segment 3: paddr=00030020 vaddr=400d0020 size=a4964h (674148) map[0m
[0;32mI (374) esp_image: segment 4: paddr=000d498c vaddr=3ffb0698 size=03920h ( 14624) load[0m
[0;32mI (380) esp_image: segment 5: paddr=000d82b4 vaddr=40080000 size=192e4h (103140) load[0m
[0;32mI (432) boot: Loaded app from partition at offset 0x10000[0m
[0;32mI (432) boot: Disabling RNG early entropy source...[0m
[0;32mI (443) cpu_start: Multicore app[0m
[0;32mI (451) cpu_start: Pro cpu start user code[0m
[0;32mI (451) cpu_start: cpu freq: 160000000 Hz[0m
[0;32mI (451) app_init: Application information:[0m
[0;32mI (451) app_init: Project name:     hello_world[0m
[0;32mI (456) app_init: App version:      v5.5-dirty[0m
[0;32mI (460) app_init: Compile time:     Oct 20 2025 20:55:32[0m
[0;32mI (465) app_init: ELF file SHA256:  2d34be3c1...[0m
[0;32mI (469) app_init: ESP-IDF:          v5.5-dirty[0m
[0;32mI (473) efuse_init: Min chip rev:     v0.0[0m
[0;32mI (477) efuse_init: Max chip rev:     v3.99 [0m
[0;32mI (481) efuse_init: Chip rev:         v3.0[0m
[0;32mI (485) heap_init: Initializing. RAM available for dynamic allocation:[0m
[0;32mI (491) heap_init: At 3FFAE6E0 len 00001920 (6 KiB): DRAM[0m
[0;32mI (496) heap_init: At 3FFB8780 len 00027880 (158 KiB): DRAM[0m
[0;32mI (502) heap_init: At 3FFE0440 len 00003AE0 (14 KiB): D/IRAM[0m
[0;32mI (507) heap_init: At 3FFE4350 len 0001BCB0 (111 KiB): D/IRAM[0m
[0;32mI (513) heap_init: At 400992E4 len 00006D1C (27 KiB): IRAM[0m
[0;32mI (519) spi_flash: detected chip: generic[0m
[0;32mI (521) spi_flash: flash io: dio[0m
[0;33mW (524) spi_flash: Detected size(4096k) larger than the size in the binary image header(2048k). Using the size in the binary image header.[0m
[0;33mW (537) i2c: This driver is an old driver, please migrate your application code to adapt `driver/i2c_master.h`[0m
[0;32mI (547) main_task: Started on CPU0[0m
[0;32mI (557) main_task: Calling app_main()[0m
[0;32mI (557) KEYPAD: LED initialized on GPIO 2[0m
[0;32mI (557) KEYPAD: LED OFF[0m
[0;32mI (557) KEYPAD: I2C initialized successfully[0m
[0;32mI (2157) KEYPAD: Starting keypad MQTT application[0m
[0;32mI (2207) wifi:wifi driver task: 3ffc09fc, prio:23, stack:6656, core=0[0m
[0;32mI (2227) wifi:wifi firmware version: f3dbad7[0m
[0;32mI (2227) wifi:wifi certification version: v7.0[0m
[0;32mI (2227) wifi:config NVS flash: enabled[0m
[0;32mI (2227) wifi:config nano formatting: disabled[0m
[0;32mI (2227) wifi:Init data frame dynamic rx buffer num: 32[0m
[0;32mI (2237) wifi:Init static rx mgmt buffer num: 5[0m
[0;32mI (2237) wifi:Init management short buffer num: 32[0m
[0;32mI (2247) wifi:Init dynamic tx buffer num: 32[0m
[0;32mI (2247) wifi:Init static rx buffer size: 1600[0m
[0;32mI (2247) wifi:Init static rx buffer num: 10[0m
[0;32mI (2257) wifi:Init dynamic rx buffer num: 32[0m
[0;32mI (2257) wifi_init: rx ba win: 6[0m
[0;32mI (2257) wifi_init: accept mbox: 6[0m
[0;32mI (2267) wifi_init: tcpip mbox: 32[0m
[0;32mI (2267) wifi_init: udp mbox: 6[0m
[0;32mI (2267) wifi_init: tcp mbox: 6[0m
[0;32mI (2277) wifi_init: tcp tx win: 5760[0m
[0;32mI (2277) wifi_init: tcp rx win: 5760[0m
[0;32mI (2277) wifi_init: tcp mss: 1440[0m
[0;32mI (2287) wifi_init: WiFi IRAM OP enabled[0m
[0;32mI (2287) wifi_init: WiFi RX IRAM OP enabled[0m
[0;32mI (2347) phy_init: phy_version 4860,6b7a6e5,Feb  6 2025,14:47:07[0m
[0;32mI (2437) wifi:mode : sta (a8:42:e3:4c:7c:bc)[0m
[0;32mI (2437) wifi:enable tsf[0m
[0;32mI (2437) KEYPAD: WiFi initialized[0m
[0;32mI (2437) KEYPAD: WiFi STA started[0m
[0;32mI (2437) KEYPAD: Have a saved wifi network in NVS: NamTrung[0m
[0;33mW (3257) wifi:Password length matches WPA2 standards, authmode threshold changes from OPEN to WPA2[0m
[0;32mI (3307) wifi:flush txq[0m
[0;32mI (3307) wifi:stop sw txq[0m
[0;32mI (3307) wifi:lmac stop hw txq[0m
[0;32mI (3317) wifi:mode : sta (a8:42:e3:4c:7c:bc)[0m
[0;32mI (3317) wifi:enable tsf[0m
[0;32mI (3317) KEYPAD: WiFi STA started[0m
[1;31mE (3317) wifi:sta is connecting, return error[0m
[0;32mI (3537) wifi:new:<1,0>, old:<1,0>, ap:<255,255>, sta:<1,0>, prof:9, snd_ch_cfg:0x0[0m
[0;32mI (3547) wifi:state: init -> auth (0xb0)[0m
[0;32mI (4547) wifi:state: auth -> init (0x200)[0m
[0;32mI (4557) wifi:new:<1,0>, old:<1,0>, ap:<255,255>, sta:<1,0>, prof:9, snd_ch_cfg:0x0[0m
[0;32mI (4557) KEYPAD: STA disconnected, reason=2[0m
[0;32mI (4557) KEYPAD: LED OFF[0m
[0;32mI (5177) wifi:new:<6,0>, old:<1,0>, ap:<255,255>, sta:<6,0>, prof:9, snd_ch_cfg:0x0[0m
[0;32mI (5177) wifi:state: init -> auth (0xb0)[0m
[0;32mI (5197) wifi:state: auth -> assoc (0x0)[0m
[0;32mI (5247) wifi:state: assoc -> run (0x10)[0m
[0;32mI (6257) wifi:connected with NamTrung, aid = 23, channel 6, BW20, bssid = 10:5f:02:75:1e:9a[0m
[0;32mI (6257) wifi:security: WPA2-PSK, phy: bgn, rssi: -59[0m
[0;32mI (6267) wifi:pm start, type: 1[0m

[0;32mI (6267) wifi:dp: 1, bi: 102400, li: 3, scale listen interval from 307200 us to 307200 us[0m
[0;32mI (6267) KEYPAD: Connected to SSID:NamTrung, channel:6[0m
[0;32mI (6337) wifi:AP's beacon interval = 102400 us, DTIM period = 1[0m
[0;32mI (7317) esp_netif_handlers: sta ip: 10.10.1.18, mask: 255.255.252.0, gw: 10.10.1.1[0m
[0;32mI (7317) KEYPAD: WiFi connected, got IP[0m
[0;32mI (7837) KEYPAD: MQTT initialized[0m
[0;32mI (7857) wifi:<ba-add>idx:0 (ifx:0, 10:5f:02:75:1e:9a), tid:7, ssn:11, winSize:64[0m
[0;32mI (7907) wifi:<ba-add>idx:1 (ifx:0, 10:5f:02:75:1e:9a), tid:0, ssn:1, winSize:64[0m
[0;32mI (7947) KEYPAD: MQTT connected[0m
[0;32mI (7947) KEYPAD: LED ON[0m
Key pressed: 6
Key pressed: 6
Key pressed: A
Key pressed: A
[0;32mI (16197) wifi:bcn_timeout,ap_probe_send_start[0m
Key pressed: C
Key pressed: C
[0;32mI (25217) wifi:bcn_timeout,ap_probe_send_start[0m
[0;32mI (34237) wifi:bcn_timeout,ap_probe_send_start[0m
[0;32mI (46607) wifi:bcn_timeout,ap_probe_send_start[0m
[0;32mI (55617) wifi:bcn_timeout,ap_probe_send_start[0m
[0;32mI (69317) wifi:bcn_timeout,ap_probe_send_start[0m
[0;32mI (79857) wifi:bcn_timeout,ap_probe_send_start[0m
[0;32mI (88877) wifi:bcn_timeout,ap_probe_send_start[0m
[0;32mI (97897) wifi:bcn_timeout,ap_probe_send_start[0m
[0;32mI (110087) wifi:bcn_timeout,ap_probe_send_start[0m
[0;32mI (129317) wifi:bcn_timeout,ap_probe_send_start[0m
[0;32mI (140357) wifi:bcn_timeout,ap_probe_send_start[0m
[0;32mI (149397) wifi:bcn_timeout,ap_probe_send_start[0m
[0;32mI (158417) wifi:bcn_timeout,ap_probe_send_start[0m
[0;32mI (170847) wifi:bcn_timeout,ap_probe_send_start[0m
[0;32mI (189317) wifi:bcn_timeout,ap_probe_send_start[0m
[0;32mI (201097) wifi:bcn_timeout,ap_probe_send_start[0m
[0;32mI (210117) wifi:bcn_timeout,ap_probe_send_start[0m
[0;32mI (219137) wifi:bcn_timeout,ap_probe_send_start[0m
[0;32mI (231337) wifi:bcn_timeout,ap_probe_send_start[0m
[0;32mI (249317) wifi:bcn_timeout,ap_probe_send_start[0m
[0;32mI (261587) wifi:bcn_timeout,ap_probe_send_start[0m
[0;32mI (270607) wifi:bcn_timeout,ap_probe_send_start[0m
[0;32mI (279637) wifi:bcn_timeout,ap_probe_send_start[0m
[0;32mI (292097) wifi:bcn_timeout,ap_probe_send_start[0m
[0;32mI (309327) wifi:bcn_timeout,ap_probe_send_start[0m
[0;32mI (322347) wifi:bcn_timeout,ap_probe_send_start[0m
[0;32mI (331867) wifi:bcn_timeout,ap_probe_send_start[0m
[0;32mI (340887) wifi:bcn_timeout,ap_probe_send_start[0m
[0;32mI (352587) wifi:bcn_timeout,ap_probe_send_start[0m
[0;32mI (369317) wifi:bcn_timeout,ap_probe_send_start[0m
[0;32mI (387967) wifi:bcn_timeout,ap_probe_send_start[0m
