Command: D:\ESP32_IDF\Espressif\python_env\idf5.5_py3.11_env\Scripts\python.exe D:\ESP32_IDF\Espressif\frameworks\esp-idf-v5.5\tools/idf_monitor.py -p COM3 -b 115200 --toolchain-prefix xtensa-esp32-elf- --target esp32 --revision 0 D:\ESP32_IDF\Espressif\frameworks\esp-idf-v5.5\examples\get-started\agribank demo\build\hello_world.elf D:\ESP32_IDF\Espressif\frameworks\esp-idf-v5.5\examples\get-started\agribank demo\build\bootloader\bootloader.elf --force-color -m 'D:\ESP32_IDF\Espressif\python_env\idf5.5_py3.11_env\Scripts\python.exe' 'D:\ESP32_IDF\Espressif\frameworks\esp-idf-v5.5\tools\idf.py' '-p' 'COM3'
ÔøΩ34) boot.esp32: SPI Speed  ÔøΩets Jul 29 2019 12:21:46

rst:0x1 (POWERON_RESET),boot:0x13 (SPI_FAST_FLASH_BOOT)
configsip: 0, SPIWP:0xee
clk_drv:0x00,q_drv:0x00,d_drv:0x00,cs0_drv:0x00,hd_drv:0x00,wp_drv:0x00
mode:DIO, clock div:2
load:0x3fff0030,len:6380
ho 0 tail 12 room 4
load:0x40078000,len:15916
load:0x40080400,len:3860
entry 0x40080638
[0;32mI (29) boot: ESP-IDF v5.5-dirty 2nd stage bootloader[0m
[0;32mI (29) boot: compile time Oct 19 2025 19:26:38[0m
[0;32mI (29) boot: Multicore bootloader[0m
[0;32mI (31) boot: chip revision: v3.0[0m
[0;32mI (34) boot.esp32: SPI Speed      : 40MHz[0m
[0;32mI (37) boot.esp32: SPI Mode       : DIO[0m
[0;32mI (41) boot.esp32: SPI Flash Size : 2MB[0m
[0;32mI (45) boot: Enabling RNG early entropy source...[0m
[0;32mI (49) boot: Partition Table:[0m
[0;32mI (52) boot: ## Label            Usage          Type ST Offset   Length[0m
[0;32mI (58) boot:  0 nvs              WiFi data        01 02 00009000 00006000[0m
[0;32mI (65) boot:  1 phy_init         RF data          01 01 0000f000 00001000[0m
[0;32mI (71) boot:  2 factory          factory app      00 00 00010000 00100000[0m
[0;32mI (78) boot: End of partition table[0m
[0;32mI (81) esp_image: segment 0: paddr=00010020 vaddr=3f400020 size=1f920h (129312) map[0m
[0;32mI (133) esp_image: segment 1: paddr=0002f948 vaddr=3ff80000 size=00020h (    32) load[0m
[0;32mI (133) esp_image: segment 2: paddr=0002f970 vaddr=3ffb0000 size=006a8h (  1704) load[0m
[0;32mI (137) esp_image: segment 3: paddr=00030020 vaddr=400d0020 size=a40d0h (671952) map[0m
[0;32mI (373) esp_image: segment 4: paddr=000d40f8 vaddr=3ffb06a8 size=03910h ( 14608) load[0m
[0;32mI (379) esp_image: segment 5: paddr=000d7a10 vaddr=40080000 size=192e4h (103140) load[0m
[0;32mI (432) boot: Loaded app from partition at offset 0x10000[0m
[0;32mI (432) boot: Disabling RNG early entropy source...[0m
[0;32mI (442) cpu_start: Multicore app[0m
[0;32mI (451) cpu_start: Pro cpu start user code[0m
[0;32mI (451) cpu_start: cpu freq: 160000000 Hz[0m
[0;32mI (451) app_init: Application information:[0m
[0;32mI (451) app_init: Project name:     hello_world[0m
[0;32mI (455) app_init: App version:      v5.5-dirty[0m
[0;32mI (459) app_init: Compile time:     Oct 20 2025 20:55:32[0m
[0;32mI (464) app_init: ELF file SHA256:  5db2f5e0c...[0m
[0;32mI (468) app_init: ESP-IDF:          v5.5-dirty[0m
[0;32mI (473) efuse_init: Min chip rev:     v0.0[0m
[0;32mI (476) efuse_init: Max chip rev:     v3.99 [0m
[0;32mI (480) efuse_init: Chip rev:         v3.0[0m
[0;32mI (485) heap_init: Initializing. RAM available for dynamic allocation:[0m
[0;32mI (491) heap_init: At 3FFAE6E0 len 00001920 (6 KiB): DRAM[0m
[0;32mI (496) heap_init: At 3FFB8750 len 000278B0 (158 KiB): DRAM[0m
[0;32mI (501) heap_init: At 3FFE0440 len 00003AE0 (14 KiB): D/IRAM[0m
[0;32mI (506) heap_init: At 3FFE4350 len 0001BCB0 (111 KiB): D/IRAM[0m
[0;32mI (512) heap_init: At 400992E4 len 00006D1C (27 KiB): IRAM[0m
[0;32mI (519) spi_flash: detected chip: generic[0m
[0;32mI (521) spi_flash: flash io: dio[0m
[0;33mW (524) spi_flash: Detected size(4096k) larger than the size in the binary image header(2048k). Using the size in the binary image header.[0m
[0;33mW (536) i2c: This driver is an old driver, please migrate your application code to adapt `driver/i2c_master.h`[0m
[0;32mI (546) main_task: Started on CPU0[0m
[0;32mI (556) main_task: Calling app_main()[0m
[0;32mI (556) KEYPAD: I2C initialized successfully[0m
[0;32mI (2656) KEYPAD: Starting keypad MQTT application[0m
[0;32mI (2706) wifi:wifi driver task: 3ffc0948, prio:23, stack:6656, core=0[0m
[0;32mI (2726) wifi:wifi firmware version: f3dbad7[0m
[0;32mI (2726) wifi:wifi certification version: v7.0[0m
[0;32mI (2726) wifi:config NVS flash: enabled[0m
[0;32mI (2726) wifi:config nano formatting: disabled[0m
[0;32mI (2726) wifi:Init data frame dynamic rx buffer num: 32[0m
[0;32mI (2736) wifi:Init static rx mgmt buffer num: 5[0m
[0;32mI (2736) wifi:Init management short buffer num: 32[0m
[0;32mI (2746) wifi:Init dynamic tx buffer num: 32[0m
[0;32mI (2746) wifi:Init static rx buffer size: 1600[0m
[0;32mI (2746) wifi:Init static rx buffer num: 10[0m
[0;32mI (2756) wifi:Init dynamic rx buffer num: 32[0m
[0;32mI (2756) wifi_init: rx ba win: 6[0m
[0;32mI (2756) wifi_init: accept mbox: 6[0m
[0;32mI (2766) wifi_init: tcpip mbox: 32[0m
[0;32mI (2766) wifi_init: udp mbox: 6[0m
[0;32mI (2766) wifi_init: tcp mbox: 6[0m
[0;32mI (2776) wifi_init: tcp tx win: 5760[0m
[0;32mI (2776) wifi_init: tcp rx win: 5760[0m
[0;32mI (2776) wifi_init: tcp mss: 1440[0m
[0;32mI (2786) wifi_init: WiFi IRAM OP enabled[0m
[0;32mI (2786) wifi_init: WiFi RX IRAM OP enabled[0m
[0;32mI (2866) phy_init: phy_version 4860,6b7a6e5,Feb  6 2025,14:47:07[0m
[0;32mI (2956) wifi:mode : sta (a8:42:e3:4c:7c:bc)[0m
[0;32mI (2956) wifi:enable tsf[0m
[0;32mI (2956) KEYPAD: WiFi initialized[0m
[0;32mI (2956) KEYPAD: WiFi STA started[0m
[0;32mI (2966) NVS: Have a saved wifi network in NVS[0m
[0;33mW (4496) wifi:Password length matches WPA2 standards, authmode threshold changes from OPEN to WPA2[0m
[0;32mI (4826) wifi:new:<6,0>, old:<1,0>, ap:<255,255>, sta:<6,0>, prof:9, snd_ch_cfg:0x0[0m
[0;32mI (4826) wifi:state: init -> auth (0xb0)[0m
[0;32mI (4886) wifi:state: auth -> assoc (0x0)[0m
[0;32mI (4936) wifi:state: assoc -> run (0x10)[0m
[0;32mI (4996) wifi:connected with NamTrung, aid = 20, channel 6, BW20, bssid = 10:5f:02:75:32:0e[0m
[0;32mI (4996) wifi:security: WPA2-PSK, phy: bgn, rssi: -77[0m
[0;32mI (5016) wifi:pm start, type: 1[0m

[0;32mI (5016) wifi:dp: 1, bi: 102400, li: 3, scale listen interval from 307200 us to 307200 us[0m
[0;32mI (5016) KEYPAD: Connected to SSID:NamTrung, channel:6[0m
[0;32mI (5016) KEYPAD: SAVED WIFI CREDENTIALS SUCCESSFULLY[0m
[0;32mI (5066) wifi:AP's beacon interval = 102400 us, DTIM period = 1[0m
[0;32mI (5556) main_task: Returned from app_main()[0m
[0;32mI (6106) wifi:<ba-add>idx:0 (ifx:0, 10:5f:02:75:32:0e), tid:7, ssn:6, winSize:64[0m
[0;32mI (6576) esp_netif_handlers: sta ip: 10.10.1.77, mask: 255.255.252.0, gw: 10.10.1.1[0m
[0;32mI (6576) KEYPAD: WiFi connected, got IP[0m
[0;32mI (6576) KEYPAD: MQTT initialized[0m
[0;32mI (6646) wifi:<ba-add>idx:1 (ifx:0, 10:5f:02:75:32:0e), tid:0, ssn:1, winSize:64[0m
[0;32mI (6736) KEYPAD: MQTT connected[0m
[0;32mI (6776) KEYPAD: MQTT published, msg_id=46784[0m
[0;32mI (16586) TAG: MQTT_EVENT_DATA[0m
[0;32mI (16596) TAG: TOPIC=responsenumber[0m
[0;32mI (16596) TAG: DATA={"device_id":"04:1A:2B:3C:4D:04","number":"4314","service_name":"Tr\u1ea3 n\u1ee3"}[0m
[0;32mI (16596) TAG: Updated label with number: 4314[0m
[0;32mI (16666) KEYPAD: MQTT published, msg_id=45448[0m
[0;32mI (26586) TAG: MQTT_EVENT_DATA[0m
[0;32mI (26586) TAG: TOPIC=responsenumber[0m
[0;32mI (26586) TAG: DATA={"device_id":"04:1A:2B:3C:4D:04","number":"4315","service_name":"Tr\u1ea3 n\u1ee3"}[0m
[0;32mI (26596) TAG: Updated label with number: 4315[0m
[0;32mI (26626) KEYPAD: MQTT published, msg_id=43362[0m
[0;32mI (36626) TAG: MQTT_EVENT_DATA[0m
[0;32mI (36626) TAG: TOPIC=responsenumber[0m
[0;32mI (36626) TAG: DATA={"device_id":"04:1A:2B:3C:4D:04","number":"No number available"}[0m
Key pressed: 4
Input: 4
Key pressed: 3
Input: 43
[1;31mE (38646) mqtt_client: No PING_RESP, disconnected[0m
[0;32mI (38646) KEYPAD: MQTT disconnected[0m
[0;32mI (48806) KEYPAD: MQTT connected[0m
[0;32mI (48926) KEYPAD: MQTT published, msg_id=51427[0m
ets Jul 29 2019 12:21:46

rst:0x1 (POWERON_RESET),boot:0x13 (SPI_FAST_FLASH_BOOT)
configsip: 0, SPIWP:0xee
clk_drv:0x00,q_drv:0x00,d_drv:0x00,cs0_drv:0x00,hd_drv:0x00,wp_drv:0x00
mode:DIO, clock div:2
load:0x3fff0030,len:6380
ho 0 tail 12 room 4
load:0x40078000,len:15916
load:0x40080400,len:3860
entry 0x40080638
[0;32mI (29) boot: ESP-IDF v5.5-dirty 2nd stage bootloader[0m
[0;32mI (29) boot: compile time Oct 19 2025 19:26:38[0m
[0;32mI (29) boot: Multicore bootloader[0m
[0;32mI (31) boot: chip revision: v3.0[0m
[0;32mI (34) boot.esp32: SPI Speed      : 40MHz[0m
[0;32mI (37) boot.esp32: SPI Mode       : DIO[0m
[0;32mI (41) boot.esp32: SPI Flash Size : 2MB[0m
[0;32mI (45) boot: Enabling RNG early entropy source...[0m
[0;32mI (49) boot: Partition Table:[0m
[0;32mI (52) boot: ## Label            Usage          Type ST Offset   Length[0m
[0;32mI (58) boot:  0 nvs              WiFi data        01 02 00009000 00006000[0m
[0;32mI (65) boot:  1 phy_init         RF data          01 01 0000f000 00001000[0m
[0;32mI (71) boot:  2 factory          factory app      00 00 00010000 00100000[0m
[0;32mI (78) boot: End of partition table[0m
[0;32mI (81) esp_image: segment 0: paddr=00010020 vaddr=3f400020 size=1f920h (129312) map[0m
[0;32mI (133) esp_image: segment 1: paddr=0002f948 vaddr=3ff80000 size=00020h (    32) load[0m
[0;32mI (133) esp_image: segment 2: paddr=0002f970 vaddr=3ffb0000 size=006a8h (  1704) load[0m
[0;32mI (137) esp_image: segment 3: paddr=00030020 vaddr=400d0020 size=a40d0h (671952) map[0m
[0;32mI (373) esp_image: segment 4: paddr=000d40f8 vaddr=3ffb06a8 size=03910h ( 14608) load[0m
[0;32mI (379) esp_image: segment 5: paddr=000d7a10 vaddr=40080000 size=192e4h (103140) load[0m
[0;32mI (432) boot: Loaded app from partition at offset 0x10000[0m
[0;32mI (432) boot: Disabling RNG early entropy source...[0m
[0;32mI (442) cpu_start: Multicore app[0m
[0;32mI (451) cpu_start: Pro cpu start user code[0m
[0;32mI (451) cpu_start: cpu freq: 160000000 Hz[0m
[0;32mI (451) app_init: Application information:[0m
[0;32mI (451) app_init: Project name:     hello_world[0m
[0;32mI (455) app_init: App version:      v5.5-dirty[0m
[0;32mI (459) app_init: Compile time:     Oct 20 2025 20:55:32[0m
[0;32mI (464) app_init: ELF file SHA256:  5db2f5e0c...[0m
[0;32mI (468) app_init: ESP-IDF:          v5.5-dirty[0m
[0;32mI (473) efuse_init: Min chip rev:     v0.0[0m
[0;32mI (476) efuse_init: Max chip rev:     v3.99 [0m
[0;32mI (480) efuse_init: Chip rev:         v3.0[0m
[0;32mI (485) heap_init: Initializing. RAM available for dynamic allocation:[0m
[0;32mI (491) heap_init: At 3FFAE6E0 len 00001920 (6 KiB): DRAM[0m
[0;32mI (496) heap_init: At 3FFB8750 len 000278B0 (158 KiB): DRAM[0m
[0;32mI (501) heap_init: At 3FFE0440 len 00003AE0 (14 KiB): D/IRAM[0m
[0;32mI (506) heap_init: At 3FFE4350 len 0001BCB0 (111 KiB): D/IRAM[0m
[0;32mI (512) heap_init: At 400992E4 len 00006D1C (27 KiB): IRAM[0m
[0;32mI (519) spi_flash: detected chip: generic[0m
[0;32mI (521) spi_flash: flash io: dio[0m
[0;33mW (524) spi_flash: Detected size(4096k) larger than the size in the binary image header(2048k). Using the size in the binary image header.[0m
[0;33mW (536) i2c: This driver is an old driver, please migrate your application code to adapt `driver/i2c_master.h`[0m
[0;32mI (546) main_task: Started on CPU0[0m
[0;32mI (556) main_task: Calling app_main()[0m
[0;32mI (556) KEYPAD: I2C initialized successfully[0m
[0;32mI (2656) KEYPAD: Starting keypad MQTT application[0m
[0;32mI (2706) wifi:wifi driver task: 3ffc0948, prio:23, stack:6656, core=0[0m
[0;32mI (2726) wifi:wifi firmware version: f3dbad7[0m
[0;32mI (2726) wifi:wifi certification version: v7.0[0m
[0;32mI (2726) wifi:config NVS flash: enabled[0m
[0;32mI (2726) wifi:config nano formatting: disabled[0m
[0;32mI (2726) wifi:Init data frame dynamic rx buffer num: 32[0m
[0;32mI (2736) wifi:Init static rx mgmt buffer num: 5[0m
[0;32mI (2736) wifi:Init management short buffer num: 32[0m
[0;32mI (2746) wifi:Init dynamic tx buffer num: 32[0m
[0;32mI (2746) wifi:Init static rx buffer size: 1600[0m
[0;32mI (2746) wifi:Init static rx buffer num: 10[0m
[0;32mI (2756) wifi:Init dynamic rx buffer num: 32[0m
[0;32mI (2756) wifi_init: rx ba win: 6[0m
[0;32mI (2756) wifi_init: accept mbox: 6[0m
[0;32mI (2766) wifi_init: tcpip mbox: 32[0m
[0;32mI (2766) wifi_init: udp mbox: 6[0m
[0;32mI (2766) wifi_init: tcp mbox: 6[0m
[0;32mI (2776) wifi_init: tcp tx win: 5760[0m
[0;32mI (2776) wifi_init: tcp rx win: 5760[0m
[0;32mI (2776) wifi_init: tcp mss: 1440[0m
[0;32mI (2786) wifi_init: WiFi IRAM OP enabled[0m
[0;32mI (2786) wifi_init: WiFi RX IRAM OP enabled[0m
[0;32mI (2846) phy_init: phy_version 4860,6b7a6e5,Feb  6 2025,14:47:07[0m
[0;32mI (2926) wifi:mode : sta (a8:42:e3:4c:7c:bc)[0m
[0;32mI (2926) wifi:enable tsf[0m
[0;32mI (2936) KEYPAD: WiFi initialized[0m
[0;32mI (2936) KEYPAD: WiFi STA started[0m
[0;32mI (2946) NVS: Have a saved wifi network in NVS[0m
[0;33mW (4476) wifi:Password length matches WPA2 standards, authmode threshold changes from OPEN to WPA2[0m
[0;32mI (4836) wifi:new:<6,0>, old:<1,0>, ap:<255,255>, sta:<6,0>, prof:9, snd_ch_cfg:0x0[0m
[0;32mI (4836) wifi:state: init -> auth (0xb0)[0m
[0;32mI (4856) wifi:state: auth -> assoc (0x0)[0m
[0;32mI (4866) wifi:state: assoc -> run (0x10)[0m
[0;32mI (4886) wifi:connected with NamTrung, aid = 24, channel 6, BW20, bssid = 10:5f:02:75:1e:9a[0m
[0;32mI (4896) wifi:security: WPA2-PSK, phy: bgn, rssi: -54[0m
[0;32mI (4906) wifi:pm start, type: 1[0m

[0;32mI (4906) wifi:dp: 1, bi: 102400, li: 3, scale listen interval from 307200 us to 307200 us[0m
[0;32mI (4906) KEYPAD: Connected to SSID:NamTrung, channel:6[0m
[0;32mI (4906) KEYPAD: SAVED WIFI CREDENTIALS SUCCESSFULLY[0m
[0;32mI (4916) wifi:AP's beacon interval = 102400 us, DTIM period = 1[0m
[0;32mI (5566) main_task: Returned from app_main()[0m
[0;32mI (5946) esp_netif_handlers: sta ip: 10.10.1.77, mask: 255.255.252.0, gw: 10.10.1.1[0m
[0;32mI (5946) KEYPAD: WiFi connected, got IP[0m
[0;32mI (5946) KEYPAD: MQTT initialized[0m
[0;32mI (5966) wifi:<ba-add>idx:0 (ifx:0, 10:5f:02:75:1e:9a), tid:7, ssn:8, winSize:64[0m
[0;32mI (5996) wifi:<ba-add>idx:1 (ifx:0, 10:5f:02:75:1e:9a), tid:0, ssn:1, winSize:64[0m
[0;32mI (6036) KEYPAD: MQTT connected[0m
[0;32mI (6066) KEYPAD: MQTT published, msg_id=29370[0m
Key pressed: 4
Input: 4
Key pressed: 3
Input: 43
Key pressed: 1
Input: 431
Key pressed: 6
Input: 4316
Key pressed: D
Sending number: 4316
[0;32mI (13216) KEYPAD: Published number 4316, msg_id=0[0m
[0;32mI (13376) TAG: MQTT_EVENT_DATA[0m
[0;32mI (13376) TAG: TOPIC=responsenumber[0m
[0;32mI (13376) TAG: DATA={"device_id":"04:1A:2B:3C:4D:04","number":"No number available"}[0m
G·ªåI ∆ØU TI√äN
[0;32mI (15506) TAG: MQTT_EVENT_DATA[0m
[0;32mI (15506) TAG: TOPIC=responsenumber[0m
[0;32mI (15506) TAG: DATA={"device_id":"04:1A:2B:3C:4D:04","number":"No number available"}[0m
[0;32mI (25616) TAG: MQTT_EVENT_DATA[0m
[0;32mI (25616) TAG: TOPIC=responsenumber[0m
[0;32mI (25616) TAG: DATA={"device_id":"04:1A:2B:3C:4D:04","number":"No number available"}[0m
Key pressed: 4
Input: 4
[0;32mI (35646) TAG: MQTT_EVENT_DATA[0m
[0;32mI (35646) TAG: TOPIC=responsenumber[0m
[0;32mI (35646) TAG: DATA={"device_id":"04:1A:2B:3C:4D:04","number":"No number available"}[0m
Key pressed: 3
Input: 43
Key pressed: 1
Input: 431
Key pressed: 6
Input: 4316
Key pressed: D
Sending number: 4316
[0;32mI (39486) KEYPAD: Published number 4316, msg_id=0[0m
[0;32mI (39596) TAG: MQTT_EVENT_DATA[0m
[0;32mI (39596) TAG: TOPIC=responsenumber[0m
[0;32mI (39596) TAG: DATA={"device_id":"04:1A:2B:3C:4D:04","number":"No number available"}[0m
G·ªåI ∆ØU TI√äN
Key pressed: B
G·ªåI S·ªê TI·∫æP THEO
Key pressed: B
G·ªåI S·ªê TI·∫æP THEO
[0;32mI (45276) TAG: MQTT_EVENT_DATA[0m
[0;32mI (45276) TAG: TOPIC=responsenumber[0m
[0;32mI (45276) TAG: DATA={"device_id":"04:1A:2B:3C:4D:04","number":"No number available"}[0m
[0;32mI (45456) TAG: MQTT_EVENT_DATA[0m
[0;32mI (45456) TAG: TOPIC=responsenumber[0m
[0;32mI (45456) TAG: DATA={"device_id":"04:1A:2B:3C:4D:04","number":"No number available"}[0m
[0;32mI (45716) TAG: MQTT_EVENT_DATA[0m
[0;32mI (45716) TAG: TOPIC=responsenumber[0m
[0;32mI (45716) TAG: DATA={"device_id":"04:1A:2B:3C:4D:04","number":"No number available"}[0m
Key pressed: B
G·ªåI S·ªê TI·∫æP THEO
[0;32mI (55596) TAG: MQTT_EVENT_DATA[0m
[0;32mI (55596) TAG: TOPIC=responsenumber[0m
[0;32mI (55596) TAG: DATA={"device_id":"04:1A:2B:3C:4D:04","number":"4316","service_name":"Tr\u1ea3 n\u1ee3"}[0m
[0;32mI (55606) TAG: Updated label with number: 4316[0m
[0;32mI (55626) KEYPAD: MQTT published, msg_id=29485[0m
[0;32mI (55716) TAG: MQTT_EVENT_DATA[0m
[0;32mI (55716) TAG: TOPIC=responsenumber[0m
[0;32mI (55716) TAG: DATA={"device_id":"04:1A:2B:3C:4D:04","number":"4317","service_name":"Tr\u1ea3 n\u1ee3"}[0m
[0;32mI (55726) TAG: Updated label with number: 4317[0m
[0;32mI (55746) KEYPAD: MQTT published, msg_id=8209[0m
Key pressed: B
G·ªåI S·ªê TI·∫æP THEO
[0;32mI (58826) TAG: MQTT_EVENT_DATA[0m
[0;32mI (58826) TAG: TOPIC=responsenumber[0m
[0;32mI (58826) TAG: DATA={"device_id":"04:1A:2B:3C:4D:04","number":"4318","service_name":"Tr\u1ea3 n\u1ee3"}[0m
[0;32mI (58836) TAG: Updated label with number: 4318[0m
[0;32mI (58966) KEYPAD: MQTT published, msg_id=50454[0m
[0;32mI (65646) TAG: MQTT_EVENT_DATA[0m
[0;32mI (65646) TAG: TOPIC=responsenumber[0m
[0;32mI (65646) TAG: DATA={"device_id":"04:1A:2B:3C:4D:04","number":"4319","service_name":"Tr\u1ea3 n\u1ee3"}[0m
[0;32mI (65666) TAG: Updated label with number: 4319[0m
[0;32mI (65686) KEYPAD: MQTT published, msg_id=14102[0m
[0;32mI (75586) TAG: MQTT_EVENT_DATA[0m
[0;32mI (75586) TAG: TOPIC=responsenumber[0m
[0;32mI (75586) TAG: DATA={"device_id":"04:1A:2B:3C:4D:04","number":"4320","service_name":"Tr\u1ea3 n\u1ee3"}[0m
[0;32mI (75596) TAG: Updated label with number: 4320[0m
[0;32mI (75616) KEYPAD: MQTT published, msg_id=65100[0m
