Command: D:\ESP32_IDF\Espressif\python_env\idf5.5_py3.11_env\Scripts\python.exe D:\ESP32_IDF\Espressif\frameworks\esp-idf-v5.5\tools/idf_monitor.py -p COM3 -b 115200 --toolchain-prefix xtensa-esp32-elf- --target esp32 --revision 0 D:\ESP32_IDF\Espressif\frameworks\esp-idf-v5.5\examples\get-started\agribank demo\build\hello_world.elf D:\ESP32_IDF\Espressif\frameworks\esp-idf-v5.5\examples\get-started\agribank demo\build\bootloader\bootloader.elf --force-color -m 'D:\ESP32_IDF\Espressif\python_env\idf5.5_py3.11_env\Scripts\python.exe' 'D:\ESP32_IDF\Espressif\frameworks\esp-idf-v5.5\tools\idf.py' '-p' 'COM3'
ï¿½&S	ï¿½ï¿½Ñ¹esp32: SPI Spï¿½ets Jul 29 2019 12:21:46

rst:0x1 (POWERON_RESET),boot:0x13 (SPI_FAST_FLASH_BOOT)
configsip: 0, SPIWP:0xee
clk_drv:0x00,q_drv:0x00,d_drv:0x00,cs0_drv:0x00,hd_drv:0x00,wp_drv:0x00
mode:DIO, clock div:2
load:0x3fff0030,len:6380
ho 0 tail 12 room 4
load:0x40078000,len:15916
load:0x40080400,len:3860
entry 0x40080638
[0;32mI (29) boot: ESP-IDF v5.5-dirty 2nd stage bootloader[0m
[0;32mI (29) boot: compile time Nov  1 2025 10:14:38[0m
[0;32mI (29) boot: Multicore bootloader[0m
[0;32mI (31) boot: chip revision: v3.0[0m
[0;32mI (34) boot.esp32: SPI Speed      : 40MHz[0m
[0;32mI (37) boot.esp32: SPI Mode       : DIO[0m
[0;32mI (41) boot.esp32: SPI Flash Size : 2MB[0m
[0;32mI (45) boot: Enabling RNG early entropy source...[0m
[0;32mI (49) boot: Partition Table:[0m
[0;32mI (52) boot: ## Label            Usage          Type ST Offset   Length[0m
[0;32mI (58) boot:  0 nvs              WiFi data        01 02 00009000 00006000[0m
[0;32mI (65) boot:  1 phy_init         RF data          01 01 0000f000 00001000[0m
[0;32mI (71) boot:  2 factory          factory app      00 00 00010000 00100000[0m
[0;32mI (78) boot: End of partition table[0m
[0;32mI (81) esp_image: segment 0: paddr=00010020 vaddr=3f400020 size=20458h (132184) map[0m
[0;32mI (134) esp_image: segment 1: paddr=00030480 vaddr=3ff80000 size=00020h (    32) load[0m
[0;32mI (134) esp_image: segment 2: paddr=000304a8 vaddr=3ffb0000 size=03fb8h ( 16312) load[0m
[0;32mI (143) esp_image: segment 3: paddr=00034468 vaddr=40080000 size=0bbb0h ( 48048) load[0m
[0;32mI (164) esp_image: segment 4: paddr=00040020 vaddr=400d0020 size=a5bd8h (678872) map[0m
[0;32mI (396) esp_image: segment 5: paddr=000e5c00 vaddr=4008bbb0 size=0d870h ( 55408) load[0m
[0;32mI (430) boot: Loaded app from partition at offset 0x10000[0m
[0;32mI (430) boot: Disabling RNG early entropy source...[0m
[0;32mI (440) cpu_start: Multicore app[0m
[0;32mI (449) cpu_start: Pro cpu start user code[0m
[0;32mI (449) cpu_start: cpu freq: 160000000 Hz[0m
[0;32mI (449) app_init: Application information:[0m
[0;32mI (449) app_init: Project name:     hello_world[0m
[0;32mI (453) app_init: App version:      e7264df-dirty[0m
[0;32mI (458) app_init: Compile time:     Nov  1 2025 10:15:09[0m
[0;32mI (463) app_init: ELF file SHA256:  d1f1823d6...[0m
[0;32mI (467) app_init: ESP-IDF:          v5.5-dirty[0m
[0;32mI (471) efuse_init: Min chip rev:     v0.0[0m
[0;32mI (475) efuse_init: Max chip rev:     v3.99 [0m
[0;32mI (479) efuse_init: Chip rev:         v3.0[0m
[0;32mI (483) heap_init: Initializing. RAM available for dynamic allocation:[0m
[0;32mI (489) heap_init: At 3FFAE6E0 len 00001920 (6 KiB): DRAM[0m
[0;32mI (494) heap_init: At 3FFB8AB0 len 00027550 (157 KiB): DRAM[0m
[0;32mI (499) heap_init: At 3FFE0440 len 00003AE0 (14 KiB): D/IRAM[0m
[0;32mI (505) heap_init: At 3FFE4350 len 0001BCB0 (111 KiB): D/IRAM[0m
[0;32mI (510) heap_init: At 40099420 len 00006BE0 (26 KiB): IRAM[0m
[0;32mI (517) spi_flash: detected chip: generic[0m
[0;32mI (519) spi_flash: flash io: dio[0m
[0;33mW (522) spi_flash: Detected size(4096k) larger than the size in the binary image header(2048k). Using the size in the binary image header.[0m
[0;33mW (535) i2c: This driver is an old driver, please migrate your application code to adapt `driver/i2c_master.h`[0m
[0;32mI (545) main_task: Started on CPU0[0m
[0;32mI (555) main_task: Calling app_main()[0m
[0;32mI (555) KEYPAD: LED initialized on GPIO 2[0m
[0;32mI (555) KEYPAD: LED OFF[0m
[0;32mI (555) KEYPAD: I2C initialized successfully[0m
[0;32mI (2165) KEYPAD: Starting keypad MQTT application[0m
[0;32mI (2165) KEYPAD: WiFi STA MAC: A8:42:E3:4C:7C:BC[0m
[0;32mI (2205) wifi:wifi driver task: 3ffc0d24, prio:23, stack:6656, core=0[0m
[0;32mI (2215) wifi:wifi firmware version: f3dbad7[0m
[0;32mI (2215) wifi:wifi certification version: v7.0[0m
[0;32mI (2215) wifi:config NVS flash: enabled[0m
[0;32mI (2215) wifi:config nano formatting: disabled[0m
[0;32mI (2225) wifi:Init data frame dynamic rx buffer num: 32[0m
[0;32mI (2225) wifi:Init static rx mgmt buffer num: 5[0m
[0;32mI (2225) wifi:Init management short buffer num: 32[0m
[0;32mI (2235) wifi:Init dynamic tx buffer num: 32[0m
[0;32mI (2235) wifi:Init static rx buffer size: 1600[0m
[0;32mI (2245) wifi:Init static rx buffer num: 10[0m
[0;32mI (2245) wifi:Init dynamic rx buffer num: 32[0m
[0;32mI (2255) wifi_init: rx ba win: 6[0m
[0;32mI (2255) wifi_init: accept mbox: 6[0m
[0;32mI (2255) wifi_init: tcpip mbox: 32[0m
[0;32mI (2255) wifi_init: udp mbox: 6[0m
[0;32mI (2265) wifi_init: tcp mbox: 6[0m
[0;32mI (2265) wifi_init: tcp tx win: 5760[0m
[0;32mI (2265) wifi_init: tcp rx win: 5760[0m
[0;32mI (2275) wifi_init: tcp mss: 1440[0m
[0;32mI (2275) wifi_init: WiFi IRAM OP enabled[0m
[0;32mI (2275) wifi_init: WiFi RX IRAM OP enabled[0m
[0;32mI (2325) phy_init: phy_version 4860,6b7a6e5,Feb  6 2025,14:47:07[0m
[0;32mI (2405) phy_init: Saving new calibration data due to checksum failure or outdated calibration data, mode(0)[0m
[0;32mI (2455) wifi:mode : sta (a8:42:e3:4c:7c:bc)[0m
[0;32mI (2455) wifi:enable tsf[0m
[0;32mI (2455) KEYPAD: WiFi initialized[0m
[1;31mE (2465) task_wdt: esp_task_wdt_reset(707): task not found[0m
[0;32mI (2465) KEYPAD: WiFi STA started[0m
[1;31mE (2465) task_wdt: esp_task_wdt_reset(707): task not found[0m
[0;32mI (2465) KEYPAD: Have a saved wifi network in NVS: Anh Kiet[0m
[0;32mI (2515) wifi:flush txq[0m
[0;32mI (2515) wifi:stop sw txq[0m
[0;32mI (2515) wifi:lmac stop hw txq[0m
[0;32mI (2525) wifi:mode : sta (a8:42:e3:4c:7c:bc)[0m
[0;32mI (2525) wifi:enable tsf[0m
[0;32mI (2525) KEYPAD: WiFi STA started[0m
[1;31mE (2525) wifi:sta is connecting, return error[0m
[0;32mI (2775) wifi:new:<2,0>, old:<1,0>, ap:<255,255>, sta:<2,0>, prof:1, snd_ch_cfg:0x0[0m
[0;32mI (2775) wifi:state: init -> auth (0xb0)[0m
[0;32mI (2835) wifi:state: auth -> assoc (0x0)[0m
[0;32mI (2905) wifi:state: assoc -> run (0x10)[0m
[0;32mI (3015) wifi:connected with Anh Kiet, aid = 6, channel 2, BW20, bssid = cc:71:90:19:d2:f8[0m
[0;32mI (3015) wifi:security: WPA2-PSK, phy: bgn, rssi: -63[0m
[0;32mI (3025) wifi:pm start, type: 1[0m

[0;32mI (3025) wifi:dp: 1, bi: 102400, li: 3, scale listen interval from 307200 us to 307200 us[0m
[0;32mI (3035) KEYPAD: Connected to SSID:Anh Kiet, channel:2[0m
[0;32mI (3085) wifi:AP's beacon interval = 102400 us, DTIM period = 1[0m
[0;32mI (4295) esp_netif_handlers: sta ip: 192.168.1.9, mask: 255.255.255.0, gw: 192.168.1.1[0m
[0;32mI (4295) KEYPAD: WiFi connected, got IP[0m
[0;32mI (5395) KEYPAD: MQTT initialized[0m
[0;32mI (5405) wifi:<ba-add>idx:0 (ifx:0, cc:71:90:19:d2:f8), tid:0, ssn:5, winSize:64[0m
[0;32mI (5455) KEYPAD: Read status successfully: SO DANG GOI[0m
[1;31mE (15405) esp-tls: [sock=54] select() timeout[0m
[1;31mE (15405) transport_base: Failed to open a new connection: 32774[0m
[1;31mE (15405) mqtt_client: Error transport connect[0m
[0;32mI (15405) KEYPAD: MQTT_EVENT_ERROR[0m
[0;32mI (15405) KEYPAD: LED OFF[0m
[0;32mI (15405) KEYPAD: MQTT disconnected[0m
[0;32mI (15415) KEYPAD: LED OFF[0m
[1;31mE (35425) esp-tls: [sock=54] select() timeout[0m
[1;31mE (35425) transport_base: Failed to open a new connection: 32774[0m
[1;31mE (35425) mqtt_client: Error transport connect[0m
[0;32mI (35425) KEYPAD: MQTT_EVENT_ERROR[0m
[0;32mI (35425) KEYPAD: LED OFF[0m
[0;32mI (35425) KEYPAD: MQTT disconnected[0m
[0;32mI (35435) KEYPAD: LED OFF[0m
[1;31mE (55445) esp-tls: [sock=54] select() timeout[0m
[1;31mE (55445) transport_base: Failed to open a new connection: 32774[0m
[1;31mE (55445) mqtt_client: Error transport connect[0m
[0;32mI (55445) KEYPAD: MQTT_EVENT_ERROR[0m
[0;32mI (55445) KEYPAD: LED OFF[0m
[0;32mI (55445) KEYPAD: MQTT disconnected[0m
[0;32mI (55455) KEYPAD: LED OFF[0m
[1;31mE (75465) esp-tls: [sock=54] select() timeout[0m
[1;31mE (75465) transport_base: Failed to open a new connection: 32774[0m
[1;31mE (75465) mqtt_client: Error transport connect[0m
[0;32mI (75465) KEYPAD: MQTT_EVENT_ERROR[0m
[0;32mI (75465) KEYPAD: LED OFF[0m
[0;32mI (75475) KEYPAD: MQTT disconnected[0m
[0;32mI (75475) KEYPAD: LED OFF[0m
[1;31mE (100485) esp-tls: [sock=54] select() timeout[0m
[1;31mE (100485) transport_base: Failed to open a new connection: 32774[0m
[1;31mE (100485) mqtt_client: Error transport connect[0m
[0;32mI (100485) KEYPAD: MQTT_EVENT_ERROR[0m
[0;32mI (100485) KEYPAD: LED OFF[0m
[0;32mI (100485) KEYPAD: MQTT disconnected[0m
[0;32mI (100495) KEYPAD: LED OFF[0m
