Command: D:\ESP32_IDF\Espressif\python_env\idf5.5_py3.11_env\Scripts\python.exe D:\ESP32_IDF\Espressif\frameworks\esp-idf-v5.5\tools/idf_monitor.py -p COM3 -b 115200 --toolchain-prefix xtensa-esp32-elf- --target esp32 --revision 0 D:\ESP32_IDF\Espressif\frameworks\esp-idf-v5.5\examples\get-started\agribank demo\build\hello_world.elf D:\ESP32_IDF\Espressif\frameworks\esp-idf-v5.5\examples\get-started\agribank demo\build\bootloader\bootloader.elf --force-color -m 'D:\ESP32_IDF\Espressif\python_env\idf5.5_py3.11_env\Scripts\python.exe' 'D:\ESP32_IDF\Espressif\frameworks\esp-idf-v5.5\tools\idf.py' '-p' 'COM3'
(
Bï¿½ï¿½Jï¿½ï¿½Ñ¹esp32: SPets Jul 29 2019 12:21:46

rst:0x1 (POWERON_RESET),boot:0x13 (SPI_FAST_FLASH_BOOT)
configsip: 0, SPIWP:0xee
clk_drv:0x00,q_drv:0x00,d_drv:0x00,cs0_drv:0x00,hd_drv:0x00,wp_drv:0x00
mode:DIO, clock div:2
load:0x3fff0030,len:6380
ho 0 tail 12 room 4
load:0x40078000,len:15916
load:0x40080400,len:3860
entry 0x40080638
[0;32mI (29) boot: ESP-IDF v5.5-dirty 2nd stage bootloader[0m
[0;32mI (29) boot: compile time Oct 19 2025 19:26:38[0m
[0;32mI (29) boot: Multicore bootloader[0m
[0;32mI (31) boot: chip revision: v3.0[0m
[0;32mI (34) boot.esp32: SPI Speed      : 40MHz[0m
[0;32mI (37) boot.esp32: SPI Mode       : DIO[0m
[0;32mI (41) boot.esp32: SPI Flash Size : 2MB[0m
[0;32mI (45) boot: Enabling RNG early entropy source...[0m
[0;32mI (49) boot: Partition Table:[0m
[0;32mI (52) boot: ## Label            Usage          Type ST Offset   Length[0m
[0;32mI (58) boot:  0 nvs              WiFi data        01 02 00009000 00006000[0m
[0;32mI (65) boot:  1 phy_init         RF data          01 01 0000f000 00001000[0m
[0;32mI (71) boot:  2 factory          factory app      00 00 00010000 00100000[0m
[0;32mI (78) boot: End of partition table[0m
[0;32mI (81) esp_image: segment 0: paddr=00010020 vaddr=3f400020 size=1e548h (124232) map[0m
[0;32mI (131) esp_image: segment 1: paddr=0002e570 vaddr=3ff80000 size=00020h (    32) load[0m
[0;32mI (131) esp_image: segment 2: paddr=0002e598 vaddr=3ffb0000 size=01a80h (  6784) load[0m
[0;32mI (137) esp_image: segment 3: paddr=00030020 vaddr=400d0020 size=9fda0h (654752) map[0m
[0;32mI (366) esp_image: segment 4: paddr=000cfdc8 vaddr=3ffb1a80 size=024e8h (  9448) load[0m
[0;32mI (370) esp_image: segment 5: paddr=000d22b8 vaddr=40080000 size=17fa4h ( 98212) load[0m
[0;32mI (420) boot: Loaded app from partition at offset 0x10000[0m
[0;32mI (420) boot: Disabling RNG early entropy source...[0m
[0;32mI (430) cpu_start: Multicore app[0m
[0;32mI (439) cpu_start: Pro cpu start user code[0m
[0;32mI (439) cpu_start: cpu freq: 160000000 Hz[0m
[0;32mI (439) app_init: Application information:[0m
[0;32mI (439) app_init: Project name:     hello_world[0m
[0;32mI (443) app_init: App version:      v5.5-dirty[0m
[0;32mI (447) app_init: Compile time:     Oct 19 2025 19:25:48[0m
[0;32mI (452) app_init: ELF file SHA256:  2577813ba...[0m
[0;32mI (457) app_init: ESP-IDF:          v5.5-dirty[0m
[0;32mI (461) efuse_init: Min chip rev:     v0.0[0m
[0;32mI (465) efuse_init: Max chip rev:     v3.99 [0m
[0;32mI (468) efuse_init: Chip rev:         v3.0[0m
[0;32mI (473) heap_init: Initializing. RAM available for dynamic allocation:[0m
[0;32mI (479) heap_init: At 3FFAE6E0 len 00001920 (6 KiB): DRAM[0m
[0;32mI (484) heap_init: At 3FFB86C0 len 00027940 (158 KiB): DRAM[0m
[0;32mI (489) heap_init: At 3FFE0440 len 00003AE0 (14 KiB): D/IRAM[0m
[0;32mI (494) heap_init: At 3FFE4350 len 0001BCB0 (111 KiB): D/IRAM[0m
[0;32mI (500) heap_init: At 40097FA4 len 0000805C (32 KiB): IRAM[0m
[0;32mI (507) spi_flash: detected chip: generic[0m
[0;32mI (509) spi_flash: flash io: dio[0m
[0;33mW (512) spi_flash: Detected size(4096k) larger than the size in the binary image header(2048k). Using the size in the binary image header.[0m
[0;32mI (525) main_task: Started on CPU0[0m
[0;32mI (535) main_task: Calling app_main()[0m
[0;32mI (535) KEYPAD: Starting keypad MQTT application[0m
[0;32mI (585) wifi:wifi driver task: 3ffc0768, prio:23, stack:6656, core=0[0m
[0;32mI (605) wifi:wifi firmware version: f3dbad7[0m
[0;32mI (605) wifi:wifi certification version: v7.0[0m
[0;32mI (605) wifi:config NVS flash: enabled[0m
[0;32mI (605) wifi:config nano formatting: disabled[0m
[0;32mI (605) wifi:Init data frame dynamic rx buffer num: 32[0m
[0;32mI (615) wifi:Init static rx mgmt buffer num: 5[0m
[0;32mI (615) wifi:Init management short buffer num: 32[0m
[0;32mI (615) wifi:Init dynamic tx buffer num: 32[0m
[0;32mI (625) wifi:Init static rx buffer size: 1600[0m
[0;32mI (625) wifi:Init static rx buffer num: 10[0m
[0;32mI (635) wifi:Init dynamic rx buffer num: 32[0m
[0;32mI (635) wifi_init: rx ba win: 6[0m
[0;32mI (635) wifi_init: accept mbox: 6[0m
[0;32mI (645) wifi_init: tcpip mbox: 32[0m
[0;32mI (645) wifi_init: udp mbox: 6[0m
[0;32mI (645) wifi_init: tcp mbox: 6[0m
[0;32mI (655) wifi_init: tcp tx win: 5760[0m
[0;32mI (655) wifi_init: tcp rx win: 5760[0m
[0;32mI (655) wifi_init: tcp mss: 1440[0m
[0;32mI (655) wifi_init: WiFi IRAM OP enabled[0m
[0;32mI (665) wifi_init: WiFi RX IRAM OP enabled[0m
[0;32mI (685) phy_init: phy_version 4860,6b7a6e5,Feb  6 2025,14:47:07[0m
[0;32mI (775) wifi:mode : sta (a8:42:e3:4c:7c:bc)[0m
[0;32mI (775) wifi:enable tsf[0m
[0;32mI (775) KEYPAD: WiFi initialized[0m
[0;32mI (1775) main_task: Returned from app_main()[0m
Key pressed: B
[1;31mE (6995) mqtt_client: Client was not initialized[0m
Gá»ŒI Láº I
Key pressed: A
WiFi Configuration Mode
Enter WiFi SSID:
Key pressed: 1
SSID: .
Key pressed: 6
SSID: .m
Key pressed: #
SSID: .
Key pressed: #
SSID: 
Key pressed: *
CAPSLOCK ON
Key pressed: 6
SSID: M
Key pressed: 6
SSID: N
Key pressed: *
CAPSLOCK OFF
Key pressed: 2
SSID: Na
Key pressed: 6
SSID: Nam
Key pressed: *
CAPSLOCK ON
Key pressed: 8
SSID: NamT
Key pressed: *
CAPSLOCK OFF
Key pressed: 7
SSID: NamTp
Key pressed: 7
SSID: NamTq
Key pressed: 7
SSID: NamTr
Key pressed: 8
SSID: NamTrt
Key pressed: 8
SSID: NamTru
Key pressed: 6
SSID: NamTrum
Key pressed: 6
SSID: NamTrun
Key pressed: 4
SSID: NamTrung
Key pressed: #
SSID: NamTrun
Key pressed: #
SSID: NamTru
Key pressed: 6
SSID: NamTrum
Key pressed: 6
SSID: NamTrun
Key pressed: 4
SSID: NamTrung
Key pressed: D
SSID saved: NamTrung
Enter WiFi password:
Key pressed: D
Password saved: 
WiFi connecting with SSID: NamTrung
[0;32mI (32485) KEYPAD: STA disconnected, reason=210[0m
[0;32mI (32485) KEYPAD: WIFI STA_DISCONNECTED.[0m
Key pressed: A
WiFi Configuration Mode
Enter WiFi SSID:
Key pressed: 6
SSID: m
Key pressed: #
SSID: 
Key pressed: *
CAPSLOCK ON
Key pressed: 6
SSID: M
Key pressed: 6
SSID: N
Key pressed: *
CAPSLOCK OFF
Key pressed: 2
SSID: Na
Key pressed: 6
SSID: Nam
Key pressed: *
CAPSLOCK ON
Key pressed: 8
SSID: NamT
Key pressed: *
CAPSLOCK OFF
Key pressed: 7
SSID: NamTp
Key pressed: 7
SSID: NamTq
Key pressed: 7
SSID: NamTr
Key pressed: 8
SSID: NamTrt
Key pressed: 8
SSID: NamTru
Key pressed: 6
SSID: NamTrum
Key pressed: 6
SSID: NamTrun
Key pressed: 4
SSID: NamTrung
Key pressed: D
SSID saved: NamTrung
Enter WiFi password:
Key pressed: *
CAPSLOCK ON
Key pressed: 6
PASSWORD: M
Key pressed: 6
PASSWORD: N
Key pressed: *
CAPSLOCK OFF
Key pressed: 2
PASSWORD: Na
Key pressed: #
PASSWORD: N
Key pressed: #
PASSWORD: 
Key pressed: 6
PASSWORD: m
Key pressed: 6
PASSWORD: n
Key pressed: 8
PASSWORD: nt
Key pressed: 8
PASSWORD: nu
Key pressed: 8
PASSWORD: nv
Key pressed: 8
PASSWORD: n8
Key pressed: 8
PASSWORD: nt
Key pressed: 1
PASSWORD: nt.
Key pressed: 1
PASSWORD: nt,
Key pressed: #
PASSWORD: nt
Key pressed: 1
PASSWORD: nt.
Key pressed: 1
PASSWORD: nt,
Key pressed: 1
PASSWORD: nt!
Key pressed: 1
PASSWORD: nt?
Key pressed: 1
PASSWORD: nt'
Key pressed: 1
PASSWORD: nt"
Key pressed: 1
PASSWORD: nt1
Key pressed: 1
PASSWORD: nt-
Key pressed: 1
PASSWORD: nt(
Key pressed: 1
PASSWORD: nt@
Key pressed: 1
PASSWORD: nt@.
Key pressed: 1
PASSWORD: nt@,
Key pressed: 1
PASSWORD: nt@!
Key pressed: 1
PASSWORD: nt@?
Key pressed: 1
PASSWORD: nt@'
Key pressed: 1
PASSWORD: nt@"
Key pressed: 1
PASSWORD: nt@1
Key pressed: 4
PASSWORD: nt@1g
Key pressed: 4
PASSWORD: nt@1h
Key pressed: 4
PASSWORD: nt@1i
Key pressed: 4
PASSWORD: nt@14
Key pressed: 0
PASSWORD: nt@14 
Key pressed: 0
PASSWORD: nt@140
Key pressed: 9
PASSWORD: nt@140w
Key pressed: 9
PASSWORD: nt@140x
Key pressed: 9
PASSWORD: nt@140y
Key pressed: 9
PASSWORD: nt@140z
Key pressed: 9
PASSWORD: nt@1409
Key pressed: 2
PASSWORD: nt@1409a
Key pressed: 2
PASSWORD: nt@1409b
Key pressed: 2
PASSWORD: nt@1409c
Key pressed: 2
PASSWORD: nt@14092
Key pressed: 0
PASSWORD: nt@14092 
Key pressed: 0
PASSWORD: nt@140920
Key pressed: 1
PASSWORD: nt@140920.
Key pressed: 1
PASSWORD: nt@140920,
Key pressed: 1
PASSWORD: nt@140920,.
Key pressed: #
PASSWORD: nt@140920,
Key pressed: #
PASSWORD: nt@140920
Key pressed: 1
PASSWORD: nt@140920.
Key pressed: 1
PASSWORD: nt@140920,
Key pressed: 1
PASSWORD: nt@140920!
Key pressed: 1
PASSWORD: nt@140920?
Key pressed: 1
PASSWORD: nt@140920'
Key pressed: 1
PASSWORD: nt@140920"
Key pressed: 1
PASSWORD: nt@1409201
Key pressed: 1
PASSWORD: nt@1409201.
Key pressed: 1
PASSWORD: nt@1409201,
Key pressed: 1
PASSWORD: nt@1409201!
Key pressed: 1
PASSWORD: nt@1409201?
Key pressed: 1
PASSWORD: nt@1409201'
Key pressed: 1
PASSWORD: nt@1409201"
Key pressed: 1
PASSWORD: nt@14092011
Key pressed: D
Password saved: nt@14092011
[0;33mW (101285) wifi:Password length matches WPA2 standards, authmode threshold changes from OPEN to WPA2[0m
WiFi connecting with SSID: NamTrung
[0;32mI (101635) wifi:new:<11,0>, old:<1,0>, ap:<255,255>, sta:<11,0>, prof:9, snd_ch_cfg:0x0[0m
[0;32mI (101635) wifi:state: init -> auth (0xb0)[0m
[0;32mI (101645) wifi:state: auth -> assoc (0x0)[0m
[0;32mI (101655) wifi:state: assoc -> run (0x10)[0m
[0;32mI (101675) wifi:connected with NamTrung, aid = 18, channel 11, BW20, bssid = 10:5f:02:75:27:1e[0m
[0;32mI (101685) wifi:security: WPA2-PSK, phy: bgn, rssi: -65[0m
[0;32mI (101695) wifi:pm start, type: 1[0m

[0;32mI (101695) wifi:dp: 1, bi: 102400, li: 3, scale listen interval from 307200 us to 307200 us[0m
[0;32mI (101695) KEYPAD: Connected to SSID:NamTrung, channel:11[0m
[0;32mI (101695) KEYPAD: SAVED WIFI CREDENTIALS SUCCESSFULLY[0m
[0;32mI (101765) wifi:AP's beacon interval = 102400 us, DTIM period = 1[0m
[0;32mI (101775) MQTT_MANAGER: No existing client, creating new one...[0m
[0;32mI (101775) KEYPAD: MQTT initialized[0m
[1;31mE (101775) esp-tls: [sock=54] connect() error: Host is unreachable[0m
[1;31mE (101775) transport_base: Failed to open a new connection: 32772[0m
[1;31mE (101785) mqtt_client: Error transport connect[0m
[0;32mI (101785) KEYPAD: MQTT disconnected[0m
[0;32mI (102715) esp_netif_handlers: sta ip: 10.10.1.30, mask: 255.255.252.0, gw: 10.10.1.1[0m
[0;32mI (102715) KEYPAD: WiFi connected, got IP[0m
Guru Meditation Error: Core  0 panic'ed (LoadProhibited). Exception was unhandled.

Core  0 register dump:
PC      : 0x4000c26c  PS      : 0x00060330  A0      : 0x800d8ff5  A1      : 0x3ffbca80  
A2      : 0x00000000  A3      : 0x3ffbcb04  A4      : 0x00000006  A5      : 0x3ffbcb14  
A6      : 0x3f410500  A7      : 0x00000000  A8      : 0x00000001  A9      : 0x00000000  
A10     : 0x00000003  A11     : 0x00000041  A12     : 0x3f403afc  A13     : 0x3ffbcb04  
A14     : 0x3ffbcb14  A15     : 0x3f408fc4  SAR     : 0x00000018  EXCCAUSE: 0x0000001c  
EXCVADDR: 0x00000000  LBEG    : 0x40001609  LEND    : 0x4000160d  LCOUNT  : 0x00000000  


Backtrace: 0x4000c269:0x3ffbca80 0x400d8ff2:0x3ffbcaa0 0x400d90ee:0x3ffbcb50 0x4016c9bd:0x3ffbcb80 0x4016c355:0x3ffbcbb0 0x4016c411:0x3ffbcbf0 0x40089835:0x3ffbcc10




ELF file SHA256: 2577813ba

Rebooting...
ets Jul 29 2019 12:21:46

rst:0xc (SW_CPU_RESET),boot:0x13 (SPI_FAST_FLASH_BOOT)
configsip: 0, SPIWP:0xee
clk_drv:0x00,q_drv:0x00,d_drv:0x00,cs0_drv:0x00,hd_drv:0x00,wp_drv:0x00
mode:DIO, clock div:2
load:0x3fff0030,len:6380
ho 0 tail 12 room 4
load:0x40078000,len:15916
load:0x40080400,len:3860
entry 0x40080638
[0;32mI (29) boot: ESP-IDF v5.5-dirty 2nd stage bootloader[0m
[0;32mI (29) boot: compile time Oct 19 2025 19:26:38[0m
[0;32mI (29) boot: Multicore bootloader[0m
[0;32mI (31) boot: chip revision: v3.0[0m
[0;32mI (34) boot.esp32: SPI Speed      : 40MHz[0m
[0;32mI (37) boot.esp32: SPI Mode       : DIO[0m
[0;32mI (41) boot.esp32: SPI Flash Size : 2MB[0m
[0;32mI (45) boot: Enabling RNG early entropy source...[0m
[0;32mI (49) boot: Partition Table:[0m
[0;32mI (52) boot: ## Label            Usage          Type ST Offset   Length[0m
[0;32mI (58) boot:  0 nvs              WiFi data        01 02 00009000 00006000[0m
[0;32mI (64) boot:  1 phy_init         RF data          01 01 0000f000 00001000[0m
[0;32mI (71) boot:  2 factory          factory app      00 00 00010000 00100000[0m
[0;32mI (78) boot: End of partition table[0m
[0;32mI (81) esp_image: segment 0: paddr=00010020 vaddr=3f400020 size=1e548h (124232) map[0m
[0;32mI (131) esp_image: segment 1: paddr=0002e570 vaddr=3ff80000 size=00020h (    32) load[0m
[0;32mI (131) esp_image: segment 2: paddr=0002e598 vaddr=3ffb0000 size=01a80h (  6784) load[0m
[0;32mI (137) esp_image: segment 3: paddr=00030020 vaddr=400d0020 size=9fda0h (654752) map[0m
[0;32mI (366) esp_image: segment 4: paddr=000cfdc8 vaddr=3ffb1a80 size=024e8h (  9448) load[0m
[0;32mI (370) esp_image: segment 5: paddr=000d22b8 vaddr=40080000 size=17fa4h ( 98212) load[0m
[0;32mI (420) boot: Loaded app from partition at offset 0x10000[0m
[0;32mI (420) boot: Disabling RNG early entropy source...[0m
[0;32mI (430) cpu_start: Multicore app[0m
[0;32mI (438) cpu_start: Pro cpu start user code[0m
[0;32mI (439) cpu_start: cpu freq: 160000000 Hz[0m
[0;32mI (439) app_init: Application information:[0m
[0;32mI (439) app_init: Project name:     hello_world[0m
[0;32mI (443) app_init: App version:      v5.5-dirty[0m
[0;32mI (447) app_init: Compile time:     Oct 19 2025 19:25:48[0m
[0;32mI (452) app_init: ELF file SHA256:  2577813ba...[0m
[0;32mI (456) app_init: ESP-IDF:          v5.5-dirty[0m
[0;32mI (461) efuse_init: Min chip rev:     v0.0[0m
[0;32mI (464) efuse_init: Max chip rev:     v3.99 [0m
[0;32mI (468) efuse_init: Chip rev:         v3.0[0m
[0;32mI (473) heap_init: Initializing. RAM available for dynamic allocation:[0m
[0;32mI (479) heap_init: At 3FFAE6E0 len 00001920 (6 KiB): DRAM[0m
[0;32mI (484) heap_init: At 3FFB86C0 len 00027940 (158 KiB): DRAM[0m
[0;32mI (489) heap_init: At 3FFE0440 len 00003AE0 (14 KiB): D/IRAM[0m
[0;32mI (494) heap_init: At 3FFE4350 len 0001BCB0 (111 KiB): D/IRAM[0m
[0;32mI (500) heap_init: At 40097FA4 len 0000805C (32 KiB): IRAM[0m
[0;32mI (507) spi_flash: detected chip: generic[0m
[0;32mI (509) spi_flash: flash io: dio[0m
[0;33mW (512) spi_flash: Detected size(4096k) larger than the size in the binary image header(2048k). Using the size in the binary image header.[0m
[0;32mI (525) main_task: Started on CPU0[0m
[0;32mI (535) main_task: Calling app_main()[0m
[0;32mI (535) KEYPAD: Starting keypad MQTT application[0m
[0;32mI (585) wifi:wifi driver task: 3ffc0768, prio:23, stack:6656, core=0[0m
[0;32mI (605) wifi:wifi firmware version: f3dbad7[0m
[0;32mI (605) wifi:wifi certification version: v7.0[0m
[0;32mI (605) wifi:config NVS flash: enabled[0m
[0;32mI (605) wifi:config nano formatting: disabled[0m
[0;32mI (605) wifi:Init data frame dynamic rx buffer num: 32[0m
[0;32mI (615) wifi:Init static rx mgmt buffer num: 5[0m
[0;32mI (615) wifi:Init management short buffer num: 32[0m
[0;32mI (615) wifi:Init dynamic tx buffer num: 32[0m
[0;32mI (625) wifi:Init static rx buffer size: 1600[0m
[0;32mI (625) wifi:Init static rx buffer num: 10[0m
[0;32mI (635) wifi:Init dynamic rx buffer num: 32[0m
[0;32mI (635) wifi_init: rx ba win: 6[0m
[0;32mI (635) wifi_init: accept mbox: 6[0m
[0;32mI (645) wifi_init: tcpip mbox: 32[0m
[0;32mI (645) wifi_init: udp mbox: 6[0m
[0;32mI (645) wifi_init: tcp mbox: 6[0m
[0;32mI (655) wifi_init: tcp tx win: 5760[0m
[0;32mI (655) wifi_init: tcp rx win: 5760[0m
[0;32mI (655) wifi_init: tcp mss: 1440[0m
[0;32mI (655) wifi_init: WiFi IRAM OP enabled[0m
[0;32mI (665) wifi_init: WiFi RX IRAM OP enabled[0m
[0;32mI (745) phy_init: phy_version 4860,6b7a6e5,Feb  6 2025,14:47:07[0m
[0;32mI (825) wifi:mode : sta (a8:42:e3:4c:7c:bc)[0m
[0;32mI (825) wifi:enable tsf[0m
[0;32mI (825) KEYPAD: WiFi initialized[0m
[0;32mI (1825) main_task: Returned from app_main()[0m
