Command: D:\ESP32_IDF\Espressif\python_env\idf5.5_py3.11_env\Scripts\python.exe D:\ESP32_IDF\Espressif\frameworks\esp-idf-v5.5\tools/idf_monitor.py -p COM3 -b 115200 --toolchain-prefix xtensa-esp32-elf- --target esp32 --revision 0 D:\ESP32_IDF\Espressif\frameworks\esp-idf-v5.5\examples\get-started\agribank demo\build\hello_world.elf D:\ESP32_IDF\Espressif\frameworks\esp-idf-v5.5\examples\get-started\agribank demo\build\bootloader\bootloader.elf --force-color -m 'D:\ESP32_IDF\Espressif\python_env\idf5.5_py3.11_env\Scripts\python.exe' 'D:\ESP32_IDF\Espressif\frameworks\esp-idf-v5.5\tools\idf.py' '-p' 'COM3'
4) boot.esp32:ï¿½ets Jul 29 2019 12:21:46

rst:0x1 (POWERON_RESET),boot:0x13 (SPI_FAST_FLASH_BOOT)
configsip: 0, SPIWP:0xee
clk_drv:0x00,q_drv:0x00,d_drv:0x00,cs0_drv:0x00,hd_drv:0x00,wp_drv:0x00
mode:DIO, clock div:2
load:0x3fff0030,len:6380
ho 0 tail 12 room 4
load:0x40078000,len:15916
load:0x40080400,len:3860
entry 0x40080638
[0;32mI (29) boot: ESP-IDF v5.5-dirty 2nd stage bootloader[0m
[0;32mI (29) boot: compile time Oct 19 2025 19:26:38[0m
[0;32mI (29) boot: Multicore bootloader[0m
[0;32mI (31) boot: chip revision: v3.0[0m
[0;32mI (34) boot.esp32: SPI Speed      : 40MHz[0m
[0;32mI (37) boot.esp32: SPI Mode       : DIO[0m
[0;32mI (41) boot.esp32: SPI Flash Size : 2MB[0m
[0;32mI (45) boot: Enabling RNG early entropy source...[0m
[0;32mI (49) boot: Partition Table:[0m
[0;32mI (52) boot: ## Label            Usage          Type ST Offset   Length[0m
[0;32mI (58) boot:  0 nvs              WiFi data        01 02 00009000 00006000[0m
[0;32mI (65) boot:  1 phy_init         RF data          01 01 0000f000 00001000[0m
[0;32mI (71) boot:  2 factory          factory app      00 00 00010000 00100000[0m
[0;32mI (78) boot: End of partition table[0m
[0;32mI (81) esp_image: segment 0: paddr=00010020 vaddr=3f400020 size=1f4ech (128236) map[0m
[0;32mI (132) esp_image: segment 1: paddr=0002f514 vaddr=3ff80000 size=00020h (    32) load[0m
[0;32mI (132) esp_image: segment 2: paddr=0002f53c vaddr=3ffb0000 size=00adch (  2780) load[0m
[0;32mI (137) esp_image: segment 3: paddr=00030020 vaddr=400d0020 size=a1ad0h (662224) map[0m
[0;32mI (370) esp_image: segment 4: paddr=000d1af8 vaddr=3ffb0adc size=034cch ( 13516) load[0m
[0;32mI (375) esp_image: segment 5: paddr=000d4fcc vaddr=40080000 size=192e4h (103140) load[0m
[0;32mI (428) boot: Loaded app from partition at offset 0x10000[0m
[0;32mI (428) boot: Disabling RNG early entropy source...[0m
[0;32mI (438) cpu_start: Multicore app[0m
[0;32mI (446) cpu_start: Pro cpu start user code[0m
[0;32mI (447) cpu_start: cpu freq: 160000000 Hz[0m
[0;32mI (447) app_init: Application information:[0m
[0;32mI (447) app_init: Project name:     hello_world[0m
[0;32mI (451) app_init: App version:      v5.5-dirty[0m
[0;32mI (455) app_init: Compile time:     Oct 20 2025 20:55:32[0m
[0;32mI (460) app_init: ELF file SHA256:  5e8bab76c...[0m
[0;32mI (464) app_init: ESP-IDF:          v5.5-dirty[0m
[0;32mI (469) efuse_init: Min chip rev:     v0.0[0m
[0;32mI (472) efuse_init: Max chip rev:     v3.99 [0m
[0;32mI (476) efuse_init: Chip rev:         v3.0[0m
[0;32mI (481) heap_init: Initializing. RAM available for dynamic allocation:[0m
[0;32mI (487) heap_init: At 3FFAE6E0 len 00001920 (6 KiB): DRAM[0m
[0;32mI (492) heap_init: At 3FFB8750 len 000278B0 (158 KiB): DRAM[0m
[0;32mI (497) heap_init: At 3FFE0440 len 00003AE0 (14 KiB): D/IRAM[0m
[0;32mI (502) heap_init: At 3FFE4350 len 0001BCB0 (111 KiB): D/IRAM[0m
[0;32mI (508) heap_init: At 400992E4 len 00006D1C (27 KiB): IRAM[0m
[0;32mI (515) spi_flash: detected chip: generic[0m
[0;32mI (517) spi_flash: flash io: dio[0m
[0;33mW (520) spi_flash: Detected size(4096k) larger than the size in the binary image header(2048k). Using the size in the binary image header.[0m
[0;33mW (532) i2c: This driver is an old driver, please migrate your application code to adapt `driver/i2c_master.h`[0m
[0;32mI (542) main_task: Started on CPU0[0m
[0;32mI (552) main_task: Calling app_main()[0m
[0;32mI (552) KEYPAD: I2C initialized successfully[0m
[0;32mI (2652) KEYPAD: Starting keypad MQTT application[0m
[0;32mI (2702) wifi:wifi driver task: 3ffc0948, prio:23, stack:6656, core=0[0m
[0;32mI (2722) wifi:wifi firmware version: f3dbad7[0m
[0;32mI (2722) wifi:wifi certification version: v7.0[0m
[0;32mI (2722) wifi:config NVS flash: enabled[0m
[0;32mI (2722) wifi:config nano formatting: disabled[0m
[0;32mI (2722) wifi:Init data frame dynamic rx buffer num: 32[0m
[0;32mI (2732) wifi:Init static rx mgmt buffer num: 5[0m
[0;32mI (2732) wifi:Init management short buffer num: 32[0m
[0;32mI (2742) wifi:Init dynamic tx buffer num: 32[0m
[0;32mI (2742) wifi:Init static rx buffer size: 1600[0m
[0;32mI (2742) wifi:Init static rx buffer num: 10[0m
[0;32mI (2752) wifi:Init dynamic rx buffer num: 32[0m
[0;32mI (2752) wifi_init: rx ba win: 6[0m
[0;32mI (2752) wifi_init: accept mbox: 6[0m
[0;32mI (2762) wifi_init: tcpip mbox: 32[0m
[0;32mI (2762) wifi_init: udp mbox: 6[0m
[0;32mI (2762) wifi_init: tcp mbox: 6[0m
[0;32mI (2772) wifi_init: tcp tx win: 5760[0m
[0;32mI (2772) wifi_init: tcp rx win: 5760[0m
[0;32mI (2772) wifi_init: tcp mss: 1440[0m
[0;32mI (2782) wifi_init: WiFi IRAM OP enabled[0m
[0;32mI (2782) wifi_init: WiFi RX IRAM OP enabled[0m
[0;32mI (2842) phy_init: phy_version 4860,6b7a6e5,Feb  6 2025,14:47:07[0m
[0;32mI (2922) wifi:mode : sta (a8:42:e3:4c:7c:bc)[0m
[0;32mI (2922) wifi:enable tsf[0m
[0;32mI (2932) KEYPAD: WiFi initialized[0m
[0;32mI (2932) KEYPAD: WiFi STA started[0m
[0;32mI (2942) NVS: Have a saved wifi network in NVS[0m
[0;33mW (4472) wifi:Password length matches WPA2 standards, authmode threshold changes from OPEN to WPA2[0m
[0;32mI (4812) wifi:new:<11,0>, old:<1,0>, ap:<255,255>, sta:<11,0>, prof:9, snd_ch_cfg:0x0[0m
[0;32mI (4812) wifi:state: init -> auth (0xb0)[0m
[0;32mI (4822) wifi:state: auth -> assoc (0x0)[0m
[0;32mI (4832) wifi:state: assoc -> run (0x10)[0m
[0;32mI (4862) wifi:connected with NamTrung, aid = 16, channel 11, BW20, bssid = 10:5f:02:75:27:1e[0m
[0;32mI (4862) wifi:security: WPA2-PSK, phy: bgn, rssi: -56[0m
[0;32mI (4872) wifi:pm start, type: 1[0m

[0;32mI (4872) wifi:dp: 1, bi: 102400, li: 3, scale listen interval from 307200 us to 307200 us[0m
[0;32mI (4872) KEYPAD: Connected to SSID:NamTrung, channel:11[0m
[0;32mI (4882) KEYPAD: SAVED WIFI CREDENTIALS SUCCESSFULLY[0m
[0;32mI (4912) wifi:AP's beacon interval = 102400 us, DTIM period = 1[0m
[0;32mI (5532) main_task: Returned from app_main()[0m
[0;32mI (5892) esp_netif_handlers: sta ip: 10.10.1.77, mask: 255.255.252.0, gw: 10.10.1.1[0m
[0;32mI (5892) KEYPAD: WiFi connected, got IP[0m
[0;32mI (5902) KEYPAD: MQTT initialized[0m
[0;32mI (5922) wifi:<ba-add>idx:0 (ifx:0, 10:5f:02:75:27:1e), tid:0, ssn:1, winSize:64[0m
[0;32mI (5922) wifi:<ba-add>idx:1 (ifx:0, 10:5f:02:75:27:1e), tid:7, ssn:11, winSize:64[0m
[0;32mI (5952) KEYPAD: MQTT connected[0m
[0;32mI (5972) KEYPAD: MQTT published, msg_id=35550[0m
34) boot.esp32: SPI Speed      : 40MHz
[0;32mI (37) boot.esp32: SPI Mode       : DIO[0m
[0;32mI (41) boot.esp32: SPI Flash Size : 2MB[0m
[0;32mI (45) boot: Enabling RNG early entropy source...[0m
[0;32mI (49) boot: Partition Table:[0m
[0;32mI (52) boot: ## Label            Usage          Type ST Offset   Length[0m
[0;32mI (58) boot:  0 nvs              WiFi data        01 02 00009000 00006000[0m
[0;32mI (65) boot:  1 phy_init         RF data          01 01 0000f000 00001000[0m
[0;32mI (71) boot:  2 factory          factory app      00 00 00010000 00100000[0m
[0;32mI (78) boot: End of partition table[0m
[0;32mI (81) esp_image: segment 0: paddr=00010020 vaddr=3f400020 size=1f4ech (128236) map[0m
[0;32mI (132) esp_image: segment 1: paddr=0002f514 vaddr=3ff80000 size=00020h (    32) load[0m
[0;32mI (132) esp_image: segment 2: paddr=0002f53c vaddr=3ffb0000 size=00adch (  2780) load[0m
[0;32mI (137) esp_image: segment 3: paddr=00030020 vaddr=400d0020 size=a1ad0h (662224) map[0m
[0;32mI (370) esp_image: segment 4: paddr=000d1af8 vaddr=3ffb0adc size=034cch ( 13516) load[0m
[0;32mI (375) esp_image: segment 5: paddr=000d4fcc vaddr=40080000 size=192e4h (103140) load[0m
[0;32mI (428) boot: Loaded app from partition at offset 0x10000[0m
[0;32mI (428) boot: Disabling RNG early entropy source...[0m
[0;32mI (438) cpu_start: Multicore app[0m
[0;32mI (446) cpu_start: Pro cpu start user code[0m
[0;32mI (447) cpu_start: cpu freq: 160000000 Hz[0m
[0;32mI (447) app_init: Application information:[0m
[0;32mI (447) app_init: Project name:     hello_world[0m
[0;32mI (451) app_init: App version:      v5.5-dirty[0m
[0;32mI (455) app_init: Compile time:     Oct 20 2025 20:55:32[0m
[0;32mI (460) app_init: ELF file SHA256:  5e8bab76c...[0m
[0;32mI (464) app_init: ESP-IDF:          v5.5-dirty[0m
[0;32mI (469) efuse_init: Min chip rev:     v0.0[0m
[0;32mI (472) efuse_init: Max chip rev:     v3.99 [0m
[0;32mI (476) efuse_init: Chip rev:         v3.0[0m
[0;32mI (481) heap_init: Initializing. RAM available for dynamic allocation:[0m
[0;32mI (487) heap_init: At 3FFAE6E0 len 00001920 (6 KiB): DRAM[0m
[0;32mI (492) heap_init: At 3FFB8750 len 000278B0 (158 KiB): DRAM[0m
[0;32mI (497) heap_init: At 3FFE0440 len 00003AE0 (14 KiB): D/IRAM[0m
[0;32mI (502) heap_init: At 3FFE4350 len 0001BCB0 (111 KiB): D/IRAM[0m
[0;32mI (508) heap_init: At 400992E4 len 00006D1C (27 KiB): IRAM[0m
[0;32mI (515) spi_flash: detected chip: generic[0m
[0;32mI (517) spi_flash: flash io: dio[0m
[0;33mW (520) spi_flash: Detected size(4096k) larger than the size in the binary image header(2048k). Using the size in the binary image header.[0m
[0;33mW (532) i2c: This driver is an old driver, please migrate your application code to adapt `driver/i2c_master.h`[0m
[0;32mI (542) main_task: Started on CPU0[0m
[0;32mI (552) main_task: Calling app_main()[0m
[0;32mI (552) KEYPAD: I2C initialized successfully[0m
[0;32mI (2652) KEYPAD: Starting keypad MQTT application[0m
[0;32mI (2702) wifi:wifi driver task: 3ffc0948, prio:23, stack:6656, core=0[0m
[0;32mI (2722) wifi:wifi firmware version: f3dbad7[0m
[0;32mI (2722) wifi:wifi certification version: v7.0[0m
[0;32mI (2722) wifi:config NVS flash: enabled[0m
[0;32mI (2722) wifi:config nano formatting: disabled[0m
[0;32mI (2722) wifi:Init data frame dynamic rx buffer num: 32[0m
[0;32mI (2732) wifi:Init static rx mgmt buffer num: 5[0m
[0;32mI (2732) wifi:Init management short buffer num: 32[0m
[0;32mI (2742) wifi:Init dynamic tx buffer num: 32[0m
[0;32mI (2742) wifi:Init static rx buffer size: 1600[0m
[0;32mI (2742) wifi:Init static rx buffer num: 10[0m
[0;32mI (2752) wifi:Init dynamic rx buffer num: 32[0m
[0;32mI (2752) wifi_init: rx ba win: 6[0m
[0;32mI (2752) wifi_init: accept mbox: 6[0m
[0;32mI (2762) wifi_init: tcpip mbox: 32[0m
[0;32mI (2762) wifi_init: udp mbox: 6[0m
[0;32mI (2762) wifi_init: tcp mbox: 6[0m
[0;32mI (2772) wifi_init: tcp tx win: 5760[0m
[0;32mI (2772) wifi_init: tcp rx win: 5760[0m
[0;32mI (2772) wifi_init: tcp mss: 1440[0m
[0;32mI (2782) wifi_init: WiFi IRAM OP enabled[0m
[0;32mI (2782) wifi_init: WiFi RX IRAM OP enabled[0m
[0;32mI (2872) phy_init: phy_version 4860,6b7a6e5,Feb  6 2025,14:47:07[0m
[0;32mI (2952) wifi:mode : sta (a8:42:e3:4c:7c:bc)[0m
[0;32mI (2952) wifi:enable tsf[0m
[0;32mI (2952) KEYPAD: WiFi initialized[0m
[0;32mI (2952) KEYPAD: WiFi STA started[0m
[0;32mI (2962) NVS: Have a saved wifi network in NVS[0m
[0;33mW (4492) wifi:Password length matches WPA2 standards, authmode threshold changes from OPEN to WPA2[0m
[0;32mI (4822) wifi:new:<11,0>, old:<1,0>, ap:<255,255>, sta:<11,0>, prof:9, snd_ch_cfg:0x0[0m
[0;32mI (4822) wifi:state: init -> auth (0xb0)[0m
[0;32mI (4842) wifi:state: auth -> assoc (0x0)[0m
[0;32mI (4852) wifi:state: assoc -> run (0x10)[0m
[0;32mI (4872) wifi:connected with NamTrung, aid = 16, channel 11, BW20, bssid = 10:5f:02:75:27:1e[0m
[0;32mI (4882) wifi:security: WPA2-PSK, phy: bgn, rssi: -55[0m
[0;32mI (4892) wifi:pm start, type: 1[0m

[0;32mI (4892) wifi:dp: 1, bi: 102400, li: 3, scale listen interval from 307200 us to 307200 us[0m
[0;32mI (4892) KEYPAD: Connected to SSID:NamTrung, channel:11[0m
[0;32mI (4892) KEYPAD: SAVED WIFI CREDENTIALS SUCCESSFULLY[0m
[0;32mI (4912) wifi:AP's beacon interval = 102400 us, DTIM period = 1[0m
[0;32mI (5552) main_task: Returned from app_main()[0m
[0;32mI (5932) esp_netif_handlers: sta ip: 10.10.1.77, mask: 255.255.252.0, gw: 10.10.1.1[0m
[0;32mI (5932) KEYPAD: WiFi connected, got IP[0m
[0;32mI (5942) KEYPAD: MQTT initialized[0m
[0;32mI (5962) wifi:<ba-add>idx:0 (ifx:0, 10:5f:02:75:27:1e), tid:7, ssn:10, winSize:64[0m
[0;32mI (5972) wifi:<ba-add>idx:1 (ifx:0, 10:5f:02:75:27:1e), tid:0, ssn:1, winSize:64[0m
[0;32mI (5982) KEYPAD: MQTT connected[0m
[0;32mI (6002) KEYPAD: MQTT published, msg_id=9490[0m
Key pressed: A
WiFi Configuration Mode
Key pressed: A
WiFi mode cancelled
Key pressed: 3
Input: 3
Key pressed: 3
Input: 33
Key pressed: 3
Input: 333
Key pressed: D
Sending number: 333
[0;32mI (17442) KEYPAD: Published number 333, msg_id=0[0m
Gá»ŒI Æ¯U TIÃŠN
Key pressed: A
WiFi Configuration Mode
Key pressed: 3
SSID: d
Key pressed: 3
SSID: e
Key pressed: D
SSID selected: e
Key pressed: 3
PASSWORD: d
Key pressed: 3
PASSWORD: e
Key pressed: D
Password saved: e
[0;32mI (25132) wifi:state: run -> init (0x0)[0m
[0;32mI (25142) wifi:pm stop, total sleep time: 12378180 us / 20248055 us[0m

[0;32mI (25142) wifi:<ba-del>idx:1, tid:0[0m
[0;32mI (25142) wifi:<ba-del>idx:0, tid:7[0m
[0;32mI (25142) wifi:new:<11,0>, old:<11,0>, ap:<255,255>, sta:<11,0>, prof:9, snd_ch_cfg:0x0[0m
[0;32mI (25162) KEYPAD: STA disconnected, reason=8[0m
[1;31mE (25162) transport_base: tcp_read error, errno=Software caused connection abort[0m
[1;31mE (25162) mqtt_client: esp_mqtt_handle_transport_read_error: transport_read() error: errno=113[0m
[1;31mE (25172) mqtt_client: mqtt_process_receive: mqtt_message_receive() returned -2[0m
[0;32mI (25182) KEYPAD: MQTT disconnected[0m
WiFi connecting with SSID: e
[0;32mI (26222) mqtt_client: Client asked to disconnect[0m
[0;32mI (30192) KEYPAD: STA disconnected, reason=201[0m
[0;32mI (31192) mqtt_client: Client asked to disconnect[0m
[0;33mW (31192) mqtt_client: Client asked to stop, but was not started[0m
ets Jul 29 2019 12:21:46

rst:0x1 (POWERON_RESET),boot:0x13 (SPI_FAST_FLASH_BOOT)
configsip: 0, SPIWP:0xee
clk_drv:0x00,q_drv:0x00,d_drv:0x00,cs0_drv:0x00,hd_drv:0x00,wp_drv:0x00
mode:DIO, clock div:2
load:0x3fff0030,len:6380
ho 0 tail 12 room 4
load:0x40078000,len:15916
load:0x40080400,len:3860
entry 0x40080638
[0;32mI (29) boot: ESP-IDF v5.5-dirty 2nd stage bootloader[0m
[0;32mI (29) boot: compile time Oct 19 2025 19:26:38[0m
[0;32mI (29) boot: Multicore bootloader[0m
[0;32mI (31) boot: chip revision: v3.0[0m
[0;32mI (34) boot.esp32: SPI Speed      : 40MHz[0m
[0;32mI (37) boot.esp32: SPI Mode       : DIO[0m
[0;32mI (41) boot.esp32: SPI Flash Size : 2MB[0m
[0;32mI (45) boot: Enabling RNG early entropy source...[0m
[0;32mI (49) boot: Partition Table:[0m
[0;32mI (52) boot: ## Label            Usage          Type ST Offset   Length[0m
[0;32mI (58) boot:  0 nvs              WiFi data        01 02 00009000 00006000[0m
[0;32mI (65) boot:  1 phy_init         RF data          01 01 0000f000 00001000[0m
[0;32mI (71) boot:  2 factory          factory app      00 00 00010000 00100000[0m
[0;32mI (78) boot: End of partition table[0m
[0;32mI (81) esp_image: segment 0: paddr=00010020 vaddr=3f400020 size=1f4ech (128236) map[0m
[0;32mI (132) esp_image: segment 1: paddr=0002f514 vaddr=3ff80000 size=00020h (    32) load[0m
[0;32mI (132) esp_image: segment 2: paddr=0002f53c vaddr=3ffb0000 size=00adch (  2780) load[0m
[0;32mI (137) esp_image: segment 3: paddr=00030020 vaddr=400d0020 size=a1ad0h (662224) map[0m
[0;32mI (370) esp_image: segment 4: paddr=000d1af8 vaddr=3ffb0adc size=034cch ( 13516) load[0m
[0;32mI (375) esp_image: segment 5: paddr=000d4fcc vaddr=40080000 size=192e4h (103140) load[0m
[0;32mI (428) boot: Loaded app from partition at offset 0x10000[0m
[0;32mI (428) boot: Disabling RNG early entropy source...[0m
[0;32mI (438) cpu_start: Multicore app[0m
[0;32mI (446) cpu_start: Pro cpu start user code[0m
[0;32mI (447) cpu_start: cpu freq: 160000000 Hz[0m
[0;32mI (447) app_init: Application information:[0m
[0;32mI (447) app_init: Project name:     hello_world[0m
[0;32mI (451) app_init: App version:      v5.5-dirty[0m
[0;32mI (455) app_init: Compile time:     Oct 20 2025 20:55:32[0m
[0;32mI (460) app_init: ELF file SHA256:  5e8bab76c...[0m
[0;32mI (464) app_init: ESP-IDF:          v5.5-dirty[0m
[0;32mI (469) efuse_init: Min chip rev:     v0.0[0m
[0;32mI (472) efuse_init: Max chip rev:     v3.99 [0m
[0;32mI (476) efuse_init: Chip rev:         v3.0[0m
[0;32mI (481) heap_init: Initializing. RAM available for dynamic allocation:[0m
[0;32mI (487) heap_init: At 3FFAE6E0 len 00001920 (6 KiB): DRAM[0m
[0;32mI (492) heap_init: At 3FFB8750 len 000278B0 (158 KiB): DRAM[0m
[0;32mI (497) heap_init: At 3FFE0440 len 00003AE0 (14 KiB): D/IRAM[0m
[0;32mI (502) heap_init: At 3FFE4350 len 0001BCB0 (111 KiB): D/IRAM[0m
[0;32mI (508) heap_init: At 400992E4 len 00006D1C (27 KiB): IRAM[0m
[0;32mI (515) spi_flash: detected chip: generic[0m
[0;32mI (517) spi_flash: flash io: dio[0m
[0;33mW (520) spi_flash: Detected size(4096k) larger than the size in the binary image header(2048k). Using the size in the binary image header.[0m
[0;33mW (532) i2c: This driver is an old driver, please migrate your application code to adapt `driver/i2c_master.h`[0m
[0;32mI (542) main_task: Started on CPU0[0m
[0;32mI (552) main_task: Calling app_main()[0m
[0;32mI (552) KEYPAD: I2C initialized successfully[0m
[0;32mI (2652) KEYPAD: Starting keypad MQTT application[0m
[0;32mI (2702) wifi:wifi driver task: 3ffc0948, prio:23, stack:6656, core=0[0m
[0;32mI (2722) wifi:wifi firmware version: f3dbad7[0m
[0;32mI (2722) wifi:wifi certification version: v7.0[0m
[0;32mI (2722) wifi:config NVS flash: enabled[0m
[0;32mI (2722) wifi:config nano formatting: disabled[0m
[0;32mI (2722) wifi:Init data frame dynamic rx buffer num: 32[0m
[0;32mI (2732) wifi:Init static rx mgmt buffer num: 5[0m
[0;32mI (2732) wifi:Init management short buffer num: 32[0m
[0;32mI (2742) wifi:Init dynamic tx buffer num: 32[0m
[0;32mI (2742) wifi:Init static rx buffer size: 1600[0m
[0;32mI (2742) wifi:Init static rx buffer num: 10[0m
[0;32mI (2752) wifi:Init dynamic rx buffer num: 32[0m
[0;32mI (2752) wifi_init: rx ba win: 6[0m
[0;32mI (2752) wifi_init: accept mbox: 6[0m
[0;32mI (2762) wifi_init: tcpip mbox: 32[0m
[0;32mI (2762) wifi_init: udp mbox: 6[0m
[0;32mI (2762) wifi_init: tcp mbox: 6[0m
[0;32mI (2772) wifi_init: tcp tx win: 5760[0m
[0;32mI (2772) wifi_init: tcp rx win: 5760[0m
[0;32mI (2772) wifi_init: tcp mss: 1440[0m
[0;32mI (2782) wifi_init: WiFi IRAM OP enabled[0m
[0;32mI (2782) wifi_init: WiFi RX IRAM OP enabled[0m
[0;32mI (2862) phy_init: phy_version 4860,6b7a6e5,Feb  6 2025,14:47:07[0m
[0;32mI (2942) wifi:mode : sta (a8:42:e3:4c:7c:bc)[0m
[0;32mI (2942) wifi:enable tsf[0m
[0;32mI (2942) KEYPAD: WiFi initialized[0m
[0;32mI (2942) KEYPAD: WiFi STA started[0m
[0;32mI (2952) NVS: Have a saved wifi network in NVS[0m
[0;33mW (4482) wifi:Password length matches WPA2 standards, authmode threshold changes from OPEN to WPA2[0m
[0;32mI (4912) wifi:new:<11,0>, old:<1,0>, ap:<255,255>, sta:<11,0>, prof:9, snd_ch_cfg:0x0[0m
[0;32mI (4912) wifi:state: init -> auth (0xb0)[0m
[0;32mI (4922) wifi:state: auth -> assoc (0x0)[0m
[0;32mI (4932) wifi:state: assoc -> run (0x10)[0m
[0;32mI (4972) wifi:connected with NamTrung, aid = 16, channel 11, BW20, bssid = 10:5f:02:75:27:1e[0m
[0;32mI (4972) wifi:security: WPA2-PSK, phy: bgn, rssi: -73[0m
[0;32mI (4992) wifi:pm start, type: 1[0m

[0;32mI (4992) wifi:dp: 1, bi: 102400, li: 3, scale listen interval from 307200 us to 307200 us[0m
[0;32mI (4992) KEYPAD: Connected to SSID:NamTrung, channel:11[0m
[0;32mI (4992) KEYPAD: SAVED WIFI CREDENTIALS SUCCESSFULLY[0m
[0;32mI (5052) wifi:AP's beacon interval = 102400 us, DTIM period = 1[0m
[0;32mI (5542) main_task: Returned from app_main()[0m
[0;32mI (6032) esp_netif_handlers: sta ip: 10.10.1.77, mask: 255.255.252.0, gw: 10.10.1.1[0m
[0;32mI (6032) KEYPAD: WiFi connected, got IP[0m
[0;32mI (6042) KEYPAD: MQTT initialized[0m
[0;32mI (6062) wifi:<ba-add>idx:0 (ifx:0, 10:5f:02:75:27:1e), tid:0, ssn:1, winSize:64[0m
[0;32mI (6062) wifi:<ba-add>idx:1 (ifx:0, 10:5f:02:75:27:1e), tid:7, ssn:11, winSize:64[0m
[0;32mI (6092) KEYPAD: MQTT connected[0m
[0;32mI (6112) KEYPAD: MQTT published, msg_id=60005[0m
