Command: D:\ESP32_IDF\Espressif\python_env\idf5.5_py3.11_env\Scripts\python.exe D:\ESP32_IDF\Espressif\frameworks\esp-idf-v5.5\tools/idf_monitor.py -p COM3 -b 115200 --toolchain-prefix xtensa-esp32-elf- --target esp32 --revision 0 D:\ESP32_IDF\Espressif\frameworks\esp-idf-v5.5\examples\get-started\agribank demo\build\hello_world.elf D:\ESP32_IDF\Espressif\frameworks\esp-idf-v5.5\examples\get-started\agribank demo\build\bootloader\bootloader.elf --force-color -m 'D:\ESP32_IDF\Espressif\python_env\idf5.5_py3.11_env\Scripts\python.exe' 'D:\ESP32_IDF\Espressif\frameworks\esp-idf-v5.5\tools\idf.py' '-p' 'COM3'
ï¿½
Bï¿½ï¿½Jï¿½ï¿½Ñ¹esp32: SPI Sï¿½ets Jul 29 2019 12:21:46

rst:0x1 (POWERON_RESET),boot:0x13 (SPI_FAST_FLASH_BOOT)
configsip: 0, SPIWP:0xee
clk_drv:0x00,q_drv:0x00,d_drv:0x00,cs0_drv:0x00,hd_drv:0x00,wp_drv:0x00
mode:DIO, clock div:2
load:0x3fff0030,len:6380
ho 0 tail 12 room 4
load:0x40078000,len:15916
load:0x40080400,len:3860
entry 0x40080638
[0;32mI (29) boot: ESP-IDF v5.5-dirty 2nd stage bootloader[0m
[0;32mI (29) boot: compile time Oct 19 2025 19:26:38[0m
[0;32mI (29) boot: Multicore bootloader[0m
[0;32mI (31) boot: chip revision: v3.0[0m
[0;32mI (34) boot.esp32: SPI Speed      : 40MHz[0m
[0;32mI (37) boot.esp32: SPI Mode       : DIO[0m
[0;32mI (41) boot.esp32: SPI Flash Size : 2MB[0m
[0;32mI (45) boot: Enabling RNG early entropy source...[0m
[0;32mI (49) boot: Partition Table:[0m
[0;32mI (52) boot: ## Label            Usage          Type ST Offset   Length[0m
[0;32mI (58) boot:  0 nvs              WiFi data        01 02 00009000 00006000[0m
[0;32mI (65) boot:  1 phy_init         RF data          01 01 0000f000 00001000[0m
[0;32mI (71) boot:  2 factory          factory app      00 00 00010000 00100000[0m
[0;32mI (78) boot: End of partition table[0m
[0;32mI (81) esp_image: segment 0: paddr=00010020 vaddr=3f400020 size=1f9f0h (129520) map[0m
[0;32mI (133) esp_image: segment 1: paddr=0002fa18 vaddr=3ff80000 size=00020h (    32) load[0m
[0;32mI (133) esp_image: segment 2: paddr=0002fa40 vaddr=3ffb0000 size=005d8h (  1496) load[0m
[0;32mI (137) esp_image: segment 3: paddr=00030020 vaddr=400d0020 size=a43a4h (672676) map[0m
[0;32mI (374) esp_image: segment 4: paddr=000d43cc vaddr=3ffb05d8 size=039e0h ( 14816) load[0m
[0;32mI (380) esp_image: segment 5: paddr=000d7db4 vaddr=40080000 size=192e4h (103140) load[0m
[0;32mI (432) boot: Loaded app from partition at offset 0x10000[0m
[0;32mI (432) boot: Disabling RNG early entropy source...[0m
[0;32mI (443) cpu_start: Multicore app[0m
[0;32mI (451) cpu_start: Pro cpu start user code[0m
[0;32mI (451) cpu_start: cpu freq: 160000000 Hz[0m
[0;32mI (451) app_init: Application information:[0m
[0;32mI (451) app_init: Project name:     hello_world[0m
[0;32mI (455) app_init: App version:      v5.5-dirty[0m
[0;32mI (460) app_init: Compile time:     Oct 20 2025 20:55:32[0m
[0;32mI (465) app_init: ELF file SHA256:  be3bb23e4...[0m
[0;32mI (469) app_init: ESP-IDF:          v5.5-dirty[0m
[0;32mI (473) efuse_init: Min chip rev:     v0.0[0m
[0;32mI (477) efuse_init: Max chip rev:     v3.99 [0m
[0;32mI (481) efuse_init: Chip rev:         v3.0[0m
[0;32mI (485) heap_init: Initializing. RAM available for dynamic allocation:[0m
[0;32mI (491) heap_init: At 3FFAE6E0 len 00001920 (6 KiB): DRAM[0m
[0;32mI (496) heap_init: At 3FFB87F0 len 00027810 (158 KiB): DRAM[0m
[0;32mI (501) heap_init: At 3FFE0440 len 00003AE0 (14 KiB): D/IRAM[0m
[0;32mI (507) heap_init: At 3FFE4350 len 0001BCB0 (111 KiB): D/IRAM[0m
[0;32mI (512) heap_init: At 400992E4 len 00006D1C (27 KiB): IRAM[0m
[0;32mI (519) spi_flash: detected chip: generic[0m
[0;32mI (521) spi_flash: flash io: dio[0m
[0;33mW (524) spi_flash: Detected size(4096k) larger than the size in the binary image header(2048k). Using the size in the binary image header.[0m
[0;33mW (536) i2c: This driver is an old driver, please migrate your application code to adapt `driver/i2c_master.h`[0m
[0;32mI (547) main_task: Started on CPU0[0m
[0;32mI (557) main_task: Calling app_main()[0m
[0;32mI (557) KEYPAD: I2C initialized successfully[0m
[0;32mI (2147) KEYPAD: Starting keypad MQTT application[0m
[0;32mI (2197) wifi:wifi driver task: 3ffc09f4, prio:23, stack:6656, core=0[0m
[0;32mI (2217) wifi:wifi firmware version: f3dbad7[0m
[0;32mI (2217) wifi:wifi certification version: v7.0[0m
[0;32mI (2217) wifi:config NVS flash: enabled[0m
[0;32mI (2217) wifi:config nano formatting: disabled[0m
[0;32mI (2217) wifi:Init data frame dynamic rx buffer num: 32[0m
[0;32mI (2227) wifi:Init static rx mgmt buffer num: 5[0m
[0;32mI (2227) wifi:Init management short buffer num: 32[0m
[0;32mI (2237) wifi:Init dynamic tx buffer num: 32[0m
[0;32mI (2237) wifi:Init static rx buffer size: 1600[0m
[0;32mI (2237) wifi:Init static rx buffer num: 10[0m
[0;32mI (2247) wifi:Init dynamic rx buffer num: 32[0m
[0;32mI (2247) wifi_init: rx ba win: 6[0m
[0;32mI (2247) wifi_init: accept mbox: 6[0m
[0;32mI (2257) wifi_init: tcpip mbox: 32[0m
[0;32mI (2257) wifi_init: udp mbox: 6[0m
[0;32mI (2257) wifi_init: tcp mbox: 6[0m
[0;32mI (2267) wifi_init: tcp tx win: 5760[0m
[0;32mI (2267) wifi_init: tcp rx win: 5760[0m
[0;32mI (2267) wifi_init: tcp mss: 1440[0m
[0;32mI (2277) wifi_init: WiFi IRAM OP enabled[0m
[0;32mI (2277) wifi_init: WiFi RX IRAM OP enabled[0m
[0;32mI (2337) phy_init: phy_version 4860,6b7a6e5,Feb  6 2025,14:47:07[0m
[0;32mI (2417) phy_init: Saving new calibration data due to checksum failure or outdated calibration data, mode(0)[0m
[0;32mI (2437) wifi:mode : sta (a8:42:e3:4c:7c:bc)[0m
[0;32mI (2437) wifi:enable tsf[0m
[0;32mI (2447) KEYPAD: WiFi initialized[0m
[0;32mI (2447) KEYPAD: WiFi STA started[0m
[0;32mI (2467) KEYPAD: Have a saved wifi network in NVS[0m
[0;33mW (3277) wifi:Password length matches WPA2 standards, authmode threshold changes from OPEN to WPA2[0m
[0;32mI (5747) KEYPAD: STA disconnected, reason=201[0m
[0;32mI (10247) KEYPAD: STA disconnected, reason=201[0m
[0;32mI (14757) KEYPAD: STA disconnected, reason=201[0m
[0;32mI (19267) KEYPAD: STA disconnected, reason=201[0m
[0;32mI (23777) KEYPAD: STA disconnected, reason=201[0m
[0;32mI (28287) KEYPAD: STA disconnected, reason=201[0m
[0;32mI (32797) KEYPAD: STA disconnected, reason=201[0m
[0;32mI (37307) KEYPAD: STA disconnected, reason=201[0m
[0;32mI (41817) KEYPAD: STA disconnected, reason=201[0m
[0;32mI (46327) KEYPAD: STA disconnected, reason=201[0m
[0;32mI (50837) KEYPAD: STA disconnected, reason=201[0m
[0;32mI (55347) KEYPAD: STA disconnected, reason=201[0m
[0;32mI (59857) KEYPAD: STA disconnected, reason=201[0m
[0;32mI (64367) KEYPAD: STA disconnected, reason=201[0m
[0;32mI (68877) KEYPAD: STA disconnected, reason=201[0m
[0;32mI (73387) KEYPAD: STA disconnected, reason=201[0m
[0;32mI (77897) KEYPAD: STA disconnected, reason=201[0m
[0;32mI (82407) KEYPAD: STA disconnected, reason=201[0m
[0;32mI (86917) KEYPAD: STA disconnected, reason=201[0m
[0;32mI (91427) KEYPAD: STA disconnected, reason=201[0m
[0;32mI (95937) KEYPAD: STA disconnected, reason=201[0m
[0;32mI (100447) KEYPAD: STA disconnected, reason=201[0m
[0;32mI (104957) KEYPAD: STA disconnected, reason=201[0m
[0;32mI (109467) KEYPAD: STA disconnected, reason=201[0m
[0;32mI (113977) KEYPAD: STA disconnected, reason=201[0m
[0;32mI (118487) KEYPAD: STA disconnected, reason=201[0m
Key pressed: A
WiFi Configuration Mode
Key pressed: A
WiFi mode cancelled
[0;32mI (122997) KEYPAD: STA disconnected, reason=201[0m
Key pressed: 3
Input: 3
Key pressed: 3
Input: 33
Key pressed: 3
Input: 333
Key pressed: 3
Input: 3333
Key pressed: D
Sending number: 3333
[0;33mW (125307) KEYPAD: MQTT not connected[0m
GOI UU TIEN
[0;32mI (127507) KEYPAD: STA disconnected, reason=201[0m
Key pressed: A
WiFi Configuration Mode
[0;32mI (132017) KEYPAD: STA disconnected, reason=201[0m
Key pressed: A
WiFi mode cancelled
Key pressed: A
WiFi Configuration Mode
[0;32mI (136527) KEYPAD: STA disconnected, reason=201[0m
[0;32mI (141037) KEYPAD: STA disconnected, reason=201[0m
[0;32mI (145547) KEYPAD: STA disconnected, reason=201[0m
[0;32mI (150057) KEYPAD: STA disconnected, reason=201[0m
[0;32mI (154567) KEYPAD: STA disconnected, reason=201[0m
[0;32mI (159077) KEYPAD: STA disconnected, reason=201[0m
[0;32mI (163587) KEYPAD: STA disconnected, reason=201[0m
[0;32mI (168097) KEYPAD: STA disconnected, reason=201[0m
[0;32mI (172607) KEYPAD: STA disconnected, reason=201[0m
[0;32mI (177117) KEYPAD: STA disconnected, reason=201[0m
[0;32mI (181627) KEYPAD: STA disconnected, reason=201[0m
[0;32mI (186137) KEYPAD: STA disconnected, reason=201[0m
[0;32mI (190647) KEYPAD: STA disconnected, reason=201[0m
[0;32mI (195157) KEYPAD: STA disconnected, reason=201[0m
[0;32mI (199667) KEYPAD: STA disconnected, reason=201[0m
[0;32mI (204177) KEYPAD: STA disconnected, reason=201[0m
