Command: D:\ESP32_IDF\Espressif\python_env\idf5.5_py3.11_env\Scripts\python.exe D:\ESP32_IDF\Espressif\frameworks\esp-idf-v5.5\tools/idf_monitor.py -p COM3 -b 115200 --toolchain-prefix xtensa-esp32-elf- --target esp32 --revision 0 D:\ESP32_IDF\Espressif\frameworks\esp-idf-v5.5\examples\get-started\agribank demo\build\hello_world.elf D:\ESP32_IDF\Espressif\frameworks\esp-idf-v5.5\examples\get-started\agribank demo\build\bootloader\bootloader.elf --force-color -m 'D:\ESP32_IDF\Espressif\python_env\idf5.5_py3.11_env\Scripts\python.exe' 'D:\ESP32_IDF\Espressif\frameworks\esp-idf-v5.5\tools\idf.py' '-p' 'COM3'
&S	ÔøΩÔøΩ—πesp32: SPI Speed ÔøΩets Jul 29 2019 12:21:46

rst:0x1 (POWERON_RESET),boot:0x13 (SPI_FAST_FLASH_BOOT)
configsip: 0, SPIWP:0xee
clk_drv:0x00,q_drv:0x00,d_drv:0x00,cs0_drv:0x00,hd_drv:0x00,wp_drv:0x00
mode:DIO, clock div:2
load:0x3fff0030,len:6380
ho 0 tail 12 room 4
load:0x40078000,len:15916
load:0x40080400,len:3860
entry 0x40080638
[0;32mI (29) boot: ESP-IDF v5.5-dirty 2nd stage bootloader[0m
[0;32mI (29) boot: compile time Oct 19 2025 19:26:38[0m
[0;32mI (29) boot: Multicore bootloader[0m
[0;32mI (31) boot: chip revision: v3.0[0m
[0;32mI (34) boot.esp32: SPI Speed      : 40MHz[0m
[0;32mI (37) boot.esp32: SPI Mode       : DIO[0m
[0;32mI (41) boot.esp32: SPI Flash Size : 2MB[0m
[0;32mI (45) boot: Enabling RNG early entropy source...[0m
[0;32mI (49) boot: Partition Table:[0m
[0;32mI (52) boot: ## Label            Usage          Type ST Offset   Length[0m
[0;32mI (58) boot:  0 nvs              WiFi data        01 02 00009000 00006000[0m
[0;32mI (65) boot:  1 phy_init         RF data          01 01 0000f000 00001000[0m
[0;32mI (71) boot:  2 factory          factory app      00 00 00010000 00100000[0m
[0;32mI (78) boot: End of partition table[0m
[0;32mI (81) esp_image: segment 0: paddr=00010020 vaddr=3f400020 size=1e428h (123944) map[0m
[0;32mI (131) esp_image: segment 1: paddr=0002e450 vaddr=3ff80000 size=00020h (    32) load[0m
[0;32mI (131) esp_image: segment 2: paddr=0002e478 vaddr=3ffb0000 size=01ba0h (  7072) load[0m
[0;32mI (137) esp_image: segment 3: paddr=00030020 vaddr=400d0020 size=9fb98h (654232) map[0m
[0;32mI (366) esp_image: segment 4: paddr=000cfbc0 vaddr=3ffb1ba0 size=023c8h (  9160) load[0m
[0;32mI (369) esp_image: segment 5: paddr=000d1f90 vaddr=40080000 size=17fa4h ( 98212) load[0m
[0;32mI (419) boot: Loaded app from partition at offset 0x10000[0m
[0;32mI (419) boot: Disabling RNG early entropy source...[0m
[0;32mI (430) cpu_start: Multicore app[0m
[0;32mI (438) cpu_start: Pro cpu start user code[0m
[0;32mI (438) cpu_start: cpu freq: 160000000 Hz[0m
[0;32mI (438) app_init: Application information:[0m
[0;32mI (438) app_init: Project name:     hello_world[0m
[0;32mI (443) app_init: App version:      v5.5-dirty[0m
[0;32mI (447) app_init: Compile time:     Oct 19 2025 19:25:48[0m
[0;32mI (452) app_init: ELF file SHA256:  07623b189...[0m
[0;32mI (456) app_init: ESP-IDF:          v5.5-dirty[0m
[0;32mI (460) efuse_init: Min chip rev:     v0.0[0m
[0;32mI (464) efuse_init: Max chip rev:     v3.99 [0m
[0;32mI (468) efuse_init: Chip rev:         v3.0[0m
[0;32mI (472) heap_init: Initializing. RAM available for dynamic allocation:[0m
[0;32mI (478) heap_init: At 3FFAE6E0 len 00001920 (6 KiB): DRAM[0m
[0;32mI (483) heap_init: At 3FFB86C0 len 00027940 (158 KiB): DRAM[0m
[0;32mI (489) heap_init: At 3FFE0440 len 00003AE0 (14 KiB): D/IRAM[0m
[0;32mI (494) heap_init: At 3FFE4350 len 0001BCB0 (111 KiB): D/IRAM[0m
[0;32mI (500) heap_init: At 40097FA4 len 0000805C (32 KiB): IRAM[0m
[0;32mI (506) spi_flash: detected chip: generic[0m
[0;32mI (508) spi_flash: flash io: dio[0m
[0;33mW (511) spi_flash: Detected size(4096k) larger than the size in the binary image header(2048k). Using the size in the binary image header.[0m
[0;32mI (525) main_task: Started on CPU0[0m
[0;32mI (535) main_task: Calling app_main()[0m
[0;32mI (535) KEYPAD: Starting keypad MQTT application[0m
[0;32mI (585) wifi:wifi driver task: 3ffc0748, prio:23, stack:6656, core=0[0m
[0;32mI (605) wifi:wifi firmware version: f3dbad7[0m
[0;32mI (605) wifi:wifi certification version: v7.0[0m
[0;32mI (605) wifi:config NVS flash: enabled[0m
[0;32mI (605) wifi:config nano formatting: disabled[0m
[0;32mI (605) wifi:Init data frame dynamic rx buffer num: 32[0m
[0;32mI (615) wifi:Init static rx mgmt buffer num: 5[0m
[0;32mI (615) wifi:Init management short buffer num: 32[0m
[0;32mI (615) wifi:Init dynamic tx buffer num: 32[0m
[0;32mI (625) wifi:Init static rx buffer size: 1600[0m
[0;32mI (625) wifi:Init static rx buffer num: 10[0m
[0;32mI (635) wifi:Init dynamic rx buffer num: 32[0m
[0;32mI (635) wifi_init: rx ba win: 6[0m
[0;32mI (635) wifi_init: accept mbox: 6[0m
[0;32mI (645) wifi_init: tcpip mbox: 32[0m
[0;32mI (645) wifi_init: udp mbox: 6[0m
[0;32mI (645) wifi_init: tcp mbox: 6[0m
[0;32mI (655) wifi_init: tcp tx win: 5760[0m
[0;32mI (655) wifi_init: tcp rx win: 5760[0m
[0;32mI (655) wifi_init: tcp mss: 1440[0m
[0;32mI (655) wifi_init: WiFi IRAM OP enabled[0m
[0;32mI (665) wifi_init: WiFi RX IRAM OP enabled[0m
[0;33mW (665) wifi:Password length matches WPA2 standards, authmode threshold changes from OPEN to WPA2[0m
[0;32mI (675) phy_init: phy_version 4860,6b7a6e5,Feb  6 2025,14:47:07[0m
[0;32mI (765) wifi:mode : sta (a8:42:e3:4c:7c:bc)[0m
[0;32mI (765) wifi:enable tsf[0m
[0;32mI (765) KEYPAD: WiFi initialized[0m
[0;32mI (785) wifi:new:<2,0>, old:<1,0>, ap:<255,255>, sta:<2,0>, prof:9, snd_ch_cfg:0x0[0m
[0;32mI (785) wifi:state: init -> auth (0xb0)[0m
[0;32mI (805) wifi:state: auth -> assoc (0x0)[0m
[0;32mI (865) wifi:state: assoc -> run (0x10)[0m
[0;32mI (975) wifi:connected with Anh Kiet, aid = 4, channel 2, BW20, bssid = cc:71:90:19:d2:f8[0m
[0;32mI (975) wifi:security: WPA2-PSK, phy: bgn, rssi: -64[0m
[0;32mI (985) wifi:pm start, type: 1[0m

[0;32mI (985) wifi:dp: 1, bi: 102400, li: 3, scale listen interval from 307200 us to 307200 us[0m
[0;32mI (995) KEYPAD: Connected to SSID:Anh Kiet, channel:2[0m
[0;32mI (1065) wifi:AP's beacon interval = 102400 us, DTIM period = 1[0m
[0;32mI (2205) esp_netif_handlers: sta ip: 192.168.1.10, mask: 255.255.255.0, gw: 192.168.1.1[0m
[0;32mI (2205) KEYPAD: WiFi connected, got IP[0m
[0;32mI (3765) MQTT_MANAGER: No existing client, creating new one...[0m
[0;32mI (3765) KEYPAD: MQTT initialized[0m
[0;32mI (3765) main_task: Returned from app_main()[0m
[0;32mI (3775) wifi:<ba-add>idx:0 (ifx:0, cc:71:90:19:d2:f8), tid:0, ssn:5, winSize:64[0m
[0;32mI (3785) wifi:<ba-add>idx:1 (ifx:0, cc:71:90:19:d2:f8), tid:4, ssn:1, winSize:64[0m
[1;31mE (19895) mqtt_client: esp_mqtt_connect: mqtt_message_receive() returned 0[0m
[1;31mE (19895) mqtt_client: MQTT connect failed[0m
[0;32mI (19895) KEYPAD: MQTT disconnected[0m
[0;32mI (35485) KEYPAD: MQTT connected[0m
ot.esp32: SPI Speed      : 40MHz
[0;32mI (37) boot.esp32: SPI Mode       : DIO[0m
[0;32mI (41) boot.esp32: SPI Flash Size : 2MB[0m
[0;32mI (45) boot: Enabling RNG early entropy source...[0m
[0;32mI (49) boot: Partition Table:[0m
[0;32mI (52) boot: ## Label            Usage          Type ST Offset   Length[0m
[0;32mI (58) boot:  0 nvs              WiFi data        01 02 00009000 00006000[0m
[0;32mI (65) boot:  1 phy_init         RF data          01 01 0000f000 00001000[0m
[0;32mI (71) boot:  2 factory          factory app      00 00 00010000 00100000[0m
[0;32mI (78) boot: End of partition table[0m
[0;32mI (81) esp_image: segment 0: paddr=00010020 vaddr=3f400020 size=1e428h (123944) map[0m
[0;32mI (131) esp_image: segment 1: paddr=0002e450 vaddr=3ff80000 size=00020h (    32) load[0m
[0;32mI (131) esp_image: segment 2: paddr=0002e478 vaddr=3ffb0000 size=01ba0h (  7072) load[0m
[0;32mI (137) esp_image: segment 3: paddr=00030020 vaddr=400d0020 size=9fb98h (654232) map[0m
[0;32mI (366) esp_image: segment 4: paddr=000cfbc0 vaddr=3ffb1ba0 size=023c8h (  9160) load[0m
[0;32mI (369) esp_image: segment 5: paddr=000d1f90 vaddr=40080000 size=17fa4h ( 98212) load[0m
[0;32mI (419) boot: Loaded app from partition at offset 0x10000[0m
[0;32mI (419) boot: Disabling RNG early entropy source...[0m
[0;32mI (430) cpu_start: Multicore app[0m
[0;32mI (438) cpu_start: Pro cpu start user code[0m
[0;32mI (438) cpu_start: cpu freq: 160000000 Hz[0m
[0;32mI (438) app_init: Application information:[0m
[0;32mI (438) app_init: Project name:     hello_world[0m
[0;32mI (443) app_init: App version:      v5.5-dirty[0m
[0;32mI (447) app_init: Compile time:     Oct 19 2025 19:25:48[0m
[0;32mI (452) app_init: ELF file SHA256:  07623b189...[0m
[0;32mI (456) app_init: ESP-IDF:          v5.5-dirty[0m
[0;32mI (460) efuse_init: Min chip rev:     v0.0[0m
[0;32mI (464) efuse_init: Max chip rev:     v3.99 [0m
[0;32mI (468) efuse_init: Chip rev:         v3.0[0m
[0;32mI (472) heap_init: Initializing. RAM available for dynamic allocation:[0m
[0;32mI (478) heap_init: At 3FFAE6E0 len 00001920 (6 KiB): DRAM[0m
[0;32mI (483) heap_init: At 3FFB86C0 len 00027940 (158 KiB): DRAM[0m
[0;32mI (489) heap_init: At 3FFE0440 len 00003AE0 (14 KiB): D/IRAM[0m
[0;32mI (494) heap_init: At 3FFE4350 len 0001BCB0 (111 KiB): D/IRAM[0m
[0;32mI (500) heap_init: At 40097FA4 len 0000805C (32 KiB): IRAM[0m
[0;32mI (506) spi_flash: detected chip: generic[0m
[0;32mI (508) spi_flash: flash io: dio[0m
[0;33mW (511) spi_flash: Detected size(4096k) larger than the size in the binary image header(2048k). Using the size in the binary image header.[0m
[0;32mI (525) main_task: Started on CPU0[0m
[0;32mI (535) main_task: Calling app_main()[0m
[0;32mI (535) KEYPAD: Starting keypad MQTT application[0m
[0;32mI (585) wifi:wifi driver task: 3ffc0748, prio:23, stack:6656, core=0[0m
[0;32mI (605) wifi:wifi firmware version: f3dbad7[0m
[0;32mI (605) wifi:wifi certification version: v7.0[0m
[0;32mI (605) wifi:config NVS flash: enabled[0m
[0;32mI (605) wifi:config nano formatting: disabled[0m
[0;32mI (605) wifi:Init data frame dynamic rx buffer num: 32[0m
[0;32mI (615) wifi:Init static rx mgmt buffer num: 5[0m
[0;32mI (615) wifi:Init management short buffer num: 32[0m
[0;32mI (615) wifi:Init dynamic tx buffer num: 32[0m
[0;32mI (625) wifi:Init static rx buffer size: 1600[0m
[0;32mI (625) wifi:Init static rx buffer num: 10[0m
[0;32mI (635) wifi:Init dynamic rx buffer num: 32[0m
[0;32mI (635) wifi_init: rx ba win: 6[0m
[0;32mI (635) wifi_init: accept mbox: 6[0m
[0;32mI (645) wifi_init: tcpip mbox: 32[0m
[0;32mI (645) wifi_init: udp mbox: 6[0m
[0;32mI (645) wifi_init: tcp mbox: 6[0m
[0;32mI (655) wifi_init: tcp tx win: 5760[0m
[0;32mI (655) wifi_init: tcp rx win: 5760[0m
[0;32mI (655) wifi_init: tcp mss: 1440[0m
[0;32mI (655) wifi_init: WiFi IRAM OP enabled[0m
[0;32mI (665) wifi_init: WiFi RX IRAM OP enabled[0m
[0;33mW (665) wifi:Password length matches WPA2 standards, authmode threshold changes from OPEN to WPA2[0m
[0;32mI (675) phy_init: phy_version 4860,6b7a6e5,Feb  6 2025,14:47:07[0m
[0;32mI (765) wifi:mode : sta (a8:42:e3:4c:7c:bc)[0m
[0;32mI (765) wifi:enable tsf[0m
[0;32mI (765) KEYPAD: WiFi initialized[0m
[0;32mI (785) wifi:new:<2,0>, old:<1,0>, ap:<255,255>, sta:<2,0>, prof:9, snd_ch_cfg:0x0[0m
[0;32mI (785) wifi:state: init -> auth (0xb0)[0m
[0;32mI (815) wifi:state: auth -> assoc (0x0)[0m
[0;32mI (905) wifi:state: assoc -> run (0x10)[0m
[0;32mI (1015) wifi:connected with Anh Kiet, aid = 5, channel 2, BW20, bssid = cc:71:90:19:d2:f8[0m
[0;32mI (1015) wifi:security: WPA2-PSK, phy: bgn, rssi: -64[0m
[0;32mI (1015) wifi:pm start, type: 1[0m

[0;32mI (1015) wifi:dp: 1, bi: 102400, li: 3, scale listen interval from 307200 us to 307200 us[0m
[0;32mI (1025) KEYPAD: Connected to SSID:Anh Kiet, channel:2[0m
[0;32mI (1055) wifi:AP's beacon interval = 102400 us, DTIM period = 1[0m
[0;32mI (2265) esp_netif_handlers: sta ip: 192.168.1.10, mask: 255.255.255.0, gw: 192.168.1.1[0m
[0;32mI (2265) KEYPAD: WiFi connected, got IP[0m
[0;32mI (3765) MQTT_MANAGER: No existing client, creating new one...[0m
[0;32mI (3765) KEYPAD: MQTT initialized[0m
[0;32mI (3765) main_task: Returned from app_main()[0m
[0;32mI (3775) wifi:<ba-add>idx:0 (ifx:0, cc:71:90:19:d2:f8), tid:0, ssn:5, winSize:64[0m
[0;32mI (3815) wifi:<ba-add>idx:1 (ifx:0, cc:71:90:19:d2:f8), tid:4, ssn:1, winSize:64[0m
[0;32mI (4445) KEYPAD: MQTT connected[0m
Key pressed: A
WiFi Configuration Mode
Enter WiFi SSID:
Key pressed: *
CAPSLOCK ON
Key pressed: 2
SSID: A
Key pressed: *
CAPSLOCK OFF
Key pressed: 6
SSID: Am
Key pressed: 6
SSID: An
Key pressed: 4
SSID: Ang
Key pressed: 4
SSID: Anh
Key pressed: 0
SSID: Anh 
Key pressed: *
CAPSLOCK ON
Key pressed: 5
SSID: Anh J
Key pressed: 5
SSID: Anh K
Key pressed: *
CAPSLOCK OFF
Key pressed: 4
SSID: Anh Kg
Key pressed: 4
SSID: Anh Kh
Key pressed: 4
SSID: Anh Ki
Key pressed: 3
SSID: Anh Kid
Key pressed: 3
SSID: Anh Kie
Key pressed: 8
SSID: Anh Kiet
Key pressed: D
SSID saved: Anh Kiet
Enter WiFi password:
Key pressed: *
CAPSLOCK ON
Key pressed: 2
PASSWORD: A
Key pressed: *
CAPSLOCK OFF
Key pressed: 6
PASSWORD: Am
Key pressed: 6
PASSWORD: An
Key pressed: 4
PASSWORD: Ang
Key pressed: 4
PASSWORD: Anh
Key pressed: 5
PASSWORD: Anhj
Key pressed: 5
PASSWORD: Anhk
Key pressed: 3
PASSWORD: Anhkd
Key pressed: 3
PASSWORD: Anhke
Key pressed: #
PASSWORD: Anhk
Key pressed: 4
PASSWORD: Anhkg
Key pressed: 4
PASSWORD: Anhkh
Key pressed: 4
PASSWORD: Anhki
Key pressed: 3
PASSWORD: Anhkid
Key pressed: 3
PASSWORD: Anhkie
Key pressed: 8
PASSWORD: Anhkiet
Key pressed: 1
PASSWORD: Anhkiet.
Key pressed: 1
PASSWORD: Anhkiet,
Key pressed: 1
PASSWORD: Anhkiet!
Key pressed: 1
PASSWORD: Anhkiet?
Key pressed: 1
PASSWORD: Anhkiet'
Key pressed: 1
PASSWORD: Anhkiet"
Key pressed: 1
PASSWORD: Anhkiet1
Key pressed: 1
PASSWORD: Anhkiet-
Key pressed: 1
PASSWORD: Anhkiet(
Key pressed: 1
PASSWORD: Anhkiet@
Key pressed: 1
PASSWORD: Anhkiet*
Key pressed: 1
PASSWORD: Anhkiet#
Key pressed: 1
PASSWORD: Anhkiet.
Key pressed: 1
PASSWORD: Anhkiet,
Key pressed: 1
PASSWORD: Anhkiet!
Key pressed: 1
PASSWORD: Anhkiet?
Key pressed: 1
PASSWORD: Anhkiet'
Key pressed: 1
PASSWORD: Anhkiet"
Key pressed: 1
PASSWORD: Anhkiet1
Key pressed: 1
PASSWORD: Anhkiet-
Key pressed: 1
PASSWORD: Anhkiet(
Key pressed: 1
PASSWORD: Anhkiet@
Key pressed: 2
PASSWORD: Anhkiet@a
Key pressed: 2
PASSWORD: Anhkiet@b
Key pressed: 2
PASSWORD: Anhkiet@c
Key pressed: 2
PASSWORD: Anhkiet@2
Key pressed: 0
PASSWORD: Anhkiet@2 
Key pressed: 0
PASSWORD: Anhkiet@20
Key pressed: 0
PASSWORD: Anhkiet@20 
Key pressed: 0
PASSWORD: Anhkiet@200
Key pressed: 2
PASSWORD: Anhkiet@200a
Key pressed: 2
PASSWORD: Anhkiet@200b
Key pressed: 2
PASSWORD: Anhkiet@200c
Key pressed: 2
PASSWORD: Anhkiet@2002
Key pressed: D
Password saved: Anhkiet@2002
[0;32mI (77585) wifi:state: run -> init (0x0)[0m
[0;32mI (77595) wifi:pm stop, total sleep time: 70565168 us / 76574296 us[0m

[0;32mI (77595) wifi:<ba-del>idx:0, tid:0[0m
[0;32mI (77595) wifi:<ba-del>idx:1, tid:4[0m
[0;32mI (77595) wifi:new:<2,0>, old:<2,0>, ap:<255,255>, sta:<2,0>, prof:9, snd_ch_cfg:0x0[0m
[0;33mW (77605) wifi:Password length matches WPA2 standards, authmode threshold changes from OPEN to WPA2[0m
WiFi connecting with SSID: Anh Kiet
[0;32mI (77615) KEYPAD: STA disconnected, reason=8[0m
[1;31mE (77615) transport_base: tcp_read error, errno=Software caused connection abort[0m
[0;32mI (77615) KEYPAD: WIFI STA_DISCONNECTED.[0m
[1;31mE (77625) mqtt_client: esp_mqtt_handle_transport_read_error: transport_read() error: errno=113[0m
[1;31mE (77635) mqtt_client: mqtt_process_receive: mqtt_message_receive() returned -2[0m
[0;32mI (77645) KEYPAD: MQTT disconnected[0m
[0;32mI (77655) wifi:new:<2,0>, old:<2,0>, ap:<255,255>, sta:<2,0>, prof:9, snd_ch_cfg:0x0[0m
[0;32mI (77655) wifi:state: init -> auth (0xb0)[0m
[0;32mI (77715) wifi:state: auth -> assoc (0x0)[0m
[0;32mI (77765) MQTT_MANAGER: Stopping MQTT safely...[0m
[0;32mI (77765) mqtt_client: Client asked to disconnect[0m
[0;32mI (77775) wifi:state: assoc -> run (0x10)[0m
[0;32mI (77875) wifi:connected with Anh Kiet, aid = 4, channel 2, BW20, bssid = cc:71:90:19:d2:f8[0m
[0;32mI (77885) wifi:security: WPA2-PSK, phy: bgn, rssi: -65[0m
[0;32mI (77885) wifi:pm start, type: 1[0m

[0;32mI (77885) KEYPAD: Connected to SSID:Anh Kiet, channel:2[0m
[0;32mI (77955) wifi:AP's beacon interval = 102400 us, DTIM period = 1[0m
[0;32mI (79165) esp_netif_handlers: sta ip: 192.168.1.10, mask: 255.255.255.0, gw: 192.168.1.1[0m
[0;32mI (79165) KEYPAD: WiFi connected, got IP[0m
[0;32mI (82645) MQTT_MANAGER: MQTT stopped.[0m
[0;32mI (82645) MQTT_MANAGER: Starting MQTT safely...[0m
[0;32mI (82645) MQTT_MANAGER: MQTT started.[0m
[0;32mI (82645) wifi:<ba-add>idx:0 (ifx:0, cc:71:90:19:d2:f8), tid:0, ssn:5, winSize:64[0m
[0;32mI (82655) wifi:<ba-add>idx:1 (ifx:0, cc:71:90:19:d2:f8), tid:4, ssn:1, winSize:64[0m
[0;32mI (83285) KEYPAD: MQTT connected[0m
Key pressed: 6
Input: 6
Key pressed: 6
Input: 66
Key pressed: 6
Input: 666
Key pressed: 6
Input: 6666
Key pressed: D
Sending number: 6666
[0;32mI (91865) KEYPAD: Published number 6666, msg_id=31191[0m
MQTT: Sent number 6666
G·ªåI ∆ØU TI√äN
[0;32mI (92195) KEYPAD: MQTT published, msg_id=31191[0m
Key pressed: 3
Input: 3
Key pressed: 2
Input: 32
Key pressed: 1
Input: 321
Key pressed: 3
Input: 3213
Key pressed: D
Sending number: 3213
[0;32mI (98335) KEYPAD: Published number 3213, msg_id=31165[0m
MQTT: Sent number 3213
G·ªåI ∆ØU TI√äN
Key pressed: D
[0;32mI (98645) KEYPAD: MQTT published, msg_id=31165[0m
Key pressed: *
G·ªåI S·ªê TI·∫æP THEO
Key pressed: #
G·ªåI S·ªê TR∆Ø·ªöC ƒê√ì
Key pressed: #
G·ªåI S·ªê TR∆Ø·ªöC ƒê√ì
Key pressed: *
G·ªåI S·ªê TI·∫æP THEO
Key pressed: #
G·ªåI S·ªê TR∆Ø·ªöC ƒê√ì
Key pressed: #
G·ªåI S·ªê TR∆Ø·ªöC ƒê√ì
Key pressed: #
G·ªåI S·ªê TR∆Ø·ªöC ƒê√ì
Key pressed: #
G·ªåI S·ªê TR∆Ø·ªöC ƒê√ì
Key pressed: *
G·ªåI S·ªê TI·∫æP THEO
Key pressed: #
G·ªåI S·ªê TR∆Ø·ªöC ƒê√ì
Key pressed: B
G·ªåI L·∫†I
Key pressed: B
G·ªåI L·∫†I
Key pressed: B
G·ªåI L·∫†I
Key pressed: B
G·ªåI L·∫†I
Key pressed: B
G·ªåI L·∫†I
Key pressed: B
G·ªåI L·∫†I
Key pressed: D
Key pressed: #
G·ªåI S·ªê TR∆Ø·ªöC ƒê√ì
Key pressed: #
G·ªåI S·ªê TR∆Ø·ªöC ƒê√ì
Key pressed: #
G·ªåI S·ªê TR∆Ø·ªöC ƒê√ì
Key pressed: #
G·ªåI S·ªê TR∆Ø·ªöC ƒê√ì
Key pressed: *
G·ªåI S·ªê TI·∫æP THEO
Key pressed: *
G·ªåI S·ªê TI·∫æP THEO
Key pressed: *
G·ªåI S·ªê TI·∫æP THEO
Key pressed: *
G·ªåI S·ªê TI·∫æP THEO
Key pressed: B
G·ªåI L·∫†I
Key pressed: B
G·ªåI L·∫†I
Key pressed: B
G·ªåI L·∫†I
Key pressed: B
G·ªåI L·∫†I
)BÔøΩÔøΩJÔøΩÔøΩ—πesp32: SPI Speed      : 40MHz
[0;32mI (37) boot.esp32: SPI Mode       : DIO[0m
[0;32mI (41) boot.esp32: SPI Flash Size : 2MB[0m
[0;32mI (45) boot: Enabling RNG early entropy source...[0m
[0;32mI (49) boot: Partition Table:[0m
[0;32mI (52) boot: ## Label            Usage          Type ST Offset   Length[0m
[0;32mI (58) boot:  0 nvs              WiFi data        01 02 00009000 00006000[0m
[0;32mI (65) boot:  1 phy_init         RF data          01 01 0000f000 00001000[0m
[0;32mI (71) boot:  2 factory          factory app      00 00 00010000 00100000[0m
[0;32mI (78) boot: End of partition table[0m
[0;32mI (81) esp_image: segment 0: paddr=00010020 vaddr=3f400020 size=1e428h (123944) map[0m
[0;32mI (131) esp_image: segment 1: paddr=0002e450 vaddr=3ff80000 size=00020h (    32) load[0m
[0;32mI (131) esp_image: segment 2: paddr=0002e478 vaddr=3ffb0000 size=01ba0h (  7072) load[0m
[0;32mI (137) esp_image: segment 3: paddr=00030020 vaddr=400d0020 size=9fb98h (654232) map[0m
[0;32mI (366) esp_image: segment 4: paddr=000cfbc0 vaddr=3ffb1ba0 size=023c8h (  9160) load[0m
[0;32mI (369) esp_image: segment 5: paddr=000d1f90 vaddr=40080000 size=17fa4h ( 98212) load[0m
[0;32mI (419) boot: Loaded app from partition at offset 0x10000[0m
[0;32mI (419) boot: Disabling RNG early entropy source...[0m
[0;32mI (430) cpu_start: Multicore app[0m
[0;32mI (438) cpu_start: Pro cpu start user code[0m
[0;32mI (438) cpu_start: cpu freq: 160000000 Hz[0m
[0;32mI (438) app_init: Application information:[0m
[0;32mI (438) app_init: Project name:     hello_world[0m
[0;32mI (443) app_init: App version:      v5.5-dirty[0m
[0;32mI (447) app_init: Compile time:     Oct 19 2025 19:25:48[0m
[0;32mI (452) app_init: ELF file SHA256:  07623b189...[0m
[0;32mI (456) app_init: ESP-IDF:          v5.5-dirty[0m
[0;32mI (460) efuse_init: Min chip rev:     v0.0[0m
[0;32mI (464) efuse_init: Max chip rev:     v3.99 [0m
[0;32mI (468) efuse_init: Chip rev:         v3.0[0m
[0;32mI (472) heap_init: Initializing. RAM available for dynamic allocation:[0m
[0;32mI (478) heap_init: At 3FFAE6E0 len 00001920 (6 KiB): DRAM[0m
[0;32mI (483) heap_init: At 3FFB86C0 len 00027940 (158 KiB): DRAM[0m
[0;32mI (489) heap_init: At 3FFE0440 len 00003AE0 (14 KiB): D/IRAM[0m
[0;32mI (494) heap_init: At 3FFE4350 len 0001BCB0 (111 KiB): D/IRAM[0m
[0;32mI (500) heap_init: At 40097FA4 len 0000805C (32 KiB): IRAM[0m
[0;32mI (506) spi_flash: detected chip: generic[0m
[0;32mI (508) spi_flash: flash io: dio[0m
[0;33mW (511) spi_flash: Detected size(4096k) larger than the size in the binary image header(2048k). Using the size in the binary image header.[0m
[0;32mI (525) main_task: Started on CPU0[0m
[0;32mI (535) main_task: Calling app_main()[0m
[0;32mI (535) KEYPAD: Starting keypad MQTT application[0m
[0;32mI (585) wifi:wifi driver task: 3ffc0748, prio:23, stack:6656, core=0[0m
[0;32mI (605) wifi:wifi firmware version: f3dbad7[0m
[0;32mI (605) wifi:wifi certification version: v7.0[0m
[0;32mI (605) wifi:config NVS flash: enabled[0m
[0;32mI (605) wifi:config nano formatting: disabled[0m
[0;32mI (605) wifi:Init data frame dynamic rx buffer num: 32[0m
[0;32mI (615) wifi:Init static rx mgmt buffer num: 5[0m
[0;32mI (615) wifi:Init management short buffer num: 32[0m
[0;32mI (615) wifi:Init dynamic tx buffer num: 32[0m
[0;32mI (625) wifi:Init static rx buffer size: 1600[0m
[0;32mI (625) wifi:Init static rx buffer num: 10[0m
[0;32mI (635) wifi:Init dynamic rx buffer num: 32[0m
[0;32mI (635) wifi_init: rx ba win: 6[0m
[0;32mI (635) wifi_init: accept mbox: 6[0m
[0;32mI (645) wifi_init: tcpip mbox: 32[0m
[0;32mI (645) wifi_init: udp mbox: 6[0m
[0;32mI (645) wifi_init: tcp mbox: 6[0m
[0;32mI (655) wifi_init: tcp tx win: 5760[0m
[0;32mI (655) wifi_init: tcp rx win: 5760[0m
[0;32mI (655) wifi_init: tcp mss: 1440[0m
[0;32mI (655) wifi_init: WiFi IRAM OP enabled[0m
[0;32mI (665) wifi_init: WiFi RX IRAM OP enabled[0m
[0;33mW (665) wifi:Password length matches WPA2 standards, authmode threshold changes from OPEN to WPA2[0m
[0;32mI (675) phy_init: phy_version 4860,6b7a6e5,Feb  6 2025,14:47:07[0m
[0;32mI (765) wifi:mode : sta (a8:42:e3:4c:7c:bc)[0m
[0;32mI (765) wifi:enable tsf[0m
[0;32mI (765) KEYPAD: WiFi initialized[0m
[0;32mI (785) wifi:new:<2,0>, old:<1,0>, ap:<255,255>, sta:<2,0>, prof:9, snd_ch_cfg:0x0[0m
[0;32mI (785) wifi:state: init -> auth (0xb0)[0m
[0;32mI (805) wifi:state: auth -> assoc (0x0)[0m
[0;32mI (855) wifi:state: assoc -> run (0x10)[0m
[0;32mI (955) wifi:connected with Anh Kiet, aid = 5, channel 2, BW20, bssid = cc:71:90:19:d2:f8[0m
[0;32mI (955) wifi:security: WPA2-PSK, phy: bgn, rssi: -76[0m
[0;32mI (965) wifi:pm start, type: 1[0m

[0;32mI (965) wifi:dp: 1, bi: 102400, li: 3, scale listen interval from 307200 us to 307200 us[0m
[0;32mI (975) wifi:AP's beacon interval = 102400 us, DTIM period = 1[0m
[0;32mI (985) KEYPAD: Connected to SSID:Anh Kiet, channel:2[0m
[0;32mI (2285) esp_netif_handlers: sta ip: 192.168.1.10, mask: 255.255.255.0, gw: 192.168.1.1[0m
[0;32mI (2285) KEYPAD: WiFi connected, got IP[0m
[0;32mI (2815) wifi:<ba-add>idx:0 (ifx:0, cc:71:90:19:d2:f8), tid:0, ssn:4, winSize:64[0m
[0;32mI (3765) MQTT_MANAGER: No existing client, creating new one...[0m
[0;32mI (3765) KEYPAD: MQTT initialized[0m
[0;32mI (3765) main_task: Returned from app_main()[0m
[0;32mI (3775) wifi:<ba-add>idx:1 (ifx:0, cc:71:90:19:d2:f8), tid:4, ssn:1, winSize:64[0m
[0;32mI (4355) KEYPAD: MQTT connected[0m
Key pressed: B
G·ªåI L·∫†I
Key pressed: B
G·ªåI L·∫†I
Key pressed: B
G·ªåI L·∫†I
Key pressed: B
G·ªåI L·∫†I
Key pressed: B
G·ªåI L·∫†I
Key pressed: B
G·ªåI L·∫†I
Key pressed: B
G·ªåI L·∫†I
Key pressed: B
G·ªåI L·∫†I
Key pressed: B
G·ªåI L·∫†I
Key pressed: #
G·ªåI S·ªê TR∆Ø·ªöC ƒê√ì
Key pressed: B
G·ªåI L·∫†I
Key pressed: *
G·ªåI S·ªê TI·∫æP THEO
Key pressed: B
G·ªåI L·∫†I
Key pressed: B
G·ªåI L·∫†I
Key pressed: B
G·ªåI L·∫†I
Key pressed: B
G·ªåI L·∫†I
Key pressed: B
G·ªåI L·∫†I
Key pressed: B
G·ªåI L·∫†I
Key pressed: B
G·ªåI L·∫†I
Key pressed: B
G·ªåI L·∫†I
Key pressed: B
G·ªåI L·∫†I
Key pressed: #
G·ªåI S·ªê TR∆Ø·ªöC ƒê√ì
Key pressed: *
G·ªåI S·ªê TI·∫æP THEO
Key pressed: *
G·ªåI S·ªê TI·∫æP THEO
Key pressed: A
WiFi Configuration Mode
Enter WiFi SSID:
Key pressed: *
CAPSLOCK ON
Key pressed: 2
SSID: A
Key pressed: *
CAPSLOCK OFF
Key pressed: 6
SSID: Am
Key pressed: 6
SSID: An
Key pressed: 4
SSID: Ang
Key pressed: 4
SSID: Anh
Key pressed: 0
SSID: Anh 
Key pressed: *
CAPSLOCK ON
Key pressed: 5
SSID: Anh J
Key pressed: 5
SSID: Anh K
Key pressed: *
CAPSLOCK OFF
Key pressed: 4
SSID: Anh Kg
Key pressed: 4
SSID: Anh Kh
Key pressed: 4
SSID: Anh Ki
Key pressed: 3
SSID: Anh Kid
Key pressed: 3
SSID: Anh Kie
Key pressed: 0
SSID: Anh Kie 
Key pressed: #
SSID: Anh Kie
Key pressed: 8
SSID: Anh Kiet
Key pressed: D
SSID saved: Anh Kiet
Enter WiFi password:
Key pressed: *
CAPSLOCK ON
Key pressed: 2
PASSWORD: A
Key pressed: *
CAPSLOCK OFF
Key pressed: 6
PASSWORD: Am
Key pressed: 6
PASSWORD: An
Key pressed: 4
PASSWORD: Ang
Key pressed: 4
PASSWORD: Anh
Key pressed: 5
PASSWORD: Anhj
Key pressed: 5
PASSWORD: Anhk
Key pressed: 4
PASSWORD: Anhkg
Key pressed: 4
PASSWORD: Anhkh
Key pressed: 4
PASSWORD: Anhki
Key pressed: 3
PASSWORD: Anhkid
Key pressed: 3
PASSWORD: Anhkie
Key pressed: 8
PASSWORD: Anhkiet
Key pressed: 1
PASSWORD: Anhkiet.
Key pressed: 1
PASSWORD: Anhkiet,
Key pressed: 1
PASSWORD: Anhkiet!
Key pressed: 1
PASSWORD: Anhkiet?
Key pressed: 1
PASSWORD: Anhkiet'
Key pressed: 1
PASSWORD: Anhkiet"
Key pressed: 1
PASSWORD: Anhkiet1
Key pressed: 1
PASSWORD: Anhkiet-
Key pressed: 1
PASSWORD: Anhkiet(
Key pressed: 1
PASSWORD: Anhkiet@
Key pressed: 2
PASSWORD: Anhkiet@a
Key pressed: 2
PASSWORD: Anhkiet@b
Key pressed: 2
PASSWORD: Anhkiet@c
Key pressed: 2
PASSWORD: Anhkiet@2
Key pressed: 0
PASSWORD: Anhkiet@2 
Key pressed: 0
PASSWORD: Anhkiet@20
Key pressed: 0
PASSWORD: Anhkiet@20 
Key pressed: 0
PASSWORD: Anhkiet@200
Key pressed: 2
PASSWORD: Anhkiet@200a
Key pressed: 2
PASSWORD: Anhkiet@200b
Key pressed: 2
PASSWORD: Anhkiet@200c
Key pressed: 2
PASSWORD: Anhkiet@2002
Key pressed: D
Password saved: Anhkiet@2002
[0;32mI (83075) wifi:state: run -> init (0x0)[0m
[0;32mI (83085) wifi:pm stop, total sleep time: 74171414 us / 82118519 us[0m

[0;32mI (83085) wifi:<ba-del>idx:0, tid:0[0m
[0;32mI (83085) wifi:<ba-del>idx:1, tid:4[0m
[0;32mI (83085) wifi:new:<2,0>, old:<2,0>, ap:<255,255>, sta:<2,0>, prof:9, snd_ch_cfg:0x0[0m
[0;33mW (83095) wifi:Password length matches WPA2 standards, authmode threshold changes from OPEN to WPA2[0m
WiFi connecting with SSID: Anh Kiet
[0;32mI (83105) KEYPAD: STA disconnected, reason=8[0m
[1;31mE (83105) transport_base: tcp_read error, errno=Software caused connection abort[0m
[0;32mI (83115) wifi:E (83115) mqtt_client: esp_mqtt_handle_transport_read_error: transport_read() error: errno=113[0m
new:<2,0>, old:<2,0>, ap:<255,255>, sta:<2,0>, prof:9, snd_ch_cfg:0x0
[1;31mE (83125) mqtt_client: mqtt_process_receive: mqtt_message_receive() returned -2[0m
[0;32mI (83135) wifi:state: init -> auth (0xb0)[0m
[0;32mI (83135) KEYPAD: MQTT disconnected[0m
[0;32mI (83105) KEYPAD: WIFI STA_DISCONNECTED.[0m
[0;32mI (83165) MQTT_MANAGER: Stopping MQTT safely...[0m
[0;32mI (83165) mqtt_client: Client asked to disconnect[0m
[0;32mI (83165) wifi:state: auth -> assoc (0x0)[0m
[0;32mI (83225) wifi:state: assoc -> run (0x10)[0m
[0;32mI (83335) wifi:connected with Anh Kiet, aid = 4, channel 2, BW20, bssid = cc:71:90:19:d2:f8[0m
[0;32mI (83335) wifi:security: WPA2-PSK, phy: bgn, rssi: -74[0m
[0;32mI (83345) wifi:pm start, type: 1[0m

[0;32mI (83345) KEYPAD: Connected to SSID:Anh Kiet, channel:2[0m
[0;32mI (83395) wifi:AP's beacon interval = 102400 us, DTIM period = 1[0m
[0;32mI (84605) esp_netif_handlers: sta ip: 192.168.1.10, mask: 255.255.255.0, gw: 192.168.1.1[0m
[0;32mI (84605) KEYPAD: WiFi connected, got IP[0m
[0;32mI (88145) MQTT_MANAGER: MQTT stopped.[0m
[0;32mI (88145) MQTT_MANAGER: Starting MQTT safely...[0m
[0;32mI (88145) MQTT_MANAGER: MQTT started.[0m
[0;32mI (88165) wifi:<ba-add>idx:0 (ifx:0, cc:71:90:19:d2:f8), tid:0, ssn:5, winSize:64[0m
[0;32mI (88195) wifi:<ba-add>idx:1 (ifx:0, cc:71:90:19:d2:f8), tid:4, ssn:1, winSize:64[0m
[0;32mI (88825) KEYPAD: MQTT connected[0m
Key pressed: B
G·ªåI L·∫†I
Key pressed: 6
Input: 6
Key pressed: 5
Input: 65
Key pressed: 4
Input: 654
Key pressed: B
G·ªåI L·∫†I
Key pressed: D
Sending number: 654
[0;32mI (98895) KEYPAD: Published number 654, msg_id=60933[0m
MQTT: Sent number 654
G·ªåI ∆ØU TI√äN
[0;32mI (99175) KEYPAD: MQTT published, msg_id=60933[0m
Key pressed: *
G·ªåI S·ªê TI·∫æP THEO
Key pressed: #
G·ªåI S·ªê TR∆Ø·ªöC ƒê√ì
Key pressed: D
Key pressed: D
Key pressed: D
Key pressed: D
Key pressed: D
Key pressed: D
