Command: D:\ESP32_IDF\Espressif\python_env\idf5.5_py3.11_env\Scripts\python.exe D:\ESP32_IDF\Espressif\frameworks\esp-idf-v5.5\tools/idf_monitor.py -p COM3 -b 115200 --toolchain-prefix xtensa-esp32-elf- --target esp32 --revision 0 D:\ESP32_IDF\Espressif\frameworks\esp-idf-v5.5\examples\get-started\agribank demo\build\hello_world.elf D:\ESP32_IDF\Espressif\frameworks\esp-idf-v5.5\examples\get-started\agribank demo\build\bootloader\bootloader.elf --force-color -m 'D:\ESP32_IDF\Espressif\python_env\idf5.5_py3.11_env\Scripts\python.exe' 'D:\ESP32_IDF\Espressif\frameworks\esp-idf-v5.5\tools\idf.py' '-p' 'COM3'
)Bï¿½ï¿½Jï¿½ï¿½Ñ¹esp32: SPI ï¿½ets Jul 29 2019 12:21:46

rst:0x1 (POWERON_RESET),boot:0x13 (SPI_FAST_FLASH_BOOT)
configsip: 0, SPIWP:0xee
clk_drv:0x00,q_drv:0x00,d_drv:0x00,cs0_drv:0x00,hd_drv:0x00,wp_drv:0x00
mode:DIO, clock div:2
load:0x3fff0030,len:6380
ho 0 tail 12 room 4
load:0x40078000,len:15916
load:0x40080400,len:3860
entry 0x40080638
[0;32mI (29) boot: ESP-IDF v5.5-dirty 2nd stage bootloader[0m
[0;32mI (29) boot: compile time Oct 30 2025 15:44:26[0m
[0;32mI (29) boot: Multicore bootloader[0m
[0;32mI (31) boot: chip revision: v3.0[0m
[0;32mI (34) boot.esp32: SPI Speed      : 40MHz[0m
[0;32mI (37) boot.esp32: SPI Mode       : DIO[0m
[0;32mI (41) boot.esp32: SPI Flash Size : 2MB[0m
[0;32mI (45) boot: Enabling RNG early entropy source...[0m
[0;32mI (49) boot: Partition Table:[0m
[0;32mI (52) boot: ## Label            Usage          Type ST Offset   Length[0m
[0;32mI (58) boot:  0 nvs              WiFi data        01 02 00009000 00006000[0m
[0;32mI (65) boot:  1 phy_init         RF data          01 01 0000f000 00001000[0m
[0;32mI (71) boot:  2 factory          factory app      00 00 00010000 00100000[0m
[0;32mI (78) boot: End of partition table[0m
[0;32mI (81) esp_image: segment 0: paddr=00010020 vaddr=3f400020 size=20180h (131456) map[0m
[0;32mI (133) esp_image: segment 1: paddr=000301a8 vaddr=3ff80000 size=00020h (    32) load[0m
[0;32mI (134) esp_image: segment 2: paddr=000301d0 vaddr=3ffb0000 size=03fb8h ( 16312) load[0m
[0;32mI (143) esp_image: segment 3: paddr=00034190 vaddr=40080000 size=0be88h ( 48776) load[0m
[0;32mI (164) esp_image: segment 4: paddr=00040020 vaddr=400d0020 size=a5238h (676408) map[0m
[0;32mI (395) esp_image: segment 5: paddr=000e5260 vaddr=4008be88 size=0d598h ( 54680) load[0m
[0;32mI (429) boot: Loaded app from partition at offset 0x10000[0m
[0;32mI (429) boot: Disabling RNG early entropy source...[0m
[0;32mI (439) cpu_start: Multicore app[0m
[0;32mI (448) cpu_start: Pro cpu start user code[0m
[0;32mI (448) cpu_start: cpu freq: 160000000 Hz[0m
[0;32mI (448) app_init: Application information:[0m
[0;32mI (448) app_init: Project name:     hello_world[0m
[0;32mI (452) app_init: App version:      e7264df-dirty[0m
[0;32mI (456) app_init: Compile time:     Oct 30 2025 15:45:01[0m
[0;32mI (462) app_init: ELF file SHA256:  699bda01c...[0m
[0;32mI (466) app_init: ESP-IDF:          v5.5-dirty[0m
[0;32mI (470) efuse_init: Min chip rev:     v0.0[0m
[0;32mI (474) efuse_init: Max chip rev:     v3.99 [0m
[0;32mI (478) efuse_init: Chip rev:         v3.0[0m
[0;32mI (482) heap_init: Initializing. RAM available for dynamic allocation:[0m
[0;32mI (488) heap_init: At 3FFAE6E0 len 00001920 (6 KiB): DRAM[0m
[0;32mI (493) heap_init: At 3FFB8990 len 00027670 (157 KiB): DRAM[0m
[0;32mI (498) heap_init: At 3FFE0440 len 00003AE0 (14 KiB): D/IRAM[0m
[0;32mI (504) heap_init: At 3FFE4350 len 0001BCB0 (111 KiB): D/IRAM[0m
[0;32mI (509) heap_init: At 40099420 len 00006BE0 (26 KiB): IRAM[0m
[0;32mI (516) spi_flash: detected chip: generic[0m
[0;32mI (518) spi_flash: flash io: dio[0m
[0;33mW (521) spi_flash: Detected size(4096k) larger than the size in the binary image header(2048k). Using the size in the binary image header.[0m
[0;33mW (533) i2c: This driver is an old driver, please migrate your application code to adapt `driver/i2c_master.h`[0m
[0;32mI (544) main_task: Started on CPU0[0m
[0;32mI (554) main_task: Calling app_main()[0m

assert failed: tcpip_send_msg_wait_sem /IDF/components/lwip/lwip/src/api/tcpip.c:454 (Invalid mbox)


Backtrace: 0x40081db1:0x3ffbd950 0x40089f7d:0x3ffbd970 0x40091f2d:0x3ffbd990 0x400eaae7:0x3ffbdab0 0x400face2:0x3ffbdae0 0x401460e1:0x3ffbdb20 0x4010105d:0x3ffbdbb0 0x401013af:0x3ffbdc10 0x40101923:0x3ffbdc80 0x400dece2:0x3ffbdca0 0x4016b185:0x3ffbdcc0 0x400dc59e:0x3ffbdce0 0x4008aa21:0x3ffbdd10




ELF file SHA256: 699bda01c

Rebooting...
ets Jul 29 2019 12:21:46

rst:0xc (SW_CPU_RESET),boot:0x13 (SPI_FAST_FLASH_BOOT)
configsip: 0, SPIWP:0xee
clk_drv:0x00,q_drv:0x00,d_drv:0x00,cs0_drv:0x00,hd_drv:0x00,wp_drv:0x00
mode:DIO, clock div:2
load:0x3fff0030,len:6380
ho 0 tail 12 room 4
load:0x40078000,len:15916
load:0x40080400,len:3860
entry 0x40080638
[0;32mI (29) boot: ESP-IDF v5.5-dirty 2nd stage bootloader[0m
[0;32mI (29) boot: compile time Oct 30 2025 15:44:26[0m
[0;32mI (29) boot: Multicore bootloader[0m
[0;32mI (31) boot: chip revision: v3.0[0m
[0;32mI (34) boot.esp32: SPI Speed      : 40MHz[0m
[0;32mI (37) boot.esp32: SPI Mode       : DIO[0m
[0;32mI (41) boot.esp32: SPI Flash Size : 2MB[0m
[0;32mI (45) boot: Enabling RNG early entropy source...[0m
[0;32mI (49) boot: Partition Table:[0m
[0;32mI (52) boot: ## Label            Usage          Type ST Offset   Length[0m
[0;32mI (58) boot:  0 nvs              WiFi data        01 02 00009000 00006000[0m
[0;32mI (64) boot:  1 phy_init         RF data          01 01 0000f000 00001000[0m
[0;32mI (71) boot:  2 factory          factory app      00 00 00010000 00100000[0m
[0;32mI (78) boot: End of partition table[0m
[0;32mI (81) esp_image: segment 0: paddr=00010020 vaddr=3f400020 size=20180h (131456) map[0m
[0;32mI (133) esp_image: segment 1: paddr=000301a8 vaddr=3ff80000 size=00020h (    32) load[0m
[0;32mI (133) esp_image: segment 2: paddr=000301d0 vaddr=3ffb0000 size=03fb8h ( 16312) load[0m
[0;32mI (143) esp_image: segment 3: paddr=00034190 vaddr=40080000 size=0be88h ( 48776) load[0m
[0;32mI (164) esp_image: segment 4: paddr=00040020 vaddr=400d0020 size=a5238h (676408) map[0m
[0;32mI (395) esp_image: segment 5: paddr=000e5260 vaddr=4008be88 size=0d598h ( 54680) load[0m
[0;32mI (429) boot: Loaded app from partition at offset 0x10000[0m
[0;32mI (429) boot: Disabling RNG early entropy source...[0m
[0;32mI (439) cpu_start: Multicore app[0m
[0;32mI (448) cpu_start: Pro cpu start user code[0m
[0;32mI (448) cpu_start: cpu freq: 160000000 Hz[0m
[0;32mI (448) app_init: Application information:[0m
[0;32mI (448) app_init: Project name:     hello_world[0m
[0;32mI (452) app_init: App version:      e7264df-dirty[0m
[0;32mI (456) app_init: Compile time:     Oct 30 2025 15:45:01[0m
[0;32mI (461) app_init: ELF file SHA256:  699bda01c...[0m
[0;32mI (466) app_init: ESP-IDF:          v5.5-dirty[0m
[0;32mI (470) efuse_init: Min chip rev:     v0.0[0m
[0;32mI (474) efuse_init: Max chip rev:     v3.99 [0m
[0;32mI (478) efuse_init: Chip rev:         v3.0[0m
[0;32mI (482) heap_init: Initializing. RAM available for dynamic allocation:[0m
[0;32mI (488) heap_init: At 3FFAE6E0 len 00001920 (6 KiB): DRAM[0m
[0;32mI (493) heap_init: At 3FFB8990 len 00027670 (157 KiB): DRAM[0m
[0;32mI (498) heap_init: At 3FFE0440 len 00003AE0 (14 KiB): D/IRAM[0m
[0;32mI (504) heap_init: At 3FFE4350 len 0001BCB0 (111 KiB): D/IRAM[0m
[0;32mI (509) heap_init: At 40099420 len 00006BE0 (26 KiB): IRAM[0m
I (516) spi_flash: detected chip: generic
[0;32mI (518) spi_flash: flash io: dio[0m
[0;33mW (521) spi_flash: Detected size(4096k) larger than the size in the binary image header(2048k). Using the size in the binary image header.[0m
[0;33mW (533) i2c: This driver is an old driver, please migrate your application code to adapt `driver/i2c_master.h`[0m
[0;32mI (544) main_task: Started on CPU0[0m
[0;32mI (554) main_task: Calling app_main()[0m

assert failed: tcpip_send_msg_wait_sem /IDF/components/lwip/lwip/src/api/tcpip.c:454 (Invalid mbox)


Backtrace: 0x40081db1:0x3ffbd950 0x40089f7d:0x3ffbd970 0x40091f2d:0x3ffbd990 0x400eaae7:0x3ffbdab0 0x400face2:0x3ffbdae0 0x401460e1:0x3ffbdb20 0x4010105d:0x3ffbdbb0 0x401013af:0x3ffbdc10 0x40101923:0x3ffbdc80 0x400dece2:0x3ffbdca0 0x4016b185:0x3ffbdcc0 0x400dc59e:0x3ffbdce0 0x4008aa21:0x3ffbdd10




ELF file SHA256: 699bda01c

Rebooting...
ets Jul 29 2019 12:21:46

rst:0xc (SW_CPU_RESET),boot:0x13 (SPI_FAST_FLASH_BOOT)
configsip: 0, SPIWP:0xee
clk_drv:0x00,q_drv:0x00,d_drv:0x00,cs0_drv:0x00,hd_drv:0x00,wp_drv:0x00
mode:DIO, clock div:2
load:0x3fff0030,len:6380
ho 0 tail 12 room 4
load:0x40078000,len:15916
load:0x40080400,len:3860
entry 0x40080638
[0;32mI (29) boot: ESP-IDF v5.5-dirty 2nd stage bootloader[0m
[0;32mI (29) boot: compile time Oct 30 2025 15:44:26[0m
[0;32mI (29) boot: Multicore bootloader[0m
[0;32mI (31) boot: chip revision: v3.0[0m
[0;32mI (34) boot.esp32: SPI Speed      : 40MHz[0m
[0;32mI (37) boot.esp32: SPI Mode       : DIO[0m
[0;32mI (41) boot.esp32: SPI Flash Size : 2MB[0m
[0;32mI (45) boot: Enabling RNG early entropy source...[0m
[0;32mI (49) boot: Partition Table:[0m
[0;32mI (52) boot: ## Label            Usage          Type ST Offset   Length[0m
[0;32mI (58) boot:  0 nvs              WiFi data        01 02 00009000 00006000[0m
[0;32mI (64) boot:  1 phy_init         RF data          01 01 0000f000 00001000[0m
[0;32mI (71) boot:  2 factory          factory app      00 00 00010000 00100000[0m
[0;32mI (78) boot: End of partition table[0m
[0;32mI (81) esp_image: segment 0: paddr=00010020 vaddr=3f400020 size=20180h (131456) map[0m
[0;32mI (133) esp_image: segment 1: paddr=000301a8 vaddr=3ff80000 size=00020h (    32) load[0m
[0;32mI (133) esp_image: segment 2: paddr=000301d0 vaddr=3ffb0000 size=03fb8h ( 16312) load[0m
[0;32mI (143) esp_image: segment 3: paddr=00034190 vaddr=40080000 size=0be88h ( 48776) load[0m
[0;32mI (164) esp_image: segment 4: paddr=00040020 vaddr=400d0020 size=a5238h (676408) map[0m
[0;32mI (395) esp_image: segment 5: paddr=000e5260 vaddr=4008be88 size=0d598h ( 54680) load[0m
[0;32mI (429) boot: Loaded app from partition at offset 0x10000[0m
[0;32mI (429) boot: Disabling RNG early entropy source...[0m
[0;32mI (439) cpu_start: Multicore app[0m
[0;32mI (448) cpu_start: Pro cpu start user code[0m
[0;32mI (448) cpu_start: cpu freq: 160000000 Hz[0m
[0;32mI (448) app_init: Application information:[0m
[0;32mI (448) app_init: Project name:     hello_world[0m
[0;32mI (452) app_init: App version:      e7264df-dirty[0m
[0;32mI (456) app_init: Compile time:     Oct 30 2025 15:45:01[0m
[0;32mI (461) app_init: ELF file SHA256:  699bda01c...[0m
[0;32mI (466) app_init: ESP-IDF:          v5.5-dirty[0m
[0;32mI (470) efuse_init: Min chip rev:     v0.0[0m
[0;32mI (474) efuse_init: Max chip rev:     v3.99 [0m
[0;32mI (478) efuse_init: Chip rev:         v3.0[0m
[0;32mI (482) heap_init: Initializing. RAM available for dynamic allocation:[0m
[0;32mI (488) heap_init: At 3FFAE6E0 len 00001920 (6 KiB): DRAM[0m
[0;32mI (493) heap_init: At 3FFB8990 len 00027670 (157 KiB): DRAM[0m
[0;32mI (498) heap_init: At 3FFE0440 len 00003AE0 (14 KiB): D/IRAM[0m
[0;32mI (504) heap_init: At 3FFE4350 len 0001BCB0 (111 KiB): D/IRAM[0m
[0;32mI (509) heap_init: At 40099420 len 00006BE0 (26 KiB): IRAM[0m
[0;32mI (516) spi_flash: detected chip: generic[0m
[0;32mI (518) spi_flash: flash io: dio[0m
[0;33mW (521) spi_flash: Detected size(4096k) larger than the size in the binary image header(2048k). Using the size in the binary image header.[0m
[0;33mW (533) i2c: This driver is an old driver, please migrate your application code to adapt `driver/i2c_master.h`[0m
[0;32mI (544) main_task: Started on CPU0[0m
[0;32mI (554) main_task: Calling app_main()[0m

assert failed: tcpip_send_msg_wait_sem /IDF/components/lwip/lwip/src/api/tcpip.c:454 (Invalid mbox)


Backtrace: 0x40081db1:0x3ffbd950 0x40089f7d:0x3ffbd970 0x40091f2d:0x3ffbd990 0x400eaae7:0x3ffbdab0 0x400face2:0x3ffbdae0 0x401460e1:0x3ffbdb20 0x4010105d:0x3ffbdbb0 0x401013af:0x3ffbdc10 0x40101923:0x3ffbdc80 0x400dece2:0x3ffbdca0 0x4016b185:0x3ffbdcc0 0x400dc59e:0x3ffbdce0 0x4008aa21:0x3ffbdd10




ELF file SHA256: 699bda01c

Rebooting...
ets Jul 29 2019 12:21:46

rst:0xc (SW_CPU_RESET),boot:0x13 (SPI_FAST_FLASH_BOOT)
configsip: 0, SPIWP:0xee
clk_drv:0x00,q_drv:0x00,d_drv:0x00,cs0_drv:0x00,hd_drv:0x00,wp_drv:0x00
mode:DIO, clock div:2
load:0x3fff0030,len:6380
ho 0 tail 12 room 4
load:0x40078000,len:15916
load:0x40080400,len:3860
entry 0x40080638
[0;32mI (29) boot: ESP-IDF v5.5-dirty 2nd stage bootloader[0m
[0;32mI (29) boot: compile time Oct 30 2025 15:44:26[0m
[0;32mI (29) boot: Multicore bootloader[0m
[0;32mI (31) boot: chip revision: v3.0[0m
[0;32mI (34) boot.esp32: SPI Speed      : 40MHz[0m
[0;32mI (37) boot.esp32: SPI Mode       : DIO[0m
[0;32mI (41) boot.esp32: SPI Flash Size : 2MB[0m
[0;32mI (45) boot: Enabling RNG early entropy source...[0m
[0;32mI (49) boot: Partition Table:[0m
[0;32mI (52) boot: ## Label            Usage          Type ST Offset   Length[0m
[0;32mI (58) boot:  0 nvs              WiFi data        01 02 00009000 00006000[0m
[0;32mI (64) boot:  1 phy_init         RF data          01 01 0000f000 00001000[0m
[0;32mI (71) boot:  2 factory          factory app      00 00 00010000 00100000[0m
[0;32mI (78) boot: End of partition table[0m
[0;32mI (81) esp_image: segment 0: paddr=00010020 vaddr=3f400020 size=20180h (131456) map[0m
[0;32mI (133) esp_image: segment 1: paddr=000301a8 vaddr=3ff80000 size=00020h (    32) load[0m
[0;32mI (133) esp_image: segment 2: paddr=000301d0 vaddr=3ffb0000 size=03fb8h ( 16312) load[0m
[0;32mI (143) esp_image: segment 3: paddr=00034190 vaddr=40080000 size=0be88h ( 48776) load[0m
[0;32mI (164) esp_image: segment 4: paddr=00040020 vaddr=400d0020 size=a5238h (676408) map[0m
[0;32mI (395) esp_image: segment 5: paddr=000e5260 vaddr=4008be88 size=0d598h ( 54680) load[0m
[0;32mI (429) boot: Loaded app from partition at offset 0x10000[0m
[0;32mI (429) boot: Disabling RNG early entropy source...[0m
[0;32mI (439) cpu_start: Multicore app[0m
[0;32mI (448) cpu_start: Pro cpu start user code[0m
[0;32mI (448) cpu_start: cpu freq: 160000000 Hz[0m
[0;32mI (448) app_init: Application information:[0m
[0;32mI (448) app_init: Project name:     hello_world[0m
[0;32mI (452) app_init: App version:      e7264df-dirty[0m
[0;32mI (456) app_init: Compile time:     Oct 30 2025 15:45:01[0m
[0;32mI (461) app_init: ELF file SHA256:  699bda01c...[0m
[0;32mI (466) app_init: ESP-IDF:          v5.5-dirty[0m
[0;32mI (470) efuse_init: Min chip rev:     v0.0[0m
[0;32mI (474) efuse_init: Max chip rev:     v3.99 [0m
[0;32mI (478) efuse_init: Chip rev:         v3.0[0m
[0;32mI (482) heap_init: Initializing. RAM available for dynamic allocation:[0m
[0;32mI (488) heap_init: At 3FFAE6E0 len 00001920 (6 KiB): DRAM[0m
[0;32mI (493) heap_init: At 3FFB8990 len 00027670 (157 KiB): DRAM[0m
[0;32mI (498) heap_init: At 3FFE0440 len 00003AE0 (14 KiB): D/IRAM[0m
[0;32mI (504) heap_init: At 3FFE4350 len 0001BCB0 (111 KiB): D/IRAM[0m
[0;32mI (509) heap_init: At 40099420 len 00006BE0 (26 KiB): IRAM[0m
[0;32mI (516) spi_flash: detected chip: generic[0m
[0;32mI (518) spi_flash: flash io: dio[0m
[0;33mW (521) spi_flash: Detected size(4096k) larger than the size in the binary image header(2048k). Using the size in the binary image header.[0m
[0;33mW (533) i2c: This driver is an old driver, please migrate your application code to adapt `driver/i2c_master.h`[0m
[0;32mI (544) main_task: Started on CPU0[0m
[0;32mI (554) main_task: Calling app_main()[0m

assert failed: tcpip_send_msg_wait_sem /IDF/components/lwip/lwip/src/api/tcpip.c:454 (Invalid mbox)


Backtrace: 0x40081db1:0x3ffbd950 0x40089f7d:0x3ffbd970 0x40091f2d:0x3ffbd990 0x400eaae7:0x3ffbdab0 0x400face2:0x3ffbdae0 0x401460e1:0x3ffbdb20 0x4010105d:0x3ffbdbb0 0x401013af:0x3ffbdc10 0x40101923:0x3ffbdc80 0x400dece2:0x3ffbdca0 0x4016b185:0x3ffbdcc0 0x400dc59e:0x3ffbdce0 0x4008aa21:0x3ffbdd10




ELF file SHA256: 699bda01c

Rebooting...
ets Jul 29 2019 12:21:46

rst:0xc (SW_CPU_RESET),boot:0x13 (SPI_FAST_FLASH_BOOT)
configsip: 0, SPIWP:0xee
clk_drv:0x00,q_drv:0x00,d_drv:0x00,cs0_drv:0x00,hd_drv:0x00,wp_drv:0x00
mode:DIO, clock div:2
load:0x3fff0030,len:6380
ho 0 tail 12 room 4
load:0x40078000,len:15916
load:0x40080400,len:3860
entry 0x40080638
[0;32mI (29) boot: ESP-IDF v5.5-dirty 2nd stage bootloader[0m
[0;32mI (29) boot: compile time Oct 30 2025 15:44:26[0m
[0;32mI (29) boot: Multicore bootloader[0m
[0;32mI (31) boot: chip revision: v3.0[0m
[0;32mI (34) boot.esp32: SPI Speed      : 40MHz[0m
[0;32mI (37) boot.esp32: SPI Mode       : DIO[0m
[0;32mI (41) boot.esp32: SPI Flash Size : 2MB[0m
[0;32mI (45) boot: Enabling RNG early entropy source...[0m
[0;32mI (49) boot: Partition Table:[0m
[0;32mI (52) boot: ## Label            Usage          Type ST Offset   Length[0m
[0;32mI (58) boot:  0 nvs              WiFi data        01 02 00009000 00006000[0m
[0;32mI (64) boot:  1 phy_init         RF data          01 01 0000f000 00001000[0m
[0;32mI (71) boot:  2 factory          factory app      00 00 00010000 00100000[0m
[0;32mI (78) boot: End of partition table[0m
[0;32mI (81) esp_image: segment 0: paddr=00010020 vaddr=3f400020 size=20180h (131456) map[0m
[0;32mI (133) esp_image: segment 1: paddr=000301a8 vaddr=3ff80000 size=00020h (    32) load[0m
[0;32mI (133) esp_image: segment 2: paddr=000301d0 vaddr=3ffb0000 size=03fb8h ( 16312) load[0m
[0;32mI (143) esp_image: segment 3: paddr=00034190 vaddr=40080000 size=0be88h ( 48776) load[0m
[0;32mI (164) esp_image: segment 4: paddr=00040020 vaddr=400d0020 size=a5238h (676408) map[0m
[0;32mI (395) esp_image: segment 5: paddr=000e5260 vaddr=4008be88 size=0d598h ( 54680) load[0m
[0;32mI (429) boot: Loaded app from partition at offset 0x10000[0m
[0;32mI (429) boot: Disabling RNG early entropy source...[0m
[0;32mI (439) cpu_start: Multicore app[0m
[0;32mI (448) cpu_start: Pro cpu start user code[0m
[0;32mI (448) cpu_start: cpu freq: 160000000 Hz[0m
[0;32mI (448) app_init: Application information:[0m
[0;32mI (448) app_init: Project name:     hello_world[0m
[0;32mI (452) app_init: App version:      e7264df-dirty[0m
[0;32mI (456) app_init: Compile time:     Oct 30 2025 15:45:01[0m
[0;32mI (461) app_init: ELF file SHA256:  699bda01c...[0m
[0;32mI (466) app_init: ESP-IDF:          v5.5-dirty[0m
[0;32mI (470) efuse_init: Min chip rev:     v0.0[0m
[0;32mI (474) efuse_init: Max chip rev:     v3.99 [0m
[0;32mI (478) efuse_init: Chip rev:         v3.0[0m
[0;32mI (482) heap_init: Initializing. RAM available for dynamic allocation:[0m
[0;32mI (488) heap_init: At 3FFAE6E0 len 00001920 (6 KiB): DRAM[0m
[0;32mI (493) heap_init: At 3FFB8990 len 00027670 (157 KiB): DRAM[0m
[0;32mI (498) heap_init: At 3FFE0440 len 00003AE0 (14 KiB): D/IRAM[0m
[0;32mI (504) heap_init: At 3FFE4350 len 0001BCB0 (111 KiB): D/IRAM[0m
[0;32mI (509) heap_init: At 40099420 len 00006BE0 (26 KiB): IRAM[0m
[0;32mI (516) spi_flash: detected chip: generic[0m
[0;32mI (518) spi_flash: flash io: dio[0m
[0;33mW (521) spi_flash: Detected size(4096k) larger than the size in the binary image header(2048k). Using the size in the binary image header.[0m
[0;33mW (533) i2c: This driver is an old driver, please migrate your application code to adapt `driver/i2c_master.h`[0m
[0;32mI (544) main_task: Started on CPU0[0m
[0;32mI (554) main_task: Calling app_main()[0m

assert failed: tcpip_send_msg_wait_sem /IDF/components/lwip/lwip/src/api/tcpip.c:454 (Invalid mbox)


Backtrace: 0x40081db1:0x3ffbd950 0x40089f7d:0x3ffbd970 0x40091f2d:0x3ffbd990 0x400eaae7:0x3ffbdab0 0x400face2:0x3ffbdae0 0x401460e1:0x3ffbdb20 0x4010105d:0x3ffbdbb0 0x401013af:0x3ffbdc10 0x40101923:0x3ffbdc80 0x400dece2:0x3ffbdca0 0x4016b185:0x3ffbdcc0 0x400dc59e:0x3ffbdce0 0x4008aa21:0x3ffbdd10




ELF file SHA256: 699bda01c

Rebooting...
ets Jul 29 2019 12:21:46

rst:0xc (SW_CPU_RESET),boot:0x13 (SPI_FAST_FLASH_BOOT)
configsip: 0, SPIWP:0xee
clk_drv:0x00,q_drv:0x00,d_drv:0x00,cs0_drv:0x00,hd_drv:0x00,wp_drv:0x00
mode:DIO, clock div:2
load:0x3fff0030,len:6380
ho 0 tail 12 room 4
load:0x40078000,len:15916
load:0x40080400,len:3860
entry 0x40080638
[0;32mI (29) boot: ESP-IDF v5.5-dirty 2nd stage bootloader[0m
[0;32mI (29) boot: compile time Oct 30 2025 15:44:26[0m
[0;32mI (29) boot: Multicore bootloader[0m
[0;32mI (31) boot: chip revision: v3.0[0m
[0;32mI (34) boot.esp32: SPI Speed      : 40MHz[0m
[0;32mI (37) boot.esp32: SPI Mode       : DIO[0m
[0;32mI (41) boot.esp32: SPI Flash Size : 2MB[0m
[0;32mI (45) boot: Enabling RNG early entropy source...[0m
[0;32mI (49) boot: Partition Table:[0m
[0;32mI (52) boot: ## Label            Usage          Type ST Offset   Length[0m
[0;32mI (58) boot:  0 nvs              WiFi data        01 02 00009000 00006000[0m
[0;32mI (64) boot:  1 phy_init         RF data          01 01 0000f000 00001000[0m
[0;32mI (71) boot:  2 factory          factory app      00 00 00010000 00100000[0m
[0;32mI (78) boot: End of partition table[0m
[0;32mI (81) esp_image: segment 0: paddr=00010020 vaddr=3f400020 size=20180h (131456) map[0m
[0;32mI (133) esp_image: segment 1: paddr=000301a8 vaddr=3ff80000 size=00020h (    32) load[0m
[0;32mI (133) esp_image: segment 2: paddr=000301d0 vaddr=3ffb0000 size=03fb8h ( 16312) load[0m
[0;32mI (143) esp_image: segment 3: paddr=00034190 vaddr=40080000 size=0be88h ( 48776) load[0m
[0;32mI (164) esp_image: segment 4: paddr=00040020 vaddr=400d0020 size=a5238h (676408) map[0m
[0;32mI (395) esp_image: segment 5: paddr=000e5260 vaddr=4008be88 size=0d598h ( 54680) load[0m
[0;32mI (429) boot: Loaded app from partition at offset 0x10000[0m
[0;32mI (429) boot: Disabling RNG early entropy source...[0m
[0;32mI (439) cpu_start: Multicore app[0m
[0;32mI (448) cpu_start: Pro cpu start user code[0m
[0;32mI (448) cpu_start: cpu freq: 160000000 Hz[0m
[0;32mI (448) app_init: Application information:[0m
[0;32mI (448) app_init: Project name:     hello_world[0m
[0;32mI (452) app_init: App version:      e7264df-dirty[0m
[0;32mI (456) app_init: Compile time:     Oct 30 2025 15:45:01[0m
[0;32mI (461) app_init: ELF file SHA256:  699bda01c...[0m
[0;32mI (466) app_init: ESP-IDF:          v5.5-dirty[0m
[0;32mI (470) efuse_init: Min chip rev:     v0.0[0m
[0;32mI (474) efuse_init: Max chip rev:     v3.99 [0m
[0;32mI (478) efuse_init: Chip rev:         v3.0[0m
[0;32mI (482) heap_init: Initializing. RAM available for dynamic allocation:[0m
[0;32mI (488) heap_init: At 3FFAE6E0 len 00001920 (6 KiB): DRAM[0m
[0;32mI (493) heap_init: At 3FFB8990 len 00027670 (157 KiB): DRAM[0m
[0;32mI (498) heap_init: At 3FFE0440 len 00003AE0 (14 KiB): D/IRAM[0m
[0;32mI (504) heap_init: At 3FFE4350 len 0001BCB0 (111 KiB): D/IRAM[0m
[0;32mI (509) heap_init: At 40099420 len 00006BE0 (26 KiB): IRAM[0m
[0;32mI (516) spi_flash: detected chip: generic[0m
[0;32mI (518) spi_flash: flash io: dio[0m
[0;33mW (521) spi_flash: Detected size(4096k) larger than the size in the binary image header(2048k). Using the size in the binary image header.[0m
[0;33mW (533) i2c: This driver is an old driver, please migrate your application code to adapt `driver/i2c_master.h`[0m
[0;32mI (544) main_task: Started on CPU0[0m
[0;32mI (554) main_task: Calling app_main()[0m

assert failed: tcpip_send_msg_wait_sem /IDF/components/lwip/lwip/src/api/tcpip.c:454 (Invalid mbox)


Backtrace: 0x40081db1:0x3ffbd950 0x40089f7d:0x3ffbd970 0x40091f2d:0x3ffbd990 0x400eaae7:0x3ffbdab0 0x400face2:0x3ffbdae0 0x401460e1:0x3ffbdb20 0x4010105d:0x3ffbdbb0 0x401013af:0x3ffbdc10 0x40101923:0x3ffbdc80 0x400dece2:0x3ffbdca0 0x4016b185:0x3ffbdcc0 0x400dc59e:0x3ffbdce0 0x4008aa21:0x3ffbdd10




ELF file SHA256: 699bda01c

Rebooting...
ets Jul 29 2019 12:21:46

rst:0xc (SW_CPU_RESET),boot:0x13 (SPI_FAST_FLASH_BOOT)
configsip: 0, SPIWP:0xee
clk_drv:0x00,q_drv:0x00,d_drv:0x00,cs0_drv:0x00,hd_drv:0x00,wp_drv:0x00
mode:DIO, clock div:2
load:0x3fff0030,len:6380
ho 0 tail 12 room 4
load:0x40078000,len:15916
load:0x40080400,len:3860
entry 0x40080638
[0;32mI (29) boot: ESP-IDF v5.5-dirty 2nd stage bootloader[0m
[0;32mI (29) boot: compile time Oct 30 2025 15:44:26[0m
[0;32mI (29) boot: Multicore bootloader[0m
[0;32mI (31) boot: chip revision: v3.0[0m
[0;32mI (34) boot.esp32: SPI Speed      : 40MHz[0m
[0;32mI (37) boot.esp32: SPI Mode       : DIO[0m
[0;32mI (41) boot.esp32: SPI Flash Size : 2MB[0m
[0;32mI (45) boot: Enabling RNG early entropy source...[0m
[0;32mI (49) boot: Partition Table:[0m
[0;32mI (52) boot: ## Label            Usage          Type ST Offset   Length[0m
[0;32mI (58) boot:  0 nvs              WiFi data        01 02 00009000 00006000[0m
[0;32mI (64) boot:  1 phy_init         RF data          01 01 0000f000 00001000[0m
[0;32mI (71) boot:  2 factory          factory app      00 00 00010000 00100000[0m
[0;32mI (78) boot: End of partition table[0m
[0;32mI (81) esp_image: segment 0: paddr=00010020 vaddr=3f400020 size=20180h (131456) map[0m
[0;32mI (133) esp_image: segment 1: paddr=000301a8 vaddr=3ff80000 size=00020h (    32) load[0m
[0;32mI (133) esp_image: segment 2: paddr=000301d0 vaddr=3ffb0000 size=03fb8h ( 16312) load[0m
[0;32mI (143) esp_image: segment 3: paddr=00034190 vaddr=40080000 size=0be88h ( 48776) load[0m
[0;32mI (164) esp_image: segment 4: paddr=00040020 vaddr=400d0020 size=a5238h (676408) map[0m
[0;32mI (395) esp_image: segment 5: paddr=000e5260 vaddr=4008be88 size=0d598h ( 54680) load[0m
[0;32mI (429) boot: Loaded app from partition at offset 0x10000[0m
[0;32mI (429) boot: Disabling RNG early entropy source...[0m
[0;32mI (439) cpu_start: Multicore app[0m
[0;32mI (448) cpu_start: Pro cpu start user code[0m
[0;32mI (448) cpu_start: cpu freq: 160000000 Hz[0m
[0;32mI (448) app_init: Application information:[0m
[0;32mI (448) app_init: Project name:     hello_world[0m
[0;32mI (452) app_init: App version:      e7264df-dirty[0m
[0;32mI (456) app_init: Compile time:     Oct 30 2025 15:45:01[0m
[0;32mI (461) app_init: ELF file SHA256:  699bda01c...[0m
[0;32mI (466) app_init: ESP-IDF:          v5.5-dirty[0m
[0;32mI (470) efuse_init: Min chip rev:     v0.0[0m
[0;32mI (474) efuse_init: Max chip rev:     v3.99 [0m
[0;32mI (478) efuse_init: Chip rev:         v3.0[0m
[0;32mI (482) heap_init: Initializing. RAM available for dynamic allocation:[0m
[0;32mI (488) heap_init: At 3FFAE6E0 len 00001920 (6 KiB): DRAM[0m
[0;32mI (493) heap_init: At 3FFB8990 len 00027670 (157 KiB): DRAM[0m
[0;32mI (498) heap_init: At 3FFE0440 len 00003AE0 (14 KiB): D/IRAM[0m
[0;32mI (504) heap_init: At 3FFE4350 len 0001BCB0 (111 KiB): D/IRAM[0m
[0;32mI (509) heap_init: At 40099420 len 00006BE0 (26 KiB): IRAM[0m
[0;32mI (516) spi_flash: detected chip: generic[0m
[0;32mI (518) spi_flash: flash io: dio[0m
[0;33mW (521) spi_flash: Detected size(4096k) larger than the size in the binary image header(2048k). Using the size in the binary image header.[0m
[0;33mW (533) i2c: This driver is an old driver, please migrate your application code to adapt `driver/i2c_master.h`[0m
[0;32mI (544) main_task: Started on CPU0[0m
[0;32mI (554) main_task: Calling app_main()[0m

assert failed: tcpip_send_msg_wait_sem /IDF/components/lwip/lwip/src/api/tcpip.c:454 (Invalid mbox)


Backtrace: 0x40081db1:0x3ffbd950 0x40089f7d:0x3ffbd970 0x40091f2d:0x3ffbd990 0x400eaae7:0x3ffbdab0 0x400face2:0x3ffbdae0 0x401460e1:0x3ffbdb20 0x4010105d:0x3ffbdbb0 0x401013af:0x3ffbdc10 0x40101923:0x3ffbdc80 0x400dece2:0x3ffbdca0 0x4016b185:0x3ffbdcc0 0x400dc59e:0x3ffbdce0 0x4008aa21:0x3ffbdd10




ELF file SHA256: 699bda01c

Rebooting...
ets Jul 29 2019 12:21:46

rst:0xc (SW_CPU_RESET),boot:0x13 (SPI_FAST_FLASH_BOOT)
configsip: 0, SPIWP:0xee
clk_drv:0x00,q_drv:0x00,d_drv:0x00,cs0_drv:0x00,hd_drv:0x00,wp_drv:0x00
mode:DIO, clock div:2
load:0x3fff0030,len:6380
ho 0 tail 12 room 4
load:0x40078000,len:15916
load:0x40080400,len:3860
entry 0x40080638
[0;32mI (29) boot: ESP-IDF v5.5-dirty 2nd stage bootloader[0m
[0;32mI (29) boot: compile time Oct 30 2025 15:44:26[0m
[0;32mI (29) boot: Multicore bootloader[0m
[0;32mI (31) boot: chip revision: v3.0[0m
[0;32mI (34) boot.esp32: SPI Speed      : 40MHz[0m
[0;32mI (37) boot.esp32: SPI Mode       : DIO[0m
[0;32mI (41) boot.esp32: SPI Flash Size : 2MB[0m
[0;32mI (45) boot: Enabling RNG early entropy source...[0m
[0;32mI (49) boot: Partition Table:[0m
[0;32mI (52) boot: ## Label            Usage          Type ST Offset   Length[0m
[0;32mI (58) boot:  0 nvs              WiFi data        01 02 00009000 00006000[0m
[0;32mI (64) boot:  1 phy_init         RF data          01 01 0000f000 00001000[0m
[0;32mI (71) boot:  2 factory          factory app      00 00 00010000 00100000[0m
[0;32mI (78) boot: End of partition table[0m
[0;32mI (81) esp_image: segment 0: paddr=00010020 vaddr=3f400020 size=20180h (131456) map[0m
[0;32mI (133) esp_image: segment 1: paddr=000301a8 vaddr=3ff80000 size=00020h (    32) load[0m
[0;32mI (133) esp_image: segment 2: paddr=000301d0 vaddr=3ffb0000 size=03fb8h ( 16312) load[0m
[0;32mI (143) esp_image: segment 3: paddr=00034190 vaddr=40080000 size=0be88h ( 48776) load[0m
[0;32mI (164) esp_image: segment 4: paddr=00040020 vaddr=400d0020 size=a5238h (676408) map[0m
[0;32mI (395) esp_image: segment 5: paddr=000e5260 vaddr=4008be88 size=0d598h ( 54680) load[0m
[0;32mI (429) boot: Loaded app from partition at offset 0x10000[0m
[0;32mI (429) boot: Disabling RNG early entropy source...[0m
[0;32mI (439) cpu_start: Multicore app[0m
[0;32mI (448) cpu_start: Pro cpu start user code[0m
[0;32mI (448) cpu_start: cpu freq: 160000000 Hz[0m
[0;32mI (448) app_init: Application information:[0m
[0;32mI (448) app_init: Project name:     hello_world[0m
[0;32mI (452) app_init: App version:      e7264df-dirty[0m
[0;32mI (456) app_init: Compile time:     Oct 30 2025 15:45:01[0m
[0;32mI (461) app_init: ELF file SHA256:  699bda01c...[0m
[0;32mI (466) app_init: ESP-IDF:          v5.5-dirty[0m
[0;32mI (470) efuse_init: Min chip rev:     v0.0[0m
[0;32mI (474) efuse_init: Max chip rev:     v3.99 [0m
[0;32mI (478) efuse_init: Chip rev:         v3.0[0m
[0;32mI (482) heap_init: Initializing. RAM available for dynamic allocation:[0m
[0;32mI (488) heap_init: At 3FFAE6E0 len 00001920 (6 KiB): DRAM[0m
[0;32mI (493) heap_init: At 3FFB8990 len 00027670 (157 KiB): DRAM[0m
[0;32mI (498) heap_init: At 3FFE0440 len 00003AE0 (14 KiB): D/IRAM[0m
[0;32mI (504) heap_init: At 3FFE4350 len 0001BCB0 (111 KiB): D/IRAM[0m
[0;32mI (509) heap_init: At 40099420 len 00006BE0 (26 KiB): IRAM[0m
[0;32mI (516) spi_flash: detected chip: generic[0m
[0;32mI (518) spi_flash: flash io: dio[0m
[0;33mW (521) spi_flash: Detected size(4096k) larger than the size in the binary image header(2048k). Using the size in the binary image header.[0m
[0;33mW (533) i2c: This driver is an old driver, please migrate your application code to adapt `driver/i2c_master.h`[0m
[0;32mI (544) main_task: Started on CPU0[0m
[0;32mI (554) main_task: Calling app_main()[0m

assert failed: tcpip_send_msg_wait_sem /IDF/components/lwip/lwip/src/api/tcpip.c:454 (Invalid mbox)


Backtrace: 0x40081db1:0x3ffbd950 0x40089f7d:0x3ffbd970 0x40091f2d:0x3ffbd990 0x400eaae7:0x3ffbdab0 0x400face2:0x3ffbdae0 0x401460e1:0x3ffbdb20 0x4010105d:0x3ffbdbb0 0x401013af:0x3ffbdc10 0x40101923:0x3ffbdc80 0x400dece2:0x3ffbdca0 0x4016b185:0x3ffbdcc0 0x400dc59e:0x3ffbdce0 0x4008aa21:0x3ffbdd10




ELF file SHA256: 699bda01c

Rebooting...
ets Jul 29 2019 12:21:46

rst:0xc (SW_CPU_RESET),boot:0x13 (SPI_FAST_FLASH_BOOT)
configsip: 0, SPIWP:0xee
clk_drv:0x00,q_drv:0x00,d_drv:0x00,cs0_drv:0x00,hd_drv:0x00,wp_drv:0x00
mode:DIO, clock div:2
load:0x3fff0030,len:6380
ho 0 tail 12 room 4
load:0x40078000,len:15916
load:0x40080400,len:3860
entry 0x40080638
[0;32mI (29) boot: ESP-IDF v5.5-dirty 2nd stage bootloader[0m
[0;32mI (29) boot: compile time Oct 30 2025 15:44:26[0m
[0;32mI (29) boot: Multicore bootloader[0m
[0;32mI (31) boot: chip revision: v3.0[0m
[0;32mI (34) boot.esp32: SPI Speed      : 40MHz[0m
[0;32mI (37) boot.esp32: SPI Mode       : DIO[0m
[0;32mI (41) boot.esp32: SPI Flash Size : 2MB[0m
[0;32mI (45) boot: Enabling RNG early entropy source...[0m
[0;32mI (49) boot: Partition Table:[0m
[0;32mI (52) boot: ## Label            Usage          Type ST Offset   Length[0m
[0;32mI (58) boot:  0 nvs              WiFi data        01 02 00009000 00006000[0m
[0;32mI (64) boot:  1 phy_init         RF data          01 01 0000f000 00001000[0m
[0;32mI (71) boot:  2 factory          factory app      00 00 00010000 00100000[0m
[0;32mI (78) boot: End of partition table[0m
[0;32mI (81) esp_image: segment 0: paddr=00010020 vaddr=3f400020 size=20180h (131456) map[0m
[0;32mI (133) esp_image: segment 1: paddr=000301a8 vaddr=3ff80000 size=00020h (    32) load[0m
[0;32mI (133) esp_image: segment 2: paddr=000301d0 vaddr=3ffb0000 size=03fb8h ( 16312) load[0m
[0;32mI (143) esp_image: segment 3: paddr=00034190 vaddr=40080000 size=0be88h ( 48776) load[0m
[0;32mI (164) esp_image: segment 4: paddr=00040020 vaddr=400d0020 size=a5238h (676408) map[0m
[0;32mI (395) esp_image: segment 5: paddr=000e5260 vaddr=4008be88 size=0d598h ( 54680) load[0m
[0;32mI (429) boot: Loaded app from partition at offset 0x10000[0m
[0;32mI (429) boot: Disabling RNG early entropy source...[0m
[0;32mI (439) cpu_start: Multicore app[0m
[0;32mI (448) cpu_start: Pro cpu start user code[0m
[0;32mI (448) cpu_start: cpu freq: 160000000 Hz[0m
[0;32mI (448) app_init: Application information:[0m
[0;32mI (448) app_init: Project name:     hello_world[0m
[0;32mI (452) app_init: App version:      e7264df-dirty[0m
[0;32mI (456) app_init: Compile time:     Oct 30 2025 15:45:01[0m
[0;32mI (461) app_init: ELF file SHA256:  699bda01c...[0m
[0;32mI (466) app_init: ESP-IDF:          v5.5-dirty[0m
[0;32mI (470) efuse_init: Min chip rev:     v0.0[0m
[0;32mI (474) efuse_init: Max chip rev:     v3.99 [0m
I (478) efuse_init: Chip rev:         v3.0
[0;32mI (482) heap_init: Initializing. RAM available for dynamic allocation:[0m
[0;32mI (488) heap_init: At 3FFAE6E0 len 00001920 (6 KiB): DRAM[0m
[0;32mI (493) heap_init: At 3FFB8990 len 00027670 (157 KiB): DRAM[0m
[0;32mI (498) heap_init: At 3FFE0440 len 00003AE0 (14 KiB): D/IRAM[0m
[0;32mI (504) heap_init: At 3FFE4350 len 0001BCB0 (111 KiB): D/IRAM[0m
[0;32mI (509) heap_init: At 40099420 len 00006BE0 (26 KiB): IRAM[0m
[0;32mI (516) spi_flash: detected chip: generic[0m
[0;32mI (518) spi_flash: flash io: dio[0m
[0;33mW (521) spi_flash: Detected size(4096k) larger than the size in the binary image header(2048k). Using the size in the binary image header.[0m
[0;33mW (533) i2c: This driver is an old driver, please migrate your application code to adapt `driver/i2c_master.h`[0m
[0;32mI (544) main_task: Started on CPU0[0m
[0;32mI (554) main_task: Calling app_main()[0m

assert failed: tcpip_send_msg_wait_sem /IDF/components/lwip/lwip/src/api/tcpip.c:454 (Invalid mbox)


Backtrace: 0x40081db1:0x3ffbd950 0x40089f7d:0x3ffbd970 0x40091f2d:0x3ffbd990 0x400eaae7:0x3ffbdab0 0x400face2:0x3ffbdae0 0x401460e1:0x3ffbdb20 0x4010105d:0x3ffbdbb0 0x401013af:0x3ffbdc10 0x40101923:0x3ffbdc80 0x400dece2:0x3ffbdca0 0x4016b185:0x3ffbdcc0 0x400dc59e:0x3ffbdce0 0x4008aa21:0x3ffbdd10




ELF file SHA256: 699bda01c

Rebooting...
ets Jul 29 2019 12:21:46

rst:0xc (SW_CPU_RESET),boot:0x13 (SPI_FAST_FLASH_BOOT)
configsip: 0, SPIWP:0xee
clk_drv:0x00,q_drv:0x00,d_drv:0x00,cs0_drv:0x00,hd_drv:0x00,wp_drv:0x00
mode:DIO, clock div:2
load:0x3fff0030,len:6380
ho 0 tail 12 room 4
load:0x40078000,len:15916
load:0x40080400,len:3860
entry 0x40080638
[0;32mI (29) boot: ESP-IDF v5.5-dirty 2nd stage bootloader[0m
[0;32mI (29) boot: compile time Oct 30 2025 15:44:26[0m
[0;32mI (29) boot: Multicore bootloader[0m
[0;32mI (31) boot: chip revision: v3.0[0m
[0;32mI (34) boot.esp32: SPI Speed      : 40MHz[0m
[0;32mI (37) boot.esp32: SPI Mode       : DIO[0m
[0;32mI (41) boot.esp32: SPI Flash Size : 2MB[0m
[0;32mI (45) boot: Enabling RNG early entropy source...[0m
[0;32mI (49) boot: Partition Table:[0m
[0;32mI (52) boot: ## Label            Usage          Type ST Offset   Length[0m
[0;32mI (58) boot:  0 nvs              WiFi data        01 02 00009000 00006000[0m
[0;32mI (64) boot:  1 phy_init         RF data          01 01 0000f000 00001000[0m
[0;32mI (71) boot:  2 factory          factory app      00 00 00010000 00100000[0m
[0;32mI (78) boot: End of partition table[0m
[0;32mI (81) esp_image: segment 0: paddr=00010020 vaddr=3f400020 size=20180h (131456) map[0m
[0;32mI (133) esp_image: segment 1: paddr=000301a8 vaddr=3ff80000 size=00020h (    32) load[0m
[0;32mI (133) esp_image: segment 2: paddr=000301d0 vaddr=3ffb0000 size=03fb8h ( 16312) load[0m
[0;32mI (143) esp_image: segment 3: paddr=00034190 vaddr=40080000 size=0be88h ( 48776) load[0m
[0;32mI (164) esp_image: segment 4: paddr=00040020 vaddr=400d0020 size=a5238h (676408) map[0m
[0;32mI (395) esp_image: segment 5: paddr=000e5260 vaddr=4008be88 size=0d598h ( 54680) load[0m
[0;32mI (429) boot: Loaded app from partition at offset 0x10000[0m
[0;32mI (429) boot: Disabling RNG early entropy source...[0m
[0;32mI (439) cpu_start: Multicore app[0m
[0;32mI (448) cpu_start: Pro cpu start user code[0m
[0;32mI (448) cpu_start: cpu freq: 160000000 Hz[0m
[0;32mI (448) app_init: Application information:[0m
[0;32mI (448) app_init: Project name:     hello_world[0m
[0;32mI (452) app_init: App version:      e7264df-dirty[0m
[0;32mI (456) app_init: Compile time:     Oct 30 2025 15:45:01[0m
[0;32mI (461) app_init: ELF file SHA256:  699bda01c...[0m
[0;32mI (466) app_init: ESP-IDF:          v5.5-dirty[0m
[0;32mI (470) efuse_init: Min chip rev:     v0.0[0m
[0;32mI (474) efuse_init: Max chip rev:     v3.99 [0m
[0;32mI (478) efuse_init: Chip rev:         v3.0[0m
[0;32mI (482) heap_init: Initializing. RAM available for dynamic allocation:[0m
[0;32mI (488) heap_init: At 3FFAE6E0 len 00001920 (6 KiB): DRAM[0m
[0;32mI (493) heap_init: At 3FFB8990 len 00027670 (157 KiB): DRAM[0m
[0;32mI (498) heap_init: At 3FFE0440 len 00003AE0 (14 KiB): D/IRAM[0m
[0;32mI (504) heap_init: At 3FFE4350 len 0001BCB0 (111 KiB): D/IRAM[0m
[0;32mI (509) heap_init: At 40099420 len 00006BE0 (26 KiB): IRAM[0m
[0;32mI (516) spi_flash: detected chip: generic[0m
[0;32mI (518) spi_flash: flash io: dio[0m
[0;33mW (521) spi_flash: Detected size(4096k) larger than the size in the binary image header(2048k). Using the size in the binary image header.[0m
W (533) i2c: This driver is an old driver, please migrate your application code to adapt `driver/i2c_master.h`
[0;32mI (544) main_task: Started on CPU0[0m
[0;32mI (554) main_task: Calling app_main()[0m

assert failed: tcpip_send_msg_wait_sem /IDF/components/lwip/lwip/src/api/tcpip.c:454 (Invalid mbox)


Backtrace: 0x40081db1:0x3ffbd950 0x40089f7d:0x3ffbd970 0x40091f2d:0x3ffbd990 0x400eaae7:0x3ffbdab0 0x400face2:0x3ffbdae0 0x401460e1:0x3ffbdb20 0x4010105d:0x3ffbdbb0 0x401013af:0x3ffbdc10 0x40101923:0x3ffbdc80 0x400dece2:0x3ffbdca0 0x4016b185:0x3ffbdcc0 0x400dc59e:0x3ffbdce0 0x4008aa21:0x3ffbdd10




ELF file SHA256: 699bda01c

Rebooting...
ets Jul 29 2019 12:21:46

rst:0xc (SW_CPU_RESET),boot:0x13 (SPI_FAST_FLASH_BOOT)
configsip: 0, SPIWP:0xee
clk_drv:0x00,q_drv:0x00,d_drv:0x00,cs0_drv:0x00,hd_drv:0x00,wp_drv:0x00
mode:DIO, clock div:2
load:0x3fff0030,len:6380
ho 0 tail 12 room 4
load:0x40078000,len:15916
load:0x40080400,len:3860
entry 0x40080638
[0;32mI (29) boot: ESP-IDF v5.5-dirty 2nd stage bootloader[0m
[0;32mI (29) boot: compile time Oct 30 2025 15:44:26[0m
[0;32mI (29) boot: Multicore bootloader[0m
[0;32mI (31) boot: chip revision: v3.0[0m
[0;32mI (34) boot.esp32: SPI Speed      : 40MHz[0m
[0;32mI (37) boot.esp32: SPI Mode       : DIO[0m
[0;32mI (41) boot.esp32: SPI Flash Size : 2MB[0m
[0;32mI (45) boot: Enabling RNG early entropy source...[0m
[0;32mI (49) boot: Partition Table:[0m
[0;32mI (52) boot: ## Label            Usage          Type ST Offset   Length[0m
[0;32mI (58) boot:  0 nvs              WiFi data        01 02 00009000 00006000[0m
[0;32mI (64) boot:  1 phy_init         RF data          01 01 0000f000 00001000[0m
[0;32mI (71) boot:  2 factory          factory app      00 00 00010000 00100000[0m
[0;32mI (78) boot: End of partition table[0m
[0;32mI (81) esp_image: segment 0: paddr=00010020 vaddr=3f400020 size=20180h (131456) map[0m
[0;32mI (133) esp_image: segment 1: paddr=000301a8 vaddr=3ff80000 size=00020h (    32) load[0m
[0;32mI (133) esp_image: segment 2: paddr=000301d0 vaddr=3ffb0000 size=03fb8h ( 16312) load[0m
[0;32mI (143) esp_image: segment 3: paddr=00034190 vaddr=40080000 size=0be88h ( 48776) load[0m
[0;32mI (164) esp_image: segment 4: paddr=00040020 vaddr=400d0020 size=a5238h (676408) map[0m
[0;32mI (395) esp_image: segment 5: paddr=000e5260 vaddr=4008be88 size=0d598h ( 54680) load[0m
[0;32mI (429) boot: Loaded app from partition at offset 0x10000[0m
[0;32mI (429) boot: Disabling RNG early entropy source...[0m
[0;32mI (439) cpu_start: Multicore app[0m
[0;32mI (448) cpu_start: Pro cpu start user code[0m
[0;32mI (448) cpu_start: cpu freq: 160000000 Hz[0m
[0;32mI (448) app_init: Application information:[0m
[0;32mI (448) app_init: Project name:     hello_world[0m
[0;32mI (452) app_init: App version:      e7264df-dirty[0m
[0;32mI (456) app_init: Compile time:     Oct 30 2025 15:45:01[0m
[0;32mI (461) app_init: ELF file SHA256:  699bda01c...[0m
[0;32mI (466) app_init: ESP-IDF:          v5.5-dirty[0m
[0;32mI (470) efuse_init: Min chip rev:     v0.0[0m
[0;32mI (474) efuse_init: Max chip rev:     v3.99 [0m
[0;32mI (478) efuse_init: Chip rev:         v3.0[0m
[0;32mI (482) heap_init: Initializing. RAM available for dynamic allocation:[0m
[0;32mI (488) heap_init: At 3FFAE6E0 len 00001920 (6 KiB): DRAM[0m
[0;32mI (493) heap_init: At 3FFB8990 len 00027670 (157 KiB): DRAM[0m
[0;32mI (498) heap_init: At 3FFE0440 len 00003AE0 (14 KiB): D/IRAM[0m
[0;32mI (504) heap_init: At 3FFE4350 len 0001BCB0 (111 KiB): D/IRAM[0m
[0;32mI (509) heap_init: At 40099420 len 00006BE0 (26 KiB): IRAM[0m
[0;32mI (516) spi_flash: detected chip: generic[0m
[0;32mI (518) spi_flash: flash io: dio[0m
[0;33mW (521) spi_flash: Detected size(4096k) larger than the size in the binary image header(2048k). Using the size in the binary image header.[0m
[0;33mW (533) i2c: This driver is an old driver, please migrate your application code to adapt `driver/i2c_master.h`[0m
[0;32mI (544) main_task: Started on CPU0[0m
[0;32mI (554) main_task: Calling app_main()[0m

assert failed: tcpip_send_msg_wait_sem /IDF/components/lwip/lwip/src/api/tcpip.c:454 (Invalid mbox)


Backtrace: 0x40081db1:0x3ffbd950 0x40089f7d:0x3ffbd970 0x40091f2d:0x3ffbd990 0x400eaae7:0x3ffbdab0 0x400face2:0x3ffbdae0 0x401460e1:0x3ffbdb20 0x4010105d:0x3ffbdbb0 0x401013af:0x3ffbdc10 0x40101923:0x3ffbdc80 0x400dece2:0x3ffbdca0 0x4016b185:0x3ffbdcc0 0x400dc59e:0x3ffbdce0 0x4008aa21:0x3ffbdd10




ELF file SHA256: 699bda01c

Rebooting...
ets Jul 29 2019 12:21:46

rst:0xc (SW_CPU_RESET),boot:0x13 (SPI_FAST_FLASH_BOOT)
configsip: 0, SPIWP:0xee
clk_drv:0x00,q_drv:0x00,d_drv:0x00,cs0_drv:0x00,hd_drv:0x00,wp_drv:0x00
mode:DIO, clock div:2
load:0x3fff0030,len:6380
ho 0 tail 12 room 4
load:0x40078000,len:15916
load:0x40080400,len:3860
entry 0x40080638
[0;32mI (29) boot: ESP-IDF v5.5-dirty 2nd stage bootloader[0m
[0;32mI (29) boot: compile time Oct 30 2025 15:44:26[0m
[0;32mI (29) boot: Multicore bootloader[0m
[0;32mI (31) boot: chip revision: v3.0[0m
[0;32mI (34) boot.esp32: SPI Speed      : 40MHz[0m
[0;32mI (37) boot.esp32: SPI Mode       : DIO[0m
[0;32mI (41) boot.esp32: SPI Flash Size : 2MB[0m
[0;32mI (45) boot: Enabling RNG early entropy source...[0m
[0;32mI (49) boot: Partition Table:[0m
[0;32mI (52) boot: ## Label            Usage          Type ST Offset   Length[0m
[0;32mI (58) boot:  0 nvs              WiFi data        01 02 00009000 00006000[0m
[0;32mI (64) boot:  1 phy_init         RF data          01 01 0000f000 00001000[0m
[0;32mI (71) boot:  2 factory          factory app      00 00 00010000 00100000[0m
[0;32mI (78) boot: End of partition table[0m
[0;32mI (81) esp_image: segment 0: paddr=00010020 vaddr=3f400020 size=20180h (131456) map[0m
[0;32mI (133) esp_image: segment 1: paddr=000301a8 vaddr=3ff80000 size=00020h (    32) load[0m
[0;32mI (133) esp_image: segment 2: paddr=000301d0 vaddr=3ffb0000 size=03fb8h ( 16312) load[0m
[0;32mI (143) esp_image: segment 3: paddr=00034190 vaddr=40080000 size=0be88h ( 48776) load[0m
[0;32mI (164) esp_image: segment 4: paddr=00040020 vaddr=400d0020 size=a5238h (676408) map[0m
[0;32mI (395) esp_image: segment 5: paddr=000e5260 vaddr=4008be88 size=0d598h ( 54680) load[0m
[0;32mI (429) boot: Loaded app from partition at offset 0x10000[0m
[0;32mI (429) boot: Disabling RNG early entropy source...[0m
[0;32mI (439) cpu_start: Multicore app[0m
[0;32mI (448) cpu_start: Pro cpu start user code[0m
[0;32mI (448) cpu_start: cpu freq: 160000000 Hz[0m
[0;32mI (448) app_init: Application information:[0m
[0;32mI (448) app_init: Project name:     hello_world[0m
[0;32mI (452) app_init: App version:      e7264df-dirty[0m
[0;32mI (456) app_init: Compile time:     Oct 30 2025 15:45:01[0m
[0;32mI (461) app_init: ELF file SHA256:  699bda01c...[0m
[0;32mI (466) app_init: ESP-IDF:          v5.5-dirty[0m
[0;32mI (470) efuse_init: Min chip rev:     v0.0[0m
[0;32mI (474) efuse_init: Max chip rev:     v3.99 [0m
[0;32mI (478) efuse_init: Chip rev:         v3.0[0m
[0;32mI (482) heap_init: Initializing. RAM available for dynamic allocation:[0m
[0;32mI (488) heap_init: At 3FFAE6E0 len 00001920 (6 KiB): DRAM[0m
[0;32mI (493) heap_init: At 3FFB8990 len 00027670 (157 KiB): DRAM[0m
[0;32mI (498) heap_init: At 3FFE0440 len 00003AE0 (14 KiB): D/IRAM[0m
[0;32mI (504) heap_init: At 3FFE4350 len 0001BCB0 (111 KiB): D/IRAM[0m
[0;32mI (509) heap_init: At 40099420 len 00006BE0 (26 KiB): IRAM[0m
[0;32mI (516) spi_flash: detected chip: generic[0m
[0;32mI (518) spi_flash: flash io: dio[0m
[0;33mW (521) spi_flash: Detected size(4096k) larger than the size in the binary image header(2048k). Using the size in the binary image header.[0m
[0;33mW (533) i2c: This driver is an old driver, please migrate your application code to adapt `driver/i2c_master.h`[0m
[0;32mI (544) main_task: Started on CPU0[0m
[0;32mI (554) main_task: Calling app_main()[0m

assert failed: tcpip_send_msg_wait_sem /IDF/components/lwip/lwip/src/api/tcpip.c:454 (Invalid mbox)


Backtrace: 0x40081db1:0x3ffbd950 0x40089f7d:0x3ffbd970 0x40091f2d:0x3ffbd990 0x400eaae7:0x3ffbdab0 0x400face2:0x3ffbdae0 0x401460e1:0x3ffbdb20 0x4010105d:0x3ffbdbb0 0x401013af:0x3ffbdc10 0x40101923:0x3ffbdc80 0x400dece2:0x3ffbdca0 0x4016b185:0x3ffbdcc0 0x400dc59e:0x3ffbdce0 0x4008aa21:0x3ffbdd10




ELF file SHA256: 699bda01c

Rebooting...
ets Jul 29 2019 12:21:46

rst:0xc (SW_CPU_RESET),boot:0x13 (SPI_FAST_FLASH_BOOT)
configsip: 0, SPIWP:0xee
clk_drv:0x00,q_drv:0x00,d_drv:0x00,cs0_drv:0x00,hd_drv:0x00,wp_drv:0x00
mode:DIO, clock div:2
load:0x3fff0030,len:6380
ho 0 tail 12 room 4
load:0x40078000,len:15916
load:0x40080400,len:3860
entry 0x40080638
[0;32mI (29) boot: ESP-IDF v5.5-dirty 2nd stage bootloader[0m
[0;32mI (29) boot: compile time Oct 30 2025 15:44:26[0m
[0;32mI (29) boot: Multicore bootloader[0m
[0;32mI (31) boot: chip revision: v3.0[0m
[0;32mI (34) boot.esp32: SPI Speed      : 40MHz[0m
[0;32mI (37) boot.esp32: SPI Mode       : DIO[0m
[0;32mI (41) boot.esp32: SPI Flash Size : 2MB[0m
[0;32mI (45) boot: Enabling RNG early entropy source...[0m
[0;32mI (49) boot: Partition Table:[0m
[0;32mI (52) boot: ## Label            Usage          Type ST Offset   Length[0m
[0;32mI (58) boot:  0 nvs              WiFi data        01 02 00009000 00006000[0m
[0;32mI (64) boot:  1 phy_init         RF data          01 01 0000f000 00001000[0m
[0;32mI (71) boot:  2 factory          factory app      00 00 00010000 00100000[0m
[0;32mI (78) boot: End of partition table[0m
[0;32mI (81) esp_image: segment 0: paddr=00010020 vaddr=3f400020 size=20180h (131456) map[0m
[0;32mI (133) esp_image: segment 1: paddr=000301a8 vaddr=3ff80000 size=00020h (    32) load[0m
[0;32mI (133) esp_image: segment 2: paddr=000301d0 vaddr=3ffb0000 size=03fb8h ( 16312) load[0m
[0;32mI (143) esp_image: segment 3: paddr=00034190 vaddr=40080000 size=0be88h ( 48776) load[0m
[0;32mI (164) esp_image: segment 4: paddr=00040020 vaddr=400d0020 size=a5238h (676408) map[0m
[0;32mI (395) esp_image: segment 5: paddr=000e5260 vaddr=4008be88 size=0d598h ( 54680) load[0m
[0;32mI (429) boot: Loaded app from partition at offset 0x10000[0m
[0;32mI (429) boot: Disabling RNG early entropy source...[0m
[0;32mI (439) cpu_start: Multicore app[0m
[0;32mI (448) cpu_start: Pro cpu start user code[0m
[0;32mI (448) cpu_start: cpu freq: 160000000 Hz[0m
[0;32mI (448) app_init: Application information:[0m
[0;32mI (448) app_init: Project name:     hello_world[0m
[0;32mI (452) app_init: App version:      e7264df-dirty[0m
[0;32mI (456) app_init: Compile time:     Oct 30 2025 15:45:01[0m
[0;32mI (461) app_init: ELF file SHA256:  699bda01c...[0m
[0;32mI (466) app_init: ESP-IDF:          v5.5-dirty[0m
[0;32mI (470) efuse_init: Min chip rev:     v0.0[0m
[0;32mI (474) efuse_init: Max chip rev:     v3.99 [0m
[0;32mI (478) efuse_init: Chip rev:         v3.0[0m
[0;32mI (482) heap_init: Initializing. RAM available for dynamic allocation:[0m
[0;32mI (488) heap_init: At 3FFAE6E0 len 00001920 (6 KiB): DRAM[0m
[0;32mI (493) heap_init: At 3FFB8990 len 00027670 (157 KiB): DRAM[0m
[0;32mI (498) heap_init: At 3FFE0440 len 00003AE0 (14 KiB): D/IRAM[0m
[0;32mI (504) heap_init: At 3FFE4350 len 0001BCB0 (111 KiB): D/IRAM[0m
[0;32mI (509) heap_init: At 40099420 len 00006BE0 (26 KiB): IRAM[0m
[0;32mI (516) spi_flash: detected chip: generic[0m
[0;32mI (518) spi_flash: flash io: dio[0m
[0;33mW (521) spi_flash: Detected size(4096k) larger than the size in the binary image header(2048k). Using the size in the binary image header.[0m
[0;33mW (533) i2c: This driver is an old driver, please migrate your application code to adapt `driver/i2c_master.h`[0m
[0;32mI (544) main_task: Started on CPU0[0m
[0;32mI (554) main_task: Calling app_main()[0m

assert failed: tcpip_send_msg_wait_sem /IDF/components/lwip/lwip/src/api/tcpip.c:454 (Invalid mbox)


Backtrace: 0x40081db1:0x3ffbd950 0x40089f7d:0x3ffbd970 0x40091f2d:0x3ffbd990 0x400eaae7:0x3ffbdab0 0x400face2:0x3ffbdae0 0x401460e1:0x3ffbdb20 0x4010105d:0x3ffbdbb0 0x401013af:0x3ffbdc10 0x40101923:0x3ffbdc80 0x400dece2:0x3ffbdca0 0x4016b185:0x3ffbdcc0 0x400dc59e:0x3ffbdce0 0x4008aa21:0x3ffbdd10




ELF file SHA256: 699bda01c

Rebooting...
ets Jul 29 2019 12:21:46

rst:0xc (SW_CPU_RESET),boot:0x13 (SPI_FAST_FLASH_BOOT)
configsip: 0, SPIWP:0xee
clk_drv:0x00,q_drv:0x00,d_drv:0x00,cs0_drv:0x00,hd_drv:0x00,wp_drv:0x00
mode:DIO, clock div:2
load:0x3fff0030,len:6380
ho 0 tail 12 room 4
load:0x40078000,len:15916
load:0x40080400,len:3860
entry 0x40080638
[0;32mI (29) boot: ESP-IDF v5.5-dirty 2nd stage bootloader[0m
[0;32mI (29) boot: compile time Oct 30 2025 15:44:26[0m
[0;32mI (29) boot: Multicore bootloader[0m
[0;32mI (31) boot: chip revision: v3.0[0m
[0;32mI (34) boot.esp32: SPI Speed      : 40MHz[0m
[0;32mI (37) boot.esp32: SPI Mode       : DIO[0m
[0;32mI (41) boot.esp32: SPI Flash Size : 2MB[0m
[0;32mI (45) boot: Enabling RNG early entropy source...[0m
[0;32mI (49) boot: Partition Table:[0m
[0;32mI (52) boot: ## Label            Usage          Type ST Offset   Length[0m
[0;32mI (58) boot:  0 nvs              WiFi data        01 02 00009000 00006000[0m
[0;32mI (64) boot:  1 phy_init         RF data          01 01 0000f000 00001000[0m
[0;32mI (71) boot:  2 factory          factory app      00 00 00010000 00100000[0m
[0;32mI (78) boot: End of partition table[0m
[0;32mI (81) esp_image: segment 0: paddr=00010020 vaddr=3f400020 size=20180h (131456) map[0m
[0;32mI (133) esp_image: segment 1: paddr=000301a8 vaddr=3ff80000 size=00020h (    32) load[0m
[0;32mI (133) esp_image: segment 2: paddr=000301d0 vaddr=3ffb0000 size=03fb8h ( 16312) load[0m
[0;32mI (143) esp_image: segment 3: paddr=00034190 vaddr=40080000 size=0be88h ( 48776) load[0m
[0;32mI (164) esp_image: segment 4: paddr=00040020 vaddr=400d0020 size=a5238h (676408) map[0m
[0;32mI (395) esp_image: segment 5: paddr=000e5260 vaddr=4008be88 size=0d598h ( 54680) load[0m
[0;32mI (429) boot: Loaded app from partition at offset 0x10000[0m
[0;32mI (429) boot: Disabling RNG early entropy source...[0m
[0;32mI (439) cpu_start: Multicore app[0m
[0;32mI (448) cpu_start: Pro cpu start user code[0m
[0;32mI (448) cpu_start: cpu freq: 160000000 Hz[0m
[0;32mI (448) app_init: Application information:[0m
[0;32mI (448) app_init: Project name:     hello_world[0m
[0;32mI (452) app_init: App version:      e7264df-dirty[0m
[0;32mI (456) app_init: Compile time:     Oct 30 2025 15:45:01[0m
[0;32mI (461) app_init: ELF file SHA256:  699bda01c...[0m
[0;32mI (466) app_init: ESP-IDF:          v5.5-dirty[0m
[0;32mI (470) efuse_init: Min chip rev:     v0.0[0m
[0;32mI (474) efuse_init: Max chip rev:     v3.99 [0m
[0;32mI (478) efuse_init: Chip rev:         v3.0[0m
[0;32mI (482) heap_init: Initializing. RAM available for dynamic allocation:[0m
[0;32mI (488) heap_init: At 3FFAE6E0 len 00001920 (6 KiB): DRAM[0m
[0;32mI (493) heap_init: At 3FFB8990 len 00027670 (157 KiB): DRAM[0m
[0;32mI (498) heap_init: At 3FFE0440 len 00003AE0 (14 KiB): D/IRAM[0m
[0;32mI (504) heap_init: At 3FFE4350 len 0001BCB0 (111 KiB): D/IRAM[0m
[0;32mI (509) heap_init: At 40099420 len 00006BE0 (26 KiB): IRAM[0m
[0;32mI (516) spi_flash: detected chip: generic[0m
[0;32mI (518) spi_flash: flash io: dio[0m
[0;33mW (521) spi_flash: Detected size(4096k) larger than the size in the binary image header(2048k). Using the size in the binary image header.[0m
[0;33mW (533) i2c: This driver is an old driver, please migrate your application code to adapt `driver/i2c_master.h`[0m
[0;32mI (544) main_task: Started on CPU0[0m
[0;32mI (554) main_task: Calling app_main()[0m

assert failed: tcpip_send_msg_wait_sem /IDF/components/lwip/lwip/src/api/tcpip.c:454 (Invalid mbox)


Backtrace: 0x40081db1:0x3ffbd950 0x40089f7d:0x3ffbd970 0x40091f2d:0x3ffbd990 0x400eaae7:0x3ffbdab0 0x400face2:0x3ffbdae0 0x401460e1:0x3ffbdb20 0x4010105d:0x3ffbdbb0 0x401013af:0x3ffbdc10 0x40101923:0x3ffbdc80 0x400dece2:0x3ffbdca0 0x4016b185:0x3ffbdcc0 0x400dc59e:0x3ffbdce0 0x4008aa21:0x3ffbdd10




ELF file SHA256: 699bda01c

Rebooting...
ets Jul 29 2019 12:21:46

rst:0xc (SW_CPU_RESET),boot:0x13 (SPI_FAST_FLASH_BOOT)
configsip: 0, SPIWP:0xee
clk_drv:0x00,q_drv:0x00,d_drv:0x00,cs0_drv:0x00,hd_drv:0x00,wp_drv:0x00
mode:DIO, clock div:2
load:0x3fff0030,len:6380
ho 0 tail 12 room 4
load:0x40078000,len:15916
load:0x40080400,len:3860
entry 0x40080638
[0;32mI (29) boot: ESP-IDF v5.5-dirty 2nd stage bootloader[0m
[0;32mI (29) boot: compile time Oct 30 2025 15:44:26[0m
[0;32mI (29) boot: Multicore bootloader[0m
[0;32mI (31) boot: chip revision: v3.0[0m
[0;32mI (34) boot.esp32: SPI Speed      : 40MHz[0m
[0;32mI (37) boot.esp32: SPI Mode       : DIO[0m
[0;32mI (41) boot.esp32: SPI Flash Size : 2MB[0m
[0;32mI (45) boot: Enabling RNG early entropy source...[0m
[0;32mI (49) boot: Partition Table:[0m
[0;32mI (52) boot: ## Label            Usage          Type ST Offset   Length[0m
[0;32mI (58) boot:  0 nvs              WiFi data        01 02 00009000 00006000[0m
[0;32mI (64) boot:  1 phy_init         RF data          01 01 0000f000 00001000[0m
[0;32mI (71) boot:  2 factory          factory app      00 00 00010000 00100000[0m
[0;32mI (78) boot: End of partition table[0m
[0;32mI (81) esp_image: segment 0: paddr=00010020 vaddr=3f400020 size=20180h (131456) map[0m
[0;32mI (133) esp_image: segment 1: paddr=000301a8 vaddr=3ff80000 size=00020h (    32) load[0m
[0;32mI (133) esp_image: segment 2: paddr=000301d0 vaddr=3ffb0000 size=03fb8h ( 16312) load[0m
[0;32mI (143) esp_image: segment 3: paddr=00034190 vaddr=40080000 size=0be88h ( 48776) load[0m
[0;32mI (164) esp_image: segment 4: paddr=00040020 vaddr=400d0020 size=a5238h (676408) map[0m
[0;32mI (395) esp_image: segment 5: paddr=000e5260 vaddr=4008be88 size=0d598h ( 54680) load[0m
[0;32mI (429) boot: Loaded app from partition at offset 0x10000[0m
[0;32mI (429) boot: Disabling RNG early entropy source...[0m
[0;32mI (439) cpu_start: Multicore app[0m
[0;32mI (448) cpu_start: Pro cpu start user code[0m
[0;32mI (448) cpu_start: cpu freq: 160000000 Hz[0m
[0;32mI (448) app_init: Application information:[0m
[0;32mI (448) app_init: Project name:     hello_world[0m
[0;32mI (452) app_init: App version:      e7264df-dirty[0m
[0;32mI (456) app_init: Compile time:     Oct 30 2025 15:45:01[0m
[0;32mI (461) app_init: ELF file SHA256:  699bda01c...[0m
[0;32mI (466) app_init: ESP-IDF:          v5.5-dirty[0m
[0;32mI (470) efuse_init: Min chip rev:     v0.0[0m
[0;32mI (474) efuse_init: Max chip rev:     v3.99 [0m
[0;32mI (478) efuse_init: Chip rev:         v3.0[0m
[0;32mI (482) heap_init: Initializing. RAM available for dynamic allocation:[0m
[0;32mI (488) heap_init: At 3FFAE6E0 len 00001920 (6 KiB): DRAM[0m
[0;32mI (493) heap_init: At 3FFB8990 len 00027670 (157 KiB): DRAM[0m
[0;32mI (498) heap_init: At 3FFE0440 len 00003AE0 (14 KiB): D/IRAM[0m
[0;32mI (504) heap_init: At 3FFE4350 len 0001BCB0 (111 KiB): D/IRAM[0m
[0;32mI (509) heap_init: At 40099420 len 00006BE0 (26 KiB): IRAM[0m
[0;32mI (516) spi_flash: detected chip: generic[0m
[0;32mI (518) spi_flash: flash io: dio[0m
[0;33mW (521) spi_flash: Detected size(4096k) larger than the size in the binary image header(2048k). Using the size in the binary image header.[0m
[0;33mW (533) i2c: This driver is an old driver, please migrate your application code to adapt `driver/i2c_master.h`[0m
[0;32mI (544) main_task: Started on CPU0[0m
[0;32mI (554) main_task: Calling app_main()[0m

assert failed: tcpip_send_msg_wait_sem /IDF/components/lwip/lwip/src/api/tcpip.c:454 (Invalid mbox)


Backtrace: 0x40081db1:0x3ffbd950 0x40089f7d:0x3ffbd970 0x40091f2d:0x3ffbd990 0x400eaae7:0x3ffbdab0 0x400face2:0x3ffbdae0 0x401460e1:0x3ffbdb20 0x4010105d:0x3ffbdbb0 0x401013af:0x3ffbdc10 0x40101923:0x3ffbdc80 0x400dece2:0x3ffbdca0 0x4016b185:0x3ffbdcc0 0x400dc59e:0x3ffbdce0 0x4008aa21:0x3ffbdd10




ELF file SHA256: 699bda01c

Rebooting...
ets Jul 29 2019 12:21:46

rst:0xc (SW_CPU_RESET),boot:0x13 (SPI_FAST_FLASH_BOOT)
configsip: 0, SPIWP:0xee
clk_drv:0x00,q_drv:0x00,d_drv:0x00,cs0_drv:0x00,hd_drv:0x00,wp_drv:0x00
mode:DIO, clock div:2
load:0x3fff0030,len:6380
ho 0 tail 12 room 4
load:0x40078000,len:15916
load:0x40080400,len:3860
entry 0x40080638
[0;32mI (29) boot: ESP-IDF v5.5-dirty 2nd stage bootloader[0m
[0;32mI (29) boot: compile time Oct 30 2025 15:44:26[0m
[0;32mI (29) boot: Multicore bootloader[0m
[0;32mI (31) boot: chip revision: v3.0[0m
[0;32mI (34) boot.esp32: SPI Speed      : 40MHz[0m
[0;32mI (37) boot.esp32: SPI Mode       : DIO[0m
[0;32mI (41) boot.esp32: SPI Flash Size : 2MB[0m
[0;32mI (45) boot: Enabling RNG early entropy source...[0m
[0;32mI (49) boot: Partition Table:[0m
[0;32mI (52) boot: ## Label            Usage          Type ST Offset   Length[0m
[0;32mI (58) boot:  0 nvs              WiFi data        01 02 00009000 00006000[0m
[0;32mI (64) boot:  1 phy_init         RF data          01 01 0000f000 00001000[0m
[0;32mI (71) boot:  2 factory          factory app      00 00 00010000 00100000[0m
[0;32mI (78) boot: End of partition table[0m
[0;32mI (81) esp_image: segment 0: paddr=00010020 vaddr=3f400020 size=20180h (131456) map[0m
[0;32mI (133) esp_image: segment 1: paddr=000301a8 vaddr=3ff80000 size=00020h (    32) load[0m
[0;32mI (133) esp_image: segment 2: paddr=000301d0 vaddr=3ffb0000 size=03fb8h ( 16312) load[0m
[0;32mI (143) esp_image: segment 3: paddr=00034190 vaddr=40080000 size=0be88h ( 48776) load[0m
[0;32mI (164) esp_image: segment 4: paddr=00040020 vaddr=400d0020 size=a5238h (676408) map[0m
[0;32mI (395) esp_image: segment 5: paddr=000e5260 vaddr=4008be88 size=0d598h ( 54680) load[0m
[0;32mI (429) boot: Loaded app from partition at offset 0x10000[0m
[0;32mI (429) boot: Disabling RNG early entropy source...[0m
[0;32mI (439) cpu_start: Multicore app[0m
I (448) cpu_start: Pro cpu start user code
[0;32mI (448) cpu_start: cpu freq: 160000000 Hz[0m
[0;32mI (448) app_init: Application information:[0m
[0;32mI (448) app_init: Project name:     hello_world[0m
[0;32mI (452) app_init: App version:      e7264df-dirty[0m
[0;32mI (456) app_init: Compile time:     Oct 30 2025 15:45:01[0m
[0;32mI (461) app_init: ELF file SHA256:  699bda01c...[0m
[0;32mI (466) app_init: ESP-IDF:          v5.5-dirty[0m
[0;32mI (470) efuse_init: Min chip rev:     v0.0[0m
[0;32mI (474) efuse_init: Max chip rev:     v3.99 [0m
[0;32mI (478) efuse_init: Chip rev:         v3.0[0m
[0;32mI (482) heap_init: Initializing. RAM available for dynamic allocation:[0m
[0;32mI (488) heap_init: At 3FFAE6E0 len 00001920 (6 KiB): DRAM[0m
[0;32mI (493) heap_init: At 3FFB8990 len 00027670 (157 KiB): DRAM[0m
[0;32mI (498) heap_init: At 3FFE0440 len 00003AE0 (14 KiB): D/IRAM[0m
[0;32mI (504) heap_init: At 3FFE4350 len 0001BCB0 (111 KiB): D/IRAM[0m
[0;32mI (509) heap_init: At 40099420 len 00006BE0 (26 KiB): IRAM[0m
[0;32mI (516) spi_flash: detected chip: generic[0m
[0;32mI (518) spi_flash: flash io: dio[0m
[0;33mW (521) spi_flash: Detected size(4096k) larger than the size in the binary image header(2048k). Using the size in the binary image header.[0m
[0;33mW (533) i2c: This driver is an old driver, please migrate your application code to adapt `driver/i2c_master.h`[0m
[0;32mI (544) main_task: Started on CPU0[0m
[0;32mI (554) main_task: Calling app_main()[0m

assert failed: tcpip_send_msg_wait_sem /IDF/components/lwip/lwip/src/api/tcpip.c:454 (Invalid mbox)


Backtrace: 0x40081db1:0x3ffbd950 0x40089f7d:0x3ffbd970 0x40091f2d:0x3ffbd990 0x400eaae7:0x3ffbdab0 0x400face2:0x3ffbdae0 0x401460e1:0x3ffbdb20 0x4010105d:0x3ffbdbb0 0x401013af:0x3ffbdc10 0x40101923:0x3ffbdc80 0x400dece2:0x3ffbdca0 0x4016b185:0x3ffbdcc0 0x400dc59e:0x3ffbdce0 0x4008aa21:0x3ffbdd10




ELF file SHA256: 699bda01c

Rebooting...
ets Jul 29 2019 12:21:46

rst:0xc (SW_CPU_RESET),boot:0x13 (SPI_FAST_FLASH_BOOT)
configsip: 0, SPIWP:0xee
clk_drv:0x00,q_drv:0x00,d_drv:0x00,cs0_drv:0x00,hd_drv:0x00,wp_drv:0x00
mode:DIO, clock div:2
load:0x3fff0030,len:6380
ho 0 tail 12 room 4
load:0x40078000,len:15916
load:0x40080400,len:3860
entry 0x40080638
[0;32mI (29) boot: ESP-IDF v5.5-dirty 2nd stage bootloader[0m
[0;32mI (29) boot: compile time Oct 30 2025 15:44:26[0m
[0;32mI (29) boot: Multicore bootloader[0m
[0;32mI (31) boot: chip revision: v3.0[0m
[0;32mI (34) boot.esp32: SPI Speed      : 40MHz[0m
[0;32mI (37) boot.esp32: SPI Mode       : DIO[0m
[0;32mI (41) boot.esp32: SPI Flash Size : 2MB[0m
[0;32mI (45) boot: Enabling RNG early entropy source...[0m
[0;32mI (49) boot: Partition Table:[0m
[0;32mI (52) boot: ## Label            Usage          Type ST Offset   Length[0m
[0;32mI (58) boot:  0 nvs              WiFi data        01 02 00009000 00006000[0m
[0;32mI (64) boot:  1 phy_init         RF data          01 01 0000f000 00001000[0m
[0;32mI (71) boot:  2 factory          factory app      00 00 00010000 00100000[0m
[0;32mI (78) boot: End of partition table[0m
[0;32mI (81) esp_image: segment 0: paddr=00010020 vaddr=3f400020 size=20180h (131456) map[0m
[0;32mI (133) esp_image: segment 1: paddr=000301a8 vaddr=3ff80000 size=00020h (    32) load[0m
[0;32mI (133) esp_image: segment 2: paddr=000301d0 vaddr=3ffb0000 size=03fb8h ( 16312) load[0m
[0;32mI (143) esp_image: segment 3: paddr=00034190 vaddr=40080000 size=0be88h ( 48776) load[0m
[0;32mI (164) esp_image: segment 4: paddr=00040020 vaddr=400d0020 size=a5238h (676408) map[0m
[0;32mI (395) esp_image: segment 5: paddr=000e5260 vaddr=4008be88 size=0d598h ( 54680) load[0m
[0;32mI (429) boot: Loaded app from partition at offset 0x10000[0m
[0;32mI (429) boot: Disabling RNG early entropy source...[0m
[0;32mI (439) cpu_start: Multicore app[0m
[0;32mI (448) cpu_start: Pro cpu start user code[0m
[0;32mI (448) cpu_start: cpu freq: 160000000 Hz[0m
[0;32mI (448) app_init: Application information:[0m
[0;32mI (448) app_init: Project name:     hello_world[0m
[0;32mI (452) app_init: App version:      e7264df-dirty[0m
[0;32mI (456) app_init: Compile time:     Oct 30 2025 15:45:01[0m
[0;32mI (461) app_init: ELF file SHA256:  699bda01c...[0m
[0;32mI (466) app_init: ESP-IDF:          v5.5-dirty[0m
[0;32mI (470) efuse_init: Min chip rev:     v0.0[0m
[0;32mI (474) efuse_init: Max chip rev:     v3.99 [0m
[0;32mI (478) efuse_init: Chip rev:         v3.0[0m
[0;32mI (482) heap_init: Initializing. RAM available for dynamic allocation:[0m
[0;32mI (488) heap_init: At 3FFAE6E0 len 00001920 (6 KiB): DRAM[0m
[0;32mI (493) heap_init: At 3FFB8990 len 00027670 (157 KiB): DRAM[0m
[0;32mI (498) heap_init: At 3FFE0440 len 00003AE0 (14 KiB): D/IRAM[0m
[0;32mI (504) heap_init: At 3FFE4350 len 0001BCB0 (111 KiB): D/IRAM[0m
[0;32mI (509) heap_init: At 40099420 len 00006BE0 (26 KiB): IRAM[0m
[0;32mI (516) spi_flash: detected chip: generic[0m
[0;32mI (518) spi_flash: flash io: dio[0m
[0;33mW (521) spi_flash: Detected size(4096k) larger than the size in the binary image header(2048k). Using the size in the binary image header.[0m
[0;33mW (533) i2c: This driver is an old driver, please migrate your application code to adapt `driver/i2c_master.h`[0m
[0;32mI (544) main_task: Started on CPU0[0m
[0;32mI (554) main_task: Calling app_main()[0m

assert failed: tcpip_send_msg_wait_sem /IDF/components/lwip/lwip/src/api/tcpip.c:454 (Invalid mbox)


Backtrace: 0x40081db1:0x3ffbd950 0x40089f7d:0x3ffbd970 0x40091f2d:0x3ffbd990 0x400eaae7:0x3ffbdab0 0x400face2:0x3ffbdae0 0x401460e1:0x3ffbdb20 0x4010105d:0x3ffbdbb0 0x401013af:0x3ffbdc10 0x40101923:0x3ffbdc80 0x400dece2:0x3ffbdca0 0x4016b185:0x3ffbdcc0 0x400dc59e:0x3ffbdce0 0x4008aa21:0x3ffbdd10




ELF file SHA256: 699bda01c

Rebooting...
ets Jul 29 2019 12:21:46

rst:0xc (SW_CPU_RESET),boot:0x13 (SPI_FAST_FLASH_BOOT)
configsip: 0, SPIWP:0xee
clk_drv:0x00,q_drv:0x00,d_drv:0x00,cs0_drv:0x00,hd_drv:0x00,wp_drv:0x00
mode:DIO, clock div:2
load:0x3fff0030,len:6380
ho 0 tail 12 room 4
load:0x40078000,len:15916
load:0x40080400,len:3860
entry 0x40080638
[0;32mI (29) boot: ESP-IDF v5.5-dirty 2nd stage bootloader[0m
[0;32mI (29) boot: compile time Oct 30 2025 15:44:26[0m
[0;32mI (29) boot: Multicore bootloader[0m
[0;32mI (31) boot: chip revision: v3.0[0m
[0;32mI (34) boot.esp32: SPI Speed      : 40MHz[0m
[0;32mI (37) boot.esp32: SPI Mode       : DIO[0m
[0;32mI (41) boot.esp32: SPI Flash Size : 2MB[0m
[0;32mI (45) boot: Enabling RNG early entropy source...[0m
[0;32mI (49) boot: Partition Table:[0m
[0;32mI (52) boot: ## Label            Usage          Type ST Offset   Length[0m
[0;32mI (58) boot:  0 nvs              WiFi data        01 02 00009000 00006000[0m
[0;32mI (64) boot:  1 phy_init         RF data          01 01 0000f000 00001000[0m
[0;32mI (71) boot:  2 factory          factory app      00 00 00010000 00100000[0m
[0;32mI (78) boot: End of partition table[0m
[0;32mI (81) esp_image: segment 0: paddr=00010020 vaddr=3f400020 size=20180h (131456) map[0m
[0;32mI (133) esp_image: segment 1: paddr=000301a8 vaddr=3ff80000 size=00020h (    32) load[0m
[0;32mI (133) esp_image: segment 2: paddr=000301d0 vaddr=3ffb0000 size=03fb8h ( 16312) load[0m
[0;32mI (143) esp_image: segment 3: paddr=00034190 vaddr=40080000 size=0be88h ( 48776) load[0m
[0;32mI (164) esp_image: segment 4: paddr=00040020 vaddr=400d0020 size=a5238h (676408) map[0m
[0;32mI (395) esp_image: segment 5: paddr=000e5260 vaddr=4008be88 size=0d598h ( 54680) load[0m
[0;32mI (429) boot: Loaded app from partition at offset 0x10000[0m
[0;32mI (429) boot: Disabling RNG early entropy source...[0m
[0;32mI (439) cpu_start: Multicore app[0m
[0;32mI (448) cpu_start: Pro cpu start user code[0m
[0;32mI (448) cpu_start: cpu freq: 160000000 Hz[0m
[0;32mI (448) app_init: Application information:[0m
[0;32mI (448) app_init: Project name:     hello_world[0m
[0;32mI (452) app_init: App version:      e7264df-dirty[0m
[0;32mI (456) app_init: Compile time:     Oct 30 2025 15:45:01[0m
[0;32mI (461) app_init: ELF file SHA256:  699bda01c...[0m
[0;32mI (466) app_init: ESP-IDF:          v5.5-dirty[0m
[0;32mI (470) efuse_init: Min chip rev:     v0.0[0m
[0;32mI (474) efuse_init: Max chip rev:     v3.99 [0m
[0;32mI (478) efuse_init: Chip rev:         v3.0[0m
[0;32mI (482) heap_init: Initializing. RAM available for dynamic allocation:[0m
[0;32mI (488) heap_init: At 3FFAE6E0 len 00001920 (6 KiB): DRAM[0m
[0;32mI (493) heap_init: At 3FFB8990 len 00027670 (157 KiB): DRAM[0m
[0;32mI (498) heap_init: At 3FFE0440 len 00003AE0 (14 KiB): D/IRAM[0m
[0;32mI (504) heap_init: At 3FFE4350 len 0001BCB0 (111 KiB): D/IRAM[0m
[0;32mI (509) heap_init: At 40099420 len 00006BE0 (26 KiB): IRAM[0m
[0;32mI (516) spi_flash: detected chip: generic[0m
[0;32mI (518) spi_flash: flash io: dio[0m
[0;33mW (521) spi_flash: Detected size(4096k) larger than the size in the binary image header(2048k). Using the size in the binary image header.[0m
[0;33mW (533) i2c: This driver is an old driver, please migrate your application code to adapt `driver/i2c_master.h`[0m
[0;32mI (544) main_task: Started on CPU0[0m
[0;32mI (554) main_task: Calling app_main()[0m

assert failed: tcpip_send_msg_wait_sem /IDF/components/lwip/lwip/src/api/tcpip.c:454 (Invalid mbox)


Backtrace: 0x40081db1:0x3ffbd950 0x40089f7d:0x3ffbd970 0x40091f2d:0x3ffbd990 0x400eaae7:0x3ffbdab0 0x400face2:0x3ffbdae0 0x401460e1:0x3ffbdb20 0x4010105d:0x3ffbdbb0 0x401013af:0x3ffbdc10 0x40101923:0x3ffbdc80 0x400dece2:0x3ffbdca0 0x4016b185:0x3ffbdcc0 0x400dc59e:0x3ffbdce0 0x4008aa21:0x3ffbdd10




ELF file SHA256: 699bda01c

Rebooting...
ets Jul 29 2019 12:21:46

rst:0xc (SW_CPU_RESET),boot:0x13 (SPI_FAST_FLASH_BOOT)
configsip: 0, SPIWP:0xee
clk_drv:0x00,q_drv:0x00,d_drv:0x00,cs0_drv:0x00,hd_drv:0x00,wp_drv:0x00
mode:DIO, clock div:2
load:0x3fff0030,len:6380
ho 0 tail 12 room 4
load:0x40078000,len:15916
load:0x40080400,len:3860
entry 0x40080638
[0;32mI (29) boot: ESP-IDF v5.5-dirty 2nd stage bootloader[0m
[0;32mI (29) boot: compile time Oct 30 2025 15:44:26[0m
[0;32mI (29) boot: Multicore bootloader[0m
[0;32mI (31) boot: chip revision: v3.0[0m
[0;32mI (34) boot.esp32: SPI Speed      : 40MHz[0m
[0;32mI (37) boot.esp32: SPI Mode       : DIO[0m
[0;32mI (41) boot.esp32: SPI Flash Size : 2MB[0m
[0;32mI (45) boot: Enabling RNG early entropy source...[0m
[0;32mI (49) boot: Partition Table:[0m
[0;32mI (52) boot: ## Label            Usage          Type ST Offset   Length[0m
[0;32mI (58) boot:  0 nvs              WiFi data        01 02 00009000 00006000[0m
[0;32mI (64) boot:  1 phy_init         RF data          01 01 0000f000 00001000[0m
[0;32mI (71) boot:  2 factory          factory app      00 00 00010000 00100000[0m
[0;32mI (78) boot: End of partition table[0m
[0;32mI (81) esp_image: segment 0: paddr=00010020 vaddr=3f400020 size=20180h (131456) map[0m
[0;32mI (133) esp_image: segment 1: paddr=000301a8 vaddr=3ff80000 size=00020h (    32) load[0m
[0;32mI (133) esp_image: segment 2: paddr=000301d0 vaddr=3ffb0000 size=03fb8h ( 16312) load[0m
[0;32mI (143) esp_image: segment 3: paddr=00034190 vaddr=40080000 size=0be88h ( 48776) load[0m
[0;32mI (164) esp_image: segment 4: paddr=00040020 vaddr=400d0020 size=a5238h (676408) map[0m
[0;32mI (395) esp_image: segment 5: paddr=000e5260 vaddr=4008be88 size=0d598h ( 54680) load[0m
[0;32mI (429) boot: Loaded app from partition at offset 0x10000[0m
[0;32mI (429) boot: Disabling RNG early entropy source...[0m
[0;32mI (439) cpu_start: Multicore app[0m
[0;32mI (448) cpu_start: Pro cpu start user code[0m
[0;32mI (448) cpu_start: cpu freq: 160000000 Hz[0m
[0;32mI (448) app_init: Application information:[0m
[0;32mI (448) app_init: Project name:     hello_world[0m
[0;32mI (452) app_init: App version:      e7264df-dirty[0m
[0;32mI (456) app_init: Compile time:     Oct 30 2025 15:45:01[0m
[0;32mI (461) app_init: ELF file SHA256:  699bda01c...[0m
[0;32mI (466) app_init: ESP-IDF:          v5.5-dirty[0m
[0;32mI (470) efuse_init: Min chip rev:     v0.0[0m
[0;32mI (474) efuse_init: Max chip rev:     v3.99 [0m
[0;32mI (478) efuse_init: Chip rev:         v3.0[0m
[0;32mI (482) heap_init: Initializing. RAM available for dynamic allocation:[0m
[0;32mI (488) heap_init: At 3FFAE6E0 len 00001920 (6 KiB): DRAM[0m
[0;32mI (493) heap_init: At 3FFB8990 len 00027670 (157 KiB): DRAM[0m
[0;32mI (498) heap_init: At 3FFE0440 len 00003AE0 (14 KiB): D/IRAM[0m
[0;32mI (504) heap_init: At 3FFE4350 len 0001BCB0 (111 KiB): D/IRAM[0m
[0;32mI (509) heap_init: At 40099420 len 00006BE0 (26 KiB): IRAM[0m
[0;32mI (516) spi_flash: detected chip: generic[0m
[0;32mI (518) spi_flash: flash io: dio[0m
[0;33mW (521) spi_flash: Detected size(4096k) larger than the size in the binary image header(2048k). Using the size in the binary image header.[0m
[0;33mW (533) i2c: This driver is an old driver, please migrate your application code to adapt `driver/i2c_master.h`[0m
[0;32mI (544) main_task: Started on CPU0[0m
[0;32mI (554) main_task: Calling app_main()[0m

assert failed: tcpip_send_msg_wait_sem /IDF/components/lwip/lwip/src/api/tcpip.c:454 (Invalid mbox)


Backtrace: 0x40081db1:0x3ffbd950 0x40089f7d:0x3ffbd970 0x40091f2d:0x3ffbd990 0x400eaae7:0x3ffbdab0 0x400face2:0x3ffbdae0 0x401460e1:0x3ffbdb20 0x4010105d:0x3ffbdbb0 0x401013af:0x3ffbdc10 0x40101923:0x3ffbdc80 0x400dece2:0x3ffbdca0 0x4016b185:0x3ffbdcc0 0x400dc59e:0x3ffbdce0 0x4008aa21:0x3ffbdd10




ELF file SHA256: 699bda01c

Rebooting...
ets Jul 29 2019 12:21:46

rst:0xc (SW_CPU_RESET),boot:0x13 (SPI_FAST_FLASH_BOOT)
configsip: 0, SPIWP:0xee
clk_drv:0x00,q_drv:0x00,d_drv:0x00,cs0_drv:0x00,hd_drv:0x00,wp_drv:0x00
mode:DIO, clock div:2
load:0x3fff0030,len:6380
ho 0 tail 12 room 4
load:0x40078000,len:15916
load:0x40080400,len:3860
entry 0x40080638
[0;32mI (29) boot: ESP-IDF v5.5-dirty 2nd stage bootloader[0m
[0;32mI (29) boot: compile time Oct 30 2025 15:44:26[0m
[0;32mI (29) boot: Multicore bootloader[0m
[0;32mI (31) boot: chip revision: v3.0[0m
[0;32mI (34) boot.esp32: SPI Speed      : 40MHz[0m
[0;32mI (37) boot.esp32: SPI Mode       : DIO[0m
[0;32mI (41) boot.esp32: SPI Flash Size : 2MB[0m
[0;32mI (45) boot: Enabling RNG early entropy source...[0m
[0;32mI (49) boot: Partition Table:[0m
[0;32mI (52) boot: ## Label            Usage          Type ST Offset   Length[0m
[0;32mI (58) boot:  0 nvs              WiFi data        01 02 00009000 00006000[0m
[0;32mI (64) boot:  1 phy_init         RF data          01 01 0000f000 00001000[0m
[0;32mI (71) boot:  2 factory          factory app      00 00 00010000 00100000[0m
[0;32mI (78) boot: End of partition table[0m
[0;32mI (81) esp_image: segment 0: paddr=00010020 vaddr=3f400020 size=20180h (131456) map[0m
[0;32mI (133) esp_image: segment 1: paddr=000301a8 vaddr=3ff80000 size=00020h (    32) load[0m
[0;32mI (133) esp_image: segment 2: paddr=000301d0 vaddr=3ffb0000 size=03fb8h ( 16312) load[0m
[0;32mI (143) esp_image: segment 3: paddr=00034190 vaddr=40080000 size=0be88h ( 48776) load[0m
[0;32mI (164) esp_image: segment 4: paddr=00040020 vaddr=400d0020 size=a5238h (676408) map[0m
[0;32mI (395) esp_image: segment 5: paddr=000e5260 vaddr=4008be88 size=0d598h ( 54680) load[0m
[0;32mI (429) boot: Loaded app from partition at offset 0x10000[0m
[0;32mI (429) boot: Disabling RNG early entropy source...[0m
[0;32mI (439) cpu_start: Multicore app[0m
[0;32mI (448) cpu_start: Pro cpu start user code[0m
[0;32mI (448) cpu_start: cpu freq: 160000000 Hz[0m
[0;32mI (448) app_init: Application information:[0m
[0;32mI (448) app_init: Project name:     hello_world[0m
[0;32mI (452) app_init: App version:      e7264df-dirty[0m
[0;32mI (456) app_init: Compile time:     Oct 30 2025 15:45:01[0m
[0;32mI (461) app_init: ELF file SHA256:  699bda01c...[0m
[0;32mI (466) app_init: ESP-IDF:          v5.5-dirty[0m
[0;32mI (470) efuse_init: Min chip rev:     v0.0[0m
[0;32mI (474) efuse_init: Max chip rev:     v3.99 [0m
[0;32mI (478) efuse_init: Chip rev:         v3.0[0m
[0;32mI (482) heap_init: Initializing. RAM available for dynamic allocation:[0m
[0;32mI (488) heap_init: At 3FFAE6E0 len 00001920 (6 KiB): DRAM[0m
[0;32mI (493) heap_init: At 3FFB8990 len 00027670 (157 KiB): DRAM[0m
[0;32mI (498) heap_init: At 3FFE0440 len 00003AE0 (14 KiB): D/IRAM[0m
[0;32mI (504) heap_init: At 3FFE4350 len 0001BCB0 (111 KiB): D/IRAM[0m
[0;32mI (509) heap_init: At 40099420 len 00006BE0 (26 KiB): IRAM[0m
[0;32mI (516) spi_flash: detected chip: generic[0m
[0;32mI (518) spi_flash: flash io: dio[0m
[0;33mW (521) spi_flash: Detected size(4096k) larger than the size in the binary image header(2048k). Using the size in the binary image header.[0m
[0;33mW (533) i2c: This driver is an old driver, please migrate your application code to adapt `driver/i2c_master.h`[0m
[0;32mI (544) main_task: Started on CPU0[0m
[0;32mI (554) main_task: Calling app_main()[0m

assert failed: tcpip_send_msg_wait_sem /IDF/components/lwip/lwip/src/api/tcpip.c:454 (Invalid mbox)


Backtrace: 0x40081db1:0x3ffbd950 0x40089f7d:0x3ffbd970 0x40091f2d:0x3ffbd990 0x400eaae7:0x3ffbdab0 0x400face2:0x3ffbdae0 0x401460e1:0x3ffbdb20 0x4010105d:0x3ffbdbb0 0x401013af:0x3ffbdc10 0x40101923:0x3ffbdc80 0x400dece2:0x3ffbdca0 0x4016b185:0x3ffbdcc0 0x400dc59e:0x3ffbdce0 0x4008aa21:0x3ffbdd10




ELF file SHA256: 699bda01c

Rebooting...
ets Jul 29 2019 12:21:46

rst:0xc (SW_CPU_RESET),boot:0x13 (SPI_FAST_FLASH_BOOT)
configsip: 0, SPIWP:0xee
clk_drv:0x00,q_drv:0x00,d_drv:0x00,cs0_drv:0x00,hd_drv:0x00,wp_drv:0x00
mode:DIO, clock div:2
load:0x3fff0030,len:6380
ho 0 tail 12 room 4
load:0x40078000,len:15916
load:0x40080400,len:3860
entry 0x40080638
[0;32mI (29) boot: ESP-IDF v5.5-dirty 2nd stage bootloader[0m
[0;32mI (29) boot: compile time Oct 30 2025 15:44:26[0m
[0;32mI (29) boot: Multicore bootloader[0m
[0;32mI (31) boot: chip revision: v3.0[0m
[0;32mI (34) boot.esp32: SPI Speed      : 40MHz[0m
[0;32mI (37) boot.esp32: SPI Mode       : DIO[0m
[0;32mI (41) boot.esp32: SPI Flash Size : 2MB[0m
[0;32mI (45) boot: Enabling RNG early entropy source...[0m
[0;32mI (49) boot: Partition Table:[0m
[0;32mI (52) boot: ## Label            Usage          Type ST Offset   Length[0m
[0;32mI (58) boot:  0 nvs              WiFi data        01 02 00009000 00006000[0m
[0;32mI (64) boot:  1 phy_init         RF data          01 01 0000f000 00001000[0m
[0;32mI (71) boot:  2 factory          factory app      00 00 00010000 00100000[0m
[0;32mI (78) boot: End of partition table[0m
[0;32mI (81) esp_image: segment 0: paddr=00010020 vaddr=3f400020 size=20180h (131456) map[0m
[0;32mI (133) esp_image: segment 1: paddr=000301a8 vaddr=3ff80000 size=00020h (    32) load[0m
[0;32mI (133) esp_image: segment 2: paddr=000301d0 vaddr=3ffb0000 size=03fb8h ( 16312) load[0m
[0;32mI (143) esp_image: segment 3: paddr=00034190 vaddr=40080000 size=0be88h ( 48776) load[0m
[0;32mI (164) esp_image: segment 4: paddr=00040020 vaddr=400d0020 size=a5238h (676408) map[0m
[0;32mI (395) esp_image: segment 5: paddr=000e5260 vaddr=4008be88 size=0d598h ( 54680) load[0m
[0;32mI (429) boot: Loaded app from partition at offset 0x10000[0m
[0;32mI (429) boot: Disabling RNG early entropy source...[0m
[0;32mI (439) cpu_start: Multicore app[0m
[0;32mI (448) cpu_start: Pro cpu start user code[0m
[0;32mI (448) cpu_start: cpu freq: 160000000 Hz[0m
I (448) app_init: Application information:
[0;32mI (448) app_init: Project name:     hello_world[0m
[0;32mI (452) app_init: App version:      e7264df-dirty[0m
[0;32mI (456) app_init: Compile time:     Oct 30 2025 15:45:01[0m
[0;32mI (461) app_init: ELF file SHA256:  699bda01c...[0m
[0;32mI (466) app_init: ESP-IDF:          v5.5-dirty[0m
[0;32mI (470) efuse_init: Min chip rev:     v0.0[0m
[0;32mI (474) efuse_init: Max chip rev:     v3.99 [0m
[0;32mI (478) efuse_init: Chip rev:         v3.0[0m
[0;32mI (482) heap_init: Initializing. RAM available for dynamic allocation:[0m
[0;32mI (488) heap_init: At 3FFAE6E0 len 00001920 (6 KiB): DRAM[0m
[0;32mI (493) heap_init: At 3FFB8990 len 00027670 (157 KiB): DRAM[0m
[0;32mI (498) heap_init: At 3FFE0440 len 00003AE0 (14 KiB): D/IRAM[0m
[0;32mI (504) heap_init: At 3FFE4350 len 0001BCB0 (111 KiB): D/IRAM[0m
[0;32mI (509) heap_init: At 40099420 len 00006BE0 (26 KiB): IRAM[0m
[0;32mI (516) spi_flash: detected chip: generic[0m
[0;32mI (518) spi_flash: flash io: dio[0m
[0;33mW (521) spi_flash: Detected size(4096k) larger than the size in the binary image header(2048k). Using the size in the binary image header.[0m
[0;33mW (533) i2c: This driver is an old driver, please migrate your application code to adapt `driver/i2c_master.h`[0m
[0;32mI (544) main_task: Started on CPU0[0m
[0;32mI (554) main_task: Calling app_main()[0m

assert failed: tcpip_send_msg_wait_sem /IDF/components/lwip/lwip/src/api/tcpip.c:454 (Invalid mbox)


Backtrace: 0x40081db1:0x3ffbd950 0x40089f7d:0x3ffbd970 0x40091f2d:0x3ffbd990 0x400eaae7:0x3ffbdab0 0x400face2:0x3ffbdae0 0x401460e1:0x3ffbdb20 0x4010105d:0x3ffbdbb0 0x401013af:0x3ffbdc10 0x40101923:0x3ffbdc80 0x400dece2:0x3ffbdca0 0x4016b185:0x3ffbdcc0 0x400dc59e:0x3ffbdce0 0x4008aa21:0x3ffbdd10




ELF file SHA256: 699bda01c

Rebooting...
ets Jul 29 2019 12:21:46

rst:0xc (SW_CPU_RESET),boot:0x13 (SPI_FAST_FLASH_BOOT)
configsip: 0, SPIWP:0xee
clk_drv:0x00,q_drv:0x00,d_drv:0x00,cs0_drv:0x00,hd_drv:0x00,wp_drv:0x00
mode:DIO, clock div:2
load:0x3fff0030,len:6380
ho 0 tail 12 room 4
load:0x40078000,len:15916
load:0x40080400,len:3860
entry 0x40080638
[0;32mI (29) boot: ESP-IDF v5.5-dirty 2nd stage bootloader[0m
[0;32mI (29) boot: compile time Oct 30 2025 15:44:26[0m
[0;32mI (29) boot: Multicore bootloader[0m
[0;32mI (31) boot: chip revision: v3.0[0m
[0;32mI (34) boot.esp32: SPI Speed      : 40MHz[0m
[0;32mI (37) boot.esp32: SPI Mode       : DIO[0m
[0;32mI (41) boot.esp32: SPI Flash Size : 2MB[0m
[0;32mI (45) boot: Enabling RNG early entropy source...[0m
[0;32mI (49) boot: Partition Table:[0m
[0;32mI (52) boot: ## Label            Usage          Type ST Offset   Length[0m
[0;32mI (58) boot:  0 nvs              WiFi data        01 02 00009000 00006000[0m
[0;32mI (64) boot:  1 phy_init         RF data          01 01 0000f000 00001000[0m
[0;32mI (71) boot:  2 factory          factory app      00 00 00010000 00100000[0m
[0;32mI (78) boot: End of partition table[0m
[0;32mI (81) esp_image: segment 0: paddr=00010020 vaddr=3f400020 size=20180h (131456) map[0m
[0;32mI (133) esp_image: segment 1: paddr=000301a8 vaddr=3ff80000 size=00020h (    32) load[0m
[0;32mI (133) esp_image: segment 2: paddr=000301d0 vaddr=3ffb0000 size=03fb8h ( 16312) load[0m
[0;32mI (143) esp_image: segment 3: paddr=00034190 vaddr=40080000 size=0be88h ( 48776) load[0m
[0;32mI (164) esp_image: segment 4: paddr=00040020 vaddr=400d0020 size=a5238h (676408) map[0m
[0;32mI (395) esp_image: segment 5: paddr=000e5260 vaddr=4008be88 size=0d598h ( 54680) load[0m
[0;32mI (429) boot: Loaded app from partition at offset 0x10000[0m
[0;32mI (429) boot: Disabling RNG early entropy source...[0m
[0;32mI (439) cpu_start: Multicore app[0m
[0;32mI (448) cpu_start: Pro cpu start user code[0m
[0;32mI (448) cpu_start: cpu freq: 160000000 Hz[0m
[0;32mI (448) app_init: Application information:[0m
[0;32mI (448) app_init: Project name:     hello_world[0m
[0;32mI (452) app_init: App version:      e7264df-dirty[0m
[0;32mI (456) app_init: Compile time:     Oct 30 2025 15:45:01[0m
[0;32mI (461) app_init: ELF file SHA256:  699bda01c...[0m
[0;32mI (466) app_init: ESP-IDF:          v5.5-dirty[0m
[0;32mI (470) efuse_init: Min chip rev:     v0.0[0m
[0;32mI (474) efuse_init: Max chip rev:     v3.99 [0m
[0;32mI (478) efuse_init: Chip rev:         v3.0[0m
[0;32mI (482) heap_init: Initializing. RAM available for dynamic allocation:[0m
[0;32mI (488) heap_init: At 3FFAE6E0 len 00001920 (6 KiB): DRAM[0m
[0;32mI (493) heap_init: At 3FFB8990 len 00027670 (157 KiB): DRAM[0m
[0;32mI (498) heap_init: At 3FFE0440 len 00003AE0 (14 KiB): D/IRAM[0m
[0;32mI (504) heap_init: At 3FFE4350 len 0001BCB0 (111 KiB): D/IRAM[0m
[0;32mI (509) heap_init: At 40099420 len 00006BE0 (26 KiB): IRAM[0m
[0;32mI (516) spi_flash: detected chip: generic[0m
[0;32mI (518) spi_flash: flash io: dio[0m
[0;33mW (521) spi_flash: Detected size(4096k) larger than the size in the binary image header(2048k). Using the size in the binary image header.[0m
[0;33mW (533) i2c: This driver is an old driver, please migrate your application code to adapt `driver/i2c_master.h`[0m
[0;32mI (544) main_task: Started on CPU0[0m
[0;32mI (554) main_task: Calling app_main()[0m

assert failed: tcpip_send_msg_wait_sem /IDF/components/lwip/lwip/src/api/tcpip.c:454 (Invalid mbox)


Backtrace: 0x40081db1:0x3ffbd950 0x40089f7d:0x3ffbd970 0x40091f2d:0x3ffbd990 0x400eaae7:0x3ffbdab0 0x400face2:0x3ffbdae0 0x401460e1:0x3ffbdb20 0x4010105d:0x3ffbdbb0 0x401013af:0x3ffbdc10 0x40101923:0x3ffbdc80 0x400dece2:0x3ffbdca0 0x4016b185:0x3ffbdcc0 0x400dc59e:0x3ffbdce0 0x4008aa21:0x3ffbdd10




ELF file SHA256: 699bda01c

Rebooting...
ets Jul 29 2019 12:21:46

rst:0xc (SW_CPU_RESET),boot:0x13 (SPI_FAST_FLASH_BOOT)
configsip: 0, SPIWP:0xee
clk_drv:0x00,q_drv:0x00,d_drv:0x00,cs0_drv:0x00,hd_drv:0x00,wp_drv:0x00
mode:DIO, clock div:2
load:0x3fff0030,len:6380
ho 0 tail 12 room 4
load:0x40078000,len:15916
load:0x40080400,len:3860
entry 0x40080638
[0;32mI (29) boot: ESP-IDF v5.5-dirty 2nd stage bootloader[0m
[0;32mI (29) boot: compile time Oct 30 2025 15:44:26[0m
[0;32mI (29) boot: Multicore bootloader[0m
[0;32mI (31) boot: chip revision: v3.0[0m
[0;32mI (34) boot.esp32: SPI Speed      : 40MHz[0m
[0;32mI (37) boot.esp32: SPI Mode       : DIO[0m
[0;32mI (41) boot.esp32: SPI Flash Size : 2MB[0m
[0;32mI (45) boot: Enabling RNG early entropy source...[0m
[0;32mI (49) boot: Partition Table:[0m
[0;32mI (52) boot: ## Label            Usage          Type ST Offset   Length[0m
[0;32mI (58) boot:  0 nvs              WiFi data        01 02 00009000 00006000[0m
[0;32mI (64) boot:  1 phy_init         RF data          01 01 0000f000 00001000[0m
[0;32mI (71) boot:  2 factory          factory app      00 00 00010000 00100000[0m
[0;32mI (78) boot: End of partition table[0m
[0;32mI (81) esp_image: segment 0: paddr=00010020 vaddr=3f400020 size=20180h (131456) map[0m
[0;32mI (133) esp_image: segment 1: paddr=000301a8 vaddr=3ff80000 size=00020h (    32) load[0m
[0;32mI (133) esp_image: segment 2: paddr=000301d0 vaddr=3ffb0000 size=03fb8h ( 16312) load[0m
[0;32mI (143) esp_image: segment 3: paddr=00034190 vaddr=40080000 size=0be88h ( 48776) load[0m
[0;32mI (164) esp_image: segment 4: paddr=00040020 vaddr=400d0020 size=a5238h (676408) map[0m
[0;32mI (395) esp_image: segment 5: paddr=000e5260 vaddr=4008be88 size=0d598h ( 54680) load[0m
[0;32mI (429) boot: Loaded app from partition at offset 0x10000[0m
[0;32mI (429) boot: Disabling RNG early entropy source...[0m
[0;32mI (439) cpu_start: Multicore app[0m
[0;32mI (448) cpu_start: Pro cpu start user code[0m
[0;32mI (448) cpu_start: cpu freq: 160000000 Hz[0m
[0;32mI (448) app_init: Application information:[0m
[0;32mI (448) app_init: Project name:     hello_world[0m
[0;32mI (452) app_init: App version:      e7264df-dirty[0m
[0;32mI (456) app_init: Compile time:     Oct 30 2025 15:45:01[0m
[0;32mI (461) app_init: ELF file SHA256:  699bda01c...[0m
[0;32mI (466) app_init: ESP-IDF:          v5.5-dirty[0m
[0;32mI (470) efuse_init: Min chip rev:     v0.0[0m
[0;32mI (474) efuse_init: Max chip rev:     v3.99 [0m
[0;32mI (478) efuse_init: Chip rev:         v3.0[0m
[0;32mI (482) heap_init: Initializing. RAM available for dynamic allocation:[0m
[0;32mI (488) heap_init: At 3FFAE6E0 len 00001920 (6 KiB): DRAM[0m
[0;32mI (493) heap_init: At 3FFB8990 len 00027670 (157 KiB): DRAM[0m
[0;32mI (498) heap_init: At 3FFE0440 len 00003AE0 (14 KiB): D/IRAM[0m
[0;32mI (504) heap_init: At 3FFE4350 len 0001BCB0 (111 KiB): D/IRAM[0m
[0;32mI (509) heap_init: At 40099420 len 00006BE0 (26 KiB): IRAM[0m
[0;32mI (516) spi_flash: detected chip: generic[0m
[0;32mI (518) spi_flash: flash io: dio[0m
[0;33mW (521) spi_flash: Detected size(4096k) larger than the size in the binary image header(2048k). Using the size in the binary image header.[0m
[0;33mW (533) i2c: This driver is an old driver, please migrate your application code to adapt `driver/i2c_master.h`[0m
[0;32mI (544) main_task: Started on CPU0[0m
[0;32mI (554) main_task: Calling app_main()[0m

assert failed: tcpip_send_msg_wait_sem /IDF/components/lwip/lwip/src/api/tcpip.c:454 (Invalid mbox)


Backtrace: 0x40081db1:0x3ffbd95
0 0x40089f7d
:0x3ffbd970 0x40091f2d:
0x3ffbd990 0x400eaae7:0x3ffbdab0 0x400face2:0x3ffbdae0 0x401460e1:0x3ffbdb20 0x4010105d:0x3ffbdbb0 0x401013af:0x3ffbdc10 0x40101923:0x3ffbdc80 0x400dece2:0x3ffbdca0 0x4016b185:0x3ffbdcc0 0x400dc59e:0x3ffbdce0 0x4008aa21
:0x3ffbdd10




ELF file SHA256: 699bda01c

Rebooting...
ets Jul 29 2019 12:21:46

rst:0xc (SW_CPU_RESET),boot:0x13 (SPI_FAST_FLASH_BOOT)
configsip: 0, SPIWP:0xee
clk_drv:0x00,q_drv:0x00,d_drv:0x00,cs0_drv:0x00,hd_drv:0x00,wp_drv:0x00
mode:DIO, clock div:2
load:0x3fff0030,len:6380
ho 0 tail 12 room 4
load:0x40078000,len:15916
load:0x40080400,len:3860
entry 0x40080638
[0;32mI (29) boot: ESP-IDF v5.5-dirty 2nd stage bootloader[0m
[0;32mI (29) boot: compile time Oct 30 2025 15:44:26[0m
[0;32mI (29) boot: Multicore bootloader[0m
[0;32mI (31) boot: chip revision: v3.0[0m
[0;32mI (34) boot.esp32: SPI Speed      : 40MHz[0m
[0;32mI (37) boot.esp32: SPI Mode       : DIO[0m
[0;32mI (41) boot.esp32: SPI Flash Size : 2MB[0m
[0;32mI (45) boot: Enabling RNG early entropy source...[0m
[0;32mI (49) boot: Partition Table:[0m
[0;32mI (52) boot: ## Label            Usage          Type ST Offset   Length[0m
[0;32mI (58) boot:  0 nvs              WiFi data        01 02 00009000 00006000[0m
[0;32mI (64) boot:  1 phy_init         RF data          01 01 0000f000 00001000[0m
[0;32mI (71) boot:  2 factory          factory app      00 00 00010000 00100000[0m
[0;32mI (78) boot: End of partition table[0m
[0;32mI (81) esp_image: segment 0: paddr=00010020 vaddr=3f400020 size=20180h (131456) map[0m
[0;32mI (133) esp_image: segment 1: paddr=000301a8 vaddr=3ff80000 size=00020h (    32) load[0m
[0;32mI (133) esp_image: segment 2: paddr=000301d0 vaddr=3ffb0000 size=03fb8h ( 16312) load[0m
[0;32mI (143) esp_image: segment 3: paddr=00034190 vaddr=40080000 size=0be88h ( 48776) load[0m
[0;32mI (164) esp_image: segment 4: paddr=00040020 vaddr=400d0020 size=a5238h (676408) map[0m
[0;32mI (395) esp_image: segment 5: paddr=000e5260 vaddr=4008be88 size=0d598h ( 54680) load[0m
[0;32mI (429) boot: Loaded app from partition at offset 0x10000[0m
[0;32mI (429) boot: Disabling RNG early entropy source...[0m
[0;32mI (439) cpu_start: Multicore app[0m
[0;32mI (448) cpu_start: Pro cpu start user code[0m
[0;32mI (448) cpu_start: cpu freq: 160000000 Hz[0m
[0;32mI (448) app_init: Application information:[0m
[0;32mI (448) app_init: Project name:     hello_world[0m
[0;32mI (452) app_init: App version:      e7264df-dirty[0m
[0;32mI (456) app_init: Compile time:     Oct 30 2025 15:45:01[0m
[0;32mI (461) app_init: ELF file SHA256:  699bda01c...[0m
[0;32mI (466) app_init: ESP-IDF:          v5.5-dirty[0m
[0;32mI (470) efuse_init: Min chip rev:     v0.0[0m
[0;32mI (474) efuse_init: Max chip rev:     v3.99 [0m
[0;32mI (478) efuse_init: Chip rev:         v3.0[0m
[0;32mI (482) heap_init: Initializing. RAM available for dynamic allocation:[0m
[0;32mI (488) heap_init: At 3FFAE6E0 len 00001920 (6 KiB): DRAM[0m
[0;32mI (493) heap_init: At 3FFB8990 len 00027670 (157 KiB): DRAM[0m
[0;32mI (498) heap_init: At 3FFE0440 len 00003AE0 (14 KiB): D/IRAM[0m
[0;32mI (504) heap_init: At 3FFE4350 len 0001BCB0 (111 KiB): D/IRAM[0m
[0;32mI (509) heap_init: At 40099420 len 00006BE0 (26 KiB): IRAM[0m
[0;32mI (516) spi_flash: detected chip: generic[0m
[0;32mI (518) spi_flash: flash io: dio[0m
[0;33mW (521) spi_flash: Detected size(4096k) larger than the size in the binary image header(2048k). Using the size in the binary image header.[0m
[0;33mW (533) i2c: This driver is an old driver, please migrate your application code to adapt `driver/i2c_master.h`[0m
[0;32mI (544) main_task: Started on CPU0[0m
[0;32mI (554) main_task: Calling app_main()[0m

assert failed: tcpip_send_msg_wait_sem /IDF/components/lwip/lwip/src/api/tcpip.c:454 (Invalid mbox)


Backtrace: 0x40081db1:0x3ffbd950 0x40089f7d:0x3ffbd970 0x40091f2d:0x3ffbd990 0x400eaae7:0x3ffbdab0 0x400face2:0x3ffbdae0 0x401460e1:0x3ffbdb20 0x4010105d:0x3ffbdbb0 0x401013af:0x3ffbdc10 0x40101923:0x3ffbdc80 0x400dece2:0x3ffbdca0 0x4016b185:0x3ffbdcc
0 0x400dc59e
:0x3ffbdce0 0x4008aa21:
0x3ffbdd10




ELF file SHA256: 699bda01c

Rebooting...
ets Jul 29 2019 12:21:46

rst:0xc (SW_CPU_RESET),boot:0x13 (SPI_FAST_FLASH_BOOT)
configsip: 0, SPIWP:0xee
clk_drv:0x00,q_drv:0x00,d_drv:0x00,cs0_drv:0x00,hd_drv:0x00,wp_drv:0x00
mode:DIO, clock div:2
load:0x3fff0030,len:6380
ho 0 tail 12 room 4
load:0x40078000,len:15916
load:0x40080400,len:3860
entry 0x40080638
[0;32mI (29) boot: ESP-IDF v5.5-dirty 2nd stage bootloader[0m
[0;32mI (29) boot: compile time Oct 30 2025 15:44:26[0m
[0;32mI (29) boot: Multicore bootloader[0m
[0;32mI (31) boot: chip revision: v3.0[0m
[0;32mI (34) boot.esp32: SPI Speed      : 40MHz[0m
[0;32mI (37) boot.esp32: SPI Mode       : DIO[0m
[0;32mI (41) boot.esp32: SPI Flash Size : 2MB[0m
[0;32mI (45) boot: Enabling RNG early entropy source...[0m
[0;32mI (49) boot: Partition Table:[0m
[0;32mI (52) boot: ## Label            Usage          Type ST Offset   Length[0m
[0;32mI (58) boot:  0 nvs              WiFi data        01 02 00009000 00006000[0m
[0;32mI (64) boot:  1 phy_init         RF data          01 01 0000f000 00001000[0m
[0;32mI (71) boot:  2 factory          factory app      00 00 00010000 00100000[0m
[0;32mI (78) boot: End of partition table[0m
[0;32mI (81) esp_image: segment 0: paddr=00010020 vaddr=3f400020 size=20180h (131456) map[0m
[0;32mI (133) esp_image: segment 1: paddr=000301a8 vaddr=3ff80000 size=00020h (    32) load[0m
[0;32mI (133) esp_image: segment 2: paddr=000301d0 vaddr=3ffb0000 size=03fb8h ( 16312) load[0m
[0;32mI (143) esp_image: segment 3: paddr=00034190 vaddr=40080000 size=0be88h ( 48776) load[0m
[0;32mI (164) esp_image: segment 4: paddr=00040020 vaddr=400d0020 size=a5238h (676408) map[0m
[0;32mI (395) esp_image: segment 5: paddr=000e5260 vaddr=4008be88 size=0d598h ( 54680) load[0m
[0;32mI (429) boot: Loaded app from partition at offset 0x10000[0m
[0;32mI (429) boot: Disabling RNG early entropy source...[0m
[0;32mI (439) cpu_start: Multicore app[0m
[0;32mI (448) cpu_start: Pro cpu start user code[0m
[0;32mI (448) cpu_start: cpu freq: 160000000 Hz[0m
[0;32mI (448) app_init: Application information:[0m
[0;32mI (448) app_init: Project name:     hello_world[0m
[0;32mI (452) app_init: App version:      e7264df-dirty[0m
[0;32mI (456) app_init: Compile time:     Oct 30 2025 15:45:01[0m
[0;32mI (461) app_init: ELF file SHA256:  699bda01c...[0m
[0;32mI (466) app_init: ESP-IDF:          v5.5-dirty[0m
[0;32mI (470) efuse_init: Min chip rev:     v0.0[0m
[0;32mI (474) efuse_init: Max chip rev:     v3.99 [0m
[0;32mI (478) efuse_init: Chip rev:         v3.0[0m
[0;32mI (482) heap_init: Initializing. RAM available for dynamic allocation:[0m
[0;32mI (488) heap_init: At 3FFAE6E0 len 00001920 (6 KiB): DRAM[0m
[0;32mI (493) heap_init: At 3FFB8990 len 00027670 (157 KiB): DRAM[0m
[0;32mI (498) heap_init: At 3FFE0440 len 00003AE0 (14 KiB): D/IRAM[0m
[0;32mI (504) heap_init: At 3FFE4350 len 0001BCB0 (111 KiB): D/IRAM[0m
[0;32mI (509) heap_init: At 40099420 len 00006BE0 (26 KiB): IRAM[0m
[0;32mI (516) spi_flash: detected chip: generic[0m
[0;32mI (518) spi_flash: flash io: dio[0m
[0;33mW (521) spi_flash: Detected size(4096k) larger than the size in the binary image header(2048k). Using the size in the binary image header.[0m
[0;33mW (533) i2c: This driver is an old driver, please migrate your application code to adapt `driver/i2c_master.h`[0m
[0;32mI (544) main_task: Started on CPU0[0m
[0;32mI (554) main_task: Calling app_main()[0m

assert failed: tcpip_send_msg_wait_sem /IDF/components/lwip/lwip/src/api/tcpip.c:454 (Invalid mbox)


Backtrace: 0x40081db1:0x3ffbd950 0x40089f7d:0x3ffbd970 0x40091f2d:0x3ffbd990 0x400eaae7:0x3ffbdab0 0x400face2:0x3ffbdae0 0x401460e1:0x3ffbdb20 0x4010105d:0x3ffbdbb0 0x401013af:0x3ffbdc10 0x40101923:0x3ffbdc80 0x400dece2:0x3ffbdca0 0x4016b185:0x3ffbdcc0 0x400dc59e:0x3ffbdce0 0x4008aa21:0x3ffbdd10




ELF file SHA256: 699bda01c

Rebooting...
ets Jul 29 2019 12:21:46

rst:0xc (SW_CPU_RESET),boot:0x13 (SPI_FAST_FLASH_BOOT)
configsip: 0, SPIWP:0xee
clk_drv:0x00,q_drv:0x00,d_drv:0x00,cs0_drv:0x00,hd_drv:0x00,wp_drv:0x00
mode:DIO, clock div:2
load:0x3fff0030,len:6380
ho 0 tail 12 room 4
load:0x40078000,len:15916
load:0x40080400,len:3860
entry 0x40080638
[0;32mI (29) boot: ESP-IDF v5.5-dirty 2nd stage bootloader[0m
[0;32mI (29) boot: compile time Oct 30 2025 15:44:26[0m
[0;32mI (29) boot: Multicore bootloader[0m
[0;32mI (31) boot: chip revision: v3.0[0m
[0;32mI (34) boot.esp32: SPI Speed      : 40MHz[0m
[0;32mI (37) boot.esp32: SPI Mode       : DIO[0m
[0;32mI (41) boot.esp32: SPI Flash Size : 2MB[0m
[0;32mI (45) boot: Enabling RNG early entropy source...[0m
[0;32mI (49) boot: Partition Table:[0m
[0;32mI (52) boot: ## Label            Usage          Type ST Offset   Length[0m
[0;32mI (58) boot:  0 nvs              WiFi data        01 02 00009000 00006000[0m
[0;32mI (64) boot:  1 phy_init         RF data          01 01 0000f000 00001000[0m
[0;32mI (71) boot:  2 factory          factory app      00 00 00010000 00100000[0m
[0;32mI (78) boot: End of partition table[0m
[0;32mI (81) esp_image: segment 0: paddr=00010020 vaddr=3f400020 size=20180h (131456) map[0m
[0;32mI (133) esp_image: segment 1: paddr=000301a8 vaddr=3ff80000 size=00020h (    32) load[0m
[0;32mI (133) esp_image: segment 2: paddr=000301d0 vaddr=3ffb0000 size=03fb8h ( 16312) load[0m
[0;32mI (143) esp_image: segment 3: paddr=00034190 vaddr=40080000 size=0be88h ( 48776) load[0m
[0;32mI (164) esp_image: segment 4: paddr=00040020 vaddr=400d0020 size=a5238h (676408) map[0m
[0;32mI (395) esp_image: segment 5: paddr=000e5260 vaddr=4008be88 size=0d598h ( 54680) load[0m
[0;32mI (429) boot: Loaded app from partition at offset 0x10000[0m
[0;32mI (429) boot: Disabling RNG early entropy source...[0m
[0;32mI (439) cpu_start: Multicore app[0m
