Command: D:\ESP32_IDF\Espressif\python_env\idf5.5_py3.11_env\Scripts\python.exe D:\ESP32_IDF\Espressif\frameworks\esp-idf-v5.5\tools/idf_monitor.py -p COM3 -b 115200 --toolchain-prefix xtensa-esp32-elf- --target esp32 --revision 0 D:\ESP32_IDF\Espressif\frameworks\esp-idf-v5.5\examples\get-started\agribank demo\build\hello_world.elf D:\ESP32_IDF\Espressif\frameworks\esp-idf-v5.5\examples\get-started\agribank demo\build\bootloader\bootloader.elf --force-color -m 'D:\ESP32_IDF\Espressif\python_env\idf5.5_py3.11_env\Scripts\python.exe' 'D:\ESP32_IDF\Espressif\frameworks\esp-idf-v5.5\tools\idf.py' '-p' 'COM3'
ï¿½Jï¿½ï¿½Ñ¹esp32: SPI Speed     ï¿½ets Jul 29 2019 12:21:46

rst:0x1 (POWERON_RESET),boot:0x13 (SPI_FAST_FLASH_BOOT)
configsip: 0, SPIWP:0xee
clk_drv:0x00,q_drv:0x00,d_drv:0x00,cs0_drv:0x00,hd_drv:0x00,wp_drv:0x00
mode:DIO, clock div:2
load:0x3fff0030,len:6380
ho 0 tail 12 room 4
load:0x40078000,len:15916
load:0x40080400,len:3860
entry 0x40080638
[0;32mI (29) boot: ESP-IDF v5.5-dirty 2nd stage bootloader[0m
[0;32mI (29) boot: compile time Oct 19 2025 19:26:38[0m
[0;32mI (29) boot: Multicore bootloader[0m
[0;32mI (31) boot: chip revision: v3.0[0m
[0;32mI (34) boot.esp32: SPI Speed      : 40MHz[0m
[0;32mI (37) boot.esp32: SPI Mode       : DIO[0m
[0;32mI (41) boot.esp32: SPI Flash Size : 2MB[0m
[0;32mI (45) boot: Enabling RNG early entropy source...[0m
[0;32mI (49) boot: Partition Table:[0m
[0;32mI (52) boot: ## Label            Usage          Type ST Offset   Length[0m
[0;32mI (58) boot:  0 nvs              WiFi data        01 02 00009000 00006000[0m
[0;32mI (65) boot:  1 phy_init         RF data          01 01 0000f000 00001000[0m
[0;32mI (71) boot:  2 factory          factory app      00 00 00010000 00100000[0m
[0;32mI (78) boot: End of partition table[0m
[0;32mI (81) esp_image: segment 0: paddr=00010020 vaddr=3f400020 size=1e2b8h (123576) map[0m
[0;32mI (131) esp_image: segment 1: paddr=0002e2e0 vaddr=3ff80000 size=00020h (    32) load[0m
[0;32mI (131) esp_image: segment 2: paddr=0002e308 vaddr=3ffb0000 size=01d10h (  7440) load[0m
[0;32mI (137) esp_image: segment 3: paddr=00030020 vaddr=400d0020 size=9f934h (653620) map[0m
[0;32mI (365) esp_image: segment 4: paddr=000cf95c vaddr=3ffb1d10 size=02258h (  8792) load[0m
[0;32mI (369) esp_image: segment 5: paddr=000d1bbc vaddr=40080000 size=17fa4h ( 98212) load[0m
[0;32mI (419) boot: Loaded app from partition at offset 0x10000[0m
[0;32mI (419) boot: Disabling RNG early entropy source...[0m
[0;32mI (430) cpu_start: Multicore app[0m
[0;32mI (438) cpu_start: Pro cpu start user code[0m
[0;32mI (438) cpu_start: cpu freq: 160000000 Hz[0m
[0;32mI (438) app_init: Application information:[0m
[0;32mI (438) app_init: Project name:     hello_world[0m
[0;32mI (442) app_init: App version:      v5.5-dirty[0m
[0;32mI (446) app_init: Compile time:     Oct 19 2025 19:25:48[0m
[0;32mI (452) app_init: ELF file SHA256:  50d781038...[0m
[0;32mI (456) app_init: ESP-IDF:          v5.5-dirty[0m
[0;32mI (460) efuse_init: Min chip rev:     v0.0[0m
[0;32mI (464) efuse_init: Max chip rev:     v3.99 [0m
[0;32mI (468) efuse_init: Chip rev:         v3.0[0m
[0;32mI (472) heap_init: Initializing. RAM available for dynamic allocation:[0m
[0;32mI (478) heap_init: At 3FFAE6E0 len 00001920 (6 KiB): DRAM[0m
[0;32mI (483) heap_init: At 3FFB86B8 len 00027948 (158 KiB): DRAM[0m
[0;32mI (488) heap_init: At 3FFE0440 len 00003AE0 (14 KiB): D/IRAM[0m
[0;32mI (494) heap_init: At 3FFE4350 len 0001BCB0 (111 KiB): D/IRAM[0m
[0;32mI (499) heap_init: At 40097FA4 len 0000805C (32 KiB): IRAM[0m
[0;32mI (506) spi_flash: detected chip: generic[0m
[0;32mI (508) spi_flash: flash io: dio[0m
[0;33mW (511) spi_flash: Detected size(4096k) larger than the size in the binary image header(2048k). Using the size in the binary image header.[0m
[0;32mI (524) main_task: Started on CPU0[0m
[0;32mI (534) main_task: Calling app_main()[0m
[0;32mI (534) KEYPAD: Starting keypad MQTT application[0m
[0;32mI (574) KEYPAD: Keypad initialized[0m
[0;32mI (584) wifi:wifi driver task: 3ffc0740, prio:23, stack:6656, core=0[0m
[0;32mI (604) wifi:wifi firmware version: f3dbad7[0m
[0;32mI (604) wifi:wifi certification version: v7.0[0m
[0;32mI (604) wifi:config NVS flash: enabled[0m
[0;32mI (604) wifi:config nano formatting: disabled[0m
[0;32mI (604) wifi:Init data frame dynamic rx buffer num: 32[0m
[0;32mI (614) wifi:Init static rx mgmt buffer num: 5[0m
[0;32mI (614) wifi:Init management short buffer num: 32[0m
[0;32mI (614) wifi:Init dynamic tx buffer num: 32[0m
[0;32mI (624) wifi:Init static rx buffer size: 1600[0m
[0;32mI (624) wifi:Init static rx buffer num: 10[0m
[0;32mI (634) wifi:Init dynamic rx buffer num: 32[0m
[0;32mI (634) wifi_init: rx ba win: 6[0m
[0;32mI (634) wifi_init: accept mbox: 6[0m
[0;32mI (644) wifi_init: tcpip mbox: 32[0m
[0;32mI (644) wifi_init: udp mbox: 6[0m
[0;32mI (644) wifi_init: tcp mbox: 6[0m
[0;32mI (644) wifi_init: tcp tx win: 5760[0m
[0;32mI (654) wifi_init: tcp rx win: 5760[0m
[0;32mI (654) wifi_init: tcp mss: 1440[0m
[0;32mI (654) wifi_init: WiFi IRAM OP enabled[0m
[0;32mI (664) wifi_init: WiFi RX IRAM OP enabled[0m
[0;33mW (664) wifi:Password length matches WPA2 standards, authmode threshold changes from OPEN to WPA2[0m
[0;32mI (674) phy_init: phy_version 4860,6b7a6e5,Feb  6 2025,14:47:07[0m
[0;32mI (764) wifi:mode : sta (a8:42:e3:4c:7c:bc)[0m
[0;32mI (764) wifi:enable tsf[0m
[0;32mI (764) KEYPAD: WiFi initialized[0m
[0;32mI (774) wifi:new:<2,0>, old:<1,0>, ap:<255,255>, sta:<2,0>, prof:9, snd_ch_cfg:0x0[0m
[0;32mI (774) wifi:state: init -> auth (0xb0)[0m
[0;32mI (804) wifi:state: auth -> assoc (0x0)[0m
[0;32mI (874) wifi:state: assoc -> run (0x10)[0m
[0;32mI (984) wifi:connected with Anh Kiet, aid = 5, channel 2, BW20, bssid = cc:71:90:19:d2:f8[0m
[0;32mI (984) wifi:security: WPA2-PSK, phy: bgn, rssi: -77[0m
[0;32mI (994) wifi:pm start, type: 1[0m

[0;32mI (994) wifi:dp: 1, bi: 102400, li: 3, scale listen interval from 307200 us to 307200 us[0m
[0;32mI (1074) wifi:AP's beacon interval = 102400 us, DTIM period = 1[0m
[0;32mI (2294) esp_netif_handlers: sta ip: 192.168.1.10, mask: 255.255.255.0, gw: 192.168.1.1[0m
[0;32mI (2294) KEYPAD: WiFi connected, got IP[0m
[0;32mI (3764) KEYPAD: MQTT initialized[0m
[0;32mI (3784) wifi:<ba-add>idx:0 (ifx:0, cc:71:90:19:d2:f8), tid:0, ssn:5, winSize:64[0m
[0;32mI (3794) wifi:<ba-add>idx:1 (ifx:0, cc:71:90:19:d2:f8), tid:4, ssn:1, winSize:64[0m
=== Keypad MQTT System ===
0-9: Input numbers
A: WiFi Configuration
B: Delete last digit
C: Clear input
D: Send number

(WiFi mode: * = CAPS, # = Delete, C = Exit)
[0;32mI (5764) main_task: Returned from app_main()[0m
Key pressed: A
=== WiFi Configuration Mode ===
Enter WiFi SSID:
[0;32mI (7334) KEYPAD: MQTT connected[0m
Key pressed: *
Key pressed: #
Key pressed: *
ets Jul 29 2019 12:21:46

rst:0x1 (POWERON_RESET),boot:0x13 (SPI_FAST_FLASH_BOOT)
configsip: 0, SPIWP:0xee
clk_drv:0x00,q_drv:0x00,d_drv:0x00,cs0_drv:0x00,hd_drv:0x00,wp_drv:0x00
mode:DIO, clock div:2
load:0x3fff0030,len:6380
ho 0 tail 12 room 4
load:0x40078000,len:15916
load:0x40080400,len:3860
entry 0x40080638
[0;32mI (29) boot: ESP-IDF v5.5-dirty 2nd stage bootloader[0m
[0;32mI (29) boot: compile time Oct 19 2025 19:26:38[0m
[0;32mI (29) boot: Multicore bootloader[0m
[0;32mI (31) boot: chip revision: v3.0[0m
[0;32mI (34) boot.esp32: SPI Speed      : 40MHz[0m
[0;32mI (37) boot.esp32: SPI Mode       : DIO[0m
[0;32mI (41) boot.esp32: SPI Flash Size : 2MB[0m
[0;32mI (45) boot: Enabling RNG early entropy source...[0m
[0;32mI (49) boot: Partition Table:[0m
[0;32mI (52) boot: ## Label            Usage          Type ST Offset   Length[0m
[0;32mI (58) boot:  0 nvs              WiFi data        01 02 00009000 00006000[0m
[0;32mI (65) boot:  1 phy_init         RF data          01 01 0000f000 00001000[0m
[0;32mI (71) boot:  2 factory          factory app      00 00 00010000 00100000[0m
[0;32mI (78) boot: End of partition table[0m
[0;32mI (81) esp_image: segment 0: paddr=00010020 vaddr=3f400020 size=1e2b8h (123576) map[0m
[0;32mI (131) esp_image: segment 1: paddr=0002e2e0 vaddr=3ff80000 size=00020h (    32) load[0m
[0;32mI (131) esp_image: segment 2: paddr=0002e308 vaddr=3ffb0000 size=01d10h (  7440) load[0m
[0;32mI (137) esp_image: segment 3: paddr=00030020 vaddr=400d0020 size=9f934h (653620) map[0m
[0;32mI (365) esp_image: segment 4: paddr=000cf95c vaddr=3ffb1d10 size=02258h (  8792) load[0m
[0;32mI (369) esp_image: segment 5: paddr=000d1bbc vaddr=40080000 size=17fa4h ( 98212) load[0m
[0;32mI (419) boot: Loaded app from partition at offset 0x10000[0m
[0;32mI (419) boot: Disabling RNG early entropy source...[0m
[0;32mI (430) cpu_start: Multicore app[0m
[0;32mI (438) cpu_start: Pro cpu start user code[0m
[0;32mI (438) cpu_start: cpu freq: 160000000 Hz[0m
[0;32mI (438) app_init: Application information:[0m
[0;32mI (438) app_init: Project name:     hello_world[0m
[0;32mI (442) app_init: App version:      v5.5-dirty[0m
[0;32mI (446) app_init: Compile time:     Oct 19 2025 19:25:48[0m
[0;32mI (452) app_init: ELF file SHA256:  50d781038...[0m
[0;32mI (456) app_init: ESP-IDF:          v5.5-dirty[0m
[0;32mI (460) efuse_init: Min chip rev:     v0.0[0m
[0;32mI (464) efuse_init: Max chip rev:     v3.99 [0m
[0;32mI (468) efuse_init: Chip rev:         v3.0[0m
[0;32mI (472) heap_init: Initializing. RAM available for dynamic allocation:[0m
[0;32mI (478) heap_init: At 3FFAE6E0 len 00001920 (6 KiB): DRAM[0m
[0;32mI (483) heap_init: At 3FFB86B8 len 00027948 (158 KiB): DRAM[0m
[0;32mI (488) heap_init: At 3FFE0440 len 00003AE0 (14 KiB): D/IRAM[0m
[0;32mI (494) heap_init: At 3FFE4350 len 0001BCB0 (111 KiB): D/IRAM[0m
[0;32mI (499) heap_init: At 40097FA4 len 0000805C (32 KiB): IRAM[0m
[0;32mI (506) spi_flash: detected chip: generic[0m
[0;32mI (508) spi_flash: flash io: dio[0m
[0;33mW (511) spi_flash: Detected size(4096k) larger than the size in the binary image header(2048k). Using the size in the binary image header.[0m
[0;32mI (524) main_task: Started on CPU0[0m
[0;32mI (534) main_task: Calling app_main()[0m
[0;32mI (534) KEYPAD: Starting keypad MQTT application[0m
[0;32mI (574) KEYPAD: Keypad initialized[0m
[0;32mI (584) wifi:wifi driver task: 3ffc0740, prio:23, stack:6656, core=0[0m
[0;32mI (604) wifi:wifi firmware version: f3dbad7[0m
[0;32mI (604) wifi:wifi certification version: v7.0[0m
[0;32mI (604) wifi:config NVS flash: enabled[0m
[0;32mI (604) wifi:config nano formatting: disabled[0m
[0;32mI (604) wifi:Init data frame dynamic rx buffer num: 32[0m
[0;32mI (614) wifi:Init static rx mgmt buffer num: 5[0m
[0;32mI (614) wifi:Init management short buffer num: 32[0m
[0;32mI (614) wifi:Init dynamic tx buffer num: 32[0m
[0;32mI (624) wifi:Init static rx buffer size: 1600[0m
[0;32mI (624) wifi:Init static rx buffer num: 10[0m
[0;32mI (634) wifi:Init dynamic rx buffer num: 32[0m
[0;32mI (634) wifi_init: rx ba win: 6[0m
[0;32mI (634) wifi_init: accept mbox: 6[0m
[0;32mI (644) wifi_init: tcpip mbox: 32[0m
[0;32mI (644) wifi_init: udp mbox: 6[0m
[0;32mI (644) wifi_init: tcp mbox: 6[0m
[0;32mI (644) wifi_init: tcp tx win: 5760[0m
[0;32mI (654) wifi_init: tcp rx win: 5760[0m
[0;32mI (654) wifi_init: tcp mss: 1440[0m
[0;32mI (654) wifi_init: WiFi IRAM OP enabled[0m
[0;32mI (664) wifi_init: WiFi RX IRAM OP enabled[0m
[0;33mW (664) wifi:Password length matches WPA2 standards, authmode threshold changes from OPEN to WPA2[0m
[0;32mI (674) phy_init: phy_version 4860,6b7a6e5,Feb  6 2025,14:47:07[0m
[0;32mI (764) wifi:mode : sta (a8:42:e3:4c:7c:bc)[0m
[0;32mI (764) wifi:enable tsf[0m
[0;32mI (764) KEYPAD: WiFi initialized[0m
[0;32mI (774) wifi:new:<2,0>, old:<1,0>, ap:<255,255>, sta:<2,0>, prof:9, snd_ch_cfg:0x0[0m
[0;32mI (784) wifi:state: init -> auth (0xb0)[0m
[0;32mI (804) wifi:state: auth -> assoc (0x0)[0m
[0;32mI (884) wifi:state: assoc -> run (0x10)[0m
[0;32mI (994) wifi:connected with Anh Kiet, aid = 6, channel 2, BW20, bssid = cc:71:90:19:d2:f8[0m
[0;32mI (994) wifi:security: WPA2-PSK, phy: bgn, rssi: -73[0m
[0;32mI (994) wifi:pm start, type: 1[0m

[0;32mI (994) wifi:dp: 1, bi: 102400, li: 3, scale listen interval from 307200 us to 307200 us[0m
[0;32mI (1014) wifi:AP's beacon interval = 102400 us, DTIM period = 1[0m
[0;32mI (2154) esp_netif_handlers: sta ip: 192.168.1.10, mask: 255.255.255.0, gw: 192.168.1.1[0m
[0;32mI (2154) KEYPAD: WiFi connected, got IP[0m
[0;32mI (3764) KEYPAD: MQTT initialized[0m
[0;32mI (3764) wifi:<ba-add>idx:0 (ifx:0, cc:71:90:19:d2:f8), tid:0, ssn:4, winSize:64[0m
[0;32mI (3784) wifi:<ba-add>idx:1 (ifx:0, cc:71:90:19:d2:f8), tid:4, ssn:1, winSize:64[0m
=== Keypad MQTT System ===
0-9: Input numbers
A: WiFi Configuration
B: Delete last digit
C: Clear input
D: Send number

(WiFi mode: * = CAPS, # = Delete, C = Exit)
[0;32mI (5764) main_task: Returned from app_main()[0m
[0;32mI (7274) KEYPAD: MQTT connected[0m
Key pressed: A
=== WiFi Configuration Mode ===
Enter WiFi SSID:
Key pressed: *
Key pressed: 2
SSID: a
Key pressed: 2
SSID: aa
Key pressed: 2
SSID: aaa
Key pressed: 2
SSID: aab
Key pressed: 2
SSID: aac
Key pressed: 2
SSID: aa2
Key pressed: 2
SSID: aaa
Key pressed: 2
SSID: aab
Key pressed: 2
SSID: aac
Key pressed: #
Key pressed: #
Key pressed: #
Key pressed: #
Key pressed: #
Key pressed: #
Key pressed: #
Key pressed: #
Key pressed: #
ets Jul 29 2019 12:21:46

rst:0x1 (POWERON_RESET),boot:0x13 (SPI_FAST_FLASH_BOOT)
configsip: 0, SPIWP:0xee
clk_drv:0x00,q_drv:0x00,d_drv:0x00,cs0_drv:0x00,hd_drv:0x00,wp_drv:0x00
mode:DIO, clock div:2
load:0x3fff0030,len:6380
ho 0 tail 12 room 4
load:0x40078000,len:15916
load:0x40080400,len:3860
entry 0x40080638
[0;32mI (29) boot: ESP-IDF v5.5-dirty 2nd stage bootloader[0m
[0;32mI (29) boot: compile time Oct 19 2025 19:26:38[0m
[0;32mI (29) boot: Multicore bootloader[0m
[0;32mI (31) boot: chip revision: v3.0[0m
[0;32mI (34) boot.esp32: SPI Speed      : 40MHz[0m
[0;32mI (37) boot.esp32: SPI Mode       : DIO[0m
[0;32mI (41) boot.esp32: SPI Flash Size : 2MB[0m
[0;32mI (45) boot: Enabling RNG early entropy source...[0m
[0;32mI (49) boot: Partition Table:[0m
[0;32mI (52) boot: ## Label            Usage          Type ST Offset   Length[0m
[0;32mI (58) boot:  0 nvs              WiFi data        01 02 00009000 00006000[0m
[0;32mI (65) boot:  1 phy_init         RF data          01 01 0000f000 00001000[0m
[0;32mI (71) boot:  2 factory          factory app      00 00 00010000 00100000[0m
[0;32mI (78) boot: End of partition table[0m
[0;32mI (81) esp_image: segment 0: paddr=00010020 vaddr=3f400020 size=1e2b8h (123576) map[0m
[0;32mI (131) esp_image: segment 1: paddr=0002e2e0 vaddr=3ff80000 size=00020h (    32) load[0m
[0;32mI (131) esp_image: segment 2: paddr=0002e308 vaddr=3ffb0000 size=01d10h (  7440) load[0m
[0;32mI (137) esp_image: segment 3: paddr=00030020 vaddr=400d0020 size=9f934h (653620) map[0m
[0;32mI (365) esp_image: segment 4: paddr=000cf95c vaddr=3ffb1d10 size=02258h (  8792) load[0m
[0;32mI (369) esp_image: segment 5: paddr=000d1bbc vaddr=40080000 size=17fa4h ( 98212) load[0m
[0;32mI (419) boot: Loaded app from partition at offset 0x10000[0m
[0;32mI (419) boot: Disabling RNG early entropy source...[0m
[0;32mI (430) cpu_start: Multicore app[0m
[0;32mI (438) cpu_start: Pro cpu start user code[0m
[0;32mI (438) cpu_start: cpu freq: 160000000 Hz[0m
[0;32mI (438) app_init: Application information:[0m
[0;32mI (438) app_init: Project name:     hello_world[0m
[0;32mI (442) app_init: App version:      v5.5-dirty[0m
[0;32mI (446) app_init: Compile time:     Oct 19 2025 19:25:48[0m
[0;32mI (452) app_init: ELF file SHA256:  50d781038...[0m
[0;32mI (456) app_init: ESP-IDF:          v5.5-dirty[0m
[0;32mI (460) efuse_init: Min chip rev:     v0.0[0m
[0;32mI (464) efuse_init: Max chip rev:     v3.99 [0m
[0;32mI (468) efuse_init: Chip rev:         v3.0[0m
[0;32mI (472) heap_init: Initializing. RAM available for dynamic allocation:[0m
[0;32mI (478) heap_init: At 3FFAE6E0 len 00001920 (6 KiB): DRAM[0m
[0;32mI (483) heap_init: At 3FFB86B8 len 00027948 (158 KiB): DRAM[0m
[0;32mI (488) heap_init: At 3FFE0440 len 00003AE0 (14 KiB): D/IRAM[0m
[0;32mI (494) heap_init: At 3FFE4350 len 0001BCB0 (111 KiB): D/IRAM[0m
[0;32mI (499) heap_init: At 40097FA4 len 0000805C (32 KiB): IRAM[0m
[0;32mI (506) spi_flash: detected chip: generic[0m
[0;32mI (508) spi_flash: flash io: dio[0m
[0;33mW (511) spi_flash: Detected size(4096k) larger than the size in the binary image header(2048k). Using the size in the binary image header.[0m
[0;32mI (524) main_task: Started on CPU0[0m
[0;32mI (534) main_task: Calling app_main()[0m
[0;32mI (534) KEYPAD: Starting keypad MQTT application[0m
[0;32mI (574) KEYPAD: Keypad initialized[0m
[0;32mI (584) wifi:wifi driver task: 3ffc0740, prio:23, stack:6656, core=0[0m
[0;32mI (604) wifi:wifi firmware version: f3dbad7[0m
[0;32mI (604) wifi:wifi certification version: v7.0[0m
[0;32mI (604) wifi:config NVS flash: enabled[0m
[0;32mI (604) wifi:config nano formatting: disabled[0m
[0;32mI (604) wifi:Init data frame dynamic rx buffer num: 32[0m
[0;32mI (614) wifi:Init static rx mgmt buffer num: 5[0m
[0;32mI (614) wifi:Init management short buffer num: 32[0m
[0;32mI (614) wifi:Init dynamic tx buffer num: 32[0m
[0;32mI (624) wifi:Init static rx buffer size: 1600[0m
[0;32mI (624) wifi:Init static rx buffer num: 10[0m
[0;32mI (634) wifi:Init dynamic rx buffer num: 32[0m
[0;32mI (634) wifi_init: rx ba win: 6[0m
[0;32mI (634) wifi_init: accept mbox: 6[0m
[0;32mI (644) wifi_init: tcpip mbox: 32[0m
[0;32mI (644) wifi_init: udp mbox: 6[0m
[0;32mI (644) wifi_init: tcp mbox: 6[0m
[0;32mI (644) wifi_init: tcp tx win: 5760[0m
[0;32mI (654) wifi_init: tcp rx win: 5760[0m
[0;32mI (654) wifi_init: tcp mss: 1440[0m
[0;32mI (654) wifi_init: WiFi IRAM OP enabled[0m
[0;32mI (664) wifi_init: WiFi RX IRAM OP enabled[0m
[0;33mW (664) wifi:Password length matches WPA2 standards, authmode threshold changes from OPEN to WPA2[0m
[0;32mI (674) phy_init: phy_version 4860,6b7a6e5,Feb  6 2025,14:47:07[0m
[0;32mI (764) wifi:mode : sta (a8:42:e3:4c:7c:bc)[0m
[0;32mI (764) wifi:enable tsf[0m
[0;32mI (764) KEYPAD: WiFi initialized[0m
[0;32mI (774) wifi:new:<2,0>, old:<1,0>, ap:<255,255>, sta:<2,0>, prof:9, snd_ch_cfg:0x0[0m
[0;32mI (784) wifi:state: init -> auth (0xb0)[0m
[0;32mI (814) wifi:state: auth -> assoc (0x0)[0m
[0;32mI (864) wifi:state: assoc -> run (0x10)[0m
[0;32mI (974) wifi:connected with Anh Kiet, aid = 5, channel 2, BW20, bssid = cc:71:90:19:d2:f8[0m
[0;32mI (974) wifi:security: WPA2-PSK, phy: bgn, rssi: -83[0m
[0;32mI (974) wifi:pm start, type: 1[0m

[0;32mI (974) wifi:dp: 1, bi: 102400, li: 3, scale listen interval from 307200 us to 307200 us[0m
[0;32mI (1004) wifi:AP's beacon interval = 102400 us, DTIM period = 1[0m
[0;32mI (2134) esp_netif_handlers: sta ip: 192.168.1.10, mask: 255.255.255.0, gw: 192.168.1.1[0m
[0;32mI (2134) KEYPAD: WiFi connected, got IP[0m
[0;32mI (3764) KEYPAD: MQTT initialized[0m
[0;32mI (3774) wifi:<ba-add>idx:0 (ifx:0, cc:71:90:19:d2:f8), tid:0, ssn:5, winSize:64[0m
[0;32mI (3784) wifi:<ba-add>idx:1 (ifx:0, cc:71:90:19:d2:f8), tid:4, ssn:1, winSize:64[0m
[0;32mI (4384) KEYPAD: MQTT connected[0m
=== Keypad MQTT System ===
0-9: Input numbers
A: WiFi Configuration
B: Delete last digit
C: Clear input
D: Send number

(WiFi mode: * = CAPS, # = Delete, C = Exit)
[0;32mI (5764) main_task: Returned from app_main()[0m
Key pressed: A
=== WiFi Configuration Mode ===
Enter WiFi SSID:
Key pressed: *
Key pressed: #
