Command: D:\ESP32_IDF\Espressif\python_env\idf5.5_py3.11_env\Scripts\python.exe D:\ESP32_IDF\Espressif\frameworks\esp-idf-v5.5\tools/idf_monitor.py -p COM3 -b 115200 --toolchain-prefix xtensa-esp32-elf- --target esp32 --revision 0 D:\ESP32_IDF\Espressif\frameworks\esp-idf-v5.5\examples\get-started\agribank demo\build\hello_world.elf D:\ESP32_IDF\Espressif\frameworks\esp-idf-v5.5\examples\get-started\agribank demo\build\bootloader\bootloader.elf --force-color -m 'D:\ESP32_IDF\Espressif\python_env\idf5.5_py3.11_env\Scripts\python.exe' 'D:\ESP32_IDF\Espressif\frameworks\esp-idf-v5.5\tools\idf.py' '-p' 'COM3'
$iï¿½Jï¿½ï¿½Ñ¹esp32: SPI Sï¿½ets Jul 29 2019 12:21:46

rst:0x1 (POWERON_RESET),boot:0x13 (SPI_FAST_FLASH_BOOT)
configsip: 0, SPIWP:0xee
clk_drv:0x00,q_drv:0x00,d_drv:0x00,cs0_drv:0x00,hd_drv:0x00,wp_drv:0x00
mode:DIO, clock div:2
load:0x3fff0030,len:6380
ho 0 tail 12 room 4
load:0x40078000,len:15916
load:0x40080400,len:3860
entry 0x40080638
[0;32mI (29) boot: ESP-IDF v5.5-dirty 2nd stage bootloader[0m
[0;32mI (29) boot: compile time Oct 19 2025 19:26:38[0m
[0;32mI (29) boot: Multicore bootloader[0m
[0;32mI (31) boot: chip revision: v3.0[0m
[0;32mI (34) boot.esp32: SPI Speed      : 40MHz[0m
[0;32mI (37) boot.esp32: SPI Mode       : DIO[0m
[0;32mI (41) boot.esp32: SPI Flash Size : 2MB[0m
[0;32mI (45) boot: Enabling RNG early entropy source...[0m
[0;32mI (49) boot: Partition Table:[0m
[0;32mI (52) boot: ## Label            Usage          Type ST Offset   Length[0m
[0;32mI (58) boot:  0 nvs              WiFi data        01 02 00009000 00006000[0m
[0;32mI (65) boot:  1 phy_init         RF data          01 01 0000f000 00001000[0m
[0;32mI (71) boot:  2 factory          factory app      00 00 00010000 00100000[0m
[0;32mI (78) boot: End of partition table[0m
[0;32mI (81) esp_image: segment 0: paddr=00010020 vaddr=3f400020 size=1f8b0h (129200) map[0m
[0;32mI (132) esp_image: segment 1: paddr=0002f8d8 vaddr=3ff80000 size=00020h (    32) load[0m
[0;32mI (133) esp_image: segment 2: paddr=0002f900 vaddr=3ffb0000 size=00718h (  1816) load[0m
[0;32mI (137) esp_image: segment 3: paddr=00030020 vaddr=400d0020 size=a4a00h (674304) map[0m
[0;32mI (374) esp_image: segment 4: paddr=000d4a28 vaddr=3ffb0718 size=038a0h ( 14496) load[0m
[0;32mI (380) esp_image: segment 5: paddr=000d82d0 vaddr=40080000 size=19420h (103456) load[0m
[0;32mI (433) boot: Loaded app from partition at offset 0x10000[0m
[0;32mI (433) boot: Disabling RNG early entropy source...[0m
[0;32mI (443) cpu_start: Multicore app[0m
[0;32mI (451) cpu_start: Pro cpu start user code[0m
[0;32mI (452) cpu_start: cpu freq: 160000000 Hz[0m
[0;32mI (452) app_init: Application information:[0m
[0;32mI (452) app_init: Project name:     hello_world[0m
[0;32mI (456) app_init: App version:      v5.5-dirty[0m
[0;32mI (460) app_init: Compile time:     Oct 20 2025 20:55:32[0m
[0;32mI (465) app_init: ELF file SHA256:  2ca1042b5...[0m
[0;32mI (469) app_init: ESP-IDF:          v5.5-dirty[0m
[0;32mI (474) efuse_init: Min chip rev:     v0.0[0m
[0;32mI (477) efuse_init: Max chip rev:     v3.99 [0m
[0;32mI (481) efuse_init: Chip rev:         v3.0[0m
[0;32mI (486) heap_init: Initializing. RAM available for dynamic allocation:[0m
[0;32mI (492) heap_init: At 3FFAE6E0 len 00001920 (6 KiB): DRAM[0m
[0;32mI (497) heap_init: At 3FFB87A0 len 00027860 (158 KiB): DRAM[0m
[0;32mI (502) heap_init: At 3FFE0440 len 00003AE0 (14 KiB): D/IRAM[0m
[0;32mI (507) heap_init: At 3FFE4350 len 0001BCB0 (111 KiB): D/IRAM[0m
[0;32mI (513) heap_init: At 40099420 len 00006BE0 (26 KiB): IRAM[0m
[0;32mI (520) spi_flash: detected chip: generic[0m
[0;32mI (522) spi_flash: flash io: dio[0m
[0;33mW (525) spi_flash: Detected size(4096k) larger than the size in the binary image header(2048k). Using the size in the binary image header.[0m
[0;33mW (537) i2c: This driver is an old driver, please migrate your application code to adapt `driver/i2c_master.h`[0m
[0;32mI (547) main_task: Started on CPU0[0m
[0;32mI (557) main_task: Calling app_main()[0m
[1;31mE (557) i2c: i2c_master_cmd_begin(1552): i2c driver not installed[0m
[0;32mI (557) DEMO: Error in sending command[0m
[0;32mI (567) KEYPAD: LED initialized on GPIO 2[0m
[0;32mI (567) KEYPAD: LED OFF[0m
[0;32mI (567) KEYPAD: I2C initialized successfully[0m
[0;32mI (2157) KEYPAD: Starting keypad MQTT application[0m
[0;32mI (2207) wifi:wifi driver task: 3ffc0a1c, prio:23, stack:6656, core=0[0m
[0;32mI (2227) wifi:wifi firmware version: f3dbad7[0m
[0;32mI (2227) wifi:wifi certification version: v7.0[0m
[0;32mI (2227) wifi:config NVS flash: enabled[0m
[0;32mI (2227) wifi:config nano formatting: disabled[0m
[0;32mI (2227) wifi:Init data frame dynamic rx buffer num: 32[0m
[0;32mI (2237) wifi:Init static rx mgmt buffer num: 5[0m
[0;32mI (2237) wifi:Init management short buffer num: 32[0m
[0;32mI (2247) wifi:Init dynamic tx buffer num: 32[0m
[0;32mI (2247) wifi:Init static rx buffer size: 1600[0m
[0;32mI (2247) wifi:Init static rx buffer num: 10[0m
[0;32mI (2257) wifi:Init dynamic rx buffer num: 32[0m
[0;32mI (2257) wifi_init: rx ba win: 6[0m
[0;32mI (2257) wifi_init: accept mbox: 6[0m
[0;32mI (2267) wifi_init: tcpip mbox: 32[0m
[0;32mI (2267) wifi_init: udp mbox: 6[0m
[0;32mI (2267) wifi_init: tcp mbox: 6[0m
[0;32mI (2277) wifi_init: tcp tx win: 5760[0m
[0;32mI (2277) wifi_init: tcp rx win: 5760[0m
[0;32mI (2277) wifi_init: tcp mss: 1440[0m
[0;32mI (2287) wifi_init: WiFi IRAM OP enabled[0m
[0;32mI (2287) wifi_init: WiFi RX IRAM OP enabled[0m
[0;32mI (2347) phy_init: phy_version 4860,6b7a6e5,Feb  6 2025,14:47:07[0m
[0;32mI (2437) wifi:mode : sta (a8:42:e3:4c:7c:bc)[0m
[0;32mI (2437) wifi:enable tsf[0m
[0;32mI (2437) KEYPAD: WiFi initialized[0m
[0;32mI (2437) KEYPAD: WiFi STA started[0m
[1;31mE (2437) task_wdt: esp_task_wdt_reset(707): task not found[0m
[0;32mI (2437) KEYPAD: Have a saved wifi network in NVS: NamTrung[0m
[0;32mI (2497) wifi:flush txq[0m
[0;32mI (2497) wifi:stop sw txq[0m
[0;32mI (2497) wifi:lmac stop hw txq[0m
[0;32mI (2507) wifi:mode : sta (a8:42:e3:4c:7c:bc)[0m
[0;32mI (2507) wifi:enable tsf[0m
[0;32mI (2507) KEYPAD: WiFi STA started[0m
[1;31mE (2507) wifi:sta is connecting, return error[0m
[0;32mI (2687) wifi:new:<1,0>, old:<1,0>, ap:<255,255>, sta:<1,0>, prof:9, snd_ch_cfg:0x0[0m
[0;32mI (2687) wifi:state: init -> auth (0xb0)[0m
[0;32mI (3687) wifi:state: auth -> init (0x200)[0m
[0;32mI (3697) wifi:new:<1,0>, old:<1,0>, ap:<255,255>, sta:<1,0>, prof:9, snd_ch_cfg:0x0[0m
[0;32mI (3697) KEYPAD: STA disconnected, reason=2[0m
[0;32mI (4397) wifi:new:<6,0>, old:<1,0>, ap:<255,255>, sta:<6,0>, prof:9, snd_ch_cfg:0x0[0m
[0;32mI (4397) wifi:state: init -> auth (0xb0)[0m
[0;32mI (4417) wifi:state: auth -> assoc (0x0)[0m
[0;32mI (5417) wifi:state: assoc -> init (0x400)[0m
[0;32mI (5427) wifi:new:<6,0>, old:<6,0>, ap:<255,255>, sta:<6,0>, prof:9, snd_ch_cfg:0x0[0m
[0;32mI (5427) KEYPAD: STA disconnected, reason=4[0m
[0;32mI (5537) wifi:new:<6,0>, old:<6,0>, ap:<255,255>, sta:<6,0>, prof:9, snd_ch_cfg:0x0[0m
[0;32mI (5537) wifi:state: init -> auth (0xb0)[0m
[0;32mI (5667) wifi:state: auth -> assoc (0x0)[0m
[0;32mI (5677) wifi:state: assoc -> run (0x10)[0m
[0;32mI (5707) wifi:connected with NamTrung, aid = 20, channel 6, BW20, bssid = 10:5f:02:75:1e:9a[0m
[0;32mI (5707) wifi:security: WPA2-PSK, phy: bgn, rssi: -52[0m
[0;32mI (5717) wifi:pm start, type: 1[0m

[0;32mI (5717) wifi:dp: 1, bi: 102400, li: 3, scale listen interval from 307200 us to 307200 us[0m
[0;32mI (5717) KEYPAD: Connected to SSID:NamTrung, channel:6[0m
[0;32mI (5837) wifi:AP's beacon interval = 102400 us, DTIM period = 1[0m
[0;32mI (6777) esp_netif_handlers: sta ip: 10.10.1.18, mask: 255.255.252.0, gw: 10.10.1.1[0m
[0;32mI (6777) KEYPAD: WiFi connected, got IP[0m
[0;32mI (7847) KEYPAD: MQTT initialized[0m
[0;32mI (7867) wifi:<ba-add>idx:0 (ifx:0, 10:5f:02:75:1e:9a), tid:0, ssn:1, winSize:64[0m
[0;32mI (7867) wifi:<ba-add>idx:1 (ifx:0, 10:5f:02:75:1e:9a), tid:7, ssn:8, winSize:64[0m
[0;32mI (7897) KEYPAD: Read status successfully: SO DANG GOI[0m
[0;32mI (7917) KEYPAD: LED ON[0m
[0;32mI (7917) KEYPAD: MQTT connected[0m
Key pressed: 6
Key pressed: 5
Key pressed: 6
Key pressed: 5
Key pressed: D
[0;32mI (147087) KEYPAD: Published number 6565[0m
Key pressed: D
[0;32mI (147257) KEYPAD: MQTT_EVENT_DATA[0m
Key pressed: 6
Key pressed: 5
Key pressed: 6
Key pressed: 5
Key pressed: D
[0;32mI (150607) KEYPAD: Published number 6565[0m
[0;32mI (150677) KEYPAD: MQTT_EVENT_DATA[0m
Key pressed: 6
Key pressed: 5
Key pressed: 6
Key pressed: 5
Key pressed: D
[0;32mI (153057) KEYPAD: Published number 6565[0m
[0;32mI (153347) KEYPAD: MQTT_EVENT_DATA[0m
Key pressed: A
Key pressed: 6
Key pressed: D
Key pressed: 6
Key pressed: D
[0;32mI (164757) wifi:state: run -> init (0x0)[0m
[0;32mI (164767) wifi:pm stop, total sleep time: 107923231 us / 159048125 us[0m

[0;32mI (164767) wifi:<ba-del>idx:0, tid:0[0m
[0;32mI (164767) wifi:<ba-del>idx:1, tid:7[0m
[0;32mI (164767) wifi:new:<6,0>, old:<6,0>, ap:<255,255>, sta:<6,0>, prof:9, snd_ch_cfg:0x0[0m
[0;32mI (164787) KEYPAD: STA disconnected, reason=8[0m
[0;32mI (164787) mqtt_client: Client asked to disconnect[0m
[1;31mE (164787) transport_base: tcp_read error, errno=Software caused connection abort[0m
[1;31mE (164797) mqtt_client: esp_mqtt_handle_transport_read_error: transport_read() error: errno=113[0m
[0;32mI (164797) KEYPAD: MQTT_EVENT_ERROR[0m
[0;32mI (164807) KEYPAD: LED OFF[0m
[1;31mE (164807) mqtt_client: mqtt_process_receive: mqtt_message_receive() returned -2[0m
[0;32mI (164817) KEYPAD: MQTT disconnected[0m
[0;32mI (164817) KEYPAD: LED OFF[0m
[1;31mE (164827) wifi:sta is connecting, return error[0m
[0;32mI (167247) KEYPAD: STA disconnected, reason=201[0m
[0;32mI (167247) mqtt_client: Client asked to disconnect[0m
[0;33mW (167247) mqtt_client: Client asked to stop, but was not started[0m
[0;33mW (167247) KEYPAD: WiFi connection failed, retry count: 2/5[0m
[0;32mI (169667) KEYPAD: STA disconnected, reason=201[0m
[0;32mI (169667) mqtt_client: Client asked to disconnect[0m
[0;33mW (169667) mqtt_client: Client asked to stop, but was not started[0m
[0;33mW (169677) KEYPAD: WiFi connection failed, retry count: 3/5[0m
[0;32mI (172097) KEYPAD: STA disconnected, reason=201[0m
[0;32mI (172097) mqtt_client: Client asked to disconnect[0m
[0;33mW (172097) mqtt_client: Client asked to stop, but was not started[0m
[0;33mW (172097) KEYPAD: WiFi connection failed, retry count: 4/5[0m
[0;32mI (174517) KEYPAD: STA disconnected, reason=201[0m
[0;32mI (174517) mqtt_client: Client asked to disconnect[0m
[0;33mW (174527) mqtt_client: Client asked to stop, but was not started[0m
[0;33mW (174527) KEYPAD: WiFi connection failed, retry count: 5/5[0m
[1;31mE (174527) KEYPAD: WiFi connection failed after 5 retries[0m
Key pressed: 6
Key pressed: 5
Key pressed: 6
Key pressed: 5
Key pressed: D
[0;33mW (190127) KEYPAD: MQTT not connected[0m
[0;32mI (190127) KEYPAD: Read status successfully: SO DANG GOI[0m
Key pressed: 6
Key pressed: 5
Key pressed: 6
Key pressed: 3
Key pressed: A
Key pressed: A
ets Jul 29 2019 12:21:46

rst:0x1 (POWERON_RESET),boot:0x13 (SPI_FAST_FLASH_BOOT)
configsip: 0, SPIWP:0xee
clk_drv:0x00,q_drv:0x00,d_drv:0x00,cs0_drv:0x00,hd_drv:0x00,wp_drv:0x00
mode:DIO, clock div:2
load:0x3fff0030,len:6380
ho 0 tail 12 room 4
load:0x40078000,len:15916
load:0x40080400,len:3860
entry 0x40080638
[0;32mI (29) boot: ESP-IDF v5.5-dirty 2nd stage bootloader[0m
[0;32mI (29) boot: compile time Oct 19 2025 19:26:38[0m
[0;32mI (29) boot: Multicore bootloader[0m
[0;32mI (31) boot: chip revision: v3.0[0m
[0;32mI (34) boot.esp32: SPI Speed      : 40MHz[0m
[0;32mI (37) boot.esp32: SPI Mode       : DIO[0m
[0;32mI (41) boot.esp32: SPI Flash Size : 2MB[0m
[0;32mI (45) boot: Enabling RNG early entropy source...[0m
[0;32mI (49) boot: Partition Table:[0m
[0;32mI (52) boot: ## Label            Usage          Type ST Offset   Length[0m
[0;32mI (58) boot:  0 nvs              WiFi data        01 02 00009000 00006000[0m
[0;32mI (65) boot:  1 phy_init         RF data          01 01 0000f000 00001000[0m
[0;32mI (71) boot:  2 factory          factory app      00 00 00010000 00100000[0m
[0;32mI (78) boot: End of partition table[0m
[0;32mI (81) esp_image: segment 0: paddr=00010020 vaddr=3f400020 size=1f8b0h (129200) map[0m
[0;32mI (132) esp_image: segment 1: paddr=0002f8d8 vaddr=3ff80000 size=00020h (    32) load[0m
[0;32mI (133) esp_image: segment 2: paddr=0002f900 vaddr=3ffb0000 size=00718h (  1816) load[0m
[0;32mI (137) esp_image: segment 3: paddr=00030020 vaddr=400d0020 size=a4a00h (674304) map[0m
[0;32mI (374) esp_image: segment 4: paddr=000d4a28 vaddr=3ffb0718 size=038a0h ( 14496) load[0m
[0;32mI (380) esp_image: segment 5: paddr=000d82d0 vaddr=40080000 size=19420h (103456) load[0m
[0;32mI (433) boot: Loaded app from partition at offset 0x10000[0m
[0;32mI (433) boot: Disabling RNG early entropy source...[0m
[0;32mI (443) cpu_start: Multicore app[0m
[0;32mI (451) cpu_start: Pro cpu start user code[0m
[0;32mI (451) cpu_start: cpu freq: 160000000 Hz[0m
[0;32mI (452) app_init: Application information:[0m
[0;32mI (452) app_init: Project name:     hello_world[0m
[0;32mI (456) app_init: App version:      v5.5-dirty[0m
[0;32mI (460) app_init: Compile time:     Oct 20 2025 20:55:32[0m
[0;32mI (465) app_init: ELF file SHA256:  2ca1042b5...[0m
[0;32mI (469) app_init: ESP-IDF:          v5.5-dirty[0m
[0;32mI (474) efuse_init: Min chip rev:     v0.0[0m
[0;32mI (477) efuse_init: Max chip rev:     v3.99 [0m
[0;32mI (481) efuse_init: Chip rev:         v3.0[0m
[0;32mI (486) heap_init: Initializing. RAM available for dynamic allocation:[0m
[0;32mI (492) heap_init: At 3FFAE6E0 len 00001920 (6 KiB): DRAM[0m
[0;32mI (497) heap_init: At 3FFB87A0 len 00027860 (158 KiB): DRAM[0m
[0;32mI (502) heap_init: At 3FFE0440 len 00003AE0 (14 KiB): D/IRAM[0m
[0;32mI (507) heap_init: At 3FFE4350 len 0001BCB0 (111 KiB): D/IRAM[0m
[0;32mI (513) heap_init: At 40099420 len 00006BE0 (26 KiB): IRAM[0m
[0;32mI (520) spi_flash: detected chip: generic[0m
[0;32mI (522) spi_flash: flash io: dio[0m
[0;33mW (525) spi_flash: Detected size(4096k) larger than the size in the binary image header(2048k). Using the size in the binary image header.[0m
[0;33mW (537) i2c: This driver is an old driver, please migrate your application code to adapt `driver/i2c_master.h`[0m
[0;32mI (547) main_task: Started on CPU0[0m
[0;32mI (557) main_task: Calling app_main()[0m
[1;31mE (557) i2c: i2c_master_cmd_begin(1552): i2c driver not installed[0m
[0;32mI (557) DEMO: Error in sending command[0m
[0;32mI (567) KEYPAD: LED initialized on GPIO 2[0m
[0;32mI (567) KEYPAD: LED OFF[0m
[0;32mI (567) KEYPAD: I2C initialized successfully[0m
[0;32mI (2157) KEYPAD: Starting keypad MQTT application[0m
[0;32mI (2207) wifi:wifi driver task: 3ffc0a1c, prio:23, stack:6656, core=0[0m
[0;32mI (2227) wifi:wifi firmware version: f3dbad7[0m
[0;32mI (2227) wifi:wifi certification version: v7.0[0m
[0;32mI (2227) wifi:config NVS flash: enabled[0m
[0;32mI (2227) wifi:config nano formatting: disabled[0m
[0;32mI (2227) wifi:Init data frame dynamic rx buffer num: 32[0m
[0;32mI (2237) wifi:Init static rx mgmt buffer num: 5[0m
[0;32mI (2237) wifi:Init management short buffer num: 32[0m
[0;32mI (2247) wifi:Init dynamic tx buffer num: 32[0m
[0;32mI (2247) wifi:Init static rx buffer size: 1600[0m
[0;32mI (2247) wifi:Init static rx buffer num: 10[0m
[0;32mI (2257) wifi:Init dynamic rx buffer num: 32[0m
[0;32mI (2257) wifi_init: rx ba win: 6[0m
[0;32mI (2257) wifi_init: accept mbox: 6[0m
[0;32mI (2267) wifi_init: tcpip mbox: 32[0m
[0;32mI (2267) wifi_init: udp mbox: 6[0m
[0;32mI (2267) wifi_init: tcp mbox: 6[0m
[0;32mI (2277) wifi_init: tcp tx win: 5760[0m
[0;32mI (2277) wifi_init: tcp rx win: 5760[0m
[0;32mI (2277) wifi_init: tcp mss: 1440[0m
[0;32mI (2287) wifi_init: WiFi IRAM OP enabled[0m
[0;32mI (2287) wifi_init: WiFi RX IRAM OP enabled[0m
[0;32mI (2347) phy_init: phy_version 4860,6b7a6e5,Feb  6 2025,14:47:07[0m
[0;32mI (2437) wifi:mode : sta (a8:42:e3:4c:7c:bc)[0m
[0;32mI (2437) wifi:enable tsf[0m
[0;32mI (2437) KEYPAD: WiFi initialized[0m
[0;32mI (2437) KEYPAD: WiFi STA started[0m
[1;31mE (2437) task_wdt: esp_task_wdt_reset(707): task not found[0m
[0;32mI (2437) KEYPAD: Have a saved wifi network in NVS: NamTrung[0m
[0;32mI (2497) wifi:flush txq[0m
[0;32mI (2497) wifi:stop sw txq[0m
[0;32mI (2497) wifi:lmac stop hw txq[0m
[0;32mI (2507) wifi:mode : sta (a8:42:e3:4c:7c:bc)[0m
[0;32mI (2507) wifi:enable tsf[0m
[0;32mI (2507) KEYPAD: WiFi STA started[0m
[1;31mE (2507) wifi:sta is connecting, return error[0m
[0;32mI (3147) wifi:new:<6,0>, old:<1,0>, ap:<255,255>, sta:<6,0>, prof:9, snd_ch_cfg:0x0[0m
[0;32mI (3147) wifi:state: init -> auth (0xb0)[0m
[0;32mI (3207) wifi:state: auth -> assoc (0x0)[0m
[0;32mI (3227) wifi:state: assoc -> run (0x10)[0m
[0;32mI (3297) wifi:connected with NamTrung, aid = 28, channel 6, BW20, bssid = 10:5f:02:75:32:0e[0m
[0;32mI (3297) wifi:security: WPA2-PSK, phy: bgn, rssi: -74[0m
[0;32mI (3307) wifi:pm start, type: 1[0m

[0;32mI (3307) wifi:dp: 1, bi: 102400, li: 3, scale listen interval from 307200 us to 307200 us[0m
[0;32mI (3307) KEYPAD: Connected to SSID:NamTrung, channel:6[0m
[0;32mI (3347) wifi:AP's beacon interval = 102400 us, DTIM period = 1[0m
[0;32mI (4407) wifi:<ba-add>idx:0 (ifx:0, 10:5f:02:75:32:0e), tid:7, ssn:7, winSize:64[0m
[0;32mI (4887) esp_netif_handlers: sta ip: 10.10.1.18, mask: 255.255.252.0, gw: 10.10.1.1[0m
[0;32mI (4887) KEYPAD: WiFi connected, got IP[0m
[0;32mI (5927) KEYPAD: MQTT initialized[0m
[0;32mI (5967) wifi:<ba-add>idx:1 (ifx:0, 10:5f:02:75:32:0e), tid:0, ssn:1, winSize:64[0m
[0;32mI (5977) KEYPAD: Read status successfully: SO DANG GOI[0m
[0;32mI (6067) KEYPAD: LED ON[0m
[0;32mI (6067) KEYPAD: MQTT connected[0m
Key pressed: A
Key pressed: 6
Key pressed: D
Key pressed: 6
Key pressed: D
[0;32mI (10187) wifi:state: run -> init (0x0)[0m
[0;32mI (10197) wifi:pm stop, total sleep time: 4113563 us / 6888463 us[0m

[0;32mI (10197) wifi:<ba-del>idx:1, tid:0[0m
[0;32mI (10197) wifi:<ba-del>idx:0, tid:7[0m
[0;32mI (10197) wifi:new:<6,0>, old:<6,0>, ap:<255,255>, sta:<6,0>, prof:9, snd_ch_cfg:0x0[0m
[0;32mI (10217) KEYPAD: STA disconnected, reason=8[0m
[0;32mI (10217) mqtt_client: Client asked to disconnect[0m
[1;31mE (10217) transport_base: tcp_read error, errno=Software caused connection abort[0m
[1;31mE (10217) mqtt_client: esp_mqtt_handle_transport_read_error: transport_read() error: errno=113[0m
[0;32mI (10227) KEYPAD: MQTT_EVENT_ERROR[0m
[0;32mI (10237) KEYPAD: LED OFF[0m
[1;31mE (10237) mqtt_client: mqtt_process_receive: mqtt_message_receive() returned -2[0m
[0;32mI (10247) KEYPAD: MQTT disconnected[0m
[0;32mI (10247) KEYPAD: LED OFF[0m
[1;31mE (10257) wifi:sta is connecting, return error[0m
[0;32mI (12677) KEYPAD: STA disconnected, reason=201[0m
[0;32mI (12677) mqtt_client: Client asked to disconnect[0m
[0;33mW (12677) mqtt_client: Client asked to stop, but was not started[0m
[0;33mW (12677) KEYPAD: WiFi connection failed, retry count: 2/5[0m
[0;32mI (15097) KEYPAD: STA disconnected, reason=201[0m
[0;32mI (15097) mqtt_client: Client asked to disconnect[0m
[0;33mW (15097) mqtt_client: Client asked to stop, but was not started[0m
[0;33mW (15107) KEYPAD: WiFi connection failed, retry count: 3/5[0m
[0;32mI (17527) KEYPAD: STA disconnected, reason=201[0m
[0;32mI (17527) mqtt_client: Client asked to disconnect[0m
[0;33mW (17527) mqtt_client: Client asked to stop, but was not started[0m
[0;33mW (17527) KEYPAD: WiFi connection failed, retry count: 4/5[0m
[0;32mI (19947) KEYPAD: STA disconnected, reason=201[0m
[0;32mI (19947) mqtt_client: Client asked to disconnect[0m
[0;33mW (19947) mqtt_client: Client asked to stop, but was not started[0m
[0;33mW (19957) KEYPAD: WiFi connection failed, retry count: 5/5[0m
[1;31mE (19957) KEYPAD: WiFi connection failed after 5 retries[0m
Key pressed: 5
Key pressed: 5
Key pressed: *
[0;32mI (30917) KEYPAD: Read status successfully: SO DANG GOI[0m
Key pressed: 6
Key pressed: 6
Key pressed: 6
Key pressed: 6
Key pressed: D
[0;33mW (34967) KEYPAD: MQTT not connected[0m
[0;32mI (34967) KEYPAD: Read status successfully: SO DANG GOI[0m
Key pressed: 6
Key pressed: 6
Key pressed: B
[0;32mI (39327) KEYPAD: Read status successfully: SO DANG GOI[0m
Key pressed: 6
Key pressed: 5
Key pressed: 6
Key pressed: 6
Key pressed: D
[0;33mW (141797) KEYPAD: MQTT not connected[0m
[0;32mI (141797) KEYPAD: Read status successfully: SO DANG GOI[0m
Key pressed: 6
Key pressed: 5
Key pressed: 6
Key pressed: 6
Key pressed: B
[0;32mI (243337) KEYPAD: Read status successfully: SO DANG GOI[0m
Key pressed: D
Key pressed: 9
Key pressed: 9
Key pressed: 9
Key pressed: 9
Key pressed: D
[0;33mW (250207) KEYPAD: MQTT not connected[0m
[0;32mI (250207) KEYPAD: Read status successfully: SO DANG GOI[0m
Key pressed: B
[0;32mI (251697) KEYPAD: Read status successfully: SO DANG GOI[0m
Key pressed: B
[0;32mI (479817) KEYPAD: Read status successfully: SO DANG GOI[0m
Key pressed: 6
Key pressed: 5
Key pressed: 6
Key pressed: 6
Key pressed: D
[0;33mW (484667) KEYPAD: MQTT not connected[0m
[0;32mI (484667) KEYPAD: Read status successfully: SO DANG GOI[0m
